✔ template console: deterministic validated project XML, ZIP roundtrip and startup compilation (73.909367ms)
✔ template console: actual source execution (9.618632ms)
✔ template console: actual canonical execution (9.270317ms)
✔ template console: actual cil execution (9.558162ms)
✔ template console: actual reassembled execution (13.384991ms)
✔ template console-async: deterministic validated project XML, ZIP roundtrip and startup compilation (14.692743ms)
✔ template console-async: actual source execution (9.697351ms)
✔ template console-async: actual canonical execution (9.340022ms)
✔ template console-async: actual cil execution (9.837333ms)
✔ template console-async: actual reassembled execution (9.928709ms)
✔ template class-library: deterministic validated project XML, ZIP roundtrip and startup compilation (5.576559ms)
✔ template class-library: actual source execution (7.654451ms)
✔ template class-library: actual canonical execution (8.586757ms)
✔ template class-library: actual cil execution (9.070816ms)
✔ template class-library: actual reassembled execution (9.562879ms)
✔ template empty-project: deterministic validated project XML, ZIP roundtrip and startup compilation (0.853366ms)
✔ template winui-blank: deterministic validated project XML, ZIP roundtrip and startup compilation (21.922474ms)
✔ template winui-blank: actual source execution (23.393732ms)
✔ template winui-blank: actual canonical execution (23.9234ms)
✔ template winui-blank: actual cil execution (18.54982ms)
✔ template winui-blank: actual reassembled execution (27.123956ms)
✔ template winui-navigation: deterministic validated project XML, ZIP roundtrip and startup compilation (21.398534ms)
✔ template winui-navigation: actual source execution (27.807377ms)
✔ template winui-navigation: actual canonical execution (28.689297ms)
✔ template winui-navigation: actual cil execution (31.740868ms)
✔ template winui-navigation: actual reassembled execution (37.167299ms)
✔ template winui-controls-library: deterministic validated project XML, ZIP roundtrip and startup compilation (6.319799ms)
✔ template winui-controls-library: actual source execution (14.747305ms)
✔ template winui-controls-library: actual canonical execution (13.917183ms)
✔ template winui-controls-library: actual cil execution (11.768774ms)
✔ template winui-controls-library: actual reassembled execution (14.952605ms)
✔ template test-console: deterministic validated project XML, ZIP roundtrip and startup compilation (5.67709ms)
✔ template test-console: actual source execution (3.517002ms)
✔ template test-console: actual canonical execution (4.141324ms)
✔ template test-console: actual cil execution (7.280938ms)
✔ template test-console: actual reassembled execution (4.836873ms)
✔ template blank-solution: deterministic validated project XML, ZIP roundtrip and startup compilation (0.400914ms)
✔ template console-library-solution: deterministic validated project XML, ZIP roundtrip and startup compilation (10.760824ms)
✔ template console-library-solution: actual source execution (3.0643ms)
✔ template console-library-solution: actual canonical execution (3.258162ms)
✔ template console-library-solution: actual cil execution (3.715713ms)
✔ template console-library-solution: actual reassembled execution (3.609532ms)
✔ template winui-library-solution: deterministic validated project XML, ZIP roundtrip and startup compilation (10.089993ms)
✔ template winui-library-solution: actual source execution (10.536156ms)
✔ template winui-library-solution: actual canonical execution (15.238346ms)
✔ template winui-library-solution: actual cil execution (15.212646ms)
✔ template winui-library-solution: actual reassembled execution (14.94243ms)
✔ item class: legal unique files, project membership and compilation (3.341918ms)
✔ item partial-class: legal unique files, project membership and compilation (2.864649ms)
✔ item static-class: legal unique files, project membership and compilation (1.924061ms)
✔ item disposable-class: legal unique files, project membership and compilation (3.182108ms)
✔ item view-model: legal unique files, project membership and compilation (2.923078ms)
✔ item winui-page: legal unique files, project membership and compilation (4.720297ms)
✔ item winui-counter-page: legal unique files, project membership and compilation (5.090655ms)
✔ item winui-grid-page: legal unique files, project membership and compilation (9.49117ms)
✔ item winui-settings-page: legal unique files, project membership and compilation (7.251664ms)
✔ item winui-user-control: legal unique files, project membership and compilation (6.857059ms)
✔ item winui-custom-control: legal unique files, project membership and compilation (4.096877ms)
✔ item winui-window: legal unique files, project membership and compilation (4.223328ms)
✔ item winui-flyout: legal unique files, project membership and compilation (4.472473ms)
✔ item winui-resources: legal unique files, project membership and compilation (2.557175ms)
✔ item text: legal unique files, project membership and compilation (1.648185ms)
✔ item json: legal unique files, project membership and compilation (1.903229ms)
✔ item editorconfig: legal unique files, project membership and compilation (1.575936ms)
✔ item build-props: legal unique files, project membership and compilation (1.530758ms)
✔ item build-targets: legal unique files, project membership and compilation (1.440242ms)
✔ templates: namespace and reserved-path validation has no injection or silent renaming (0.681037ms)
✔ create plan: case-insensitive destination collisions, parent files and multiple item outputs preflight (0.300063ms)
✔ add project keeps unrelated XML, configuration and named folder (0.934238ms)
✔ same-directory and project-only templates are genuinely different layouts (1.661625ms)
✔ blank solution displays zero projects, not a synthetic loose project (0.947599ms)
✔ ZIP CRC known vector and deterministic empty/archive output (0.236416ms)
✔ standard Python reader validates SharpForge ZIP CRCs, Unicode assets and explicit empty folders (37.629275ms)
✔ external Python DEFLATE ZIP imports without runtime dependencies (37.967315ms)
✔ external Python DEFLATE ZIP with data descriptors imports without runtime dependencies (35.295787ms)
✔ ZIP rejects unsafe path "../escape" (0.300133ms)
✔ ZIP rejects unsafe path "/etc/passwd" (0.107543ms)
✔ ZIP rejects unsafe path "C:/x" (0.077367ms)
✔ ZIP rejects unsafe path "a/../../b" (0.087813ms)
✔ ZIP rejects unsafe path "a//b" (0.114713ms)
✔ ZIP rejects unsafe path "a/./b" (0.057947ms)
✔ ZIP rejects unsafe path "foo\u0000.cs" (0.067842ms)
✔ ZIP rejects unsafe path "NUL.cs" (0.046791ms)
✔ ZIP rejects unsafe path "a./b" (0.058458ms)
✔ ZIP rejects unsafe path "a/b " (0.056355ms)
✔ ZIP rejects unsafe path "CON/a" (0.070777ms)
✔ ZIP rejects unsafe path "a:b" (0.054252ms)
✔ ZIP rejects malformed crc before returning records (0.374224ms)
✔ ZIP rejects malformed data before returning records (0.162405ms)
✔ ZIP rejects malformed local-name before returning records (0.109746ms)
✔ ZIP rejects malformed truncation before returning records (0.100612ms)
✔ ZIP rejects malformed encryption before returning records (0.238479ms)
✔ ZIP rejects malformed zip64 before returning records (0.07981ms)
✔ ZIP rejects malformed symlink before returning records (0.056655ms)
✔ ZIP rejects malformed count before returning records (0.081553ms)
✔ ZIP rejects malformed overlap before returning records (0.078278ms)
✔ ZIP rejects case and Unicode collisions and file-as-parent conflicts (0.201153ms)
✔ ZIP validates expansion/file/count limits, not only compressed input size (0.403268ms)
✔ workspace retains utf-8 BOM/CRLF, assets and debugger metadata across ZIP roundtrips (1.072166ms)
✔ workspace retains utf-16le BOM/CRLF, assets and debugger metadata across ZIP roundtrips (0.528847ms)
✔ workspace retains utf-16be BOM/CRLF, assets and debugger metadata across ZIP roundtrips (0.372983ms)
✔ manifest allows only data, validates stale entries and never restores execution trust (0.327554ms)
✔ folder FileList preserves unknown assets and .pdb instead of silently dropping them (2.480811ms)
✔ legacy SLN parses project hierarchy and converts explicitly without mutating original data (4.716752ms)
✔ solution folder edits retain comments and per-project configuration when reparenting (1.038035ms)
✔ native create-only binary mutation is byte exact and undo removes created asset; scan includes unknown files (96.067475ms)
✔ CLI create-only project plan never overwrites existing files and is actually runnable (672.369241ms)
ℹ tests 107
ℹ suites 0
ℹ pass 107
ℹ fail 0
ℹ cancelled 0
ℹ skipped 0
ℹ todo 0
ℹ duration_ms 2155.202145
