✔ cross-window adoption keeps both sessions dirty until an explicit physical save (23.069195ms)
✔ a peer buffer resolution prevents older file undo from overwriting it (21.259048ms)
✔ a peer buffer resolution prevents older file redo from overwriting it (9.112362ms)
✔ cross-window application verifies exact local and selected bytes before changing a buffer (2.664195ms)
✔ read-only, generated, missing, malformed and oversized peer resolutions are rejected (1.916738ms)
✔ an asynchronous edit invalidates peer application before the session commit (2.085883ms)
✔ an asynchronous replace invalidates peer application before the session commit (1.518018ms)
✔ an asynchronous bytes invalidates peer application before the session commit (1.529495ms)
✔ coordinator snapshots local admission before an awaited remote read mutates the same object (1.28776ms)
✔ a newer notification invalidates an older remote checkpoint before conflict application (0.990192ms)
✔ a remote notification during async application remains visible (newer remote) (0.843942ms)
✔ a remote notification during async application remains visible (mine) (0.563238ms)
✔ a document admits one resolution at a time and cancellation reads no remote checkpoint (0.835569ms)
✔ coordinator and session preserve UTF-16 mixed endings and binary bytes through an unsaved adoption (6.344882ms)
✔ closing a clean source releases editor, host records, disk bytes and compiler syntax, then reads current physical bytes (16.494547ms)
✔ closing project source preserves evaluated membership and keeps only lazy source metadata in the project system (8.73203ms)
✔ 5000 metadata files keep at most one opened buffer and no closed editor or disk contents across repeated opens (502.939427ms)
✔ dirty, generated, read-only recovery, unresolved-conflict, unbacked and open documents retain their contents (11.524692ms)
✔ unmarked edits fail exact-byte baseline comparison and remain recoverable (1.591428ms)
✔ read-only and generated source flags survive workspace load, context snapshots and transactional commits (2.895845ms)
✔ reopening or editing during the close digest prevents stale eviction (2.589313ms)
✔ close cancels a delayed lazy read before disk or host publication; a later open wins (2.373048ms)
✔ workspace replacement, membership change and abort reject a delayed load without advancing physical baselines (2.421129ms)
✔ disk admission callbacks are synchronous and a rejected callback cannot publish bytes, hashes or handles (1.958692ms)
✔ exhausted versions and pre-aborted closes retain the last usable bytes (1.398038ms)
✔ versioned worker eviction rejects malformed batches atomically and never removes a newer reopened document (1.881121ms)
✔ worker synchronization preserves no-op requests, removes absent documents, and accepts only newer source versions (0.65001ms)
✔ closed editor views release both docking content maps, while visible splits and popouts stay intact (0.223728ms)
✔ Explorer drops closed source bodies and merge baselines, retaining a numeric revision watermark and rejecting stale queue contents (2.38168ms)
✔ a real 300-file folder builds and analyzes all closed C# sources while keeping one editor buffer (353.220182ms)
✔ folder membership remains authoritative after a virtual deletion even when disk still has the original file (1.091155ms)
✔ folder hydration refuses missing, binary, oversized or excessive inputs without fabricating empty text (13.105895ms)
✔ cancelled and replaced folder hydrations retain the original unopened membership (1.055892ms)
✔ provider journal persists directory rename and undo while preserving unrelated unsaved buffers (49.098082ms)
✔ provider journal writes no files when any destination collides or any baseline is stale (8.969249ms)
✔ provider journal reports each completed physical mutation after a third close failure (9.074868ms)
✔ provider journal materializes an unloaded binary only when affected and undo restores exact bytes (5.970299ms)
✔ provider journal rejects hidden directory entries and disposed ownership before any effect (3.340274ms)
✔ provider journal preserves document watermarks through rename, disk cache release and reopen (9.048339ms)
✔ provider journal rejects version exhaustion during complete preflight before writing any item (2.929015ms)
✔ Save to Disk applies each explicit text resolution and advances exact physical baselines (25.374978ms)
✔ binary and externally deleted files retain explicit complete-version choices (4.948519ms)
✔ all choices precede any write and cancellation retains the complete pending batch (3.71481ms)
✔ stale editor choices, overlapping edits and invalid limits fail without replacing either version (5.873237ms)
✔ edits made during a merged write remain dirty and require a new decision against the changed disk (6.88628ms)
✔ partial I/O receipts enumerate completed files and a retry clears only persisted current buffers (7.223288ms)
✔ save reentry, cancellation during a dialog and switched folder identity preserve current state (2.972059ms)
✔ save prompt escapes file contents and describes unavailable text merges (0.383158ms)
✔ identity is checked across persistence setup even when the physical disk object is reused (1.631599ms)
✔ an editor version changed during asynchronous dirty hashing is re-read before dirty state is cleared (2.853772ms)
✔ A00 T06 strict schema validates all thirty manifests and rejects unknown fields and invalid boundaries (104.979598ms)
✖ A00 T06 discovery assigns files once and includes nested contract/conformance suites (85.704113ms)
✔ A00 T06 missing, duplicate, stale, unsafe and mismatched manifest entries fail with offending paths (13.320748ms)
✔ A00 T06 overlapping globs in one area are duplicate ownership and helpers are not runnable suites (4.391549ms)
✔ A00 T06 runner executes only the selected area, propagates failures, and handles empty areas (20826.909643ms)
✔ A00 T06 schema-checked CI matrix is consumed by a dry-run workflow fixture for each nonempty area (268.654897ms)
✔ A00 T06 every historical npm name dispatches to its original commands with literal arguments (2109.808607ms)
✔ A00 T06 new tasks need no root script edit and reject duplicate tasks, cycles and malformed commands (8.667043ms)
✖ A00 T06 contributed stylesheet bytes and worker order retain the original build exactly (5.848975ms)
✔ A00 T06 build contributions discover new styles/assets and reject duplicate and escaping paths (6.914842ms)
✔ A00 T06 workspace discovery accepts the next package without a verifier edit and validates exact tarball identities (66.79783ms)
✔ A00 T06 twenty-six contributed packages pack, install offline, and run their own smoke modules (1487.580553ms)
✔ A00 serial Node policy preserves script arguments and rejects concurrent overrides (0.405021ms)
✔ A00 manifest runner prevents overlapping test files (497.119005ms)
✖ A00 T20 contributed per-tool CSS preserves every baseline byte and both sorted and ordered rules (18.801619ms)
✔ A00 T20 sorted equality alone cannot hide reversed overrides, missing or changed rules (1.659731ms)
✔ A00 T20 CSS rule boundaries preserve nested media, quoted punctuation, escaped selectors, functions and at-rules (1.244095ms)
✔ A00 T20 contribution separators preserve fragment boundaries and reject non-formatting insertion (12.074169ms)
✔ disk import reports render every rejected path through bounded accessible pages (2.957087ms)
✔ reload choices and path results invoke explicit callbacks and comparison text stays read-only (1.403966ms)
✔ disk services search dirty overlays and closed files without hydrating editors, then restore the prior search callback (16.48041ms)
✔ XML reload forwards the complete snapshot and default version once when the host acknowledges evaluation (3.135025ms)
✔ closed-file changes adopt metadata without reading content (1.513ms)
✔ a stale closed-file metadata success cannot affect a replacement workspace (2.114717ms)
✔ a stale closed-file metadata failure cannot affect a replacement workspace (1.735766ms)
✔ a local revision during metadata loading requeues the event and prompts for the newly dirty editor (2.217312ms)
✔ queued watch changes wait until the workspace transaction releases its busy flag (52.243964ms)
✔ a transaction starting during a closed-file status read defers publication until its busy flag clears (1.699632ms)
✔ a delayed watch setup is disposed after the view closes and native mode can attach the same disk later (1.713542ms)
✔ workspace replacement aborts an in-flight content search even with a separate caller signal (1.986804ms)
✔ physical identities survive recent-menu eviction and simultaneous reopen across windows (6.637685ms)
✔ identity registry capacity is explicit and existing folders remain reusable at capacity (1.065005ms)
✔ version-one recent handles migrate without replacing an existing physical identity (0.274934ms)
✔ identity comparison rechecks abort before returning or registering a physical key (1.081911ms)
✔ identity comparison rechecks dispose before returning or registering a physical key (0.384149ms)
✔ identity errors reject unavailable coordination, ambiguous handles and duplicate generated keys (0.492332ms)
✔ legacy directory callers retain explicit existing-file saves while provider callers opt into new-file writes (13.416051ms)
✔ only the explicit provider directory factory uses metadata-first loading for a large inventory (15.688457ms)
✔ A24 a load publishes bytes, hash and acquired handle together using the canonical path (11.111817ms)
✔ A24 a changed baseline without record replacement invalidates a pending load (2.266877ms)
✔ A24 failed file-handle acquisition preserves existing record, baseline and handle on reload (2.105914ms)
✔ A24 already-cancelled loading does not perform provider I/O (0.785324ms)
✔ A24 admission rechecks the byte budget after asynchronous handle acquisition (1.163523ms)
✔ A24 a refreshed catalog cannot be repopulated by an unindexed pending read (0.978245ms)
✔ A24 cancellation during read acquisition leaves disk state unchanged (1.054058ms)
✔ A24 cancellation during handle acquisition leaves disk state unchanged (0.719154ms)
✔ disk admission callbacks are synchronous and a rejected callback cannot publish bytes, hashes or handles (12.403484ms)
✔ disk save forwards the held ownership signal to its actual read and write adapters (9.581341ms)
✔ an aborted held save signal prevents the physical write even if the request signal remains live (2.001296ms)
✔ provider disk save composes the concrete shared-ownership coordinator (2.357743ms)
✔ disk save and unload preserve the document watermark for the next load (1.993455ms)
✔ exhausted disk versions reject a save before opening a physical write (0.705593ms)
✔ A24 delayed read rejects concurrent delete without publishing stale disk state (10.335366ms)
✔ A24 delayed read rejects concurrent rename without publishing stale disk state (1.653613ms)
✔ A24 delayed read rejects concurrent rename away and back without publishing stale disk state (1.472029ms)
✔ A24 delayed read rejects concurrent refresh without publishing stale disk state (1.500862ms)
✔ A24 delayed read rejects concurrent replacement without publishing stale disk state (2.764687ms)
✔ A24 delayed read rejects concurrent newer load without publishing stale disk state (2.045342ms)
✔ A24 delayed handle rejects concurrent delete without publishing stale disk state (0.848519ms)
✔ A24 delayed handle rejects concurrent rename without publishing stale disk state (0.802109ms)
✔ A24 delayed handle rejects concurrent rename away and back without publishing stale disk state (1.357506ms)
✔ A24 delayed handle rejects concurrent refresh without publishing stale disk state (0.87607ms)
✔ A24 delayed handle rejects concurrent replacement without publishing stale disk state (0.931163ms)
✔ A24 delayed handle rejects concurrent newer load without publishing stale disk state (0.833386ms)
✔ A24 changes to another entry do not invalidate a pending load (1.265808ms)
✔ A24 B03 folder open reports oversized and reserved paths without aborting usable files (7.891584ms)
✔ A24 coherent disk snapshot adoption rebuilds indexes without advancing retained hashes or admitting invalid partial state (8.476545ms)
✔ A24 20000-file scan reads project bytes only; content is loaded explicitly and scan cancellation is atomic (745.165242ms)
✔ A24 NFC/NFD/case collisions and gitignore decisions are individually visible (2.397233ms)
✔ A24 nested ignore rules support ranges, escaped literals and directory-only matches (3.051028ms)
✔ A24 B04 create/save persists new and formerly binary files using configured encoded-byte budget (28.383689ms)
✔ A24 disk save detects byte changes even when decoded text is identical (1.776728ms)
✔ A24 XML and binary saves retain byte baselines and unloading releases retained text (4.218749ms)
✔ A24 case-insensitive directory aliases preserve canonical record paths through rename and delete (5.04918ms)
✔ A24 browser save requires physical-directory coordination before any write and enforces total loaded bytes (2.078062ms)
✔ A24 directory operations rename every byte and deny a complete save batch before first write (3.480636ms)
✔ provider file import retains exact unknown bytes and reports rejected paths without reading them (2.718898ms)
✔ provider file import rejects pre-aborted work and entry limits before content reads (0.907137ms)
✔ project evaluation inputs include auxiliary metadata while source files remain lazy (0.383438ms)
✔ reload forwards atomic host evaluation acknowledgment for automatic and chosen XML updates (8.697368ms)
✔ reload bounds prompts and preserves dirty buffers for keep and compare (2.215078ms)
✔ A24 reload keeps dirty text until an explicit choice, rejects stale reload and reevaluates projects (2.942625ms)
✔ file saves and whole-workspace transactions use the same workspace ownership key (3.589721ms)
✔ two windows saving one baseline yield one commit and one conflict (9.093005ms)
✔ save ownership rejects unavailable APIs and cancellation without writing (1.188171ms)
✔ A24 search indexes 20000 paths, streams first results, observes changes and cancels (282.998413ms)
✔ A24 content search skips binaries and reports inaccessible files (7.311851ms)
✔ A24 indexed Find in Files preserves LanguageService offsets, result limits, Unicode boundaries and versions (3.121164ms)
✔ delayed search metadata cannot survive delete of its current entry (7.038959ms)
✔ delayed search metadata cannot survive replace of its current entry (3.991315ms)
✔ delayed search metadata cannot survive dispose of its current entry (3.216859ms)
✔ search metadata probes are bounded while statuses are unresolved (1.145867ms)
✔ search watch setup releases its subscription after replace (0.569778ms)
✔ search watch setup releases its subscription after dispose (0.1194ms)
✔ search watch setup releases its subscription after abort (0.182665ms)
✔ A24 search direct invalidation cannot be followed by a stale cache publication (7.355986ms)
✔ A24 search watcher update cannot be followed by a stale cache publication (1.962768ms)
✔ A24 search delete and recreate cannot be followed by a stale cache publication (1.363184ms)
✔ A24 Find in Files reports a stale read and the next search observes the watcher update (2.199124ms)
✔ A24 simultaneous search reads reuse a current cache entry and count its bytes once (0.943953ms)
✔ A24 another indexed entry can change without invalidating a pending search read (1.268813ms)
✔ A24 search abort prevents delayed cache publication (0.887688ms)
✔ A24 search dispose prevents delayed cache publication (0.727115ms)
✔ streamed content matches stop at concurrent replacement without borrowing a newer version (8.863959ms)
✔ streamed content matches stop at concurrent invalidation without borrowing a newer version (1.391697ms)
✔ streamed content matches stop at concurrent delete without borrowing a newer version (0.879546ms)
✔ a cache hit rechecks its captured entry before the first streamed result (0.805213ms)
✔ Find in Files retains the matched version across asynchronous result handoff (0.842099ms)
✔ one content search snapshots indexed membership without rereading replaced or newly inserted paths (1.172488ms)
✔ abort between yielded content matches stops the stream immediately (1.005756ms)
✔ dispose between yielded content matches stops the stream immediately (0.526984ms)
✔ disposing a search during its final pending file read rejects the overall Find in Files request (0.804653ms)
✔ XML parses quoted >, namespaces, numeric entities, comments and CDATA (1.729366ms)
✔ reject malformed or unsafe XML <!DOCTYPE x><x/> (0.340162ms)
✔ reject malformed or unsafe XML <!ENTITY x "hi"><x/> (0.094683ms)
✔ reject malformed or unsafe XML <x>&evil;</x> (0.136145ms)
✔ reject malformed or unsafe XML <x>&oops</x> (0.196005ms)
✔ reject malformed or unsafe XML <x a="1" a="2"/> (0.180161ms)
✔ reject malformed or unsafe XML <x></y> (0.087392ms)
✔ reject malformed or unsafe XML <x/><y/> (0.070977ms)
✔ reject malformed or unsafe XML <x> (0.121624ms)
✔ reject malformed or unsafe XML <x a="<"/> (0.295836ms)
✔ reject malformed or unsafe XML <x>&#0;</x> (0.130226ms)
✔ XML structural limits (0.214123ms)
✔ workspace paths normalize separators and internal parents (0.337509ms)
✔ reject unsafe workspace path "../../out" (0.202555ms)
✔ reject unsafe workspace path "/tmp/x" (0.053781ms)
✔ reject unsafe workspace path "C:\\x" (0.07982ms)
✔ reject unsafe workspace path "https://example/a" (0.035864ms)
✔ reject unsafe workspace path ".." (0.036645ms)
✔ reject unsafe workspace path "\u0000" (0.030496ms)
✔ glob matches zero or multiple directories, not partial filenames (0.295756ms)
✔ condition grammar implements comparison, boolean precedence and Exists (0.886736ms)
✔ SDK globs exclude bin obj hidden and files outside project (2.34929ms)
✔ Compile include exclude remove update links and disabled defaults (0.925925ms)
✔ duplicate implicit/explicit compile is a build error (0.284368ms)
✔ conditions use configuration globals and inherited properties (0.47093ms)
✔ SLNX folders preserve solution-relative paths and references in dependency order (0.732964ms)
✔ missing sibling project diagnostics explain folder granting (0.340313ms)
✔ project cycles are diagnosed and traversal terminates (0.260963ms)
✔ missing compile files and external root traversal are errors (0.290458ms)
✔ packages binaries analyzers and target execution are explicitly blocked (0.400914ms)
✔ unsupported condition is not treated as true (0.220943ms)
✔ create csproj and slnx round trip quoted names (0.304729ms)
✔ file input reads binary and preserves directory paths (2.032183ms)
✔ disk save checks every baseline before any write (0.864753ms)
✔ disk save writes explicit changes and updates baseline (0.758253ms)
✔ disk save partial I/O failure reports already-written files (0.678413ms)
✔ directory traversal retains handles and skips .git (0.408936ms)
✔ 0.4 example exact output on IR / loader / direct CIL: partial (85.099738ms)
✔ 0.4 example exact output on IR / loader / direct CIL: switch (20.251443ms)
✔ 0.4 example exact output on IR / loader / direct CIL: conversions (9.02351ms)
✔ 0.4 example exact output on IR / loader / direct CIL: null-assignment (15.123043ms)
✔ 0.4 example exact output on IR / loader / direct CIL: call-hierarchy (5.794003ms)
✔ 0.4 example exact output on IR / loader / direct CIL: guarded-calls (10.276078ms)
✔ 0.4 example exact output on IR / loader / direct CIL: short-circuit (6.690543ms)
✔ 0.4 example exact output on IR / loader / direct CIL: nameof (5.523445ms)
✔ 0.4 example exact output on IR / loader / direct CIL: properties (13.878717ms)
✔ 0.4 example exact output on IR / loader / direct CIL: readonly-properties (9.984979ms)
✔ 0.4 example exact output on IR / loader / direct CIL: finally (8.203244ms)
✔ 0.4 example exact output on IR / loader / direct CIL: finally-loop (8.015481ms)
✔ 0.4 example exact output on IR / loader / direct CIL: structural-refactoring (14.470549ms)
✔ 0.4 example exact output on IR / loader / direct CIL: safe-watches (13.42309ms)
✔ 0.4 example exact output on IR / loader / direct CIL: analyzer-tasks (4.37901ms)
✔ 0.4 example exact output on IR / loader / direct CIL: checked-arithmetic (8.778571ms)
✔ 0.4 example exact output on IR / loader / direct CIL: using-resources (10.021604ms)
✔ 0.4 example exact output on IR / loader / direct CIL: using-failure (9.858719ms)
✔ 0.4 example exact output on IR / loader / direct CIL: constant-patterns (7.627446ms)
✔ 0.4 example exact output on IR / loader / direct CIL: refactor-safe06 (11.870631ms)
✔ 0.4 example exact output on IR / loader / direct CIL: immutable-schema (11.709298ms)
✔ 0.4 example exact output on IR / loader / direct CIL: unreachable-analyzer (5.160317ms)
✔ 0.4 example exact output on IR / loader / direct CIL: reversible-storage (12.30149ms)
✔ 0.4 example exact output on IR / loader / direct CIL: breakpoint-workbench (13.516932ms)
✔ 0.4 example exact output on IR / loader / direct CIL: editor-keymaps (3.44359ms)
✔ 0.4 example exact output on IR / loader / direct CIL: explorer-members (5.928175ms)
✔ 0.4 example exact output on IR / loader / direct CIL: debug-exact (3.13868ms)
✔ 0.4 example exact output on IR / loader / direct CIL: debug-callsite (3.290158ms)
✔ 0.4 example exact output on IR / loader / direct CIL: debug-conditions (2.877507ms)
✔ 0.4 example exact output on IR / loader / direct CIL: debug-function (4.020259ms)
✔ 0.4 example exact output on IR / loader / direct CIL: debug-exception (4.088803ms)
✔ 0.4 example exact output on IR / loader / direct CIL: async-stacks (23.611306ms)
✔ 0.4 example exact output on IR / loader / direct CIL: logical-threads (8.00829ms)
✔ 0.4 example exact output on IR / loader / direct CIL: hot-reload (3.61592ms)
✔ 0.4 example exact output on IR / loader / direct CIL: set-next (2.674441ms)
✔ 0.4 example exact output on IR / loader / direct CIL: function-evaluation (5.499629ms)
✔ 0.4 example exact output on IR / loader / direct CIL: portable-symbols (3.768901ms)
✔ 0.4 example exact output on IR / loader / direct CIL: edit-continue-structure (11.241142ms)
✔ 0.4 example exact output on IR / loader / direct CIL: animation-style-precedence (19.98425ms)
✔ 0.4 example exact output on IR / loader / direct CIL: bcl-collections (13.744535ms)
✔ 0.4 example exact output on IR / loader / direct CIL: bcl-dictionary (15.040719ms)
✔ 0.4 example exact output on IR / loader / direct CIL: bcl-stringbuilder (8.627052ms)
✔ 0.4 example exact output on IR / loader / direct CIL: csharp-interpolation (6.323731ms)
✔ 0.4 example exact output on IR / loader / direct CIL: csharp-modern-properties (41.815733ms)
✔ 0.4 example exact output on IR / loader / direct CIL: csharp-preview-collections (34.975804ms)
✔ 0.4 example exact output on IR / loader / direct CIL: bcl-json-document (15.634264ms)
✔ 0.4 example exact output on IR / loader / direct CIL: bcl-array-random (8.716346ms)
✔ 0.4 example exact output on IR / loader / direct CIL: simd-vector-math (11.350737ms)
✔ 0.4 example exact output on IR / loader / direct CIL: parallel-compute (202.542618ms)
✔ 0.4 example exact output on IR / loader / direct CIL: network-http-client (48.45508ms)
✔ 0.4 C# unassigned name (4.23987ms)
✔ 0.4 C# method group (7.64967ms)
✔ 0.4 C# instance name no dereference (3.71521ms)
✔ 0.4 C# shadowed contextual method (3.207635ms)
✔ 0.4 C# nameof in switch (3.647247ms)
✔ 0.4 C# file namespace partial (4.13399ms)
✔ 0.4 C# explicit diagnostic unknown nameof (2.520349ms)
✔ 0.4 C# explicit diagnostic invalid nameof expression (1.600863ms)
✔ 0.4 C# explicit diagnostic partial missing marker (0.399742ms)
✔ 0.4 C# explicit diagnostic partial access conflict (0.413583ms)
✔ 0.4 C# explicit diagnostic distinct namespaces not conflated (0.336106ms)
✔ 0.4 C# explicit diagnostic partial methods rejected (2.224052ms)
✔ 0.4 partial cached syntax is not mutated by repeated compilation (2.587189ms)
✔ 0.4 library no Main, real cctor, roundtrip and invocation debug=true (7.560685ms)
✔ 0.4 library no Main, real cctor, roundtrip and invocation debug=false (3.385372ms)
✔ 0.4 library permits empty class (1.04152ms)
✔ 0.4 library rejects top-level executable statements (1.740142ms)
✔ 0.4 library treats Main as ordinary method (1.916629ms)
✔ 0.4 library workspace keeps compiler options during refactor validation (3.088124ms)
✔ 0.4 bounded literal search literal punctuation (1.194911ms)
✔ 0.4 bounded literal search unicode case offset (0.287002ms)
✔ 0.4 bounded literal search surrogate UTF16 (0.089875ms)
✔ 0.4 bounded literal search whole word unicode (1.504638ms)
✔ 0.4 bounded literal search case sensitive (0.133912ms)
✔ 0.4 bounded literal search empty query (0.117046ms)
✔ 0.4 search correct line positions after skipped whole-word matches (0.224308ms)
✔ 0.4 search bounds distinguish exact count from truncated result (0.188674ms)
✔ 0.4 search cancellation and limits (0.611111ms)
✔ 0.4 versioned replace-all across two files (3.995863ms)
✔ 0.4 replace-all will not partially apply a truncated search (20.030279ms)
✔ 0.4 call hierarchy excludes nameof from execution edges (2.929626ms)
✔ 0.4 call hierarchy rejects stale symbols (1.370275ms)
✔ 0.4 LSP call-hierarchy and reference lenses wire shapes (2.204333ms)
✔ 0.4 heap census sums sizes and type counts (0.487024ms)
✔ 0.4 heap paging sorted and complete without duplicate handles (1.128391ms)
✔ 0.4 heap stale pages invalidated by allocation, collection and restore (0.519322ms)
✔ 0.4 heap generations do not alias abandoned debugger future (0.368295ms)
✔ 0.4 heap retention path traces strong roots and fields, not weak handles (1.263404ms)
✔ 0.4 heap retention diagnostics are bounded for cycles (0.379312ms)
✔ 0.4 heap validates page and traversal budgets (0.292982ms)
✔ 0.4 write permissions resolved before any streams open (0.616399ms)
✔ 0.4 disk conflict rechecked after permission prompt (0.322296ms)
✔ 0.4 disk project example Workshop/Workshop.slnx  (8.796218ms)
✔ 0.4 disk project example Linked/Linked.csproj  (4.355014ms)
✔ 0.4 disk project example Configurations/Configurations.csproj Debug (3.306283ms)
✔ 0.4 disk project example Configurations/Configurations.csproj Release (2.736715ms)
✔ 0.4 disk project example Library/Library.csproj  (3.412453ms)
✔ 0.4 disk project example Unsupported/Unsupported.csproj  (0.971053ms)
✔ 0.4 disk project example Generated/Generated.csproj  (3.075666ms)
✖ 0.4 CLI solution run (61.029882ms)
✖ 0.4 CLI linked sources (69.985118ms)
✖ 0.4 CLI release configuration (49.123908ms)
✖ 0.4 CLI library invocation (60.444709ms)
✖ 0.4 CLI unsupported package blocks build (69.458665ms)
✖ 0.4 CLI project information (63.386018ms)
node:internal/modules/esm/resolve:241
    throw new ERR_MODULE_NOT_FOUND(
          ^

Error [ERR_MODULE_NOT_FOUND]: Cannot find module '/workspace/scratch/3e16369943fd/p18-publish-disk-qualification/apps/cli/workspace.js' imported from /workspace/scratch/3e16369943fd/p18-publish-disk-qualification/tests/templates-archive.test.js
    at finalizeResolution (node:internal/modules/esm/resolve:241:11)
    at moduleResolve (node:internal/modules/esm/resolve:846:10)
    at defaultResolve (node:internal/modules/esm/resolve:973:11)
    at #cachedDefaultResolve (node:internal/modules/esm/loader:708:20)
    at #resolveAndMaybeBlockOnLoaderThread (node:internal/modules/esm/loader:728:38)
    at ModuleLoader.resolveSync (node:internal/modules/esm/loader:766:56)
    at #resolve (node:internal/modules/esm/loader:690:17)
    at ModuleLoader.getOrCreateModuleJob (node:internal/modules/esm/loader:610:35)
    at ModuleJob.syncLink (node:internal/modules/esm/module_job:277:33)
    at ModuleJob.link (node:internal/modules/esm/module_job:389:17) {
  code: 'ERR_MODULE_NOT_FOUND',
  url: 'file:///workspace/scratch/3e16369943fd/p18-publish-disk-qualification/apps/cli/workspace.js'
}

Node.js v26.10.0
✖ tests/templates-archive.test.js (351.219251ms)
✔ empty-folder save/reopen preserves utf-8 bytes, all assets, settings and empty directories (17.743172ms)
✔ empty-folder save/reopen preserves utf-16le bytes, all assets, settings and empty directories (5.689806ms)
✔ empty-folder save/reopen preserves utf-16be bytes, all assets, settings and empty directories (2.380909ms)
✔ empty-folder writer rejects preexisting contents without opening a write stream (0.511ms)
✔ empty-folder writer resolves denied permission before any mutation (0.31884ms)
✔ empty-folder writer reports completed writes on mid-operation failure, never claims atomicity (0.574836ms)
✔ aborted empty-folder save creates no files (0.300893ms)
✔ empty-folder writer validates complete path plan before mutation A.txt / a.txt (0.196326ms)
✔ empty-folder writer validates complete path plan before mutation A/one.txt / a/two.txt (0.149095ms)
✔ empty-folder writer validates complete path plan before mutation é.txt / é.txt (0.316928ms)
✔ empty-folder writer validates complete path plan before mutation a / a/b (0.207964ms)
✔ directory loader preserves explicitly recorded files but excludes administrative code and stores warning paths (0.326302ms)
✔ folder manifests reject ambiguity and preserve the original records on failure (0.236897ms)
✔ FileList repository prefix is normalized only by a validated workspace manifest (0.774137ms)
✔ disk source save preserves utf-16le and detects external edits before any writing (0.675558ms)
✔ disk source save preserves utf-16be and detects external edits before any writing (0.204829ms)
✔ disk source save rechecks after permissions and never overwrites a prompt-time change (0.239631ms)
✔ native disk creation rejects case-shadow files and parents before applying any batch entry (10.295407ms)
✔ native new destination parents use portable case identity within the same batch (0.993638ms)
✖ CLI ZIP/extraction preserve an existing manifest, binaries and empty folders (1.049461ms)
✖ CLI writePlan validates duplicate/case/traversing destinations before creating output directory (0.270839ms)
ℹ tests 326
ℹ suites 0
ℹ pass 314
ℹ fail 12
ℹ cancelled 0
ℹ skipped 0
ℹ todo 0
ℹ duration_ms 41176.349283

✖ failing tests:

test at tests/a00-06-registration.test.js:28:1
✖ A00 T06 discovery assigns files once and includes nested contract/conformance suites (85.704113ms)
  AssertionError [ERR_ASSERTION]: The expression evaluated to a falsy value:
  
    assert(editor[0].nodeFiles.every(path=>path.includes('editor')))
  
      at TestContext.<anonymous> (file:///workspace/scratch/3e16369943fd/p18-publish-disk-qualification/tests/a00-06-registration.test.js:31:78)
      at async Test.run (node:internal/test_runner/test:1409:7)
      at async Test.processPendingSubtests (node:internal/test_runner/test:974:7) {
    generatedMessage: true,
    code: 'ERR_ASSERTION',
    actual: false,
    expected: true,
    operator: '==',
    diff: 'simple'
  }

test at tests/a00-06-registration.test.js:100:1
✖ A00 T06 contributed stylesheet bytes and worker order retain the original build exactly (5.848975ms)
  Error: apps/studio/build.contrib.json: missing source docs: ENOENT: no such file or directory, stat '/workspace/scratch/3e16369943fd/p18-publish-disk-qualification/docs'
      at file:///workspace/scratch/3e16369943fd/p18-publish-disk-qualification/scripts/build-contributions.js:34:87
      at async loadBuildContributions (file:///workspace/scratch/3e16369943fd/p18-publish-disk-qualification/scripts/build-contributions.js:34:26)
      at async TestContext.<anonymous> (file:///workspace/scratch/3e16369943fd/p18-publish-disk-qualification/tests/a00-06-registration.test.js:101:101)
      at async Test.run (node:internal/test_runner/test:1409:7)
      at async Test.processPendingSubtests (node:internal/test_runner/test:974:7)

test at tests/a00-20-styles.test.js:10:1
✖ A00 T20 contributed per-tool CSS preserves every baseline byte and both sorted and ordered rules (18.801619ms)
  Error: apps/studio/build.contrib.json: missing source docs: ENOENT: no such file or directory, stat '/workspace/scratch/3e16369943fd/p18-publish-disk-qualification/docs'
      at file:///workspace/scratch/3e16369943fd/p18-publish-disk-qualification/scripts/build-contributions.js:34:87
      at async loadBuildContributions (file:///workspace/scratch/3e16369943fd/p18-publish-disk-qualification/scripts/build-contributions.js:34:26)
      at async TestContext.<anonymous> (file:///workspace/scratch/3e16369943fd/p18-publish-disk-qualification/tests/a00-20-styles.test.js:13:17)
      at async Test.run (node:internal/test_runner/test:1409:7)
      at async startSubtestAfterBootstrap (node:internal/test_runner/harness:387:3)

test at tests/release04.test.js:82:3
✖ 0.4 CLI solution run (61.029882ms)
  AssertionError [ERR_ASSERTION]: node:internal/modules/cjs/loader:1595
    throw err;
    ^
  
  Error: Cannot find module '/workspace/scratch/3e16369943fd/p18-publish-disk-qualification/apps/cli/main.js'
      at Module._resolveFilename (node:internal/modules/cjs/loader:1591:15)
      at wrapResolveFilename (node:internal/modules/cjs/loader:1145:27)
      at defaultResolveImplForCJSLoading (node:internal/modules/cjs/loader:1169:10)
      at resolveForCJSWithHooks (node:internal/modules/cjs/loader:1196:12)
      at Module._load (node:internal/modules/cjs/loader:1368:5)
      at wrapModuleLoad (node:internal/modules/cjs/loader:261:19)
      at Module.executeUserEntryPoint [as runMain] (node:internal/modules/run_main:171:5)
      at node:internal/main/run_main_module:33:47 {
    code: 'MODULE_NOT_FOUND',
    requireStack: []
  }
  
  Node.js v26.10.0
  
  
  1 !== 0
  
      at TestContext.<anonymous> (file:///workspace/scratch/3e16369943fd/p18-publish-disk-qualification/tests/release04.test.js:82:119)
      at Test.runInAsyncScope (node:async_hooks:226:14)
      at Test.run (node:internal/test_runner/test:1402:25)
      at Test.processPendingSubtests (node:internal/test_runner/test:974:18)
      at Test.postRun (node:internal/test_runner/test:1542:19)
      at Test.run (node:internal/test_runner/test:1467:12)
      at async Test.processPendingSubtests (node:internal/test_runner/test:974:7) {
    generatedMessage: false,
    code: 'ERR_ASSERTION',
    actual: 1,
    expected: 0,
    operator: 'strictEqual',
    diff: 'simple'
  }

test at tests/release04.test.js:82:3
✖ 0.4 CLI linked sources (69.985118ms)
  AssertionError [ERR_ASSERTION]: node:internal/modules/cjs/loader:1595
    throw err;
    ^
  
  Error: Cannot find module '/workspace/scratch/3e16369943fd/p18-publish-disk-qualification/apps/cli/main.js'
      at Module._resolveFilename (node:internal/modules/cjs/loader:1591:15)
      at wrapResolveFilename (node:internal/modules/cjs/loader:1145:27)
      at defaultResolveImplForCJSLoading (node:internal/modules/cjs/loader:1169:10)
      at resolveForCJSWithHooks (node:internal/modules/cjs/loader:1196:12)
      at Module._load (node:internal/modules/cjs/loader:1368:5)
      at wrapModuleLoad (node:internal/modules/cjs/loader:261:19)
      at Module.executeUserEntryPoint [as runMain] (node:internal/modules/run_main:171:5)
      at node:internal/main/run_main_module:33:47 {
    code: 'MODULE_NOT_FOUND',
    requireStack: []
  }
  
  Node.js v26.10.0
  
  
  1 !== 0
  
      at TestContext.<anonymous> (file:///workspace/scratch/3e16369943fd/p18-publish-disk-qualification/tests/release04.test.js:82:119)
      at Test.runInAsyncScope (node:async_hooks:226:14)
      at Test.run (node:internal/test_runner/test:1402:25)
      at Test.processPendingSubtests (node:internal/test_runner/test:974:18)
      at Test.postRun (node:internal/test_runner/test:1542:19)
      at Test.run (node:internal/test_runner/test:1467:12)
      at async Test.processPendingSubtests (node:internal/test_runner/test:974:7) {
    generatedMessage: false,
    code: 'ERR_ASSERTION',
    actual: 1,
    expected: 0,
    operator: 'strictEqual',
    diff: 'simple'
  }

test at tests/release04.test.js:82:3
✖ 0.4 CLI release configuration (49.123908ms)
  AssertionError [ERR_ASSERTION]: node:internal/modules/cjs/loader:1595
    throw err;
    ^
  
  Error: Cannot find module '/workspace/scratch/3e16369943fd/p18-publish-disk-qualification/apps/cli/main.js'
      at Module._resolveFilename (node:internal/modules/cjs/loader:1591:15)
      at wrapResolveFilename (node:internal/modules/cjs/loader:1145:27)
      at defaultResolveImplForCJSLoading (node:internal/modules/cjs/loader:1169:10)
      at resolveForCJSWithHooks (node:internal/modules/cjs/loader:1196:12)
      at Module._load (node:internal/modules/cjs/loader:1368:5)
      at wrapModuleLoad (node:internal/modules/cjs/loader:261:19)
      at Module.executeUserEntryPoint [as runMain] (node:internal/modules/run_main:171:5)
      at node:internal/main/run_main_module:33:47 {
    code: 'MODULE_NOT_FOUND',
    requireStack: []
  }
  
  Node.js v26.10.0
  
  
  1 !== 0
  
      at TestContext.<anonymous> (file:///workspace/scratch/3e16369943fd/p18-publish-disk-qualification/tests/release04.test.js:82:119)
      at Test.runInAsyncScope (node:async_hooks:226:14)
      at Test.run (node:internal/test_runner/test:1402:25)
      at Test.processPendingSubtests (node:internal/test_runner/test:974:18)
      at Test.postRun (node:internal/test_runner/test:1542:19)
      at Test.run (node:internal/test_runner/test:1467:12)
      at async Test.processPendingSubtests (node:internal/test_runner/test:974:7) {
    generatedMessage: false,
    code: 'ERR_ASSERTION',
    actual: 1,
    expected: 0,
    operator: 'strictEqual',
    diff: 'simple'
  }

test at tests/release04.test.js:82:3
✖ 0.4 CLI library invocation (60.444709ms)
  AssertionError [ERR_ASSERTION]: node:internal/modules/cjs/loader:1595
    throw err;
    ^
  
  Error: Cannot find module '/workspace/scratch/3e16369943fd/p18-publish-disk-qualification/apps/cli/main.js'
      at Module._resolveFilename (node:internal/modules/cjs/loader:1591:15)
      at wrapResolveFilename (node:internal/modules/cjs/loader:1145:27)
      at defaultResolveImplForCJSLoading (node:internal/modules/cjs/loader:1169:10)
      at resolveForCJSWithHooks (node:internal/modules/cjs/loader:1196:12)
      at Module._load (node:internal/modules/cjs/loader:1368:5)
      at wrapModuleLoad (node:internal/modules/cjs/loader:261:19)
      at Module.executeUserEntryPoint [as runMain] (node:internal/modules/run_main:171:5)
      at node:internal/main/run_main_module:33:47 {
    code: 'MODULE_NOT_FOUND',
    requireStack: []
  }
  
  Node.js v26.10.0
  
  
  1 !== 0
  
      at TestContext.<anonymous> (file:///workspace/scratch/3e16369943fd/p18-publish-disk-qualification/tests/release04.test.js:82:119)
      at Test.runInAsyncScope (node:async_hooks:226:14)
      at Test.run (node:internal/test_runner/test:1402:25)
      at Test.processPendingSubtests (node:internal/test_runner/test:974:18)
      at Test.postRun (node:internal/test_runner/test:1542:19)
      at Test.run (node:internal/test_runner/test:1467:12)
      at async Test.processPendingSubtests (node:internal/test_runner/test:974:7) {
    generatedMessage: false,
    code: 'ERR_ASSERTION',
    actual: 1,
    expected: 0,
    operator: 'strictEqual',
    diff: 'simple'
  }

test at tests/release04.test.js:82:3
✖ 0.4 CLI unsupported package blocks build (69.458665ms)
  AssertionError [ERR_ASSERTION]: node:internal/modules/cjs/loader:1595
    throw err;
    ^
  
  Error: Cannot find module '/workspace/scratch/3e16369943fd/p18-publish-disk-qualification/apps/cli/main.js'
      at Module._resolveFilename (node:internal/modules/cjs/loader:1591:15)
      at wrapResolveFilename (node:internal/modules/cjs/loader:1145:27)
      at defaultResolveImplForCJSLoading (node:internal/modules/cjs/loader:1169:10)
      at resolveForCJSWithHooks (node:internal/modules/cjs/loader:1196:12)
      at Module._load (node:internal/modules/cjs/loader:1368:5)
      at wrapModuleLoad (node:internal/modules/cjs/loader:261:19)
      at Module.executeUserEntryPoint [as runMain] (node:internal/modules/run_main:171:5)
      at node:internal/main/run_main_module:33:47 {
    code: 'MODULE_NOT_FOUND',
    requireStack: []
  }
  
  Node.js v26.10.0
  
      at TestContext.<anonymous> (file:///workspace/scratch/3e16369943fd/p18-publish-disk-qualification/tests/release04.test.js:82:151)
      at Test.runInAsyncScope (node:async_hooks:226:14)
      at Test.run (node:internal/test_runner/test:1402:25)
      at Test.processPendingSubtests (node:internal/test_runner/test:974:18)
      at Test.postRun (node:internal/test_runner/test:1542:19)
      at Test.run (node:internal/test_runner/test:1467:12)
      at async Test.processPendingSubtests (node:internal/test_runner/test:974:7) {
    generatedMessage: false,
    code: 'ERR_ASSERTION',
    actual: false,
    expected: true,
    operator: '==',
    diff: 'simple'
  }

test at tests/release04.test.js:82:3
✖ 0.4 CLI project information (63.386018ms)
  AssertionError [ERR_ASSERTION]: node:internal/modules/cjs/loader:1595
    throw err;
    ^
  
  Error: Cannot find module '/workspace/scratch/3e16369943fd/p18-publish-disk-qualification/apps/cli/main.js'
      at Module._resolveFilename (node:internal/modules/cjs/loader:1591:15)
      at wrapResolveFilename (node:internal/modules/cjs/loader:1145:27)
      at defaultResolveImplForCJSLoading (node:internal/modules/cjs/loader:1169:10)
      at resolveForCJSWithHooks (node:internal/modules/cjs/loader:1196:12)
      at Module._load (node:internal/modules/cjs/loader:1368:5)
      at wrapModuleLoad (node:internal/modules/cjs/loader:261:19)
      at Module.executeUserEntryPoint [as runMain] (node:internal/modules/run_main:171:5)
      at node:internal/main/run_main_module:33:47 {
    code: 'MODULE_NOT_FOUND',
    requireStack: []
  }
  
  Node.js v26.10.0
  
  
  1 !== 0
  
      at TestContext.<anonymous> (file:///workspace/scratch/3e16369943fd/p18-publish-disk-qualification/tests/release04.test.js:82:119)
      at Test.runInAsyncScope (node:async_hooks:226:14)
      at Test.run (node:internal/test_runner/test:1402:25)
      at Test.processPendingSubtests (node:internal/test_runner/test:974:18)
      at Test.postRun (node:internal/test_runner/test:1542:19)
      at Test.run (node:internal/test_runner/test:1467:12)
      at async Test.processPendingSubtests (node:internal/test_runner/test:974:7) {
    generatedMessage: false,
    code: 'ERR_ASSERTION',
    actual: 1,
    expected: 0,
    operator: 'strictEqual',
    diff: 'simple'
  }

test at tests/templates-archive.test.js:1:1
✖ tests/templates-archive.test.js (351.219251ms)
  'test failed'

test at tests/workspace-io.test.js:49:1
✖ CLI ZIP/extraction preserve an existing manifest, binaries and empty folders (1.049461ms)
  Error [ERR_MODULE_NOT_FOUND]: Cannot find module '/workspace/scratch/3e16369943fd/p18-publish-disk-qualification/apps/cli/workspace.js' imported from /workspace/scratch/3e16369943fd/p18-publish-disk-qualification/tests/workspace-io.test.js
      at finalizeResolution (node:internal/modules/esm/resolve:241:11)
      at moduleResolve (node:internal/modules/esm/resolve:846:10)
      at defaultResolve (node:internal/modules/esm/resolve:973:11)
      at #cachedDefaultResolve (node:internal/modules/esm/loader:708:20)
      at #resolveAndMaybeBlockOnLoaderThread (node:internal/modules/esm/loader:728:38)
      at ModuleLoader.resolveSync (node:internal/modules/esm/loader:766:56)
      at #resolve (node:internal/modules/esm/loader:690:17)
      at ModuleLoader.getOrCreateModuleJob (node:internal/modules/esm/loader:610:35)
      at node:internal/modules/esm/loader:639:32
      at TracingChannel.tracePromise (node:diagnostics_channel:551:22) {
    code: 'ERR_MODULE_NOT_FOUND',
    url: 'file:///workspace/scratch/3e16369943fd/p18-publish-disk-qualification/apps/cli/workspace.js'
  }

test at tests/workspace-io.test.js:57:1
✖ CLI writePlan validates duplicate/case/traversing destinations before creating output directory (0.270839ms)
  Error [ERR_MODULE_NOT_FOUND]: Cannot find module '/workspace/scratch/3e16369943fd/p18-publish-disk-qualification/apps/cli/workspace.js' imported from /workspace/scratch/3e16369943fd/p18-publish-disk-qualification/tests/workspace-io.test.js
      at finalizeResolution (node:internal/modules/esm/resolve:241:11)
      at moduleResolve (node:internal/modules/esm/resolve:846:10)
      at defaultResolve (node:internal/modules/esm/resolve:973:11)
      at #cachedDefaultResolve (node:internal/modules/esm/loader:708:20)
      at #resolveAndMaybeBlockOnLoaderThread (node:internal/modules/esm/loader:728:38)
      at ModuleLoader.resolveSync (node:internal/modules/esm/loader:766:56)
      at #resolve (node:internal/modules/esm/loader:690:17)
      at ModuleLoader.getOrCreateModuleJob (node:internal/modules/esm/loader:610:35)
      at node:internal/modules/esm/loader:639:32
      at TracingChannel.tracePromise (node:diagnostics_channel:551:22) {
    code: 'ERR_MODULE_NOT_FOUND',
    url: 'file:///workspace/scratch/3e16369943fd/p18-publish-disk-qualification/apps/cli/workspace.js'
  }
