✔ A24 metadata scan admits 20000 files without reading their contents and rejects cancelled results (583.052797ms)
✔ A24 rejected names and file-size limits are reported per path without losing usable entries (1.281403ms)
✔ A24 import policies distinguish Unicode aliases and honor scoped ignore rules (2.502796ms)
✔ A24 file and report entry budgets remain explicit boundaries (0.453704ms)
✔ A24 OPFS sync-worker preserves exact bytes through reload and reports quota (14.427933ms)
✔ A24 OPFS cancellation removes staging data and leaves saved bytes unchanged (1.241583ms)
✔ A24 worker client routes IDs and waits for cancellation acknowledgement (0.618423ms)
✔ A24 browser storage absence is an explicit unavailable diagnostic (0.507315ms)
✔ A24 OPFS asynchronous fallback satisfies the complete provider contract (7.995834ms)
✔ A24 delayed overlay admission rejects replace without republishing stale bytes (8.406223ms)
✔ A24 delayed overlay admission rejects discard without republishing stale bytes (1.240822ms)
✔ A24 delayed overlay admission rejects abort without republishing stale bytes (0.83524ms)
✔ A24 delayed overlay admission rejects dispose without republishing stale bytes (0.763312ms)
✔ A24 concurrent generated publication enforces the final shared byte budget (0.999779ms)
✔ A24 later same-URI generated intent wins without duplicate byte accounting (0.836111ms)
✔ A24 completed save remains successful after concurrent overlay discard (1.314503ms)
✔ A24 completed save remains successful after concurrent overlay replace (1.295815ms)
✔ A24 completed save remains successful after concurrent overlay dispose (0.905847ms)
✔ A24 delete preserves a newer dirty buffer written while physical deletion finishes (1.376337ms)
✔ A24 rename carries the newest buffer and does not overwrite a concurrent destination buffer (2.150314ms)
✔ A24 path identity separates portable spelling from case and Unicode policy (1.298939ms)
✔ A24 portable paths reject traversal, controls, reserved components and bounded names (0.524512ms)
✔ A24 encoding retains utf-8, BOM=false and mixed per-line delimiters (1.411419ms)
✔ A24 encoding retains utf-8, BOM=true and mixed per-line delimiters (0.193151ms)
✔ A24 encoding retains utf-16le, BOM=false and mixed per-line delimiters (0.324009ms)
✔ A24 encoding retains utf-16le, BOM=true and mixed per-line delimiters (0.13949ms)
✔ A24 encoding retains utf-16be, BOM=false and mixed per-line delimiters (0.222726ms)
✔ A24 encoding retains utf-16be, BOM=true and mixed per-line delimiters (0.163967ms)
✔ A24 Windows-1252 fallback is flagged and unchanged bytes survive exactly (0.680877ms)
✔ A24 binary and malformed UTF-16 inputs retain bytes without fabricated text (0.552684ms)
✔ A24 File System Access mock satisfies the complete provider contract (13.333516ms)
✔ A24 FSA permissions and atomic writable failure preserve original bytes (0.946898ms)
✔ A24 FSA fallback directory rename rolls back when external files appear during copying (2.383756ms)
✔ A24 in-memory provider satisfies the complete byte-oriented provider contract (8.985326ms)
✔ A24 memory identity and bounded writes preserve contents on conflict and quota failure (1.546003ms)
✔ A24 provider subscriptions stop on cancellation and unsupported operations are explicit (2.400042ms)
✔ A24 workspace facade retains the existing versioned document API (1.723109ms)
✔ A24 overlay keeps dirty buffers consistent and generated URIs read-only (7.744365ms)
✔ A24 polling prioritizes open files and bounds each interval over a 20000-file inventory (881.412554ms)
✔ A24 coalescer recognizes atomic replace and suppresses only matching own-save byte hashes (1.558713ms)
✔ A24 FileSystemObserver chooses bounded fallback when unavailable and disposes observer subscriptions (0.453815ms)
✔ A24 polling identifies a uniquely hashed file rename (2.496588ms)
✔ A24 own-save acknowledgement suppresses a previously queued matching hash without hiding another writer (0.302486ms)
✔ workspace grammar uses configured language version and invalidates one-shot overrides (79.226131ms)
✔ workspace per-file versions reparse only the document whose grammar changed (10.268178ms)
✔ workspace symbols select actual branches and canonical equivalent grammar reuses trees (15.714618ms)
✔ generated documents honor symbols and per-file grammar without rerunning unchanged generators (19.527191ms)
✔ invalid compiler settings remain diagnostics and cancellation leaves syntax caches untouched (2.513223ms)
✔ explicit syntax grammar changes invalidate a compilation cached under another grammar (3.626894ms)
✔ empty-folder save/reopen preserves utf-8 bytes, all assets, settings and empty directories (22.246986ms)
✔ empty-folder save/reopen preserves utf-16le bytes, all assets, settings and empty directories (2.784803ms)
✔ empty-folder save/reopen preserves utf-16be bytes, all assets, settings and empty directories (2.20633ms)
✔ empty-folder writer rejects preexisting contents without opening a write stream (0.958717ms)
✔ empty-folder writer resolves denied permission before any mutation (0.223547ms)
✔ empty-folder writer reports completed writes on mid-operation failure, never claims atomicity (0.719997ms)
✔ aborted empty-folder save creates no files (0.268445ms)
✔ empty-folder writer validates complete path plan before mutation A.txt / a.txt (0.367405ms)
✔ empty-folder writer validates complete path plan before mutation A/one.txt / a/two.txt (0.241685ms)
✔ empty-folder writer validates complete path plan before mutation é.txt / é.txt (0.349838ms)
✔ empty-folder writer validates complete path plan before mutation a / a/b (0.222927ms)
✔ directory loader preserves explicitly recorded files but excludes administrative code and stores warning paths (0.655089ms)
✔ folder manifests reject ambiguity and preserve the original records on failure (0.201274ms)
✔ FileList repository prefix is normalized only by a validated workspace manifest (1.255434ms)
✔ disk source save preserves utf-16le and detects external edits before any writing (1.034391ms)
✔ disk source save preserves utf-16be and detects external edits before any writing (0.426734ms)
✔ disk source save rechecks after permissions and never overwrites a prompt-time change (0.375717ms)
✔ native disk creation rejects case-shadow files and parents before applying any batch entry (25.941893ms)
✔ native new destination parents use portable case identity within the same batch (2.41842ms)
✔ CLI ZIP/extraction preserve an existing manifest, binaries and empty folders (1325.52655ms)
✔ CLI writePlan validates duplicate/case/traversing destinations before creating output directory (1.594446ms)
ℹ tests 70
ℹ suites 0
ℹ pass 70
ℹ fail 0
ℹ cancelled 0
ℹ skipped 0
ℹ todo 0
ℹ duration_ms 6535.762763
