✔ disposed metadata admission rejects without repopulating the document store (0.979167ms)
✔ A24 a delayed lazy load cannot replace a dirty buffer admitted by another load (6.971146ms)
✔ A24 remove and register of the same path cannot revive an older lazy read (1.979405ms)
✔ A24 closing a concurrently admitted document cannot be undone by an older load (1.116905ms)
✔ A24 an unrelated lazy entry can load and change without invalidating this document (1.069664ms)
✔ A24 lazy abort prevents delayed contents from being admitted (0.869041ms)
✔ A24 lazy dispose prevents delayed contents from being admitted (0.70235ms)
✔ A24 5000 closed files hold metadata only and loaded documents obey the byte budget (9.697147ms)
✔ A24 file admission failure retains the previous dirty buffer and invalidation rejects stale async data (1.172539ms)
✔ A24 10000-file folder materializes pages and bounds visible row count (24.641408ms)
✔ A24 deferred explorer construction materializes no files before cancellable expansion (21.724329ms)
✔ A24 large default solution views choose visible paging without traversing file records (0.807878ms)
✔ A24 folder paging preserves the eager boundary and the requested view for smaller workspaces (0.653385ms)
✔ A24 linked project appearances, generated files and imports also trigger bounded views (0.204659ms)
✔ physical identities survive recent-menu eviction and simultaneous reopen across windows (6.562969ms)
✔ identity registry capacity is explicit and existing folders remain reusable at capacity (1.101371ms)
✔ version-one recent handles migrate without replacing an existing physical identity (0.272701ms)
✔ identity comparison rechecks abort before returning or registering a physical key (0.841379ms)
✔ identity comparison rechecks dispose before returning or registering a physical key (0.283868ms)
✔ identity errors reject unavailable coordination, ambiguous handles and duplicate generated keys (0.542729ms)
✔ lazy folder construction rejects case aliases without replacing an existing directory identity (1.546472ms)
✔ lazy folder construction refuses to shadow a file with a new parent directory (0.292471ms)
✔ lazy paging keeps distinct case-sensitive directories and normalizes Unicode file identity (1.168493ms)
✔ A24 delayed overlay admission rejects replace without republishing stale bytes (8.683052ms)
✔ A24 delayed overlay admission rejects discard without republishing stale bytes (1.098678ms)
✔ A24 delayed overlay admission rejects abort without republishing stale bytes (0.889252ms)
✔ A24 delayed overlay admission rejects dispose without republishing stale bytes (0.984505ms)
✔ A24 concurrent generated publication enforces the final shared byte budget (0.884003ms)
✔ A24 later same-URI generated intent wins without duplicate byte accounting (0.801279ms)
✔ A24 completed save remains successful after concurrent overlay discard (1.156935ms)
✔ A24 completed save remains successful after concurrent overlay replace (1.244868ms)
✔ A24 completed save remains successful after concurrent overlay dispose (1.000199ms)
✔ A24 delete preserves a newer dirty buffer written while physical deletion finishes (1.798052ms)
✔ A24 rename carries the newest buffer and does not overwrite a concurrent destination buffer (2.084253ms)
✔ reload forwards atomic host evaluation acknowledgment for automatic and chosen XML updates (7.736349ms)
✔ reload bounds prompts and preserves dirty buffers for keep and compare (1.949601ms)
✔ A24 reload keeps dirty text until an explicit choice, rejects stale reload and reevaluates projects (2.510907ms)
✔ file saves and whole-workspace transactions use the same workspace ownership key (1.805524ms)
✔ two windows saving one baseline yield one commit and one conflict (6.649255ms)
✔ save ownership rejects unavailable APIs and cancellation without writing (1.402625ms)
✔ A24 search indexes 20000 paths, streams first results, observes changes and cancels (247.550635ms)
✔ A24 content search skips binaries and reports inaccessible files (4.498345ms)
✔ A24 indexed Find in Files preserves LanguageService offsets, result limits, Unicode boundaries and versions (2.464959ms)
✔ delayed search metadata cannot survive delete of its current entry (5.738556ms)
✔ delayed search metadata cannot survive replace of its current entry (1.048422ms)
✔ delayed search metadata cannot survive dispose of its current entry (0.746236ms)
✔ search metadata probes are bounded while statuses are unresolved (1.108272ms)
✔ search watch setup releases its subscription after replace (0.519143ms)
✔ search watch setup releases its subscription after dispose (0.169906ms)
✔ search watch setup releases its subscription after abort (0.148714ms)
✔ A24 search direct invalidation cannot be followed by a stale cache publication (9.072545ms)
✔ A24 search watcher update cannot be followed by a stale cache publication (1.785374ms)
✔ A24 search delete and recreate cannot be followed by a stale cache publication (1.683049ms)
✔ A24 Find in Files reports a stale read and the next search observes the watcher update (2.510617ms)
✔ A24 simultaneous search reads reuse a current cache entry and count its bytes once (0.888049ms)
✔ A24 another indexed entry can change without invalidating a pending search read (0.822571ms)
✔ A24 search abort prevents delayed cache publication (1.348995ms)
✔ A24 search dispose prevents delayed cache publication (0.715268ms)
✔ 08 tree state validation leaves old tree untouched (1.669348ms)
✔ 08 tree selection, expansion, filter ancestors and state recovery (1.298419ms)
✔ 08 tree move cycle/invalid insertion is rejected before mutation (0.428236ms)
✔ 08 tree large hierarchy stays data-only until view requests rows (139.693984ms)
✔ 08 command registry checks enablement again at execution (0.90187ms)
✔ 08 invalid portable item path "../a.cs" (0.293322ms)
✔ 08 invalid portable item path "/a.cs" (0.164789ms)
✔ 08 invalid portable item path "C:/a.cs" (0.083476ms)
✔ 08 invalid portable item path "a/../b.cs" (0.100932ms)
✔ 08 invalid portable item path "NUL.cs" (0.579684ms)
✔ 08 invalid portable item path "file?.cs" (0.148724ms)
✔ 08 invalid portable item path ".git/config" (0.173401ms)
✔ 08 invalid portable item path "A./B.cs" (0.398461ms)
✔ 08 invalid portable item path "a\u0000.cs" (0.067952ms)
✔ 08 solution tree preserves linked appearances and dependency groups (9.249062ms)
✔ 08 project membership source edits preserve comments, imports and exact build order (1.114471ms)
✔ 08 solution XML creation works for self-closing roots and prevents duplicate membership (0.582629ms)
✔ 08 literal reference rename leaves conditional glob expressions unchanged (0.596019ms)
✔ 08 native create/move/copy/delete are undoable with checked disk identities (34.392668ms)
✔ 08 native stale hashes, collisions and self-containment are rejected (9.07597ms)
✔ 08 native directory quarantine/restore preserves nested files and empty folders (14.510387ms)
✔ 08 native undo refuses to erase subsequent user edits (5.196558ms)
✔ 08 native operations refuse symlinked children and parent paths (3.527832ms)
✔ 08 native scan provides real hierarchy, empty folders and binary entries (6.820477ms)
ℹ tests 82
ℹ suites 0
ℹ pass 82
ℹ fail 0
ℹ cancelled 0
ℹ skipped 0
ℹ todo 0
ℹ duration_ms 4965.9238
