{
  "passed": true,
  "node": "v24.19.0",
  "mode": "All 29 workspace tarballs installed offline in an isolated project, without source workspace links",
  "packages": {
    "@sharpforge/archive": 10,
    "@sharpforge/bcl-collections": 3,
    "@sharpforge/bcl-core": 26,
    "@sharpforge/bcl-io": 4,
    "@sharpforge/bytecode": 85,
    "@sharpforge/cil": 159,
    "@sharpforge/clr": 39,
    "@sharpforge/compiler": 12,
    "@sharpforge/compute": 3,
    "@sharpforge/controls": 4,
    "@sharpforge/debugger": 7,
    "@sharpforge/designer": 19,
    "@sharpforge/docking": 15,
    "@sharpforge/editor": 134,
    "@sharpforge/extensions": 9,
    "@sharpforge/framework": 29,
    "@sharpforge/language": 1,
    "@sharpforge/msbuild": 13,
    "@sharpforge/network": 5,
    "@sharpforge/project-system": 52,
    "@sharpforge/protocol": 4,
    "@sharpforge/refactoring": 7,
    "@sharpforge/runtime": 30,
    "@sharpforge/symbols": 35,
    "@sharpforge/syntax": 364,
    "@sharpforge/templates": 10,
    "@sharpforge/text": 41,
    "@sharpforge/winui": 5,
    "@sharpforge/workspace": 1
  },
  "smokeSteps": [
    "compiler:compile",
    "runtime:source-vm",
    "cil:ordinary-roundtrip",
    "workspace:workspace-apis",
    "extensions:build-info",
    "refactoring:explicit-type",
    "project-system:project-load",
    "docking:layout-undo",
    "text:unicode-search",
    "compiler:library-invocation",
    "debugger:cil-step",
    "protocol:unicode-framing",
    "editor:stylesheet",
    "compiler:finally-checked-dispose",
    "debugger:reverse-replay",
    "editor:viewport-navigation",
    "extensions:immutable-schema",
    "project-system:overflow-options",
    "controls:tree-commands",
    "editor:keymaps-classic-css",
    "controls:stylesheet",
    "project-system:solution-membership",
    "debugger:remap-breakpoints",
    "msbuild:native-api",
    "debugger:source-cil-breakpoints",
    "protocol:configuration-done",
    "symbols:source-checksum",
    "framework:manifest-contracts",
    "winui:host-apis",
    "runtime:async-delay",
    "winui:code-first-scene",
    "debugger:set-next-statement",
    "templates:solution-plan",
    "archive:zip-roundtrip",
    "project-system:restored-solution",
    "designer:scene-patch",
    "debugger:structural-enc",
    "designer:source-sync",
    "runtime:closed-bcl",
    "winui:animation",
    "compute:simd-workers",
    "compiler:preview-collections",
    "runtime:json-serialization",
    "network:http-transports",
    "compiler:execution-report"
  ],
  "execution": {
    "source": "Console.WriteLine(6 * 7);",
    "output": "42\n",
    "fault": null,
    "assemblyBytes": 3072,
    "format": "ECMA-335",
    "methodTokens": [
      100663297,
      100663298
    ]
  }
}

