TAP version 13
# Subtest: runtime UI events preserve the browser timer receiver through capture wake, pause and disposal
ok 1 - runtime UI events preserve the browser timer receiver through capture wake, pause and disposal
  ---
  duration_ms: 6.770332
  type: 'test'
  ...
# Subtest: default browser timers rearm bounded polling after completion and cancel the next wake
ok 2 - default browser timers rearm bounded polling after completion and cancel the next wake
  ---
  duration_ms: 3.345075
  type: 'test'
  ...
# Subtest: equal worker serials stay partitioned by app and launch identity
ok 3 - equal worker serials stay partitioned by app and launch identity
  ---
  duration_ms: 2.477337
  type: 'test'
  ...
# Subtest: strict capture validation rejects missing sequences, wrong identities and invalid measurements atomically
ok 4 - strict capture validation rejects missing sequences, wrong identities and invalid measurements atomically
  ---
  duration_ms: 0.853758
  type: 'test'
  ...
# Subtest: bounded history gaps are explicit and malformed replies block only their current launch
ok 5 - bounded history gaps are explicit and malformed replies block only their current launch
  ---
  duration_ms: 1.71745
  type: 'test'
  ...
# Subtest: late replies after replacement cannot attach measurements to the replacement capture
ok 6 - late replies after replacement cannot attach measurements to the replacement capture
  ---
  duration_ms: 0.306462
  type: 'test'
  ...
# Subtest: pausing and disposal cancel outstanding waits without clearing retained launch history
ok 7 - pausing and disposal cancel outstanding waits without clearing retained launch history
  ---
  duration_ms: 0.475577
  type: 'test'
  ...
# Subtest: disposed and removed sessions cannot create new capture work
ok 8 - disposed and removed sessions cannot create new capture work
  ---
  duration_ms: 0.231279
  type: 'test'
  ...
# Subtest: timeline retains bounded descriptors and partitions heap snapshots by launch
ok 9 - timeline retains bounded descriptors and partitions heap snapshots by launch
  ---
  duration_ms: 0.776321
  type: 'test'
  ...
# Subtest: heap snapshots reject late replacement and malformed census data
ok 10 - heap snapshots reject late replacement and malformed census data
  ---
  duration_ms: 0.37789
  type: 'test'
  ...
# Subtest: CPU graph uses actual time, bounded percent and weighted intervals with accessible event detail
ok 11 - CPU graph uses actual time, bounded percent and weighted intervals with accessible event detail
  ---
  duration_ms: 24.107198
  type: 'test'
  ...
1..11
# tests 11
# suites 0
# pass 11
# fail 0
# cancelled 0
# skipped 0
# todo 0
# duration_ms 256.887443
