✔ native SRM accepts the captured generated delta, with compact methods, scopes, constants and opaque CDI (10.137993ms)
✔ captured Roslyn EmitDifference generations agree with native SRM and retain old method maps (13.022423ms)
✔ generation-bound snapshots preserve exact native Roslyn method maps across two real updates (13.255987ms)
✔ delta emission round-trips changed methods, scopes, constants, imports and CDI with local/aggregate handles (11.315864ms)
✔ delta output is deterministic and method ordering does not change aggregate identities (4.468519ms)
✔ writer rejects silent omission and coercion of invalid method and point inputs (4.226804ms)
✔ unchanged method references, malformed CDI, invalid scopes and incorrect delta counts fail explicitly (3.458584ms)
✔ writer rejects malformed state-machine records and token coercion before bit operations (12.280062ms)
✔ writer cancellation and budgets reject before returning any delta (2.045226ms)
✔ PDB delta uses EncMap for methods, scopes and CDI while aggregate signature/resume/kickoff refs stay aggregate (6.440637ms)
✔ generation/version lookups preserve baseline maps and retain unchanged methods across later updates (3.617578ms)
✔ foreign baseline, skipped generation, wrong previous identity and content-id mismatches are explicit and atomic (3.089342ms)
✔ malformed maps cannot fall back to dense interpretation (4.104354ms)
✔ delta-local method refs and authoritative aggregate row-count boundaries are independently checked (2.275325ms)
✔ cancellation and byte/row/generation limits leave the previous generation usable (3.993ms)
✔ new methods require an EncMap entry and old generations reject methods which did not yet exist (1.547935ms)
✔ old snapshots preserve old points after updates and expose immutable generation/revision identities (8.671227ms)
✔ a revision triple must match the selected generation and baseline exactly (2.141809ms)
✔ snapshots retain owned maps after the generation provider is disposed (0.77539ms)
✔ shared method-revision maps charge points once and release cache budgets with the last lease (1.087248ms)
✔ snapshot count, documents, invalid limits and cancellation reject atomically (1.202507ms)
✔ scalar revision and point-only queries return independent facts without unrelated scope or CDI records (1.624258ms)
✔ snapshot document identity avoids embedded source copies and hidden sequence points remain barriers (2.922526ms)
✔ symbols: SHA-1/SHA-256 independent crypto comparison (0 bytes) (1.776241ms)
✔ symbols: SHA-1/SHA-256 independent crypto comparison (1 bytes) (0.314462ms)
✔ symbols: SHA-1/SHA-256 independent crypto comparison (55 bytes) (0.160366ms)
✔ symbols: SHA-1/SHA-256 independent crypto comparison (56 bytes) (0.158774ms)
✔ symbols: SHA-1/SHA-256 independent crypto comparison (63 bytes) (0.231481ms)
✔ symbols: SHA-1/SHA-256 independent crypto comparison (64 bytes) (0.229267ms)
✔ symbols: SHA-1/SHA-256 independent crypto comparison (65 bytes) (3.555526ms)
✔ symbols: SHA-1/SHA-256 independent crypto comparison (127 bytes) (0.301343ms)
✔ symbols: SHA-1/SHA-256 independent crypto comparison (128 bytes) (0.246392ms)
✔ symbols: SHA-1/SHA-256 independent crypto comparison (100000 bytes) (10.743821ms)
✔ symbols: platform DEFLATE interoperability 0/0 (2.699598ms)
✔ symbols: platform DEFLATE interoperability 0/37 (0.622806ms)
✔ symbols: platform DEFLATE interoperability 0/70000 (5.867605ms)
✔ symbols: platform DEFLATE interoperability 4/0 (0.693259ms)
✔ symbols: platform DEFLATE interoperability 4/37 (0.698797ms)
✔ symbols: platform DEFLATE interoperability 4/70000 (13.151671ms)
✔ symbols: platform DEFLATE interoperability 2/0 (0.635805ms)
✔ symbols: platform DEFLATE interoperability 2/37 (0.397214ms)
✔ symbols: platform DEFLATE interoperability 2/70000 (14.191088ms)
✔ symbols: decompression size, trailing data and reserved blocks are rejected (0.532662ms)
✔ symbols: Microsoft fixture decodes thirteen case-sensitive documents and hidden points (4.167726ms)
✔ symbols: GUID mixed-endian layout agrees with standard C# GUID (0.304638ms)
✔ symbols: hidden, multi-document, negative and large sequence deltas round trip (0.44226ms)
✔ symbols: deterministic sidecar matches exact PE and canonical IL loader (84.360356ms)
✔ symbols: embedded PDB executes and debugs without any #SF stream (28.599227ms)
✔ symbols: explicit sidecar load and ArrayBuffer offsets validate source identities (19.922692ms)
✔ symbols: PDB tampering is rejected by checksum independently of identity (3.401811ms)
✔ symbols: missing symbols do not silently become trusted source (5.4222ms)
✔ symbols: imported SDK text checksum supports SHA-384/SHA-512 asynchronously (9.131782ms)
✔ symbols: scoped locals disappear after lexical scope and distinct names bind reused slots (8.40931ms)
✔ symbols: Source Link is explicit, escaped and credential-free HTTPS only (3.818392ms)
✔ symbols: all eight standard debug tables and unknown CDI are retained (1.068932ms)
✔ symbols: large external row indices and string/blob heaps are encoded with wide indices (22.334788ms)
ℹ tests 56
ℹ suites 0
ℹ pass 56
ℹ fail 0
ℹ cancelled 0
ℹ skipped 0
ℹ todo 0
ℹ duration_ms 3127.933543
