✔ debug directory checksum agrees with platform SHA256 (18.387215ms)
✔ debug directory checksum agrees with platform SHA384 (11.805811ms)
✔ debug directory checksum agrees with platform SHA512 (3.103621ms)
✔ attach replaces symbols while preserving unknown directory payloads and an overlay (2.825784ms)
✔ embedded PDB inflation is lazy, cached and checked against the caller budget (4.074598ms)
✔ path limit is one documented boundary and reproducible/checksum entries are optional (1.262946ms)
✔ source sha384 hashing matches platform at length 0 (2.303566ms)
✔ source sha512 hashing matches platform at length 0 (0.876167ms)
✔ source sha384 hashing matches platform at length 1 (1.230278ms)
✔ source sha512 hashing matches platform at length 1 (1.175778ms)
✔ source sha384 hashing matches platform at length 111 (1.287462ms)
✔ source sha512 hashing matches platform at length 111 (1.34731ms)
✔ source sha384 hashing matches platform at length 112 (1.364315ms)
✔ source sha512 hashing matches platform at length 112 (1.378281ms)
✔ source sha384 hashing matches platform at length 127 (1.157221ms)
✔ source sha512 hashing matches platform at length 127 (4.651537ms)
✔ source sha384 hashing matches platform at length 128 (1.395441ms)
✔ source sha512 hashing matches platform at length 128 (1.673159ms)
✔ source sha384 hashing matches platform at length 129 (1.604669ms)
✔ source sha512 hashing matches platform at length 129 (1.180896ms)
✔ source sha384 hashing matches platform at length 1000 (2.377774ms)
✔ source sha512 hashing matches platform at length 1000 (2.53794ms)
✔ Node Buffer inputs retain their identities across repeated checksum verification and attachment (3.209237ms)
✔ attachment honors nondefault PE alignments and only counts section growth as code (2.276566ms)
✔ embedded source shrinks and independent platform decompression preserves bytes (14.266879ms)
✔ embedded PDB compresses and remains bound to its assembly identity (8.771201ms)
✔ short embedded sources remain raw and byte limits reject decompression early (3.325968ms)
✔ public header-only reader returns owned tiny/fat facts without decoding exception sections (13.428016ms)
✔ header reader rejects raw token, RVA, short header and code extent boundaries (8.537569ms)
✔ bound slots without LocalVariable rows expose null names and declared types without invented scopes (4.418565ms)
✔ recorded declarations and hidden flags are preserved while reused slots never choose an invented name (1.706418ms)
✔ an empty tiny-method signature differs from missing method metadata and invalid query tokens (2.342503ms)
✔ slot method/aggregate bounds and cancellation precede slot materialization (3.216778ms)
✔ unnamed-slot inspection validates method-header signature tokens before dereferencing rows (0.882357ms)
✔ Release CLR slot types and SRM declarations match without reconstructing eliminated variables (7.643073ms)
✔ CLI headers are authoritative when in-range PDB signatures disagree or bodies are absent (2.778764ms)
✔ 20k-method pages decode exactly requested physical tokens and return owned results (68.033705ms)
✔ definition-only and empty pages decode no methods, including the exact end boundary (1.641798ms)
✔ pages use physical MethodDef order while legacy summaries retain MethodPtr owner order (1.287222ms)
✔ pagination rejects malformed limits, offsets, aggregate body bytes and cancellation before decoding (1.858742ms)
✔ legacy summary retains complete inventory, definition-only mode and per-method diagnostics (2.04151ms)
✔ metadata URIs cover every declared row and user strings, surviving an inspector reload (1.492193ms)
✔ URI parsing rejects raw token coercion, bad heap extents, other modules and noncanonical components (1.010305ms)
✔ retained native Roslyn PE resolves method URIs after reload and preserves page/default descriptors (16.971314ms)
✔ four instruction relations resolve exact local aliases and preserve occurrence order (16.611325ms)
✔ external targets stay explicit instead of binding to guessed display names (2.56513ms)
✔ owned pages and scalar indexes survive destruction of caller PE and metadata (2.317856ms)
✔ aggregate body, instruction and occurrence budgets reject exact excess before expansion (3.138033ms)
✔ invalid options/tokens, cancellation and metadata budget boundaries remain explicit (2.447137ms)
✔ malformed IL or operand kinds reject; native method bodies are explicit incomplete input (3.720619ms)
✔ legacy callGraph keeps exact calls, per-method errors and normal cache behavior (3.501887ms)
✔ native reflection IL/token observations agree with all four usage relations (5.138978ms)
✔ raw debug entries retain unknown kinds, independent RVAs and overlay payloads as owned bytes (9.100526ms)
✔ symbols reuses raw record extraction while retaining CodeView semantic decoding and error type (3.015291ms)
✔ raw debug entry and aggregate payload limits admit exact bounds and reject excess (2.497601ms)
✔ debug payload truncation and cancellation reject before exposing partial output (1.255375ms)
✔ method implementation classification separates code kind from method optimization flags (1.357345ms)
✔ native, OPTIL, Runtime and unmanaged IL RVAs never reach the CIL header decoder (13.900859ms)
✔ authored R2R markers retain actual CIL bodies even when ILOnly is unset (3.455398ms)
✔ authored image indicators distinguish IL-only, mixed mode, other managed-native and native entry points (5.566661ms)
✔ absent managed and runtime bodies remain metadata facts without fabricated empty IL bodies (1.489038ms)
✔ eligible but unreadable CIL retains failure facts instead of a successful empty body (2.198401ms)
✔ bound PDB local slots preserve unsupported-method diagnostics for all non-CIL kinds (7.86634ms)
✔ independent PEReader/SRM capture pins exact sources and cache-only reference bytes (3.167735ms)
✔ recorded real R2R and mixed-mode image facts cover actual non-ILOnly and native method cases (0.43566ms)
✔ owned PE32 headers, sections and directories expose exact scalar facts (14.263862ms)
✔ owned PE32+ headers, sections and directories expose exact scalar facts (1.638257ms)
✔ all UInt64 optional-header values retain exact bits beyond Number precision (1.853644ms)
✔ CorFlags retain unknown bits and signing facts do not claim signature verification (1.977646ms)
✔ extra advertised directories survive and unmapped unused directories are explicit (1.876397ms)
✔ fifteen advertised directories preserve reader compatibility without inventing a sixteenth output entry (0.868476ms)
✔ unmapped signing reservations remain explicit and large bounded scans check cancellation (2.352397ms)
✔ PE snapshots are opt-in on full and paged summaries; outer signals take precedence (4.242175ms)
✔ invalid PE input, byte budgets, truncated optional headers and cancellation reject deterministically (1.844731ms)
✔ Managed DLL without #SF: int output (121.061971ms)
✔ Managed DLL without #SF: double (16.406922ms)
✔ Managed DLL without #SF: loop (15.784817ms)
✔ Managed DLL without #SF: call (10.572487ms)
✔ Managed DLL without #SF: object (24.701162ms)
✔ Managed DLL without #SF: array (18.152212ms)
✔ Managed DLL without #SF: throw catch (16.428673ms)
✔ Managed DLL without #SF: null catch (8.570345ms)
✔ Managed DLL without #SF: bool boxing (6.887471ms)
✔ Managed DLL without #SF: empty catch (7.313768ms)
✔ Managed DLL without #SF: string ops (7.522155ms)
✔ Managed DLL without #SF: ceil (6.316052ms)
✔ Independent managed DLL: methods can be invoked without an entry point (9.006446ms)
✔ Independent managed DLL: 64-bit arithmetic stays exact (1.491381ms)
✔ Independent managed DLL: short floating literal and conversion (0.907945ms)
✔ Independent managed DLL: switch table dispatch (3.356152ms)
✔ Independent managed DLL: managed address into local (1.616756ms)
✔ Independent managed DLL: static initializer executes exactly once (2.190789ms)
✔ Independent managed DLL: finally executes on leave (2.356973ms)
✔ Independent managed DLL: checked overflow becomes a managed fault (1.435009ms)
✔ Independent managed DLL: unsigned division uses unsigned operands (1.160835ms)
✔ Direct CIL: hard instruction limit (1.107308ms)
✔ Direct CIL: hard output limit (5.586831ms)
✔ Direct CIL: unknown external method is refused before output (2.006488ms)
✔ Direct CIL: native pointer instructions remain inspectable, not executable (0.875897ms)
✔ Direct CIL: invalid local slot and stack underflow rejected (1.215266ms)
✔ Direct CIL: host arguments use strict declared types and arity (2.793716ms)
✔ IL text: every method rebuilt; changed constants actually execute (4.449398ms)
✔ IL text: changed bodies invalidate stale debug-profile metadata (7.486893ms)
✔ IL text: long, branch and switch round trips (1.330195ms)
✔ IL text: catches round trip (7.734807ms)
✔ IL text: omitted or duplicate methods are never read from image fallback (0.908615ms)
✔ IL text: undefined labels and invalid opcodes are rejected (1.392526ms)
✔ Decompiler: simple independently authored Add is reconstructable C# (8.353686ms)
✔ Decompiler: mutable local loads captured before writes (1.872522ms)
✔ Decompiler: EH returns full IL and explicit fallback, not fake C# (5.681719ms)
✔ Decoder: i64, r4 and standard two-byte operations (0.139765ms)
✔ Decoder: branch into operand rejected (0.181246ms)
✔ Metadata: generic method spec signature uses its blob column (8.352484ms)
✔ Metadata: generic variables, arrays, byrefs and function pointers inspect (0.390574ms)
✔ PE: inspection rejects malformed and truncated user DLLs (0.626911ms)
✔ GC: strong handles retain; weak handles clear after strong release (0.920462ms)
✔ GC: scratch marks reused; foreign handles rejected (0.834216ms)
✔ CLI: inspect, invoke, decompile, editable IL, assemble, exec ordinary DLL (5128.387497ms)
✔ Direct CIL storage: byte local truncates and extends (2.329583ms)
✔ Direct CIL storage: sbyte local truncates and extends (2.335782ms)
✔ Direct CIL storage: ushort local truncates and extends (1.243938ms)
✔ Direct CIL storage: short local truncates and extends (1.214865ms)
✔ Direct CIL storage: ldelem.u1 array extends correctly (1.584939ms)
✔ Direct CIL storage: ldelem.i1 array extends correctly (1.38108ms)
✔ Direct CIL storage: indirect byte store truncates before unsigned load (1.435129ms)
✔ Direct CIL host result keeps uint identity (0.99384ms)
✔ Direct CIL host result keeps ulong identity (0.933162ms)
✔ Direct CIL host result keeps bool identity (0.840916ms)
✔ Direct CIL: string[] Main defaults to an empty argument array (1.476169ms)
✔ CLI: no dummy arguments required for method decompilation or string[] entry point (1586.843037ms)
ℹ tests 130
ℹ suites 0
ℹ pass 130
ℹ fail 0
ℹ cancelled 0
ℹ skipped 0
ℹ todo 0
ℹ duration_ms 12196.46696
