✔ ABI fixture empty-array (2.550458ms)
✔ ABI fixture identity-and-surrogates (0.593291ms)
✔ ABI fixture leases (0.452209ms)
✔ ABI fixture million-array (7718.287417ms)
✔ ABI fixture nan-payloads (0.388042ms)
✔ ABI fixture scalar-boundaries (1.076541ms)
✔ ABI fixture stale-handle (0.091417ms)
✔ ABI malformed buffers and versions fail with typed diagnostics (0.537541ms)
✔ schema scalar negatives agree with codec bounds (0.510583ms)
✔ ABI nested structs fail with typed depth limit (0.418333ms)
✔ ABI floating width and signed zero apply inside structs and heap arrays (0.202208ms)
✔ A00 inventory reproducible and all result carriers documented (1.221625ms)
✔ A00 version registry equals public source constants (1.022666ms)
✔ A00 source constant drift fails before version negotiation (2.251916ms)
✔ A00 version reader follows explicit re-exports and rejects cycles (1.015333ms)
✔ A05 T21 precise and beforefieldinit types obey distinct lazy triggers (3.40925ms)
✔ A05 T21 same-context recursive initialization observes partial state and runs once (0.930333ms)
✔ A05 T21 initializer failure caches a rooted TypeInitializationException and InnerException (2.159958ms)
✔ A05 T21 another scheduler context waits then retries after initialization (0.1495ms)
✔ A05 T21 waiting context retries a cached failure at the triggering instruction (0.273916ms)
✔ A05 T21 initialization wait cycles expose partial state instead of deadlocking (0.063125ms)
✔ A05 T21 initialization state is separate for each closed generic identity (0.080958ms)
✔ A05 T21 missing initializers and unknown trigger boundaries are deterministic (0.065666ms)
✔ A05 T21 a failing managed cctor rethrows on the second field access and keeps its cause (6.82075ms)
✔ A05 T21 direct delegate-shaped calls initialize before method entry (6.147375ms)
✔ A05 T21 failure at a direct method-entry gate cannot enter the target catch clause (2.118958ms)
✔ A05 T21 frame-budget failures retain their fatal resource-fault identity (0.309125ms)
✔ A05 B03 newslot preserves base declaration through MethodDef (51.825375ms)
✔ A05 B03 newslot preserves base declaration through MemberRef (16.740667ms)
✔ A05 B03 nonvirtual hiding cannot override the base virtual slot (2.247959ms)
✔ A05 B03 verifier qualifies reachable reuse-slot overrides (14.640333ms)
✔ A05 B03 explicit class MethodImpl can use a differently named body (0.672208ms)
✔ A05 B03 explicit interface MethodImpl dispatches without executing an abstract declaration (9.259583ms)
✔ A05 B03 invalid MethodImpl signatures and duplicate slots fail verification (3.752834ms)
✔ A05 B03 a final class virtual slot cannot be overridden (1.042292ms)
✔ A05 B03 inherited interface mapping follows overrides without merging independent class slots (0.563125ms)
✔ A05 T23 covariant array stores accept null and compatible references (81.254833ms)
✔ A05 T23 covariant array stores reject boxed values using the actual element header (1.930041ms)
✔ A05 T23 castclass and isinst use array covariance without losing identity (9.750958ms)
✔ A05 T23 writable array element addresses reject covariant element types (0.691958ms)
✔ A05 T23 unbox.any on reference types performs the corresponding class cast (4.067333ms)
✔ enums source: explicit numeric and enum casts preserve identity and checked boundaries (162.621666ms)
✔ strings source: literal identity, runtime allocation, and explicit interning (22.873125ms)
✔ strings source: pool snapshot replay and stop release managed roots (20.63975ms)
✔ enums source: framework enum locals and boxing retain names and HasFlag (5.117542ms)
✔ enums reload: explicit numeric and enum casts preserve identity and checked boundaries (13.5295ms)
✔ strings reload: literal identity, runtime allocation, and explicit interning (8.253ms)
✔ strings reload: pool snapshot replay and stop release managed roots (5.263ms)
✔ enums reload: framework enum locals and boxing retain names and HasFlag (2.510625ms)
✔ enums cil: explicit numeric and enum casts preserve identity and checked boundaries (26.90575ms)
✔ strings cil: literal identity, runtime allocation, and explicit interning (5.309541ms)
✔ strings cil: pool snapshot replay and stop release managed roots (9.050583ms)
✔ enums cil: framework enum locals and boxing retain names and HasFlag (6.227292ms)
✔ strings: weak pools drop collected handles and reject handles reused for another object (0.975125ms)
✔ strings: weak VM pools remain snapshotable without host WeakRefs (3.880625ms)
✔ strings: intern rejects null and non-string references without growing the pool (0.152791ms)
✔ strings: character indexing exposes exact UTF-16 code units in both intrinsic paths (1.29625ms)
✔ enums: source Op.ENUM preserves type while numeric conversions use underlying storage (1.892333ms)
✔ enums: underlying signed and unsigned widths preserve boundary values (0.252166ms)
✔ enums CIL: independently authored boxed enum names and runtime type identity (2.298041ms)
✔ enums CIL: flags names, unknown values, zero and unsigned metadata boundaries (0.696708ms)
✔ enums CIL: unboxed arithmetic retains the declared enum when boxed again (2.431375ms)
✔ strings CIL: independent literal tokens intern but concatenation allocates a distinct reference (3.667375ms)
✔ enums: zero-initialized static fields preserve enum identity across all engines (4.9685ms)
✔ enums CIL: zero-initialized locals and arrays use the underlying zero value (0.724125ms)
✔ enums CIL: boxed enum managed addresses cannot be confused with underlying int boxes (0.499833ms)
✔ enums CIL: UInt32 enum unboxing retains signed evaluation-stack bits for conv.i8 (0.340875ms)
✔ runtime division fault matches System.DivideByZeroException (25.636667ms)
✔ runtime division fault matches System.ArithmeticException (1.028791ms)
✔ runtime division fault matches System.SystemException (0.637ms)
✔ runtime division fault matches System.Exception (5.635292ms)
✔ runtime division fault does not match System.OverflowException (1.83725ms)
✔ runtime division fault does not match System.ArgumentException (2.528167ms)
✔ runtime division fault does not match User.DivideByZeroException (0.675375ms)
✔ fault type normalization preserves namespaces and derived CLR exception classes (0.1045ms)
✔ Roslyn compiled typed catches execute in the CIL engine (1.971459ms)
✔ GC source: GetTotalMemory returns Int64 without wrapping above 2 GiB (3.817166ms)
✔ GC source: forced collection reports remaining bytes as Int64 (4.082625ms)
✔ GC source: all supported generations observe full-heap collections (10.730667ms)
✔ GC CIL: GetTotalMemory returns Int64 without wrapping above 2 GiB (15.450166ms)
✔ GC CIL: forced collection reports remaining bytes as Int64 (2.821541ms)
✔ GC CIL: all supported generations observe full-heap collections (5.206708ms)
✔ GC compiled source: intrinsic values keep Int64 through locals and formatting (36.743541ms)
✔ GC compiled source: generation one and two calls succeed (19.924417ms)
✔ GC compiled reload: intrinsic values keep Int64 through locals and formatting (19.205708ms)
✔ GC compiled reload: generation one and two calls succeed (5.210875ms)
✔ GC compiled CIL: intrinsic values keep Int64 through locals and formatting (13.118125ms)
✔ GC compiled CIL: generation one and two calls succeed (4.4665ms)
✔ GC CIL: independently authored Int64-returning caller preserves the native signature (0.519375ms)
✔ GC source typing: Int64 results cannot silently narrow into an Int32 local (0.935792ms)
✔ A05 B01: conv.u8 zero-extends Int32 bit patterns and preserves Int64 width (2.999541ms)
✔ A05 B01: uint locals widen to both ulong and long without sign extension (14.248792ms)
✔ A05 B02 .NET 10 floating conversion: i8_0 (0.181083ms)
✔ A05 B02 .NET 10 floating conversion: i8_1 (0.152917ms)
✔ A05 B02 .NET 10 floating conversion: i8_2 (0.566375ms)
✔ A05 B02 .NET 10 floating conversion: i8_3 (0.06775ms)
✔ A05 B02 .NET 10 floating conversion: i8_4 (0.050292ms)
✔ A05 B02 .NET 10 floating conversion: i8_5 (0.060375ms)
✔ A05 B02 .NET 10 floating conversion: i8_6 (0.04675ms)
✔ A05 B02 .NET 10 floating conversion: i8_7 (0.089917ms)
✔ A05 B02 .NET 10 floating conversion: i8_8 (0.053541ms)
✔ A05 B02 .NET 10 floating conversion: i8_9 (0.038125ms)
✔ A05 B02 .NET 10 floating conversion: u8_0 (0.038209ms)
✔ A05 B02 .NET 10 floating conversion: u8_1 (0.02975ms)
✔ A05 B02 .NET 10 floating conversion: u8_2 (0.024666ms)
✔ A05 B02 .NET 10 floating conversion: u8_3 (0.024208ms)
✔ A05 B02 .NET 10 floating conversion: u8_4 (0.024666ms)
✔ A05 B02 .NET 10 floating conversion: u8_5 (0.030833ms)
✔ A05 B02 .NET 10 floating conversion: u8_6 (0.024416ms)
✔ A05 B02 .NET 10 floating conversion: u8_7 (0.026ms)
✔ A05 B02 .NET 10 floating conversion: u8_8 (0.026625ms)
✔ A05 B02 .NET 10 floating conversion: u4_0 (0.023708ms)
✔ A05 B02 .NET 10 floating conversion: u4_1 (0.02375ms)
✔ A05 B02 .NET 10 floating conversion: u4_2 (0.022042ms)
✔ A05 B02 .NET 10 floating conversion: u4_3 (0.026458ms)
✔ A05 B02 .NET 10 floating conversion: u4_4 (0.021625ms)
✔ A05 B02 .NET 10 floating conversion: u4_5 (0.021834ms)
✔ A05 B02 .NET 10 floating conversion: u4_6 (0.019958ms)
✔ A05 B02 .NET 10 floating conversion: u4_7 (0.02025ms)
✔ A05 B02 .NET 10 floating conversion: u4_8 (0.028791ms)
✔ A05 B02 .NET 10 floating conversion: u4_9 (0.022167ms)
✔ A05 B02 .NET 10 floating conversion: u4_10 (0.020542ms)
✔ A05 B02 .NET 10 floating conversion: i4_0 (0.02175ms)
✔ A05 B02 .NET 10 floating conversion: i4_1 (0.022334ms)
✔ A05 B02 .NET 10 floating conversion: i4_2 (0.020042ms)
✔ A05 B02 .NET 10 floating conversion: i4_3 (0.033334ms)
✔ A05 B02 .NET 10 floating conversion: i4_4 (0.024584ms)
✔ A05 B02 .NET 10 floating conversion: i4_5 (0.019792ms)
✔ A05 B02 .NET 10 floating conversion: i4_6 (0.020917ms)
✔ A05 B02 .NET 10 floating conversion: i4_7 (0.019375ms)
✔ A05 B02 .NET 10 floating conversion: i4_8 (0.022291ms)
✔ A05 B02 .NET 10 floating conversion: i4_9 (0.021125ms)
✔ A05 B02 .NET 10 floating conversion: i2_0 (0.020708ms)
✔ A05 B02 .NET 10 floating conversion: i2_1 (0.024875ms)
✔ A05 B02 .NET 10 floating conversion: i2_2 (0.021584ms)
✔ A05 B02 .NET 10 floating conversion: i2_3 (0.020333ms)
✔ A05 B02 .NET 10 floating conversion: i2_4 (0.020083ms)
✔ A05 B02 .NET 10 floating conversion: i2_5 (0.021166ms)
✔ A05 B02 .NET 10 floating conversion: i2_6 (0.022208ms)
✔ A05 B02 .NET 10 floating conversion: i2_7 (0.019708ms)
✔ A05 B02 .NET 10 floating conversion: i2_8 (0.020833ms)
✔ A05 B02 .NET 10 floating conversion: i2_9 (0.020333ms)
✔ A05 B02 .NET 10 floating conversion: i2_10 (0.019666ms)
✔ A05 B02 .NET 10 floating conversion: i2_11 (0.022666ms)
✔ A05 B02 .NET 10 floating conversion: i1_0 (0.033583ms)
✔ A05 B02 .NET 10 floating conversion: i1_1 (0.021833ms)
✔ A05 B02 .NET 10 floating conversion: i1_2 (0.019791ms)
✔ A05 B02 .NET 10 floating conversion: i1_3 (0.022291ms)
✔ A05 B02 .NET 10 floating conversion: i1_4 (0.019459ms)
✔ A05 B02 .NET 10 floating conversion: i1_5 (0.01925ms)
✔ A05 B02 .NET 10 floating conversion: i1_6 (0.021875ms)
✔ A05 B02 .NET 10 floating conversion: i1_7 (0.021084ms)
✔ A05 B02 .NET 10 floating conversion: i1_8 (0.019334ms)
✔ A05 B02 .NET 10 floating conversion: i1_9 (0.038209ms)
✔ A05 B02 .NET 10 floating conversion: u1_0 (0.021833ms)
✔ A05 B02 .NET 10 floating conversion: u1_1 (0.02125ms)
✔ A05 B02 .NET 10 floating conversion: u1_2 (0.022833ms)
✔ A05 B02 .NET 10 floating conversion: u1_3 (0.021958ms)
✔ A05 B02 .NET 10 floating conversion: u1_4 (0.028375ms)
✔ A05 B02 .NET 10 floating conversion: u1_5 (0.021959ms)
✔ A05 B02 .NET 10 floating conversion: u1_6 (0.021292ms)
✔ A05 B02 .NET 10 floating conversion: u1_7 (0.021ms)
✔ A05 B02 .NET 10 floating conversion: u2_0 (0.01975ms)
✔ A05 B02 .NET 10 floating conversion: u2_1 (0.020625ms)
✔ A05 B02 .NET 10 floating conversion: u2_2 (0.021041ms)
✔ A05 B02 .NET 10 floating conversion: u2_3 (0.019709ms)
✔ A05 B02 .NET 10 floating conversion: u2_4 (0.020958ms)
✔ A05 B02 .NET 10 floating conversion: u2_5 (0.02125ms)
✔ A05 B02 .NET 10 floating conversion: u2_6 (0.019291ms)
✔ A05 B02 .NET 10 floating conversion: u2_7 (0.022834ms)
✔ A05 B02 .NET 10 floating conversion: single_i8_overflow (0.027583ms)
✔ A05 B02 .NET 10 floating conversion: single_u8_negative (0.0205ms)
✔ A05 B02 .NET 10 floating conversion: single_i8_precision (0.024625ms)
✔ A05 B02 .NET 10 floating conversion: single_u4_rounding (0.021417ms)
✔ A05 B02 .NET 10 floating conversion: single_i2_overflow (0.023958ms)
✔ A05 B02 .NET 10 floating conversion: single_i1_nan (0.036834ms)
✔ A05 B02: direct helper reproducer saturates without confusing Int32 bit patterns with F (0.072208ms)
✔ A05 B01/B02: independent managed IL preserves the public signed/unsigned conversion table (147.766667ms)
✔ A05 native numeric fixture uses CLI primitive MethodDef and MemberRef signatures (6.931417ms)
✔ A05 B02: checked conversions keep overflow faults rather than applying saturation (23.6485ms)
✔ CIL frames reuse one offset map per method body (7.488833ms)
✔ offset plans change when a method body is replaced and do not collide across methods (0.082459ms)
✔ A05 field metadata is reused without retaining one receiver or its mutable data (28.501416ms)
✔ A05 cached fields preserve closed generic signatures and declaring MemberRef arguments (4.925917ms)
✔ A05 warm field caches still reject null, stale handles, foreign owners and non-field tokens (5.2285ms)
✔ A05 field caches retain metadata but use restored heap records after a snapshot (35.620458ms)
✔ A05 inspector replacement invalidates the field cache even when metadata tokens are reused (2.975333ms)
✔ A05 initialization gates survive snapshots before and after a direct method entry (6.028792ms)
✔ A05 CIL EH preserves nested leave continuations across snapshot and collection (133.998333ms)
✔ A05 CIL EH catch rethrow retains original exception and bypasses completed catch (6.279708ms)
✔ A05 CIL EH rejects endfinally and rethrow outside active regions (0.751584ms)
✔ A05 CIL EH fatal resource faults bypass user catches and preserve debugger frame state (5.681167ms)
✔ A05 CIL EH root enumeration includes paused catch and finally fault references (0.474083ms)
✔ A05 CIL registry covers exactly the executable decoded opcodes (25.534375ms)
✔ A05 CIL registry executes compact/wide locals, indirect storage, branches and arrays (55.499458ms)
✔ A05 CIL registry rejects unknown opcodes and out of bounds instruction pointers (0.79325ms)
✔ A05 CIL registry preserves first-chance stack and instruction position (0.819208ms)
✔ A05 every accepted intrinsic signature has exactly one runtime handler and vice versa (120.968166ms)
✔ A05 framework declarations and inherited signatures retain exact contract selection (85.852917ms)
✔ A05 intrinsic signature boundaries reject wrong arity, staticness, generics and unknown owners (0.295792ms)
✔ A05 intrinsic adapters preserve overflow, null and string index faults (11.511791ms)
✔ A05 framework aliases do not broaden the legacy primitive intrinsic allowlist (1.450875ms)
✔ A05 CIL type membership is indexed before execution (10.254458ms)
✔ A05 CIL layouts preserve inherited field offsets and reject foreign fields (4.376375ms)
✔ A05 CIL metadata replacement rebuilds the derived indexes (160.080459ms)
✔ A05 CIL call and static initialization adapters retain frame and depth contracts (22.46775ms)
✔ CIL numeric seam: tagged floats retain precision, special values and immutable representation (1.375125ms)
✔ CIL numeric seam: initialized locals receive the declared primitive defaults (0.117709ms)
✔ CIL numeric seam: Int32 operations wrap, truncate and mask shift counts (0.192667ms)
✔ CIL numeric seam: Int64 operations preserve exact integers and stack bit patterns (0.15825ms)
✔ CIL numeric seam: checked signed and unsigned arithmetic accepts endpoints and rejects overflow (0.336084ms)
✔ CIL numeric seam: integer division faults and invalid operands remain explicit (0.170416ms)
✔ CIL numeric seam: floating arithmetic retains IEEE values and rejects integer-only opcodes (0.170209ms)
✔ CIL numeric seam: unary operations keep integer widths and floating signed zero (0.121ms)
✔ CIL numeric seam: signed and unsigned comparisons respect Int32 and Int64 boundaries (0.2145ms)
✔ CIL numeric seam: unordered floating comparisons and reference identity use CIL rules (0.151167ms)
✔ CIL numeric seam: conversions truncate and preserve signed stack representations (0.272958ms)
✔ CIL numeric seam: checked conversions cover every signed and unsigned target boundary (1.585292ms)
✔ CIL numeric seam: non-finite and out-of-range float conversions follow the .NET 10 profile (0.184125ms)
✔ CIL numeric seam: storage narrows declared primitive aliases without changing references (0.152458ms)
✔ CIL numeric seam: indirect opcode suffixes narrow loads and stores (0.147625ms)
✔ CIL numeric seam: injected factories preserve host error identity through every operation (0.180125ms)
✔ source: snapshot schema classifies every VM field and rejects omissions (75.869459ms)
✔ source: versioned snapshots replay independently and retain host callbacks (11.2315ms)
✔ source: invalid version, foreign owner and missing state fail before mutation (6.218958ms)
✔ source: snapshot fault aliases and optional debugger state survive restore (2.612542ms)
✔ cil: snapshot schema classifies every VM field and rejects omissions (7.412084ms)
✔ cil: versioned snapshots replay independently and retain host callbacks (3.4925ms)
✔ cil: invalid version, foreign owner and missing state fail before mutation (5.988334ms)
✔ cil: snapshot fault aliases and optional debugger state survive restore (3.559083ms)
✔ execution copying preserves cycles, collection aliases, views and exact numeric values (0.173375ms)
✔ execution copying clones frozen buffers and views while retaining shared storage (0.147208ms)
✔ source builtin seam: numeric overloads and midpoint rounding work without an image (1.114791ms)
✔ source builtin seam: parsing preserves range and format failures (1.434375ms)
✔ source builtin seam: output formatting, callbacks, and output limits are retained (1.683792ms)
✔ source builtin seam: strings preserve empty, null, and endpoint behavior (0.407ms)
✔ source builtin seam: allocating intrinsics pin their arguments through collection (0.783667ms)
✔ source builtin seam: GC, arrays, and managed exception values preserve behavior (0.600625ms)
✔ source builtin seam: framework delegation preserves contract, arguments, and suspension (0.161583ms)
✔ source operation seam: numeric modes preserve overflow, division, and shifts (0.188541ms)
✔ source operation seam: strings compare by value and object handles include generations (0.206625ms)
✔ source operation seam: conversion and unary boundaries preserve checked behavior (4.162417ms)
✔ source EH seam: nested return finalizers retain values until the outer cleanup finishes (1.779167ms)
✔ source EH seam: jumps within a protected region skip cleanup and exiting jumps resume once (0.127458ms)
✔ source EH seam: faults cross cleanup before entering a catch and retain managed roots (1.3135ms)
✔ source EH seam: pending, caught, and active fault references survive collection (0.307834ms)
✔ source EH seam: unhandled allocation failures preserve the original managed fault (2.089542ms)
✔ source VM dispatch uses extracted operations while return and rethrow cleanup remain ordered (25.6235ms)
✔ A05 T26 closed generic types have distinct static slots and independent initializers (8.380542ms)
✔ A05 T26 generic field signatures substitute the declaring type arguments (1.02225ms)
✔ A05 T26 ldsflda retains its closed generic identity (1.009208ms)
✔ A05 T26 ThreadStatic defaults and writes are isolated by scheduler context (0.67425ms)
✔ A05 T26 ThreadStatic addresses preserve their original context across switches (0.401375ms)
✔ A05 T26 closed generic static references remain rooted and restore with snapshots (4.259083ms)
✔ A05 T26 volatile field and indirect accesses execute in instruction order (2.446792ms)
✔ A05 T26 verifier rejects malformed volatile prefixes and branches that split prefixes (0.727708ms)
✔ A05 T26 interleaved cooperative workers retain independent ThreadStatic values (1.677959ms)
✔ tokens source: GetType identity, names, and primitive static types (32.081667ms)
✔ tokens source: cached Type roots, snapshot replay, and stop (3.735375ms)
✔ tokens source: null GetType faults (1.888667ms)
✔ tokens reload: GetType identity, names, and primitive static types (7.563958ms)
✔ tokens reload: cached Type roots, snapshot replay, and stop (3.932208ms)
✔ tokens reload: null GetType faults (1.984167ms)
✔ tokens cil: GetType identity, names, and primitive static types (8.334625ms)
✔ tokens cil: cached Type roots, snapshot replay, and stop (1.878583ms)
✔ tokens cil: null GetType faults (1.639541ms)
✔ tokens: aliases, closed/open generics, and array identity share stable tables (0.950833ms)
✔ tokens: inherited object headers report actual type and boxed enum remains distinct (0.328542ms)
✔ tokens: default handle, null comparisons, wrong kind, foreign and forged handles (0.365416ms)
✔ tokens: snapshots taken before the lazy Type cache discard subsequent entries (1.815916ms)
✔ tokens: ldtoken supports TypeDef/Ref/Spec and method/field definitions and references (1.679917ms)
✔ tokens CIL: typeof primitive, open generic and closed generic handles execute (1.28625ms)
✔ strings: String(char[]) copies UTF-16 units, remains non-interned, and rejects invalid arrays (0.464583ms)
✔ strings CIL: String(char[]) constructor produces a fresh managed string (0.819625ms)
✔ A05 assignability: string -> object (2.4565ms)
✔ A05 assignability: object -> string (0.255167ms)
✔ A05 assignability: int -> object (0.112333ms)
✔ A05 assignability: CastFixtures.Derived -> CastFixtures.Base (0.072458ms)
✔ A05 assignability: CastFixtures.Base -> CastFixtures.Derived (0.0635ms)
✔ A05 assignability: CastFixtures.Derived -> CastFixtures.Derived (0.065625ms)
✔ A05 assignability: CastFixtures.Derived -> CastFixtures.Other (0.066417ms)
✔ A05 assignability: First.Widget -> Second.Widget (0.052375ms)
✔ A05 assignability: First.Widget -> object (0.055708ms)
✔ A05 assignability: CastFixtures.Base -> CastFixtures.IRoot (0.099541ms)
✔ A05 assignability: CastFixtures.Derived -> CastFixtures.IChild (0.063666ms)
✔ A05 assignability: CastFixtures.Derived -> CastFixtures.IRoot (0.054167ms)
✔ A05 assignability: CastFixtures.Base -> CastFixtures.IChild (0.048958ms)
✔ A05 assignability: CastFixtures.IChild -> CastFixtures.IRoot (0.037625ms)
✔ A05 assignability: CastFixtures.IRoot -> CastFixtures.IChild (0.030458ms)
✔ A05 assignability: CastFixtures.IRoot -> object (0.031625ms)
✔ A05 assignability: CastFixtures.Other -> CastFixtures.IRoot (0.035125ms)
✔ A05 assignability: string -> System.IComparable (0.124083ms)
✔ A05 assignability: int -> System.IComparable`1<int> (0.076166ms)
✔ A05 assignability: int -> System.IComparable`1<long> (0.316958ms)
✔ A05 assignability: bool -> System.IFormattable (0.111958ms)
✔ A05 assignability: char -> System.IFormattable (0.086041ms)
✔ A05 assignability: string[] -> object[] (0.459583ms)
✔ A05 assignability: object[] -> string[] (0.357542ms)
✔ A05 assignability: int[] -> object[] (0.787208ms)
✔ A05 assignability: int[] -> System.Array (0.826541ms)
✔ A05 assignability: int[] -> object (0.669875ms)
✔ A05 assignability: string[,] -> object[,] (2.940834ms)
✔ A05 assignability: string[] -> object[,] (0.331ms)
✔ A05 assignability: int[,] -> int[,,] (0.131791ms)
✔ A05 assignability: int[,] -> int[,] (0.092042ms)
✔ A05 assignability: int[] -> int[*] (0.186ms)
✔ A05 assignability: int[*] -> int[] (0.177667ms)
✔ A05 assignability: int[][] -> object[] (0.324334ms)
✔ A05 assignability: int[][] -> object[][] (0.469042ms)
✔ A05 assignability: string[][] -> object[][] (0.411542ms)
✔ A05 assignability: int[] -> uint[] (0.24325ms)
✔ A05 assignability: uint[] -> int[] (0.246583ms)
✔ A05 assignability: byte[] -> sbyte[] (0.275792ms)
✔ A05 assignability: bool[] -> byte[] (0.702541ms)
✔ A05 assignability: char[] -> ushort[] (0.627667ms)
✔ A05 assignability: float[] -> int[] (0.62375ms)
✔ A05 assignability: string[] -> System.Collections.Generic.IEnumerable`1<object> (0.559125ms)
✔ A05 assignability: string[] -> System.Collections.Generic.IList`1<object> (0.20675ms)
✔ A05 assignability: int[] -> System.Collections.Generic.IList`1<uint> (0.169042ms)
✔ A05 assignability: int[] -> System.Collections.Generic.IEnumerable`1<object> (0.181ms)
✔ A05 assignability: string[,] -> System.Collections.Generic.IEnumerable`1<string> (0.09875ms)
✔ A05 assignability: string[,] -> System.Collections.IEnumerable (0.093083ms)
✔ A05 assignability: CastFixtures.ICov`1<string> -> CastFixtures.ICov`1<object> (0.164042ms)
✔ A05 assignability: CastFixtures.ICov`1<object> -> CastFixtures.ICov`1<string> (0.106208ms)
✔ A05 assignability: CastFixtures.ICov`1<int> -> CastFixtures.ICov`1<object> (0.066875ms)
✔ A05 assignability: CastFixtures.IContra`1<object> -> CastFixtures.IContra`1<string> (0.096208ms)
✔ A05 assignability: CastFixtures.IContra`1<string> -> CastFixtures.IContra`1<object> (0.135ms)
✔ A05 assignability: CastFixtures.IInvariant`1<string> -> CastFixtures.IInvariant`1<object> (0.104ms)
✔ A05 assignability: CastFixtures.Producer -> CastFixtures.ICov`1<object> (0.122667ms)
✔ A05 assignability: CastFixtures.Consumer -> CastFixtures.IContra`1<string> (0.110625ms)
✔ A05 assignability: System.Collections.Generic.List`1<string> -> System.Collections.Generic.IEnumerable`1<object> (0.314625ms)
✔ A05 assignability: System.Collections.Generic.List`1<string> -> System.Collections.Generic.List`1<object> (0.258459ms)
✔ A05 assignability: System.Collections.Generic.List`1<int> -> System.Collections.Generic.IEnumerable`1<object> (0.173958ms)
✔ A05 assignability: System.Collections.Generic.IList`1<string> -> System.Collections.Generic.IList`1<object> (0.14225ms)
✔ A05 assignability: System.Action`1<object> -> System.Action`1<string> (0.195417ms)
✔ A05 assignability: System.Func`1<string> -> System.Func`1<object> (0.152583ms)
✔ A05 assignability: System.Func`1<int> -> System.Func`1<object> (0.085958ms)
✔ A05 assignability: System.Func`2<object, string> -> System.Func`2<string, object> (0.152917ms)
✔ A05 assignability: System.Collections.Generic.List`1<string> -> System.Collections.Generic.List`1 (0.250334ms)
✔ A05 assignability: System.Collections.Generic.List`1 -> System.Collections.Generic.List`1 (0.104875ms)
✔ A05 assignability: int -> System.Nullable`1<int> (0.08125ms)
✔ A05 assignability: System.Nullable`1<int> -> int (0.070292ms)
✔ A05 assignability: System.Nullable`1<int> -> object (0.072125ms)
✔ A05 assignability: System.Nullable`1<int> -> System.ValueType (0.075541ms)
✔ A05 assignability: System.Nullable`1<int> -> System.Nullable`1<long> (0.090917ms)
✔ A05 assignability: System.Nullable`1<int> -> System.IComparable (0.064ms)
✔ A05 assignability: CastFixtures.Color -> System.Enum (0.06825ms)
✔ A05 assignability: CastFixtures.Color -> System.ValueType (0.064083ms)
✔ A05 assignability: CastFixtures.Color -> object (0.059125ms)
✔ A05 assignability: CastFixtures.Color -> int (0.06225ms)
✔ A05 assignability: int -> CastFixtures.Color (0.06375ms)
✔ A05 assignability: CastFixtures.Color -> CastFixtures.OtherColor (0.06625ms)
✔ A05 assignability: CastFixtures.Color -> System.IComparable (0.06225ms)
✔ A05 assignability: CastFixtures.Color -> System.Nullable`1<CastFixtures.Color> (0.077208ms)
✔ A05 assignability: CastFixtures.Color -> System.Nullable`1<int> (0.11775ms)
✔ A05 assignability: System.Nullable`1<CastFixtures.Color> -> System.Enum (0.095791ms)
✔ A05 assignability: CastFixtures.Color[] -> int[] (0.291125ms)
✔ A05 assignability: int[] -> CastFixtures.Color[] (0.274333ms)
✔ A05 assignability: CastFixtures.Color[] -> CastFixtures.OtherColor[] (0.28375ms)
✔ A05 assignability: CastFixtures.ByteColor[] -> byte[] (0.292875ms)
✔ A05 cast cache has at least 60 independent .NET reference pairs (0.117625ms)
✔ A05 casts use object headers and preserve null, failure and boxed enum distinctions (0.786333ms)
✔ A05 covariant array stores retain the actual element constraint (0.557167ms)
✔ A05 cast boundary inputs and cache clearing stay explicit (0.175833ms)
✔ A05 a generic interface first lookup retains identity through recursive primitive materialization (1.29225ms)
✔ A05 method tables retain canonical primitive, token and generic identities (1.12175ms)
✔ A05 method tables describe inherited storage and interface implementation slots (0.448792ms)
✔ A05 source image tables retain type and field identities across namespaces (0.483666ms)
✔ A05 heap headers survive collection, snapshots and metadata registry replacement (2.139417ms)
✔ A05 recursive generic reference fields materialize without losing their closed identity (0.445583ms)
✔ A05 invalid method table definitions fail without retaining broken identities (0.630208ms)
✔ A05 CIL headers distinguish namespaced virtual method declarations (7.574875ms)
✔ A05 CIL metadata tables preserve enum backing widths and rebuilt heap headers (2.397542ms)
✔ A05 CIL GenericParam variance and TypeSpec identities feed the same cast lattice (0.437875ms)
ℹ tests 374
ℹ suites 0
ℹ pass 374
ℹ fail 0
ℹ cancelled 0
ℹ skipped 0
ℹ todo 0
ℹ duration_ms 7864.509083
