Discovered 92 Node test files and 9 Python suites in 1 area manifests. Node reports executed test counts below.
✔ five concurrent preview navigations leave one preview; edit promotes and retains it (5.95098ms)
✔ document edits redraw tab chrome only when dirty or preview metadata changes across shared views (1.099628ms)
✔ pinned tabs survive close others and pin state roundtrips (2.495872ms)
✔ Cancel in a batch aborts the complete close without saving or closing any earlier tab (1.230335ms)
✔ save failure, edited-during-prompt and explicit discard obey atomic close contracts (12.947786ms)
✔ closing a shared secondary view does not discard or prompt for the remaining buffer (1.125457ms)
✔ reopen restores the original caret and scroll; thirty tabs remain in the overflow model (6.225313ms)
✔ context command enablement follows pinning, groups, side and host capabilities (0.834508ms)
✔ disposing during dirty confirmation cancels without discarding buffers (0.380684ms)
✔ v1 migrates without changing panel identities and v2 roundtrips metadata (3.636181ms)
✔ unknown and duplicate persisted panels are dropped and reported without substitution (0.539233ms)
✔ corrupt layouts recover valid closed identities and reject future versions in strict restore (0.576579ms)
✔ all four auto-hide edges pin back to the exact previous tab group and index (0.944093ms)
✔ Auto Hide All restores a removed tool group against its original document anchor (0.774538ms)
✔ a floating tab group docks as one undoable operation retaining both tabs (0.755228ms)
✔ nested floating splits retain topology on edge re-dock and flatten only on center (0.468366ms)
✔ nested transaction failures and cancelled pointer transactions leave no partial history (0.488396ms)
✔ monitor shrink clamps geometry and corrupt floating coordinates never escape viewport (0.428355ms)
✔ nine explicit guide targets hit their own centers and execute the specified topology (1.084735ms)
✔ pin and preview partition is deterministic and pin metadata survives tab moves (0.364259ms)
✔ background app registration preserves every visible group and global activation in one transaction (1.981016ms)
✔ background reopening auto-hidden tools and existing floating tabs cannot steal activation (0.51749ms)
✔ complete format fixture recomputes raw percentiles without claiming a relative or physical-frame pass (7.055814ms)
✔ first-visit and warmup budget violations remain failures even when all measured percentiles pass (4.576377ms)
✔ rejects empty partial capture instead of qualifying incomplete or incorrect evidence (0.788388ms)
✔ rejects missing first observation instead of qualifying incomplete or incorrect evidence (1.793774ms)
✔ rejects duplicate sample instead of qualifying incomplete or incorrect evidence (0.783351ms)
✔ rejects tampered percentile instead of qualifying incomplete or incorrect evidence (0.596419ms)
✔ rejects focus stolen and restored instead of qualifying incomplete or incorrect evidence (0.495627ms)
✔ rejects stale source target instead of qualifying incomplete or incorrect evidence (0.710381ms)
✔ rejects model-only clock instead of qualifying incomplete or incorrect evidence (1.242032ms)
✔ rejects hidden tab instead of qualifying incomplete or incorrect evidence (0.485672ms)
✔ rejects missing compiler artifact instead of qualifying incomplete or incorrect evidence (0.455126ms)
✔ rejects CSP violation instead of qualifying incomplete or incorrect evidence (0.374334ms)
✔ rejects changed annotation line instead of qualifying incomplete or incorrect evidence (0.531611ms)
✔ rejects empty map pixels instead of qualifying incomplete or incorrect evidence (0.685913ms)
✔ rejects wrong annotation color instead of qualifying incomplete or incorrect evidence (0.865384ms)
✔ rejects wrong pointer destination instead of qualifying incomplete or incorrect evidence (5.567902ms)
✔ two runtime workers may use serial 1 without sharing output, debug state or legacy identity (4.353372ms)
✔ legacy runtime facade translates matching identities and rejects app-switch races (1.621765ms)
✔ restart replaces only its worker and stale callbacks cannot replace the new generation (1.109502ms)
✔ ending the active application selects the most recently active remaining app with ordered events (1.314061ms)
✔ resource limit refuses a new app without touching live workers (0.932165ms)
✔ background events update their app while shared debugger callbacks remain on the selected app (1.32689ms)
✔ state compatibility accessors follow the selected session without aliasing their mutable maps (1.064124ms)
✔ breakpoint edits bind only to sessions belonging to the owning project (1.152056ms)
✔ session grant edits never leak to another app and revocation stops only its owner (3.389068ms)
✔ combined debug status reflects multiple applications and exact paused count (0.86243ms)
✔ a ended active session can be retired at a one-session limit and releases retained output (2.137652ms)
✔ worker failure clears stale live UI flags and unlocks only the failed app (2.531135ms)
✔ legacy renderer, metrics and settling automation borrows only the active application host (6.446697ms)
✔ scene responses cannot cross selected sessions with equal runtime serials or matching node IDs (4.834948ms)
✔ active worker restart invalidates pending visual inspection even when its runtime serial repeats (2.718177ms)
✔ background UI never changes the selected host and active inspection never reapplies scene commands (1.30691ms)
✔ stopping or removing the selected app clears visual state and reports a missing window explicitly (1.858081ms)
✔ disposing inspection aborts pending queries and releases subscriptions without disposing application windows (1.114179ms)
✔ standalone construction without a SessionManager retains one owned WinUI host (1.084504ms)
✔ actual analysis events create separate tasks; cancelling one preserves same-project build and other project analysis (5.381952ms)
✔ superseded analysis settles once, drops late worker replies and preserves the legacy successful analysis event (0.843631ms)
✔ source invalidation cancels only that request and stale results cannot change diagnostics or task state (0.495967ms)
✔ worker errors and malformed compiler results close failed analysis entries without losing future analyses (1.122682ms)
✔ pre-aborted and malformed signals refuse before creating tasks; external cancellation is observable (1.212317ms)
✔ a bridge attached after a request starts observes its real epoch and project removal disposes its task (0.471891ms)
✔ TaskCenter quota refuses an untracked analysis while retaining the other running operation (0.898655ms)
✔ synchronous cancellation from task notification and bridge disposal leave no orphan analysis (0.670651ms)
✔ project builds run independently and only the edited project rejects its stale result (3.574618ms)
✔ live analysis cannot replace the cached executable returned by a clean build (1.077384ms)
✔ cancelling one project terminates only its worker and preserves other project diagnostics (0.807788ms)
✔ dependency order is deterministic and rejects cycles before executing work (0.443017ms)
✔ build queue cancellation skips remaining projects and reports exact counts (7.11885ms)
✔ output panes isolate applications and use bounded viewport reads after ring eviction (0.917773ms)
✔ diagnostics remain project/producer/version scoped and combine query filters (8.314853ms)
✔ only current user intent may reveal panels; background work cannot steal focus (0.566724ms)
✔ released runtime builtin identity and sparse registry copies remain stable (8.232449ms)
✔ copying sparse extension registries preserves holes instead of allocating placeholder entries (2.480188ms)
✔ environment registration uses the existing A07 reserved block without changing released slots (0.499843ms)
✔ public builtin metadata retains actual owners, source receivers and operand categories (21.779047ms)
✔ shared builtin metadata preserves binding and both emitted runtime artifacts (69.589529ms)
✔ non-startup URI routes every lazy expansion and navigation through its actual compiler owner (114.324005ms)
✔ preparation captures the version before waiting and never installs an outdated root (9.12938ms)
✔ expansion and navigation reject a source edited after preparation (10.029838ms)
✔ disposal cancels an outstanding compiler operation and prevents late tree publication (6.231603ms)
✔ worker rejects a call item from a different project or document even at the same revision (7.867188ms)
✔ project configuration changes invalidate prepared call items without requiring a source edit (10.092432ms)
✔ public shell entry prepares the real model before opening and invalidating its shared tool (12.185617ms)
✔ A19 accepting an external baseline updates byte budget and disk version so a later save succeeds (18.013741ms)
✔ A19 an old observation cannot bypass changed bytes, changed handles, or saved versions (5.587261ms)
✔ A19 baseline acceptance joins the save queue and refuses a revision committed ahead of it (8.795021ms)
✔ A19 cancellation and failed host preparation publish no baseline, while postcommit errors retain the accepted version (9.740281ms)
✔ A19 observed encoded sizes and whole-workspace budgets are validated before host commit (4.768738ms)
✔ A19 a rebased DiskWorkspace accepts only its mapped path and keeps the original queue and baseline independent (13.626138ms)
✔ captured DocumentService→DiskWorkspace utf-8 saves stream the written source while newer model edits remain dirty (49.698318ms)
✔ captured DocumentService→DiskWorkspace utf-16le saves stream the written source while newer model edits remain dirty (38.227854ms)
✔ captured DocumentService→DiskWorkspace utf-16be saves stream the written source while newer model edits remain dirty (36.730963ms)
✔ a failed streamed disk write preserves DocumentService and DiskWorkspace baselines and owned model state (8.747866ms)
✔ document model edits and event delivery retain lazy snapshots for a one-megabyte source (22.467474ms)
✔ split views share the real model and undo without text-copy callbacks or shared view positions (1.545039ms)
✔ legacy document text setters apply undoable edits while the version remains model-owned (1.41272ms)
✔ save preparation runs before capture and a later edit never inherits that saved marker (5.230063ms)
✔ model factories validate replacement before disposing the current workspace and retain the shared map identity (1.483857ms)
✔ project locks cover unopened models and update linked-source membership without locking unrelated projects (4.285109ms)
✔ model events invalidate only owning builds without materializing text until compilation requests a snapshot (6.365665ms)
✔ ordered workbench events preserve lazy getters even during reentrant dispatch (0.637211ms)
✔ document operation state captures immutable current and saved roots without live model ownership (3.979689ms)
✔ validated moved-model state retains a rebased dirty baseline through subsequent edits and undo (1.732572ms)
✔ operation state mismatches reject before ownership transfers or saved markers change (1.241622ms)
✔ new plain-text operation state transfers to a factory model while an explicit clean restore updates its saved marker (0.85616ms)
✔ reload commits the shared model, saved baseline and encoding before document, buffer or view notifications (7.669741ms)
✔ reload is one undo step, retains an unaffected caret and restores clean state on redo (1.687965ms)
✔ a metadata rejection restores source, undo, selections, baseline, metadata and stale-save state without notification (1.94986ms)
✔ document notification failure reports a committed reload and still publishes saved state (1.291727ms)
✔ model notification failure reports a committed reload and still publishes saved state (1.052577ms)
✔ an explicitly committed metadata error retains the accepted disk and document roots (0.843541ms)
✔ a newer edit from a document notification remains dirty and cannot receive a stale saved marker (0.897173ms)
✔ a newer edit from a model notification remains dirty and cannot receive a stale saved marker (0.750471ms)
✔ reload guards reject stale ownership, versions, read-only state and invalid encoding before metadata acceptance (0.859917ms)
✔ asynchronous metadata contributions are rejected and rolled back before any event (1.129152ms)
✔ same-text reload accepts changed encoding and clears an obsolete saved baseline without adding an undo edit (0.651873ms)
✔ legacy reload updates all views after metadata and classifies a failed view refresh as committed (0.754177ms)
✔ reload permits the exact shared character limit and rejects larger incoming or existing sources (26.205002ms)
✔ a disposed owner cannot reload or accept disk metadata (0.559994ms)
✔ an unchanged captured source save marks the exact model revision clean without materializing text (18.835864ms)
✔ edits during pending source I/O retain the written snapshot baseline and never mark the new revision clean (26.567309ms)
✔ captureSave supports bulk snapshot consumers and reads captured text only on a legacy provider request (18.100275ms)
✔ failed or rejected writes retain the previous baseline and dirty state (15.435979ms)
✔ a captured save cannot overwrite a replacement document baseline after asynchronous I/O (12.245529ms)
✔ saved snapshot validation rejects foreign or mismatched sources before considering lazy text (12.892315ms)
✔ documents open, change, save and close without requiring a docking host (6.262641ms)
✔ saving a captured revision never marks a newer edit as clean (0.566705ms)
✔ multiple document views share edits and retain independent selection/scroll state (0.795499ms)
✔ workspace replacement validates completely before changing existing records (0.476989ms)
✔ every legacy initial state key resolves through an explicit slice property descriptor (10.200356ms)
✔ running project locks its shared source views while other project remains editable (6.00327ms)
✔ equal worker serials stay partitioned by app and launch identity (2.60013ms)
✔ strict capture validation rejects missing sequences, wrong identities and invalid measurements atomically (1.016352ms)
✔ bounded history gaps are explicit and malformed replies block only their current launch (0.920177ms)
✔ late replies after replacement cannot attach measurements to the replacement capture (1.520342ms)
✔ pausing and disposal cancel outstanding waits without clearing retained launch history (1.077675ms)
✔ disposed and removed sessions cannot create new capture work (0.361916ms)
✔ timeline retains bounded descriptors and partitions heap snapshots by launch (1.615185ms)
✔ heap snapshots reject late replacement and malformed census data (0.37808ms)
✔ CPU graph uses actual time, bounded percent and weighted intervals with accessible event detail (12.785904ms)
✔ execution occupancy measures actual intervals and separate synchronous categories (1.820645ms)
✔ nested work counts once and a close inside the operation includes its complete final interval (0.306482ms)
✔ measurement preserves synchronous exceptions and rejects asynchronous waiting (0.60393ms)
✔ bounded sequence windows report lost history and replacement clears the previous launch (0.448767ms)
✔ occupancy validates bounds, clock monotonicity and replacement outside measured work (0.417199ms)
✔ runtime pumping closes the actual final interval and cancels idle sampling after termination (0.634055ms)
✔ paused runtimes sample genuine idle intervals and freeze automatic animations (0.315816ms)
✔ retired launch timer callbacks cannot clear or execute replacement timers (0.348886ms)
✔ request measurements exclude inspection and count UI/debug actions without changing their results (0.373362ms)
✔ runtime pump failures keep a paused capture and report the original error (0.407985ms)
✔ real source worker exposes actual execution intervals and preserves program output (564.847352ms)
✔ real source workers isolate captures, pause, stop and replacement despite equal raw serials (877.228243ms)
✔ real direct CIL worker exposes actual execution intervals and preserves program output (555.221592ms)
✔ real direct CIL workers isolate captures, pause, stop and replacement despite equal raw serials (2656.500686ms)
✔ resource rename publishes source edits, file paths and literal project references in one undoable host commit (12.847314ms)
✔ multiple independent resource renames share one operation and preserve unedited clean sources (2.699178ms)
✔ invalid versions, before text, result text, overlapping edits and destination collisions leave all owners unchanged (5.013286ms)
✔ a model change during render fails the immediate precommit guard without overwriting the newer edit (2.132604ms)
✔ async host preflight rechecks identities, affected locks, unrelated edits, saves, membership and workspace lifetime (12.327431ms)
✔ failed host preflight releases every staged model and preserves live source buffers (1.674835ms)
✔ postcommit callback failure retains all adopted resource models and a complete file-operation undo (1.894655ms)
✔ large resource source comparisons stay lazy and yield to cancellation before ownership changes (36.082846ms)
✔ the adapter copies supported plan fields before awaits and rejects native, locked and oversized resource requests (2.751457ms)
✔ Explorer rename and undo preserve dirty snapshot baselines and leave unrelated models unchanged (18.626995ms)
✔ Explorer copies are independent unsaved models and sequential file undo retains earlier snapshot identity (10.564834ms)
✔ Explorer source writes prepare a replacement without mutating current text and undo restores a lazy root (5.595474ms)
✔ Explorer snapshot history refuses newer edits without reading either complete source (3.872927ms)
✔ Explorer failed preflight and host commit keep existing owners intact and dispose staged replacement models (3.821159ms)
✔ Explorer Add Existing Item accepts sources beyond 16 MiB using chunked File reads and records undo without flattening (197.572941ms)
✔ Explorer Add Existing Item updates project membership while retaining the prepared source descriptor (3.818565ms)
✔ Explorer rejected or cancelled multi-file import cleans up only its prepared models (13.303752ms)
✔ Explorer disposed imports cancel between chunks and postcommit callback errors retain adopted ownership and history (4.670259ms)
✔ Explorer native source payload limits remain explicit before native I/O (12.768275ms)
✔ Explorer snapshot records preserve metadata and exact history roots while fresh URI models remain independent (3.479074ms)
✔ Explorer path index preserves descendant and case-collision rules across large indexed batches and removals (7.788099ms)
✔ native prepared creates encode the captured edited source and BOM instead of stale original bytes (1.292227ms)
✔ A19 FileWatch forwards the captured record and observation and prompts once until the document or disk changes (28.961026ms)
✔ A19 old Reload, Ignore, and Compare actions cannot act on a same-URI same-version replacement (9.659594ms)
✔ A19 a later edit refreshes the notification instead of retaining an unusable version guard forever (10.413285ms)
✔ A19 changing the Save As target invalidates every action even when the same document version remains open (4.349165ms)
✔ A19 a BOM-only external change is observable and its accepted metadata survives a later save (8.629917ms)
✔ A19 a legacy asynchronous reader cannot publish a notification for a replaced document (2.703505ms)
✔ A19 cancellation after a legacy reader resolves cannot publish an external-change notification (2.186806ms)
✔ first-run visual-studio applies theme, global navigation and actual editor shortcuts (30.701212ms)
✔ first-run vscode applies theme, global navigation and actual editor shortcuts (19.135216ms)
✔ first-run resharper applies theme, global navigation and actual editor shortcuts (7.087724ms)
✔ global ReSharper navigation retains file/member/symbol/recent arguments without an active editor (10.315391ms)
✔ projected query prefixes use the real workbench search filters and source navigation (1.600323ms)
✔ cancelled first-run selection has no effect, completed setup is skipped, and reselect preserves documents (11.265433ms)
✔ profile changes keep custom bindings and one effective copy of each common global shortcut (14.625868ms)
✔ choosing a user scheme clears only supplied current-workspace overrides and persists across reload (8.448196ms)
✔ invalid scheme and persistence failure reject the complete first-run transaction before changing shortcuts (3.552475ms)
✔ Options selects ReSharper after setup and commits only edited keys over a workspace override (9.61798ms)
✔ Import and Export Settings applies a previewed scheme to both scopes without changing editor data (8.613675ms)
✔ settings profile rejects invalid imports, exports selected categories and can reopen first-run choices (6.765388ms)
✔ resetting selected categories restores the default scheme while retaining unrelated settings and undo (9.415774ms)
✔ reset validates categories and remains atomic on storage failure, including the empty boundary (1.066759ms)
✔ changing schemes cancels an in-progress native and global chord before the next keystroke (6.890118ms)
✔ completed build identity deterministically binds actual bytes and source revision/tree (169.885383ms)
✔ changed or added local output cannot reuse a completed build identity (119.871358ms)
fatal: not a git repository (or any of the parent directories): .git
fatal: not a git repository (or any of the parent directories): .git
✔ archive builds without Git metadata keep identical distribution bytes and explicit unknown provenance (100.380149ms)
✔ exact-source claim rejects unknown, dirty, stale-commit and stale-tree identities (0.584081ms)
✔ actual HTTP assets match the completed artifact with the explicit production HTML transformation (89.683829ms)
✔ a server returning stale application bytes fails closed against the local completed build (67.633578ms)
✔ changed local HTML is rejected before its production transformation can authorize different served bytes (55.520942ms)
✔ extracted production path rewrite preserves root, nested, quote and non-JavaScript behavior (80.5569ms)
✔ the final verification detects an application replaced after the initial verification (69.024209ms)
✔ whole workload gates strictly below one percent, retaining positive and negative observations (26.970839ms)
✔ individual operation regressions remain diagnostic while the identical aggregate determines acceptance (3.759738ms)
✔ assessment rejects missing pairs, wrong order, altered counts, nonfinite data and incomplete effects (41.647703ms)
✔ driver rejects non-HTTP or remote application origins without starting a server (0.686115ms)
✔ assessment recomputes product p50/p95/p99 and rejects absent or active disabled instrumentation (9.302063ms)
✔ clock-quantized zero operation spans are preserved but a zero aggregate denominator is rejected (6.561471ms)
✔ pre-navigation storage states differ only by explicit tracing mode; workload and order are deterministic (0.369758ms)
✔ tracing defaults on, persists per workspace, and rejects non-boolean preferences (3.063639ms)
✔ real shells resolve saved settings before their first mark and keep live changes instance-local (8.739175ms)
✔ explicit embedding booleans override saved and subsequent settings in both directions (7.158672ms)
✔ Environment General exposes a working tracing checkbox with the stored preference (1.651079ms)
✔ disabled instruments read no clock and retain no marks, including input observation (1.079177ms)
✔ disabling rejects in-flight marks without clock reads, including after re-enabling (0.22537ms)
✔ unchanged enabled values preserve current marks; marks are single-use and instance-owned (0.320914ms)
✔ a real shell settings change invalidates an outstanding asynchronous operation mark (1.26683ms)
✔ counterfactual has identical scaffolding and five explicit static imports before the shipped entry (1.981206ms)
✔ complete paired assessment retains every signed observation and reports a point observation (3.889653ms)
✔ missing marker, title, duplicate marker and incomplete fixed sample count are rejected (2.310212ms)
✔ nonfinite, missing, duplicate, negative and inconsistent metric values fail closed (0.633936ms)
✔ source, served assets, overlays, engine, module graph and product failures invalidate assessment (2.432417ms)
✔ unsupported threadTicks rejects without a timing fallback (0.984775ms)
✔ actual production CSP permits inline styles while rejecting any relaxed script directive (0.644692ms)
✔ capture owns a fresh process for each sample and closes it on unsupported clocks or missing markers (23.20404ms)
✔ real local HTTP overlay preserves product bytes/CSP and tracks downstream cancellation separately (55.073944ms)
✔ PE metadata exposes actual generic List members, names, parameter signatures, properties and namespaces (12.751613ms)
✔ metadata source carries the exact PE identity, source version and matching overload selection (8.653154ms)
✔ metadata versions never collapse same-name assemblies or infer an ambiguous owner (2.658608ms)
✔ framework member caret resolves Console.WriteLine rather than treating it as a type name (20.868379ms)
✔ core intrinsic metadata uses accepted arities, canonical owners, instance parameters and property shape (6.277804ms)
✔ bound assembly simple identity selects actual PE metadata and rejects multiple matching versions (8.257468ms)
✔ reference sources use authorized HintPath bytes, transitive project visibility and no source text getters (14.160217ms)
✔ unavailable, ambiguous and invalid PE references return explicit Object Browser diagnostic rows (17.004935ms)
✔ metadata inspection rejects byte and declaration limits before returning a partial model (1.423757ms)
✔ catalog cancellation terminates its dedicated metadata worker and does not cache late replies (8.456889ms)
✔ Code Definition reads only a bounded caret fragment and prioritizes structured bound owners (6.792941ms)
✔ Code Definition source definitions bypass metadata and retain exact selection (0.277979ms)
✔ Studio multi-session C# fixture preserves WinUI, argv, environment and stop isolation in source VM (873.494924ms)
✔ Studio multi-session C# fixture preserves WinUI, argv, environment and stop isolation in direct CIL (766.541597ms)
✔ actual MSBuildTools onJob notifications retain exact cancellation ownership when another job is selected (3.28996ms)
✔ owners with the same remote job id remain independent and known terminal callbacks cannot resurrect a task (0.520384ms)
✔ phase text stays indeterminate, only host-reported fractions become progress, and stale cursors/phases are ignored (0.328064ms)
✔ a native success that wins a cancellation race remains an observed success (0.518171ms)
✔ native cancellation failures and replies for another job are explicit and cannot alter that other task (0.611772ms)
✔ transport failure settles only its matching observed job and malformed snapshots do not mutate task state (0.460794ms)
✔ synchronous cancellation from first notification reaches the captured client exactly once (0.319872ms)
✔ disposal aborts owned requests once, ignores late callbacks and bounds retained terminal identity history (0.513254ms)
✔ A19 actual native utf-8 reload updates SHA-256 and native baseline before a physical save (38.639119ms)
✔ A19 actual native utf-16le reload updates SHA-256 and native baseline before a physical save (7.156977ms)
✔ A19 actual native utf-16be reload updates SHA-256 and native baseline before a physical save (5.677417ms)
✔ A19 reconnecting the native host invalidates a prior observation without changing the document (8.60753ms)
✔ A19 native bytes changed after the observation are not marked as the reloaded baseline (4.194442ms)
✔ A19 rejecting immutable native metadata restores the document and retains both previous native baseline fields (4.75011ms)
✔ A19 native read cancellation and disposal reach the actual client request signal (2.588242ms)
✔ A19 MSBuild text and binary read APIs forward the supplied cancellation signal without changing endpoints (0.90191ms)
✔ actual client, MSBuildTools and lazy native callbacks publish live tasks and preserve completed inspection (209.721158ms)
✔ poll transport failure retains the captured client and fails only that job after another job becomes selected (203.701695ms)
✔ the TaskCenter cancellation callback targets its captured client/job and does not replace another native selection (1.723748ms)
✔ validation/start failures and ordinary native UI errors cannot settle a previously observed unrelated task (1.568934ms)
✔ a poll response for a different ID closes only the requested task and never publishes the foreign job (202.241179ms)
✔ native Cancel transport errors report only the captured current owner, regardless of a later client value (1.016772ms)
✔ a confirmed native success wins a cancellation race and a stale pending poll cannot regress it (203.027614ms)
✔ disposal coalesces TaskCenter cancellation before disconnect and abandons a pending poll without late UI writes (203.392029ms)
✔ disposal during job start waits for the actual returned ID, cancels it, and never publishes a post-disposal task (1.261762ms)
✔ Outline host passes exact URI/project/version and applies one provider edit before navigation (1.839633ms)
✔ Outline rejects stale version after provider completion (0.540725ms)
✔ Outline rejects stale project after provider completion (0.255645ms)
✔ Outline rejects stale workspace after provider completion (0.19273ms)
✔ Outline rejects stale document after provider completion (0.304178ms)
✔ Outline cancellation and disposal stop a waiting provider without applying its late result (0.53743ms)
✔ Outline rejects read-only and mismatched provider edits (0.293613ms)
✔ Outline leaf drops retain before/after position and refuse cross-tree payloads (0.717381ms)
✔ Outline moves a complete CRLF member with XML docs and trailing comments, without changing the workspace (8.415855ms)
✔ Outline moves a callable across fields without changing field initialization order or either runtime result (86.015888ms)
✔ Outline accepts storage-free declaration: int Value => 1; (1.352339ms)
✔ Outline accepts storage-free declaration: int Value { get { return 1; } set { } } (1.090063ms)
✔ Outline accepts storage-free declaration: C() { } (0.89541ms)
✔ Outline accepts storage-free declaration: int this[int i] { get { return i; } } (1.273119ms)
✔ Outline rejects order-sensitive or hidden-storage declaration: int value = 1; (1.218116ms)
✔ Outline rejects order-sensitive or hidden-storage declaration: int Value { get; set; } (0.656169ms)
✔ Outline rejects order-sensitive or hidden-storage declaration: int Value { get; } = 1; (0.593905ms)
✔ Outline rejects order-sensitive or hidden-storage declaration: [ModuleInitializer] static void Init() {} (0.993828ms)
✔ Outline rejects order-sensitive or hidden-storage declaration: [Alias] static void Init() {} (0.508236ms)
✔ Outline rejects different containers, stale/read-only versions and invalid offsets without partial mutation (0.711052ms)
✔ Outline rejects crossing region/directive trivia and malformed source members (2.042959ms)
✔ Outline returns a stable no-op for the same member and preserves same-line separators for real moves (0.866406ms)
✔ prepared document ingress adopts the exact model and source without reading text or rebuilding it (13.175829ms)
✔ model and immutable roots are hidden even when an incoming caller made them enumerable (1.129743ms)
✔ retaining prepared records preserves model/map/view identity and replaces old subscriptions without materializing text (7.177359ms)
✔ duplicate, mismatched and stale prepared records reject atomically and remain caller-owned (4.68436ms)
✔ a failed factory disposes only models it created while prepared callers and the current workspace remain intact (1.315813ms)
✔ subscription failure and cancellation release staged subscriptions without disposing prepared input models (1.342744ms)
✔ saved-state preparation rolls back dirty caller models if another model cannot commit its saved marker (0.751663ms)
✔ add and legacy appended-record lookup adopt prepared models without a factory, and dispose releases owned roots (2.679969ms)
✔ view errors after the atomic ownership commit are explicit and do not hand live models back to callers (1.103443ms)
✔ real chunked File ingress adopts the reader model and decoder metadata without invoking whole-source getters (17.002832ms)
✔ append imports retain dirty model baselines and read-only state without implicitly saving existing documents (1.818732ms)
✔ append imports retain a late-save snapshot baseline and its stale-save dirty marker (0.991134ms)
✔ preserveDirty never permits replacing or removing a dirty model without explicit discard (1.460211ms)
✔ disposed prepared models reject and failing view cleanup still releases all owned models and roots (1.06169ms)
✖ pending Studio analysis and another editor whole-project request publish committed rename source only (10.439027ms)
✖ real rename completion publishes its new version after lease release and remains one undo operation (2.069319ms)
✔ DocumentService late save acknowledgement survives preview cancellation and subsequent undo (2.434631ms)
✔ save, operation state, export, diagnostics and bounded ranges share one published source revision (2.71315ms)
✔ reload and prepared model adoption reject active previews without changing source, baseline or metadata (2.711598ms)
✔ an atomic change still notifies the second document if the first notification opens its preview (2.786341ms)
✔ workspace replacement disposes the original preview model and delayed cleanup cannot restore over its replacement (1.68509ms)
✔ EditorConfig reads committed source even if its model is displaying a temporary preview (0.886687ms)
✔ workspace commit forwards cancellation into the real asynchronous Studio resource transaction (27.677984ms)
✔ closing all views releases the owned preview before any same-model view state is cached (2.715143ms)
✔ startup target switching preserves each project selected profile and starts that target (10.469473ms)
✔ current-selection startup and new-instance commands honor the current project selected profile (2.419538ms)
✔ changing a startup profile preserves its start-without-debugging action (1.110694ms)
✔ independent areas, browsers and performance all finish after earlier failures without downgrading them (5.232357ms)
✔ stage selection runs only the selected scopes and preserves browser deadlines and capture-only results (3.674419ms)
✔ a scope settles and is checkpointed before the next independent scope starts (0.349727ms)
✔ setup errors remain fatal before any scope starts (0.584051ms)
✔ a thrown error carrying exit zero remains a failed outcome and a nonzero aggregate (0.354264ms)
✔ an unsupported lazy-evaluation engine remains an independent failure after all earlier scopes finish (0.50445ms)
✔ malformed editor JSON fails before any capture starts (8.218208ms)
✔ both baseline schemas are checked before any capture starts (3.765196ms)
✔ known editor browser, OS, architecture, Node and CPU mismatches fail before capture (6.205185ms)
✔ model-only or another browser backend cannot be used as the editor baseline (2.078433ms)
✔ known workbench runner mismatches fail before editor captures (3.960851ms)
✔ Python OS and architecture aliases match corresponding known Node runner facts (3.068986ms)
✔ missing and outside-checkout baseline files fail before capture (1.368553ms)
✔ empty inputs retain capture mode and the 22-minute outer browser deadline (1.542175ms)
✔ compatible baselines are read once before capture and reused for comparison (5.992744ms)
✔ each explicit platform, engine and stage resolves without running a capture (2.75273ms)
✔ create events always discard baseline and dispatch-style overrides (0.204338ms)
✔ manual dispatch preserves defaults and exact supplied baseline paths (0.33843ms)
✔ unrelated creates, tag creates and unsupported event types cannot qualify (0.470459ms)
✔ the complete branch grammar rejects malformed selection and unsafe or oversized nonces (0.386072ms)
✔ event and full ref identity must agree for created and manually selected refs (0.326893ms)
✔ a mutable name, missing SHA or different checked-out commit cannot pass immutable source validation (0.315075ms)
✔ allocated runner and manual choice values are validated before output (0.299631ms)
✔ baseline data cannot inject Actions environment records (0.565743ms)
✔ oversized or malformed event files fail before writing any Actions environment output (10.36802ms)
✔ deleting a project in the same workspace clears only its profiles and persists a consistent startup snapshot (11.906049ms)
✔ removing a virtual-default profile selection clears it without requiring a materialized profile map (0.37177ms)
✔ source Main(string[]) receives flat program argv and defaults to an empty array (99.533641ms)
✔ source a parameterless entry accepts process argv without injecting method parameters (4.251229ms)
✔ source top-level args are forwarded through the generated startup wrapper (5.164665ms)
✔ source module initializers run once before argv forwarding into Main (45.264466ms)
✔ source async Main retains argv and its integer exit code across an await (14.893441ms)
✔ source argument arrays survive collection and caller mutation after construction (9.13449ms)
✔ cil Main(string[]) receives flat program argv and defaults to an empty array (25.671691ms)
✔ cil a parameterless entry accepts process argv without injecting method parameters (4.270918ms)
✔ cil top-level args are forwarded through the generated startup wrapper (4.627235ms)
✔ cil module initializers run once before argv forwarding into Main (12.098519ms)
✔ cil async Main retains argv and its integer exit code across an await (12.768227ms)
✔ cil argument arrays survive collection and caller mutation after construction (31.037429ms)
✔ raw CIL methodToken invocations retain their numeric parameter contract (9.659872ms)
✔ independently authored CIL string-array entry receives argv without a compiler-specific payload (8.994289ms)
✔ source reads only its explicit environment, preserving empty values and case-sensitive names (81.727985ms)
✔ source separate runtimes copy environment values and never observe another application (6.506959ms)
✔ source a null environment variable name raises a managed ArgumentNullException (3.880701ms)
✔ cil reads only its explicit environment, preserving empty values and case-sensitive names (18.589504ms)
✔ cil separate runtimes copy environment values and never observe another application (9.551058ms)
✔ cil a null environment variable name raises a managed ArgumentNullException (5.143063ms)
✔ environment mutation and OS target overloads report unsupported source members (20.256616ms)
✔ independent managed CIL resolves the registered process environment signature and refuses mutation (3.776794ms)
✔ program argument normalization copies and freezes strings including empty and Unicode values (1.772543ms)
✔ argument count, individual size, total size, primitive type and null bytes have explicit limits (0.523739ms)
✔ environment normalization has private storage and never inherits host or prototype entries (0.321575ms)
✔ environment names, types, prototypes, per-entry and total sizes reject before launch (1.651259ms)
✔ process argv cannot replace raw parameters of an explicitly selected method (0.420594ms)
✔ launch profiles use the same bounds and advertise only the implemented environment capability (0.419572ms)
✔ injected RuntimeTools keeps existing profile grants and target launches do not inherit the active app settings (9.604188ms)
✔ profile settings apply to the next project launch only without rebuilding or mutating existing apps (3.520236ms)
✔ session settings remain scoped through active-app switches and only take effect on that app restart (2.529503ms)
✔ profile and session revocation stop only the explicitly associated applications (3.48253ms)
✔ settings requests capture the chosen app and do not fall back to a foreign active session (2.170392ms)
✔ late metrics cannot repaint a newly selected settings target (10.702974ms)
✔ target selector values are stable and invalid settings do not change any target (1.361753ms)
✔ only an actual loose-source language change schedules its project compilation (0.966717ms)
✔ legacy hosts retain the RuntimeTools API with explicitly isolated default settings (0.438962ms)
✔ real source worker consumes a complete launch profile (510.33272ms)
✔ real source workers isolate argv, environment and stop commands despite equal local serials (465.056176ms)
✔ real source worker rejects malformed replacement settings without retiring its paused session (463.61354ms)
✔ real direct CIL worker consumes a complete launch profile (336.739581ms)
✔ real direct CIL workers isolate argv, environment and stop commands despite equal local serials (411.798351ms)
✔ real direct CIL worker rejects malformed replacement settings without retiring its paused session (355.050916ms)
✔ session recovery exports only deterministic startup and non-executable profile metadata (13.359436ms)
✔ ZIP and extracted-folder manifests retain metadata while dropping hostile executable fields (4.571782ms)
✔ invalid recovery projects, libraries, selections and profile references fail before either live owner changes (2.030791ms)
✔ recovery staging is immutable, single-use and notifies observers only after both owners commit (1.373631ms)
✔ prospective recovery validates before workspace replacement and commits only to that loaded project set (1.481664ms)
✔ legacy records without session metadata are no-ops, while malformed versions, paths and bounds are rejected (0.790452ms)
✔ session state lint detects direct, computed, compound, destructuring and prefix writes (2.226947ms)
✔ session state lint excludes reads, equality, strings, comments and unrelated state properties (0.810021ms)
✔ session state lint accepts only explicitly inventoried owners and includes stable diagnostics (0.391049ms)
✔ Processes row controls affect only that row across active-application changes (11.978938ms)
✔ Debug Location process/thread/frame selection owns its locals and does not navigate a background app (3.421718ms)
✔ status and title announce a meaning change once and ignore repeated output/state events (1.69148ms)
✔ status updates read model positions and EOL metadata without flattening a 100 MB document (1.634915ms)
✔ status visual columns distinguish tabs, CJK, zero-width clusters and UTF-16 characters (1.679692ms)
✔ status uses cancellable exact model columns and ignores stale carets without flattening source (4.230728ms)
✔ reading one setting preserves workspace null overrides without cloning unrelated layouts (1.645881ms)
✔ Solution Explorer filtering never reads document content synchronously (1.544328ms)
✔ definition range reads stay bounded at a caret near the end of a large indexed document (1.13428ms)
✔ Explorer content searches retain actual worker URI matches and reject stale or cancelled results (1.095482ms)
✔ automatic recovery and bookmark construction never materialize a 100 MB model-backed file (0.972276ms)
✔ existing recovery is retained until the user restores or discards it (0.302646ms)
✔ bookmark edit transformation handles several pre-edit coordinates and wraps across files (6.595022ms)
✔ Output filters project and session identity from shared channel entries (0.594576ms)
✔ Find Results changes retained project or session scope without requesting another search (0.287363ms)
✔ locked result windows remain bounded without silently discarding retained results (1.369004ms)
✔ regex replacement retains lookbehind, named captures and original string substitutions (1.769046ms)
✔ keyboard removal applies to default ids before conflict calculation (0.894218ms)
✔ provider failures terminate queued test state instead of leaving a run in progress (0.574316ms)
✔ menu palette and command window share contextual enablement and the same handler (3.004599ms)
✔ when parser handles precedence and rejects malformed executable input and nesting (0.390679ms)
✔ command contributions rollback conflicts and restore replaced handlers (0.498582ms)
✔ command parser preserves quoted arguments without evaluating expressions (0.581807ms)
✔ 10000 hidden output invalidations produce no render or scheduled frame (1.178817ms)
✔ performance records exact per-session percentiles and enforces relative budgets (1.000248ms)
✔ lazy activation cancellation never resolves a mount and successful module loads cache once (2.44146ms)
✔ two concurrent tasks cancel independently and keep truthful cancelling state (0.829881ms)
✔ workbench inventory matches every registered shell window and command (18.289762ms)
✔ performance budget comparison fails absolute and twenty-percent p95 regressions (1.722287ms)
✔ performance comparison rejects absent, duplicate and unreported metric obligations (0.619333ms)
✔ performance comparison rejects invalid or fabricated statistics and mismatched captures (1.267541ms)
✔ capture-only performance assessment never invents a relative regression verdict (0.456478ms)
✔ recent workspace remembering retains metadata and never enumerates source or disk records (2.075169ms)
✔ opening the current workspace activates it without reading recovery or requiring permission (0.368225ms)
✔ recovery preparation preserves file bytes, encoding, BOM and unsaved source metadata (1.747184ms)
✔ recent opening uses the matching previous recovery and confirms actual workspace identity (0.685423ms)
✔ samples require a provider-confirmed open instead of treating an unchanged workspace as success (0.587806ms)
✔ missing recent files request permission explicitly and cancellation preserves the pinned MRU (0.498481ms)
✔ recovery bounds, corrupt data and cancelled providers fail before recent success is published (0.7624ms)
✔ search supports captures literal metacharacters exact versions whole words and bounded empty regex matches (3.420096ms)
✔ replacement preview skips changed documents and preserves unchecked matches as one batch per document (1.192978ms)
✔ worker cancellation terminates a pathological query without affecting a second results instance (0.748107ms)
✔ workspace symbol results reject superseded requests and changed document versions (0.542468ms)
✔ Error List combines source scope severity search and sort over 5000 real diagnostic records (2.381781ms)
✔ Output model bounds 100000 line inputs and compiler message links preserve location (56.626204ms)
✔ bookmarks move with source insertions and locked reference results remain unchanged (1.132858ms)
✔ old settings migrate once and corrupt settings notify then recover defaults (2.267769ms)
✔ settings transaction rejects invalid data and persistence failure before publishing (1.564498ms)
✔ line-ending normalization stays opt-in across theme changes and rejects invalid settings (0.595377ms)
✔ workspace preferences override user scope and exported profiles omit secrets recursively (1.065436ms)
✔ keyboard conflicts include default bindings and distinguish scopes (1.00233ms)
✔ keyboard Options shares native chord-prefix conflicts and shifted punctuation notation (0.413223ms)
✔ configuration manager applies release selection only to enabled project mappings (1.25405ms)
✔ recent files retain pinning and prune missing sources (0.584121ms)
✔ notifications survive toast expiry and unread/dismissal are independent (0.567546ms)
✔ external change prompts once per disk version and recovery contains only document data (1.005676ms)
✔ dropped file import bounds count and total bytes (0.458031ms)
✔ theme gate detects hex and numeric functional colors inside declarations, fallbacks, gradients and nested rules (2.657977ms)
✔ theme gate ignores selectors, comments, strings, URL fragments and identifiers that are not color tokens (0.308495ms)
✔ only explicit token files may define literal palette values; token files cannot hide painted rules (0.296467ms)
✔ theme gate fails closed on malformed CSS and validates empty and non-string input boundaries (0.458972ms)
✔ all Studio styles pass the color gate and extracted paint and token styles have explicit cascade order (62.713781ms)
✔ the migration preserves every legacy dark/light paint value, geometry declaration and ordered override (21.643117ms)
✔ Light keeps its authored palette, Blue keeps syntax distinctions, and contrast modes resolve every legacy token (14.767632ms)
✔ system theme follows OS changes immediately and disposal removes its media listener (0.52393ms)
✔ Task List scans real C# comment trivia and ignores literal task words (6.529854ms)
✔ class hierarchy attaches members to their actual project and namespace (0.427625ms)
✔ Object Browser uses actual registered List metadata and method signatures (47.961312ms)
✔ test provider subset runs emit incremental states and produce hierarchical results (1.54548ms)
✔ test cancellation signals only its current provider operation and preserves terminal results (0.404389ms)
✔ call hierarchy expands lazily and rejects changed source versions (0.897573ms)
✔ diagnostic session timelines remain separate and heap diffs use actual census data (0.754618ms)
✔ toolbox providers select the actual active document kind (0.371741ms)
✔ packager binds classic format to lazily allocated closed worker URLs, including nested workers (24.462226ms)
✔ both main menu surfaces expose startup configuration, a new instance, and Stop All (3.690935ms)
✔ configuration aliases and auxiliary session commands reuse their registered host actions (1.469174ms)
✔ explicit project invocation overrides ambient selection without changing startup or launch profiles (1.051495ms)
✔ a host without an execution override still launches the explicit project using its selected profile (0.541326ms)
✔ library, missing and empty targets cannot silently fall back to the startup project (1.655175ms)
✔ new-instance availability refreshes native, Hot Reload and pending-launch explanations (0.637871ms)
✔ Stop All is enabled for live sessions or pending launches and uses the host cancellation path (0.674837ms)
✔ startup configuration is disabled when no projects remain (0.449908ms)
✔ Explorer solution and project menus route the exact selected node through the public aliases (3.202467ms)
✔ Explorer uses current registry reasons and preserves native build, restore and evaluate availability (0.72292ms)
✔ aborted invocations do not start and disposal restores a previously registered command (2.979212ms)
✔ startup modes validate libraries/unknown projects and serialize in deterministic order (2.512247ms)
✔ profiles isolate project settings, return copies and exclude grants/environment from exported preferences (1.046849ms)
✔ startup builds dependencies once, preserves configured order and starts independent roots after one failure (6.613099ms)
✔ two successful startup roots keep independent session resources and restart commands use explicit context (3.393937ms)
✔ workbench disposal terminates every owned worker without closing another workbench (1.99692ms)
✔ default build snapshots use current shared document revisions without changing source descriptors (1.181591ms)
✔ source and managed IL profiles forward program argv separately from method parameters (2.525147ms)
✔ an explicitly restricted external launch target refuses unsupported profile capabilities (1.290586ms)
✔ concurrent starts queue one shared project build and keep independent application instances (1.496767ms)
✔ failed startup preference storage leaves the previous configuration intact (0.352541ms)
✔ Set as Startup Project preserves both selected profiles and the toolbar agrees with the next F5 launch (21.524098ms)
✔ Set as Startup Project uses the real default profile when no per-project choice exists (3.466074ms)
✔ invalid or library startup targets leave the selected project and profile unchanged (5.506932ms)
✔ session state lint detects direct, computed, compound, destructuring and prefix writes (2.148719ms)
✔ session state lint excludes reads, equality, strings, comments and unrelated state properties (0.697312ms)
✔ session state lint accepts only explicitly inventoried owners and includes stable diagnostics (0.373863ms)
✔ all Studio modules keep direct debug-state writes inside session owners (178.956801ms)
✔ static named/re-export graph initializes dependencies first and lazy graph stays cold until one microtask (18.36782ms)
✔ lexical transforms leave literal/comment/regex text unchanged and handle nested template expressions (4.405271ms)
✔ dynamic cycles are deferred and repeated evaluation failures keep their original error identity (4.715519ms)
✔ the known Node worker adapter cannot trigger dynamic code loading from a browser bundle (2.789044ms)
✔ computed/unresolved imports, mutable exports, static cycles and missing or ambiguous names fail at build time (11.963575ms)
✔ graph containment checks real paths, including symlinks (3.069887ms)
✔ standalone hashes exact code and lazily embeds actual worker dependencies, including nested workers (12.839676ms)
✔ recursive worker graphs and worker URLs outside the asset root are rejected before packaging (4.740887ms)
✔ actual TaskCenter Cancel aborts its whole two-project queue and leaves an independent queue running (8.179431ms)
✔ a queued second operation for the same project survives cancellation of the first captured queue (7.468619ms)
✔ a completed task callback cannot cancel the next project or a later build with the same project id (2.19599ms)
✔ TaskCenter cancellation during its started notification sends no request and skips the rest of the queue (1.169893ms)
✔ standalone build cancellation preserves the other worker and disposal settles only tracked operations (2.009981ms)
✔ build task quota cancels only the untrackable queue and reports the refusal (1.134641ms)
✔ startup toolbar selection changes the explicit compiler project while background work retains it (13.402662ms)
✔ Studio routes language requests by document membership without selecting background projects (2.373207ms)
✔ workspace replacement clears former project memberships, sessions and launch profiles (5.092036ms)
✔ Studio language providers preserve originating versions and resolve the requested target document (2.671116ms)
✔ workspace record metadata does not read source text and explicit reads retain the captured snapshot (2.731357ms)
✔ partial disk saves acknowledge only written snapshots and keep edits made during I/O dirty (4.064366ms)
✔ start new instance keeps existing applications and launches the selected profile (4.850141ms)
✔ silent Studio builds leave large documents available without sending them to the compiler (44.763694ms)
✔ Studio source policy admits 501 files and a 200 MiB buffer and rejects bounded overflow (0.812434ms)
✔ launch fields preserve literal arguments and equals signs and reject invalid or duplicate environment entries (0.645303ms)
✔ breakpoint remapping applies several ordered source changes against their captured versions (2.406658ms)
✔ actual project loading publishes warnings into Error List without failing a build or leaking to project B (10.523253ms)
✔ loader errors block only their project and appear once under their producer; reevaluation removes only obsolete entries (10.073734ms)
✔ real designer source synchronization publishes protected-expression warnings and errors under the captured source owner (18.498072ms)
✔ source edits, project removal and disposal invalidate designer reports without erasing other producers (3.054554ms)
✔ an asynchronous designer failure cannot replace a new link or attribute the old failure to its new project (15.045559ms)
✔ A19 utf-8 observation uses the granted handle and preserves encoding through reload and the next save (41.220313ms)
✔ A19 utf-16le observation uses the granted handle and preserves encoding through reload and the next save (28.491897ms)
✔ A19 utf-16be observation uses the granted handle and preserves encoding through reload and the next save (27.617179ms)
✔ A19 a Save As target overrides the original workspace handle and receives the accepted baseline (15.244058ms)
✔ A19 an empty no-BOM UTF-16 observation remains an editable zero-byte source after reload (6.395741ms)
✔ A19 same-URI workspace replacement and later editor edits both invalidate an old observation (5.30087ms)
✔ A19 confirmation cannot overwrite a replacement document, a later edit, or a changed target (9.50656ms)
✔ A19 declined confirmation and read-only models leave both document and disk baselines intact (7.121105ms)
✔ A19 disk changes occurring after a prompt are rechecked before changing the editor (9.578918ms)
✔ A19 postcommit listener errors report committed state and preserve the matching save baseline (14.519536ms)
✔ A19 disposed and cancelled observers do not publish a pending handle read or reload prompt (3.894911ms)
✔ A19 a replaced target or record during decoding returns no stale observation (1.989919ms)
✔ A19 cancellation during a decoded chunk prevents observation publication and leaves the document unchanged (2.871579ms)
✔ A19 watch reads admit exactly 8,000,000 decoded characters and reject larger or invalid encodings (304.073631ms)
✔ A19 automatic reads reject an oversized byte descriptor without slicing or reading lazy editor text (56.829491ms)
✔ initial document sync activates the selected primary view and opens other tabs in the background (3.294977ms)
✔ dirty document sync preserves its active secondary view and a different URI explicitly changes it (1.694945ms)
✔ background document sync preserves selected application or tool without changing group selection (0.54392ms)
✔ removing the active document returns to a surviving source and unregisters its secondary views (0.65678ms)
✔ initial restore keeps the persisted secondary document selection (1.582175ms)
✔ horizontal host split creates one bottom group beside the original, with no intermediate vertical or empty group (7.928922ms)
✔ vertical host split and default New Window retain one right-hand shared view (1.865552ms)
✔ new views anchor to the requested source group instead of the first document group (1.142703ms)
✔ Vim split filename opens that workspace source and moves its exact panel beside the original once (1.170905ms)
✔ a split path naming the current source clones its view and does not perform an unnecessary open (0.820557ms)
✔ invalid or non-workspace split paths fail before any open, group change or new view (0.93532ms)
✔ a cancelled or failing workspace opener creates no split (1.177394ms)
✔ invalid split axes and missing original groups cannot allocate secondary views (0.831944ms)
✔ removing the original group during an asynchronous source open reports the stale target without an extra view (0.774578ms)
✔ actual Explorer rows expose multiple startup, running, paused and building states with descriptive accessible names (21.042908ms)
✔ background session changes preserve tree selection and unchanged statistics do not redraw rows or read source records (5.529766ms)
✔ a normal Explorer tree rebuild retains current badges and disposing the adapter releases every subscription (3.282497ms)
✔ current-selection startup decorations follow the actual active document membership without selecting another project (2.294779ms)
✔ recycled ordinary tree rows remove a former project accessible label (2.051222ms)
✔ an Explorer host commit retains unchanged models and their saved baselines, including unsaved siblings (33.105531ms)
✔ dirty Explorer rename and undo preserve source roots, baseline history, active tabs and breakpoints (14.892638ms)
✔ document reset subscribers observe the same project XML, membership and active source as the Explorer commit (8.800306ms)
✔ Explorer opening guard preserves edits made during asynchronous workspace preflight (10.075227ms)
✔ Explorer host rejects a superseding workspace revision before adopting its staged source models (6.314458ms)
✔ a cancelled late JSON file read cannot acquire a newer ticket or replace the succeeding workspace (16.25371ms)
✔ bundle import retains source overrides, encoding/BOM, folders and zero-length binary entries (5.766472ms)
✔ sample reset observers see the matching source, workspace metadata and cleared old artifacts (3.110308ms)
✔ stale assembly completion cannot replace a workspace opened during compiler import (5.92425ms)
✔ successful assembly reset never pairs imported documents with previous build artifacts (6.678587ms)
✔ metadata reads use the captured browser handle or native client and return actual bounded bytes (1.388744ms)
✔ a browser metadata read rejects after its owning disk changes while getFile is pending (1.065276ms)
✔ pending native metadata rejects a change to native client (1.427051ms)
✔ pending native metadata rejects a change to backend mode (1.28679ms)
✔ pending native metadata rejects a change to workspace epoch (0.937223ms)
✔ metadata cancellation and advertised byte limits stop before consuming an oversized file (0.948089ms)
✔ public shortcut utilities share native event normalization with the Options recorder (1.693262ms)
✔ invalid keyboard assignments, removal syntax and profile IDs never replace active state (19.954368ms)
✔ custom commands override defaults exactly once and remain visible to command menus (6.995444ms)
✔ removing one native chord leaves other chords sharing its prefix available (4.817992ms)
✔ a removed global exact key does not intercept an editor chord using its prefix (3.683101ms)
✔ a removal follows command and scope across profile changes without suppressing a different command on the key (7.469133ms)
✔ dynamic binding disposers remain valid after atomic table swaps and reject duplicate IDs (5.086187ms)
✔ keyboard conflict data excludes removed defaults and includes cross-scope prefix overlap (3.901911ms)
✔ popup installation handles global shortcuts once, releases listeners and leaves dialogs alone (2.227097ms)
✔ attached command availability is explicit without an editor and closing a view detaches its filter (2.408781ms)
✔ Studio direct ownership excludes dependency-only membership and retains genuine linked-file owners (14.674609ms)
✔ composed project Fix All changes owned sources through real compiler validation without editing a dependency (102.553484ms)
✔ composed solution Fix All deduplicates linked sources and preserves preview-only ownership (41.035586ms)
✔ reference and test lenses compose while test resolve/run use the actual owning provider and TaskCenter (11.502309ms)
✔ explicit linked-file context runs only its selected test owner, while ambiguous inferred ownership remains hidden (21.811688ms)
✔ non-test lens commands forward the real host command and its argument without running a test (1.420551ms)
✔ cancelling pending semantic lenses prevents the test provider from publishing combined results (4.435265ms)
✔ removed test providers and changed direct ownership cannot execute retained CodeLens commands (5.271726ms)
✔ cold Studio registers every facade without importing tools or activating native integration (4.083295ms)
✔ first commands and panels instantiate each actual controller once and share native settings (2.46123ms)
✔ visible restored panels activate only their feature and repeated layout events do not rerender (0.967378ms)
✔ loading coalesces latest mount and disposal prevents late construction or DOM changes (1.551319ms)
✔ module failure presents an actionable retry and a successful retry mounts the real controller (0.823661ms)
✔ capability presence permits only native first activation; canonical client still validates the token (0.423889ms)
✔ designer automation waits for first activation and preserves synchronous loaded document calls (0.545612ms)
✔ actual view disposal and shell listeners preserve replacement model ownership at New.cs (32.014217ms)
✔ actual view disposal and shell listeners preserve replacement model ownership at Old.cs (6.028688ms)
✔ a genuine membership listener failure remains observable after the view ownership correction (2.398945ms)
✔ actual focused view wins while dock activation is ahead of Studio editor installation (4.2394ms)
✔ nested open callbacks add one departure and one actual jump, retaining view identity (1.16733ms)
✔ ordinary caret movement does not create a jump and a failed open does not add a destination (1.044454ms)
✔ direct window navigation and toolbar navigation replay the same history without recording activation (1.419159ms)
✔ dropdown entries replay the shared history and clear invalidates in-progress tokens (1.06806ms)
✔ five actual Studio preview opens reuse one tab and retain ordered jump history (6.568612ms)
✔ failed preview destinations do not enter history or block the next valid navigation (1.546492ms)
✔ background build failure never reveals a tool or changes user intent (7.297019ms)
✔ an explicit build reveals its errors only while the initiating navigation remains current (5.040448ms)
✔ an explicit build cannot reveal results for a project that is no longer selected (1.915517ms)
✔ late launch completion and stop-on-entry navigation respect a newer tool selection (8.795779ms)
✔ a pending new-instance launch cannot replace an explicitly selected existing application (3.167274ms)
✔ a current launch may reveal its source and application without invalidating its own ticket (2.108468ms)
✔ faults, exits and verified-symbol source cannot override later user navigation (1.914496ms)
✔ current active-session faults may reveal output while foreign owners and worker serials are rejected (4.149585ms)
✔ continuing after navigation captures a new action without reviving earlier paused events (7.345753ms)
✔ restart follows the new epoch while the previous worker identity remains unable to reveal (1.980455ms)
✔ registered debug commands refresh follow intent; cancelled or unavailable commands do not authorize reveals (1.980075ms)
✔ main and detached document navigation invalidate pending reveals and listeners are disposed (1.294572ms)
✔ an explicit target starts even when the selected build project is a library (4.594386ms)
✔ stopping a pending launch revokes its later reveal without leaving an activation callback in worker options (7.094413ms)
✔ Studio bulk save follows the successful Save As handle and leaves the original file untouched (24.581754ms)
✔ bulk I/O cannot reconcile a replacement document with the same URI and version (6.875885ms)
✔ disposing StudioSave cancels an outstanding picker without retaining targets or refreshing documents (1.795817ms)
✔ native workspaces reject browser Save As before asking for a destination (2.569413ms)
✔ document save acquires its picker synchronously and commits the exact asynchronously normalized capture (4.384839ms)
✔ file picker opens synchronously exactly once and passes its original ticket into real workspace adoption (17.185725ms)
✔ a superseded picker late change cannot invoke import or acquire a newer ticket (5.576696ms)
✔ an uncancellable late reader keeps the original ticket and cannot replace a newer workspace (6.171363ms)
✔ cancel removes the abort listener, releases an owned ticket, and permits a new picker (4.397238ms)
✔ cancelling a borrowed ticket leaves ownership with the caller and creates no duplicate picker ticket (1.436315ms)
✔ disposal rejects an open picker and removes all input and ticket listeners before late events (2.028538ms)
✔ a direct nonempty input change begins once without opening a second native picker (7.674269ms)
✔ an empty unsolicited change cannot supersede an independent pending workspace operation (1.885242ms)
✔ read-only ownership rejects before opening the browser picker (2.515501ms)
✔ consumer failure reports the actual error and releases its ticket without changing documents (1.127059ms)
✔ workspace replacement publishes one valid layout before real retained content is resolved (67.709933ms)
✔ same-URI replacement refreshes primary and split view content even when the layout is unchanged (34.100587ms)
✔ incremental replacement removes split, floating, popout and closed source views without replacing surviving owners (21.027101ms)
✔ an empty source workspace retains its selected tool and does not resolve a removed document (7.650943ms)
✔ metadata-only sync refreshes a retained tab dirty affordance without a document-service event (1.93775ms)
✔ a real replacement content failure stays visible and the committed layout can render after its cause is corrected (2.94546ms)
✔ normal popout return keeps its default reopen, render, DOM identity and owner-focus behavior (2.296132ms)
✔ explicit popout render deferral leaves a closed panel closed until the caller completes its update (1.94394ms)
✔ production Watch storage initializes before a real File import without an error toast (24.151781ms)
✔ the registered v1 key restores Watch expressions through the actual installation boundary (3.659276ms)
✔ registering Watch storage preserves the exact allowlist and exposes corrupt persisted payloads (0.637852ms)
✔ real storage quota failures retain previous Watch state and remain explicit (0.33188ms)
✔ Watch 2 is an executable user command with independent expressions/results and explicit application scope (12.318027ms)
✔ Watch controls add, scope and remove expressions while asynchronous values retain the input node (6.042879ms)
✔ pending application/frame results are aborted and never replace a newer window scope (3.699938ms)
✔ hidden Watch windows do no evaluation or DOM writes for background output (163.498291ms)
✔ factory registration before restore recreates exact Watch identity, layout and saved expressions (4.197147ms)
✔ closing retains the controller and explicit unregister/dispose releases it before reopening (2.252626ms)
✔ corrupt, oversized, duplicate and failed persisted writes are explicit and atomic (0.520995ms)
✔ saved tool layout applies across document sets without closing or reopening documents (3.267265ms)
✔ saved layouts support legacy payloads, stable slots, rename, delete and rejected persistence (1.251256ms)
✔ reset requires an explicit positive choice (0.304779ms)
✔ navigation retains group, view and popout identities and rejects malformed locations (0.45736ms)
✔ navigation returns moved tab to its original existing document group (2.159214ms)
✔ tool factories create independent instances and restore exact identities (0.835259ms)
✔ Window command descriptors include layout slots and keyboard-only management (0.423619ms)
✔ closed embedded assets declare classic format; borrowed strings and normal URLs remain ESM (2.863347ms)
✔ compiler and runtime clients pass declared format and URL identity through injected factories and restart (2.034537ms)
✔ worker errors retain native cause, source coordinates, generation, and original opaque details (1.503897ms)
✔ synchronous Worker construction errors retain their cause and borrowed module attribution (0.51778ms)
✔ worker metadata excludes URL capability queries, fragments, and credentials (0.565292ms)
✔ worker requests preserve the protocol and reject errors without leaking pending requests (2.83932ms)
✔ worker errors reject all requests and only explicit restart admits new work (0.836591ms)
✔ restart generations suppress late replies and events from the terminated worker (0.327453ms)
✔ timeout, abort, quota and disposal all clean up their pending requests (12.524459ms)
✔ constructor request middleware is explicit and preserves input objects (0.622518ms)
✔ event delivery is ordered under reentrancy and unsubscribe during dispatch (0.342126ms)
✔ a slow earlier read cannot replace a later workspace, even after the later ticket finishes (3.857434ms)
✔ an old finally cannot release or cancel the current request (0.454525ms)
✔ nested readers share the original ticket instead of beginning after their await (0.585142ms)
✔ external cancellation rejects adoption and retains the original cancellation cause (0.620476ms)
✔ an already-cancelled request cannot begin reading or leave ownership behind (2.59424ms)
✔ ownership check cancels after document edit without undoing the current workspace (0.62338ms)
✔ ownership check cancels after document replacement without undoing the current workspace (0.419743ms)
✔ ownership check cancels after workspace epoch without undoing the current workspace (0.333893ms)
✔ ownership check cancels after native backend without undoing the current workspace (0.35208ms)
✔ ownership check cancels after read-only transition without undoing the current workspace (0.310578ms)
✔ ownership check cancels after document disposal without undoing the current workspace (0.244007ms)
✔ begin rejects a locked workspace and a disposed document service (0.224799ms)
✔ disposal cancels pending I/O, prevents adoption, and is idempotent (0.300603ms)
✔ finish detaches external cancellation and a finished ticket cannot be reused (0.259291ms)
✔ independent Studio instances do not cancel each other (0.236547ms)
✔ a reentrant abort listener cannot restore an older owner over a newer request (0.302747ms)
✔ invalid arguments do not supersede a valid pending request (0.237478ms)
✔ initial model places all panels closed with persistent empty document group (2.676975ms)
✔ open activate close reopen retains unique placement (1.164996ms)
✔ edge dock left (0.569508ms)
✔ edge dock right (0.284449ms)
✔ edge dock top (0.229516ms)
✔ edge dock bottom (0.220112ms)
✔ tab reorder is deterministic (0.292631ms)
✔ float redock cleans empty floating nodes (2.677826ms)
✔ auto hide pin close and reopen move one panel (2.428931ms)
✔ documents cannot auto hide (0.587616ms)
✔ nonclosable panels cannot close (0.208544ms)
✔ layout JSON restore roundtrips split auto hide and floats (0.556239ms)
✔ invalid restore is atomic s=>s.root.active='missing' (0.173551ms)
✔ invalid restore is atomic s=>s.closed.push('output') (1.420691ms)
✔ invalid restore is atomic s=>s.root.id='' (0.32509ms)
✔ invalid restore is atomic s=>s.version=999 (0.156506ms)
✔ invalid restore is atomic s=>s.closed.pop() (0.141463ms)
✔ invalid restore is atomic s=>s.autoHide.left.push('unknown') (0.120001ms)
✔ invalid restore is atomic s=>s.floating.push({id:'f',x:0,y:0,width:-1,height:100,root:createGroup('g',[])}) (0.15958ms)
✔ invalid operation rolls back model (1.542084ms)
✔ undo redo restore correct placements (0.273231ms)
✔ split resize validates finite ratio and clamps keyboard movement (0.256656ms)
✔ closing final document keeps a docking target (0.163476ms)
✔ history bound and subscriptions can unsubscribe (11.90146ms)
✔ register and unregister document panels preserve invariants (0.319661ms)
✔ duplicate tree identifiers are rejected (0.161503ms)
✔ randomized moves maintain uniqueness and valid round trips (119.341525ms)
✔ 08 preview mutation batches preflight before replacing workspace buffers (2.868073ms)
✔ 08 preview rename/copy/delete undo restores data and editor metadata (0.977984ms)
✔ 08 preview undo refuses subsequent user edits (0.465572ms)
✔ 08 pending file command cannot cross a workspace switch (0.367033ms)
✔ 08 planning a project change detects concurrent project source changes (0.384439ms)
✔ 08 native planning reads unsaved project buffers, not an old disk snapshot (0.177067ms)
✔ 08 cross-project source copy explicitly includes files with defaults disabled (3.695601ms)
✔ 08 readonly explorer rejects file mutations before prompting (0.851393ms)
✔ 08 overlapping explorer dialogs cannot start a second mutation (0.434575ms)
✔ 08 solution project removal preserves comment and neighboring configuration (0.515377ms)
✔ 08 solution removal also removes literal dependency on the removed member (0.354504ms)
✔ 08 package reference authoring escapes metadata and does not invent relative package IDs (0.412762ms)
✔ 08 path rewrites leave commented-out references and CDATA byte-identical (0.436659ms)
✔ 08 adding compile membership removes default match before explicit include (0.648057ms)
✔ 08 Visual Studio modifier-only keys do not eat an active keyboard chord (11.518943ms)
✔ 08 editor declares Visual Studio default and six distinct profiles without a DOM (0.615678ms)
✔ 08 native XML write undo restores original encoding and byte hash (28.640401ms)
✔ 08 native XML syntax validation precedes every batch mutation (1.825012ms)
✔ 08 native overlapping parent/child operations fail preflight instead of breaking undo (1.45938ms)
✔ 08 native XML write followed by undo rejects later disk edits (6.695843ms)
✔ 08 actual loopback explorer APIs enforce auth/origin and preserve binary bytes (50.413481ms)
ℹ tests 748
ℹ suites 0
ℹ pass 746
ℹ fail 2
ℹ cancelled 0
ℹ skipped 0
ℹ todo 0
ℹ duration_ms 42907.284958

✖ failing tests:

test at tests/a19-preview-source-publication.test.js:46:1
✖ pending Studio analysis and another editor whole-project request publish committed rename source only (10.439027ms)
  Error [WorkbenchError]: Unknown compiler request 'documentSymbols'
      at workbenchError (file:///workspace/scratch/6b99131ca908/p16-integration/apps/studio/workbench/state-events.js:58:17)
      at WorkerClient.request (file:///workspace/scratch/6b99131ca908/p16-integration/apps/studio/workbench/worker-client.js:102:29)
      at BuildService.request (file:///workspace/scratch/6b99131ca908/p16-integration/apps/studio/workbench/build.js:64:38)
      at StudioProjects.request (file:///workspace/scratch/6b99131ca908/p16-integration/apps/studio/workbench/studio-projects.js:119:20)
      at TestContext.<anonymous> (file:///workspace/scratch/6b99131ca908/p16-integration/tests/a19-preview-source-publication.test.js:57:18)
      at async Test.run (node:internal/test_runner/test:1389:7)
      at async startSubtestAfterBootstrap (node:internal/test_runner/harness:387:3) {
    code: 'UNKNOWN_METHOD'
  }

test at tests/a19-preview-source-publication.test.js:72:1
✖ real rename completion publishes its new version after lease release and remains one undo operation (2.069319ms)
  Error [WorkbenchError]: Unknown compiler request 'documentSymbols'
      at workbenchError (file:///workspace/scratch/6b99131ca908/p16-integration/apps/studio/workbench/state-events.js:58:17)
      at WorkerClient.request (file:///workspace/scratch/6b99131ca908/p16-integration/apps/studio/workbench/worker-client.js:102:29)
      at BuildService.request (file:///workspace/scratch/6b99131ca908/p16-integration/apps/studio/workbench/build.js:64:38)
      at StudioProjects.request (file:///workspace/scratch/6b99131ca908/p16-integration/apps/studio/workbench/studio-projects.js:119:20)
      at TestContext.<anonymous> (file:///workspace/scratch/6b99131ca908/p16-integration/tests/a19-preview-source-publication.test.js:79:18)
      at Test.runInAsyncScope (node:async_hooks:227:14)
      at Test.run (node:internal/test_runner/test:1382:25)
      at Test.processPendingSubtests (node:internal/test_runner/test:960:18)
      at Test.postRun (node:internal/test_runner/test:1522:19)
      at Test.run (node:internal/test_runner/test:1447:12) {
    code: 'UNKNOWN_METHOD'
  }
