Discovered 59 Node test files and 4 Python suites in 1 area manifests. Node reports executed test counts below.
▶ VS Code shortcuts apply independently specified text, caret, view and host results
  ✔ ArrowLeft (17.085905ms)
  ✔ Shift+ArrowLeft (1.768515ms)
  ✔ ArrowRight (1.486982ms)
  ✔ Shift+ArrowRight (2.447109ms)
  ✔ ArrowUp (1.454222ms)
  ✔ Shift+ArrowUp (1.095801ms)
  ✔ ArrowDown (1.067699ms)
  ✔ Shift+ArrowDown (1.072176ms)
  ✔ Home (1.588114ms)
  ✔ Shift+Home (2.257583ms)
  ✔ End (0.866906ms)
  ✔ Shift+End (0.7898ms)
  ✔ Mod+Home (0.706445ms)
  ✔ Mod+Shift+Home (0.678322ms)
  ✔ Mod+End (0.668638ms)
  ✔ Mod+Shift+End (0.6699ms)
  ✔ Mod+ArrowLeft (1.762477ms)
  ✔ Mod+Shift+ArrowLeft (0.734948ms)
  ✔ Mod+ArrowRight (0.835559ms)
  ✔ Mod+Shift+ArrowRight (0.774848ms)
  ✔ PageUp (0.676991ms)
  ✔ Shift+PageUp (0.693074ms)
  ✔ PageDown (1.237375ms)
  ✔ Shift+PageDown (0.693114ms)
  ✔ Backspace (3.553917ms)
  ✔ Delete (1.39984ms)
  ✔ Mod+Backspace (1.629877ms)
  ✔ Mod+Delete (0.964664ms)
  ✔ Enter (1.159177ms)
  ✔ Tab (1.683637ms)
  ✔ Shift+Tab (1.793984ms)
  ✔ Mod+A (1.059266ms)
  ✔ Mod+X (1.173499ms)
  ✔ Mod+V (1.290105ms)
  ✔ Mod+C (0.713756ms)
  ✔ Mod+Z (1.88399ms)
  ✔ Mod+Y (0.837743ms)
  ✔ Mod+Shift+Z (0.834407ms)
  ✔ Mod+D (1.537768ms)
  ✔ Mod+Shift+L (1.290595ms)
  ✔ Mod+Shift+K (1.125938ms)
  ✔ Mod+L (0.864723ms)
  ✔ Mod+Enter (1.125687ms)
  ✔ Mod+Shift+Enter (1.016462ms)
  ✔ Alt+Shift+ArrowUp (1.324016ms)
  ✔ Alt+Shift+ArrowDown (1.062272ms)
  ✔ Alt+ArrowUp (1.407292ms)
  ✔ Alt+ArrowDown (1.173579ms)
  ✔ Mod+Alt+ArrowUp (1.670508ms)
  ✔ Mod+Alt+ArrowDown (0.796671ms)
  ✔ Mod+Shift+\ (0.817893ms)
  ✔ Mod+] (0.963683ms)
  ✔ Mod+[ (0.872946ms)
  ✔ Mod+ArrowUp (0.696029ms)
  ✔ Mod+ArrowDown (0.894858ms)
  ✔ Mod+Shift+[ (1.120158ms)
  ✔ Mod+Shift+] (0.872665ms)
  ✔ Mod+K Mod+0 (1.178106ms)
  ✔ Mod+K Mod+J (1.201341ms)
  ✔ Mod+K Mod+C (1.754966ms)
  ✔ Mod+K Mod+U (1.252748ms)
  ✔ Mod+/ (1.847084ms)
  ✔ Alt+Z (0.674927ms)
  ✔ Escape (0.687055ms)
  ✔ Insert (0.674918ms)
  ✔ Mod+= (0.62338ms)
  ✔ Mod+- (0.753816ms)
  ✔ Mod+0 (0.696881ms)
  ✔ Mod+P (0.754587ms)
  ✔ Mod+Shift+P (0.633154ms)
  ✔ F1 (0.750992ms)
  ✔ Mod+, (0.604161ms)
  ✔ Mod+K Mod+S (0.579363ms)
  ✔ Mod+S (0.547135ms)
  ✔ Mod+Shift+S (1.529545ms)
  ✔ Mod+F4 (1.031425ms)
  ✔ Ctrl+F6 (1.082392ms)
  ✔ Ctrl+Shift+F6 (0.906466ms)
  ✔ Mod+Alt+N (1.218477ms)
  ✔ Mod+Alt+O (0.913667ms)
  ✔ Mod+\ (0.902751ms)
  ✔ Alt+ArrowLeft (1.156923ms)
  ✔ Alt+ArrowRight (0.990002ms)
  ✔ F12 (0.715318ms)
  ✔ Shift+F12 (0.773455ms)
  ✔ Mod+Shift+F (0.700917ms)
  ✔ Mod+Shift+H (0.744302ms)
  ✔ Mod+F (0.837752ms)
  ✔ Mod+H (1.790028ms)
  ✔ F3 (0.720356ms)
  ✔ Shift+F3 (0.824132ms)
  ✔ Mod+Space (0.771724ms)
  ✔ Mod+Shift+Space (0.594466ms)
  ✔ Mod+K Mod+I (0.602128ms)
  ✔ Mod+. (0.761237ms)
  ✔ F2 (0.677922ms)
  ✔ Alt+Shift+F (1.06778ms)
  ✔ Alt+Shift+ArrowRight (0.88914ms)
  ✔ Alt+Shift+ArrowLeft (0.749781ms)
✔ VS Code shortcuts apply independently specified text, caret, view and host results (129.467864ms)
✔ normalizes platform modifiers and real shifted punctuation without intercepting AltGraph or IME (0.584912ms)
✔ macOS profile editing uses Meta while physical Ctrl bindings remain distinct (0.976032ms)
✔ context expressions are bounded boolean predicates without evaluation side effects (0.924574ms)
✔ resolver honors scope, priority, predicates, disposal, and atomic replacement of invalid bindings (0.69034ms)
✔ chord cancellation, failure and timeout leave no stale pending input (0.572333ms)
✔ a higher-priority chord prefix suppresses a lower-priority destructive command even after timeout (0.287343ms)
✔ all shipped profile bindings have executable command registrations (1.993485ms)
✔ Visual Studio bindings and unbound known commands match the pinned inventory (36.486148ms)
✔ readonly commands and editing aliases preserve text/history while navigation remains available (1.265567ms)
✔ completion filter aliases call the implemented insight API with directions (0.865094ms)
✔ profile switches preserve the authoritative model, undo, primary selection, view and native state (24.372629ms)
✔ resuming Vim insert after a profile switch opens a new complete undo group (5.245948ms)
✔ Emacs mark extends motion, exchanges ends and kills the marked region with one undo (3.031109ms)
✔ Emacs successive kills append, yank cycles distinct entries, and unrelated commands end a yank chain (5.232979ms)
✔ Emacs ring bounds and marks stay independent between views and track document edits (3.035555ms)
✔ Sublime occurrences and split-line carets edit the actual model atomically (3.074344ms)
✔ native text edits preserve CRLF and deduplicate two carets on one copied line (1.778371ms)
✔ clipboard distributes multiline fragments, remembers line copy and undoes all caret pastes together (2.170562ms)
▶ denied and stale clipboard requests never mutate text, history or selections
  ✔ Edit.Cut (1.208361ms)
  ✔ Edit.Paste (0.966506ms)
  ✔ selection (1.607032ms)
  ✔ document (1.250475ms)
  ✔ dispose (1.096473ms)
  ✔ profile (0.999757ms)
  ✔ readonly (0.794397ms)
✔ denied and stale clipboard requests never mutate text, history or selections (8.87622ms)
✔ CodeMirror protocol is a live model projection with operation undo and savepoint cleanliness (1.502965ms)
✔ document marks follow edits, are cleared on model replacement, and dispose releases subscriptions (2.770436ms)
✔ instance receiver signature help includes its accessible instance overloads, not same-name unrelated methods (109.24078ms)
✔ this receiver uses its containing type, preserving private overloads accessible within that type (6.872529ms)
✔ type receivers use static overloads and scoped receiver variables use their bound types (11.592484ms)
✔ generic and inherited instance members display substituted parameter types (11.214069ms)
✔ incomplete invocation recovery retains the bound this receiver before arguments or closing delimiters exist (5.246849ms)
✔ nested delimiters and named argument mapping use actual syntax and the selected overload (8.802889ms)
✔ unresolved receivers and stale worker snapshots never return unrelated method tips (4.622597ms)
✔ worker uses syntax argument separators when a lexical hint counts a nested generic comma (5.500571ms)
✔ A20 pre-cancelled and queued-cancelled disk saves do not start a read or write (13.347079ms)
✔ A20 cancelling an acquired prepared baseline releases its private model and preserves the live source (5.651248ms)
✔ A20 cancellation during permission and stream acquisition prevents any committed write (10.773339ms)
✔ A20 a mid-stream cancellation aborts before close and retains the previous baseline/version (17.374625ms)
✔ A20 close is the per-file commit boundary; cancellation prevents later files and preserves exact partial written results (15.435998ms)
✔ A20 a cancellation after the final close starts does not falsely report an uncommitted file (8.140441ms)
✔ model benchmark measures all five actual operations and preserves source correctness (21.511139ms)
✔ model benchmark cancellation is explicit and produces no pretend successful report (0.885035ms)
✔ memory runner refuses unavailable GC and preserves signed deltas (0.608617ms)
✔ browser harness serves the real editor entry under a strict CSP and rejects malformed resource URLs (42.996278ms)
✔ 200 MiB qualification is explicitly accepted without growing defaults or allocating a large fixture (1.653513ms)
✔ browser readiness only uses evaluate and stops once the real API appears (3.687119ms)
✔ browser readiness has a deadline even when evaluate hangs, and propagates page errors or cancellation (11.315148ms)
✔ chunk boundaries preserve the shared matcher nonoverlap, case-fold and word-boundary semantics (26.212396ms)
✔ cooperative search is cancellable between slices and reports progress without publishing partial success (1.139458ms)
✔ persistent snapshots are read in bounded slices without materializing document text (11.918057ms)
✔ global match limits remain exact when each chunk contains rejected whole-word matches (48.034975ms)
✔ regex worker receives bounded chunks and cancellation terminates its isolated computation (8.031647ms)
✔ real paste source triggers bounded range formatting and its own undo transaction (6.197282ms)
✔ disabled paste/type/completion triggers and formatting recursion schedule no work (0.687236ms)
✔ on-type formatting uses the registered provider and read-only editors cannot commit it (0.448005ms)
✔ A20 shared-model locks update each pane, reject prepared edits, and preserve rollback and history (5.131046ms)
✔ A20 read-only construction and subscription disposal do not change document revisions (0.841188ms)
✔ A20 same-line offscreen edits reconcile wrap counts and zone mapping without visiting the line (8.064848ms)
✔ A20 wrap measurement stays chunked after a large same-line-count replacement (1.071756ms)
✔ A20 deleting a brace or region marker on one line refreshes the actual folding provider (6.718138ms)
✔ A20 real workspace configuration applies ancestor sections, per-language overlays and ordinary EOL preservation (3.777445ms)
✔ A20 EditorConfig input is bounded, model-aware, ordered, atomic and unaffected by unrelated root flags (1.000268ms)
✔ A20 multi-caret deletion retains blocked carets and merges overlapping word deletions in one undo step (9.437016ms)
✔ A20 invalid load chunk sizes reject before reading or replacing the document (1.567733ms)
✔ A20 overlapping whole-line expansions transform every selected line once (1.341683ms)
✔ A20 project/disk path-only records apply configuration without flattening source snapshots (0.440584ms)
✔ compiler contribution reuses real language endpoints with explicit client aliases (88.356431ms)
✔ diagnostic and semantic results are versioned, source faithful and reject stale snapshots (7.370932ms)
✔ signature request uses provider symbols for nested invocations and preserves active argument (13.739923ms)
✔ inlay hints share one bound implementation with the existing LSP contract (5.094991ms)
✔ rename and refactoring requests return versioned edits without committing source (33.35928ms)
✔ format selection/on-type adapt existing indentation edits and preserve unrelated lines (2.189611ms)
✔ generated peek targets retain their own URI/version and are explicitly read-only (0.482397ms)
✔ A20 shared-model locks update each pane, reject prepared edits, and preserve rollback and history (5.725872ms)
✔ A20 read-only construction and subscription disposal do not change document revisions (0.976742ms)
✔ A20 same-line offscreen edits reconcile wrap counts and zone mapping without visiting the line (7.987803ms)
✔ A20 wrap measurement stays chunked after a large same-line-count replacement (1.183134ms)
✔ A20 deleting a brace or region marker on one line refreshes the actual folding provider (7.944187ms)
✔ A20 multi-caret deletion retains blocked carets and merges overlapping word deletions in one undo step (9.530988ms)
✔ A20 invalid load chunk sizes reject before reading or replacing the document (1.320772ms)
✔ A20 overlapping whole-line expansions transform every selected line once (1.320972ms)
✔ nearest-rank percentiles preserve raw outliers and reject malformed samples (1.47279ms)
✔ 100MB fixture uses exact byte/code-unit size with one deterministic middle search target (326.439666ms)
✔ performance gate fails strictly above20percent p95 and passes exact20percent boundary (12.283128ms)
✔ retained memory budgets bound each real component and preserve signed measurement noise (0.736841ms)
✔ one regressed size/operation cannot be hidden by another faster row (0.368235ms)
✔ gate rejects missing browser evidence, changed runners, tampered percentiles and failed correctness (0.5372ms)
✔ zero baseline and missing/duplicate benchmark rows cannot silently pass (0.267654ms)
✔ regex replacement with numbered and named groups spans open documents atomically (7.608008ms)
✔ find selection scope retains the captured range, whole-word filters and preserve-case replacements (2.138795ms)
✔ selection search counts only its captured scope and restores original regex capture coordinates (5.4793ms)
✔ single-editor and selection snapshots stay lazy and reject replaced model identities (18.793312ms)
✔ a newer search supersedes pending matches and an invalid pattern cannot reuse an older result (11.512896ms)
✔ invalid regex and stale replace preview leave source unchanged and history stays bounded (1.283344ms)
✔ side-by-side and inline rows share hunks and preserve line alignment around insertion and deletion (1.656607ms)
✔ merge preserves unresolved conflict bytes until a chosen side, both or manual result is accepted (7.519316ms)
✔ independent merge changes are accepted automatically and adjacent conflict offsets track replacement length (0.438651ms)
✔ every declared service can be supplied by a standalone fake provider (2.595062ms)
✔ RPC adapter advertises only pure registered methods and passes cancellation through (0.332411ms)
✔ request generations reject older versions, edits at identical caret offsets and out-of-order results (1.049773ms)
✔ guard propagates errors, isolates feature channels and cancels on dispose (0.313783ms)
✔ guard retains persistent snapshot identities and compares target document versions independently (1.193589ms)
✔ three-document edits commit before any subscriber and undo in one step per document (5.419651ms)
✔ stale, overlapping, missing, readonly and invalid LSP edits fail before any mutation (0.958204ms)
✔ LSP document changes and captured versions require an explicit host for resource operations (0.624782ms)
✔ version change after preview blocks commit and an internal participant failure rolls back history (1.291046ms)
✔ rename preview updates source without publishing then cancel restores exact bytes and undo state (0.940287ms)
✔ diagnostic severities and semantic overlays are version checked and preserve lexical coverage (0.562047ms)
✔ snippet placeholders, forward mirrors, variables, choices and final stop use UTF-16 offsets (1.992934ms)
✔ nested snippet placeholders and escaped punctuation are retained (0.292662ms)
✔ invalid, recursive, excessive and transform snippets fail explicitly (0.726656ms)
✔ all builtin snippets expand and all required C# and surrounding templates are present (0.536659ms)
✔ snippet primary edits and synchronous linked mirrors undo together through editor edit hooks (4.654416ms)
✔ completion fuzzy matches prefer prefix, preserve match positions, support filters and use bounded MRU (0.491441ms)
✔ signature nesting counts only commas in the active call and ignores literals (3.643723ms)
✔ smart newline uses source EOL, indentation settings and a caret between empty braces (0.405541ms)
✔ ordinary model switches retain selections, folding and scroll without transferring model ownership (5.820124ms)
✔ a removed model cannot reinsert itself or overwrite folding state when its old view is disposed (0.65655ms)
✔ an externally replaced model keeps its registry entry and cache when the previous view saves state (0.658984ms)
✔ standalone explicit same-URI replacement discards state belonging to the previous model (0.692243ms)
✔ document/project/solution Fix All batch exactly one selected action equivalence family (121.462309ms)
✔ Fix All validates every source version and rejects forged, absent or ambiguous ownership (0.554265ms)
✔ implicit type batches preserve nonexact numeric conversions, const locals and comments (8.555989ms)
✔ solution Fix All uses real isolated compiler contexts, deduplicates shared source and does not commit (21.633514ms)
✔ project Fix All does not broaden to an unrelated project (7.821151ms)
✔ type rename reaches each dependent compiler context and returns one resource move (20.442358ms)
✔ workspace action rejects a source mutation or ownership change while providers are answering (9.544749ms)
✔ pre-cancelled solution action never returns a partial plan (1.709707ms)
✔ solution Fix All and rename reject new project membership during the final semantic validation (20.283108ms)
✔ conflicting shared edits or resources are refused before a preview can be committed (0.410539ms)
✔ incremental forward search begins at a large origin and repeats beyond 10000 matches before wrapping (10.6003ms)
✔ incremental reverse search selects the nearest preceding match and wraps from the actual caret (1.34004ms)
✔ extending and shortening an incremental query always returns to the opening origin (1.28641ms)
✔ cancel restores the opening range, while accepting preserves the selected match without edits (0.909211ms)
✔ an explicit navigation budget failure leaves the original selection and displays the limit (0.7689ms)
✔ an exhausted scope and an empty query display their result without moving the caret (1.580132ms)
✔ a delayed incremental result is discarded after edit (1.814696ms)
✔ a delayed incremental result is discarded after replace model (0.690691ms)
✔ a newer incremental query supersedes a delayed search without stale navigation or status (0.509298ms)
✔ close cancels a pending search and prevents subsequent late results (0.416728ms)
✔ dispose cancels a pending search and prevents subsequent late results (0.23889ms)
✔ host navigation failures are handled inside the incremental request and reported to the user (0.313903ms)
✔ closing during asynchronous host navigation passes cancellation and suppresses a stale status (0.319171ms)
✔ same-document insight navigation uses the host preview and awaits focus restoration (3.878597ms)
✔ cross-document insight navigation preserves host group options and restores focus after failure (0.855911ms)
✔ compilation semantic fallback retains diagnostics and bound trees without editor invocation records (104.294889ms)
✔ a first post-build signature query captures privately once without mutating compilation queries or diagnostics (12.974299ms)
✔ a source model created before compilation captures within its original bind and reuses it for signature help (5.546752ms)
✔ invalid post-build signature requests do not capture or mutate the reused analysis (6.063682ms)
✔ A20 disk defaults still reject source files or save text exceeding 2000000 bytes (9.908939ms)
✔ A20 explicit readDirectory limits permit >2MB source save and survive the read/write boundary (196.170466ms)
✔ A20 FileList limits propagate to DiskWorkspace and total encoded bytes preflight every write (7.849153ms)
✔ A20 UTF-16 limits count encoded bytes including BOM and retain encoding on save (2.145455ms)
✔ A20 serialized saves reject a queued stale version and permission-time conflicts before writing (4.18535ms)
✔ actual C# worker supplies invocation commit characters for source and intrinsic methods only (95.33967ms)
✔ typing a method invocation opener commits the selected real provider item and the opener in one undo step (8.036844ms)
✔ suggestion mode keeps an invocation opener available to typing and Escape preserves the prefix (4.94858ms)
✔ read-only completion does not consume a commit character or mutate the source (4.219821ms)
✔ preview has a visual root but publishes original source without undo entries or change events (4.968569ms)
✔ non-owner edits, history, checkpoint restores and competing previews reject without mutation (1.43996ms)
✔ preview ownership epochs reject old prepared commits and editor rebinding after exact-root restoration (0.683741ms)
✔ async preparation cannot cross a preview ownership cycle even when root and version are restored (0.778243ms)
✖ saved markers survive preview cancellation and no-op save captures the committed root (0.659414ms)
✔ ordinary atomic silent commits publish every root before the first model notification (1.191286ms)
✔ disposal restores the published source and invalidates delayed preview capabilities (0.430148ms)
✔ a low-level buffer mutation invalidates publication ownership without restoring over external text (0.458732ms)
✔ a borrowed buffer remains externally owned and stale preview disposal preserves its advanced root (0.49083ms)
✔ the preview owner cannot prepare a write over an independently advanced buffer (0.399773ms)
✔ committed notification ownership survives preview acquisition but cannot be forged or replayed (0.328695ms)
✔ preview restoration repaints every live view of its model and leaves different documents untouched (0.400774ms)
✔ A20 prefixWorkspace rebases persistent source identity and leaves the input model caller-owned (7.99382ms)
✔ A20 manifest extraction rebases source identities after validating all destination paths (5.175211ms)
✔ A20 unchanged source paths preserve descriptors and model ownership without a rebase provider (4.976001ms)
✔ A20 failed rebasing disposes only newly created models and preserves every original (4.186471ms)
✔ A20 invalid manifest settings reject before any prepared source is rebased (1.508915ms)
✔ A20 nested manifest rebasing keeps granted disk handles, source baselines and save versions aligned (12.892373ms)
✔ A20 rebased disk sessions serialize with pending original saves and reject their stale baseline (12.422475ms)
✔ A20 FileList→DiskWorkspace→ProjectSystem retains prepared descriptors and never reads lazy source text during discovery (11.101834ms)
✔ A20 failed and cancelled FileList reads dispose their own completed models and publish no partial batch (4.780736ms)
✔ A20 failed directory iteration disposes prepared models after traversal loses access (4.802389ms)
✔ A20 prepared utf-8 source saves captured snapshots in chunks, preserving BOM, pairs and disk versions (27.455676ms)
✔ A20 prepared utf-16le source saves captured snapshots in chunks, preserving BOM, pairs and disk versions (20.991061ms)
✔ A20 prepared utf-16be source saves captured snapshots in chunks, preserving BOM, pairs and disk versions (19.23231ms)
✔ A20 snapshot saves enforce encoded byte limits before write permission or stream creation (2.079204ms)
✔ A20 prepared baseline checks detect permission-time external changes before any stream opens (7.073082ms)
✔ A20 prepared save I/O failure aborts its stream and retains the prior baseline and disk version (7.048023ms)
✔ A20 invalid source reader records are rejected and cleaned up without a lazy text read (0.912555ms)
✔ A20 default binary-source handling remains intact while explicit reader limits reject before slicing (4.517109ms)
✔ A20 public source encoding shares exact BOM/byte bounds and leaves stream commit ownership with the caller (4.815869ms)
✔ ordinary diagnostics keep their immediate severity, range and empty-result behavior (3.441177ms)
✔ latest pending analysis is normalized against committed source and flushed by actual preview restoration (1.75774ms)
✔ an empty pending result clears earlier errors when the preview releases (0.811494ms)
✔ preview release repaints a secondary shared view and flushes its own pending diagnostics (0.535607ms)
✔ a replacement model with the same URI and version never receives a previous model pending result (0.873797ms)
✔ a source committed before deferred delivery invalidates the captured pending result (0.991425ms)
✔ a disposed presentation cannot flush or retain pending source diagnostics (0.628217ms)
✔ text and resource rename produce one immutable complete host plan without editing live models first (2.654121ms)
✔ workspace resource support is evaluated again when the host mode changes after preview (0.690872ms)
✔ stale targets, resource collisions, readonly source and host failure leave source unchanged (1.818691ms)
✔ unversioned and unsupported resource operations fail before the host receives any plan (0.435536ms)
✔ real bound type rename preview restores original source, selection and undo after changing options (88.005625ms)
✔ provider invalidation is scoped, explicitly disposable and does not fabricate source changes (0.819846ms)
✔ rename preview refuses a newer low-level buffer revision even when external edits reproduce its displayed bytes (0.655368ms)
✔ changing the active model restores only the captured rename preview and refuses another preview (0.449668ms)
✔ live rename option changes never publish preview source into the monotonic bound workspace (98.331604ms)
✔ committing an expanded preview publishes one atomic undo entry before background requests resume (10.173119ms)
✔ request suspension aborts pending providers and independent leases release idempotently (2.669485ms)
✔ disposing a visible rename restores exact source and releases provider ownership (6.415252ms)
✔ same-model secondary views remain suspended through restored-source rename request windows (4.434135ms)
✔ CodeLens commands and legacy references cannot dispatch from an active rename preview (5.012398ms)
✔ model switch before a delayed update closes the captured rename without querying the new document (4.641598ms)
✔ actual insights changed lifecycle cancels rename on same-URI model replacement (4.104849ms)
✔ removing workspace ownership closes rename even while its old editor still references the model (4.260414ms)
✔ a failed final commit closes the released capability and resumes normal requests (4.76867ms)
✔ async resource Apply forwards real cancellation and its old finally cannot close a newer rename (3.863185ms)
✔ ReSharper-like is a native profile with stable identity and preserves the Visual Studio default (13.286091ms)
✔ duplicate edits every selected range in one model transaction and undo restores primary direction (5.112458ms)
✔ line duplication and joining use native CRLF-aware commands (2.973753ms)
✔ line and shifted-punctuation block comment shortcuts change the real model and remain reversible (2.841504ms)
✔ ReSharper move-line gestures preserve the original line terminators and undo history (2.196592ms)
✔ language and selection gestures invoke the supported provider contract exactly once (2.514391ms)
✔ navigation and browser-alternative chords preserve query arguments, URI and caret at the host seam (1.886965ms)
✔ a language provider can complete formatting and rename through the same model and shared undo stack (3.030159ms)
✔ absent snippet providers report explicit unavailability and never edit the document (1.305378ms)
✔ read-only, composing, AltGraph and disposed views cannot perform ReSharper edits (1.205348ms)
✔ the portable Mac mapping uses Meta and retains browser chord alternatives (0.996262ms)
✔ profile switches preserve model identity, undo, selections, folds, bookmarks and modal state (5.284677ms)
✔ A20 Save As without a utf-8 BOM retains the encoding on both later baseline checks (26.86841ms)
✔ A20 utf-8 output refuses unpaired surrogates before closing or downloading (24.125444ms)
✔ A20 utf-8 disk preflight rejects lossy captured and legacy input before opening a stream (2.810478ms)
✔ A20 Save As without a utf-16le BOM retains the encoding on both later baseline checks (16.248092ms)
✔ A20 utf-16le output refuses unpaired surrogates before closing or downloading (23.616447ms)
✔ A20 utf-16le disk preflight rejects lossy captured and legacy input before opening a stream (2.197644ms)
✔ A20 Save As without a utf-16be BOM retains the encoding on both later baseline checks (16.407643ms)
✔ A20 utf-16be output refuses unpaired surrogates before closing or downloading (20.690946ms)
✔ A20 utf-16be disk preflight rejects lossy captured and legacy input before opening a stream (2.433489ms)
✔ A20 direct source output reports a boundary high surrogate and leaves abort/close ownership to its caller (0.758693ms)
✔ A20 the default disk reader retains an explicitly known no-BOM UTF-16 baseline (6.005915ms)
✔ A20 source output rejects NUL and an ambiguous leading BOM character without committing or downloading (2.488332ms)
✔ A20 rebasing retains the old encoded-byte baseline when the prepared source has changed (2.107177ms)
✔ A20 unchanged rebasing keeps a provably current byte baseline without reading text (1.534974ms)
✔ A20 a no-option save of an actual 200 MiB line is synchronous; enabled tail trim commits once without a whole-text view (1202.459632ms)
✔ A20 trailing-whitespace scans use bounded backward windows and yield before finishing a long logical line (454.500112ms)
✔ A20 save normalization matches terminator/trim semantics while preserving significant whitespace and one undo transaction (130.320595ms)
✔ A20 aborted normalization leaves source, selections, dirty marker and undo history untouched (1.939324ms)
✔ A20 changed source, replaced model and changed text options reject private normalization before commit (1.795087ms)
✔ A20 private preparation rejects invalid limits and excessive edits without applying a partial line batch (0.924224ms)
✔ A20 prepared commits use the latest view selections and the shared contribution transaction (13.043296ms)
✔ A20 trimming before a requested final newline retains a content-end caret before that new terminator (0.627326ms)
✔ A20 a shared read-only transition during preparation never changes the buffer (11.127116ms)
✔ A20 Save As starts the picker before asynchronous preparation and writes only its exact replacement capture (7.20966ms)
✔ A20 dismissing a picker never runs a normalization callback (0.554636ms)
✔ A20 cancellation or a preparation rejection cannot open a write stream or download (0.86849ms)
✔ A20 a replacement capture must retain URI and a current, consistent version before write acquisition (0.985626ms)
✔ A20 download fallback prepares exactly once and still cannot report a confirmed native save (7.575021ms)
✔ single-match navigation reaches forward and backward origins beyond 10000 earlier matches (3.072122ms)
✔ navigation finds nearest overlapping matches and wrapped spans crossing the original origin (0.686656ms)
✔ scalar matches survive chunk seams and origins inside UTF-16 pairs in either direction (7.539838ms)
✔ navigation retains literal case folding, Unicode word boundaries and merged selection exclusions (1.912133ms)
✔ a near-end origin in a virtual 200 MiB ASCII source requests only bounded nearby slices (0.752966ms)
✔ cooperative navigation holds an immutable source snapshot while the original buffer changes (2.707362ms)
✔ step and elapsed limits fail explicitly before an incomplete scan could report wrapping or no match (0.874588ms)
✔ navigation honors cancellation before scanning and between cooperative chunks (0.728168ms)
✔ navigation rejects invalid bounds and oversized exclusions without reading unbounded source text (0.965986ms)
✔ Add Next Occurrence advances after the primary range beyond 10000 matches and wraps around selected ranges (1.988027ms)
✔ Add Next Occurrence skips existing ranges and preserves the explicit 10000-selection capacity (13.277058ms)
✔ Add Next Occurrence excludes a candidate containing an existing empty caret (0.764362ms)
✔ source query model is cached per complete source/options revision (67.832672ms)
✔ namespace-qualified class bases, interfaces and members build distinct Class View branches (9.034501ms)
✔ bound reads, writes, declarations, compound updates and ref/out/in retain filterable metadata (28.640121ms)
✔ a written property does not classify its receiver as written (12.454999ms)
✔ tuple deconstruction writes are distinct from tuple reads (6.75178ms)
✔ partial generic type rename covers aliases, constructors, arrays, qualified names and typeof (52.176842ms)
✔ comment/string options use lexical spans and whole identifiers, including interpolation (21.820388ms)
✔ rename refuses collisions, captures, generated targets and existing resource destinations (11.200277ms)
✔ renaming Unicode source identifiers preserves UTF-16 offsets after an astral prefix (9.794277ms)
✔ parameter hints follow the selected overload and omit explicitly named arguments (8.461868ms)
✔ constructor and extension hints use parameter mapping without labeling the extension receiver (7.587249ms)
✔ worker and LSP preparation accept source types and return read/write highlights (4.620376ms)
✔ pure Outline worker routes the safe semantic reorder leaf and rejects stale versions (3.065011ms)
✔ framework hover carries a structured callable target for metadata navigation (7.003229ms)
✔ nameof and selected method-group conversions retain actual bound source references (27.416516ms)
✔ first and repeated signature queries retain their document owner in a shared source model (82.447276ms)
✔ exact opening lookup and caret lookup preserve nested-call boundaries through closing delimiters (10.359028ms)
✔ unresolved inner invocations hide an outer tip only while the caret belongs to the inner call (7.815264ms)
✔ a replacement source model has independent cached signatures while the captured revision remains readable (5.321393ms)
✔ A20 prepared utf-8 ingress retains BOM and streaming decoder state at byte boundaries (155.708011ms)
✔ A20 prepared utf-16le ingress retains BOM and streaming decoder state at byte boundaries (231.14957ms)
✔ A20 prepared utf-16be ingress retains BOM and streaming decoder state at byte boundaries (231.833992ms)
✔ A20 prepared empty and BOM-only files remain empty and editable without load history (10.552426ms)
✔ A20 Studio reads >2 MB File inputs in bounded slices and retains a stable original snapshot (32.632981ms)
✔ A20 source loading cancels before I/O and between chunks without returning a partial model (4.47815ms)
✔ A20 invalid chunk bounds and resource limits fail before a File read (0.831003ms)
✔ A20 malformed encodings, binary NUL, inconsistent chunks and I/O failures reject the staged load (11.245741ms)
✔ A20 CodeEditor large-file policy adopts only a complete decoded model and detects disposed loads (41.288698ms)
✔ Save As invokes the picker during the calling gesture before any source read (6.575041ms)
✔ Save As preserves utf-8, BOM, split surrogate pairs, and CRLF (6.632438ms)
✔ Save As preserves utf-16le, BOM, split surrogate pairs, and CRLF (6.837116ms)
✔ Save As preserves utf-16be, BOM, split surrogate pairs, and CRLF (6.408906ms)
✔ Save As writes the BOM for empty sources and supports captured legacy text data properties (4.633645ms)
✔ Save As streams an actual 200 MiB ASCII source without retaining or reading whole text (7208.714532ms)
✔ a cancelled native picker leaves the source unread and does not initiate an export (1.924471ms)
✔ pre-cancellation skips the picker and cancellation while acquiring a stream aborts it unread (0.906036ms)
✔ cancellation aborts a pending native write and never commits or writes a second chunk (1.650098ms)
✔ a native save is not confirmed until close completes; late cancellation does not undo a committed save (2.897047ms)
✔ a picker failure rejects, never exports, and aborts an acquired native stream (0.903291ms)
✔ a createWritable failure rejects, never exports, and aborts an acquired native stream (0.226972ms)
✔ a write failure rejects, never exports, and aborts an acquired native stream (0.327774ms)
✔ a close failure rejects, never exports, and aborts an acquired native stream (1.145327ms)
✔ encoded output caps, progress errors, and failed cleanup remain explicit failures (1.35306ms)
✔ a byte cap after a completed chunk aborts staged output and does not close the destination (3.231021ms)
✔ invalid native handles and streams report explicit errors, with cleanup when available (0.53026ms)
✔ download fallback with no picker preserves binary encoding but cannot confirm a save (2.534991ms)
✔ download fallback with read-only handle preserves binary encoding but cannot confirm a save (1.145307ms)
✔ download fallback with unsupported writable preserves binary encoding but cannot confirm a save (0.982511ms)
✔ download cancellation and unavailable hosts reject or cancel before falsely claiming an export (19.574349ms)
✔ the browser fallback uses a binary Blob URL and removes its temporary download link (2.304204ms)
✔ invalid source metadata and mutable or lazy-only sources fail before a picker opens (0.543699ms)
✔ suggested names use URI basenames, including Windows paths and empty trailing components (4.156316ms)
✔ a complete 501-file loose-source import stages without mutating existing sources (669.936034ms)
✔ failed later source reads leave every existing input untouched and enforce encoding/path policy (1.549025ms)
✔ legacy JSON project conversion retains settings and rejects invalid metadata before loading (1.06746ms)
✔ 200 MiB File reaches the actual Studio workspace model through chunked ingress with automatic work bounded (2462.452906ms)
✔ rejected settings and cancelled selection release new prepared models without changing the current workspace (6.720751ms)
✔ adding prepared files retains current projects, dirty models and private launch settings (8.684381ms)
✔ committed document callback errors still install matching project metadata and retain adopted models (3.833038ms)
✔ bulk Studio save passes captured roots and preserves newer edits after partial disk completion (2.579008ms)
✔ Save As download outcome retains dirty state and a replaced workspace cannot receive a late saved marker (1.754815ms)
✔ whole workspace limits count actual UTF-16 encoded bytes across imported files (10.954437ms)
✔ workspace budgets include binary file count and aggregate bytes (2.53374ms)
✔ edited source roots are counted again instead of trusting original encoded metadata (2.473378ms)
✔ empty binary recovery succeeds and recovery preflight errors are reported without escaping (7.463892ms)
✔ a saved project-file selection cannot become a source document active URI (14.173936ms)
✔ SF-A20-T25: region wrapping preserves LF body endings and does not indent later lines (6.089209ms)
✔ SF-A20-T25: block wrapping uses configured two-space indentation with LF (2.266917ms)
✔ SF-A20-T25: region wrapping preserves CRLF body endings and does not indent later lines (0.622278ms)
✔ SF-A20-T25: block wrapping uses configured two-space indentation with CRLF (0.668408ms)
✔ SF-A20-T25: region wrapping preserves CR body endings and does not indent later lines (0.606023ms)
✔ SF-A20-T25: block wrapping uses configured two-space indentation with CR (0.455257ms)
✔ SF-A20-T25: mixed body terminators are unchanged while new wrapper lines use configured EOL (0.547905ms)
✔ SF-A20-T25: region preserves existing body indentation with indentation excluded from the selection (0.711422ms)
✔ SF-A20-T25: block templates use tabs and preserve relative body tabs (0.653595ms)
✔ SF-A20-T25: each selected-text placeholder follows its own indentation context (0.595467ms)
✔ SF-A20-T25: selected snippet-looking text and empty lines remain literal (0.509258ms)
✔ SF-A20-T25: read-only surrounding does not modify text or history (0.234574ms)
✔ SF-A20-T25: template EOL adaptation includes CR and preserves the existing public literal-indent contract (0.241624ms)
✔ SF-A20-T25: contextual variable formatting preserves placeholder ranges and rejects invalid formatter output (0.585263ms)
✔ B01: Visual Studio Ctrl+K Ctrl+S reaches Surround With once and applies a production snippet in one undo (21.217204ms)
✔ B01: a missing Surround With provider reports its absence without opening code actions (2.205986ms)
✔ SF-A20-T41: untabify resets visual columns at every LF line (2.268239ms)
✔ SF-A20-T41: tabify converts every LF indentation without changing terminators (0.329667ms)
✔ SF-A20-T41: untabify resets visual columns at every CRLF line (0.24506ms)
✔ SF-A20-T41: tabify converts every CRLF indentation without changing terminators (0.111208ms)
✔ SF-A20-T41: untabify resets visual columns at every CR line (0.129435ms)
✔ SF-A20-T41: tabify converts every CR indentation without changing terminators (0.101744ms)
✔ SF-A20-T41: tab conversion preserves mixed EOL, blank lines and tab columns in mixed indentation (0.190557ms)
✔ SF-A20-T41: disjoint multiline selections convert in one undo transaction and restore selection state (4.332941ms)
✔ SF-A20-T41: read-only tab conversion leaves the model and history unchanged (0.61705ms)
✔ source-indexed lenses are unresolved and lazy, ordered, project-owned and never materialize document text (2.702173ms)
✔ actual editor service command runs only the selected registry test through TaskCenter and refreshes real status (1.654745ms)
✔ real failed and skipped outcomes resolve with their observed state and do not fabricate timing (0.656079ms)
✔ forged or stale source, span, test and project identities cannot resolve or execute (1.086588ms)
✔ linked documents require exact stable project ownership; a display label never selects a project (0.500414ms)
✔ discovery invalidates moved locations and captures omitted versions only on actual rediscovery (0.371591ms)
✔ cancelling a lens run preserves an independent Test Explorer run and reports actual cancellation (0.706765ms)
✔ unregistering a real provider aborts its run, invalidates lenses and cannot leave a clickable old action (0.576499ms)
✔ disposing CodeLens cancels only its runs, removes refresh listeners and rejects later requests (0.651792ms)
✔ an optional operation wrapper cannot bypass provider execution or reuse its delayed run after completion (0.392982ms)
✔ deferred execution revalidates source and discovery ownership before starting the test (0.26561ms)
✔ provider errors still emit final invalidation and resolve to the actual failed registry state (0.37172ms)
✔ pre-aborted requests and malformed commands fail before starting provider work (0.393573ms)
✔ document bounds and the editor lens cap reject unusable or excessive discoveries explicitly (9.275702ms)
✔ A20 multi-caret editing commits one undo group and grapheme delete preserves boundaries (4.243126ms)
✔ A20 deletion boundaries and smart newline at EOF are valid no-ops or atomic edits (1.092637ms)
✔ A20 overtype never replaces a newline and virtual space is materialized only by typing (0.627556ms)
✔ A20 advanced transforms preserve multi-caret atomicity and Unicode case expansion (1.489155ms)
✔ A20 editorconfig precedence changes indentation per path and save applies EOL trim/final newline (2.332245ms)
✔ A20 clipboard ring bounds entries and drag move preserves one undo transaction (0.605573ms)
✔ A20 bookmarks and unsaved/saved/reverted change marks follow undo (0.953027ms)
✔ A20 chunk loading commits once and cancellation or malformed UTF-8 keeps original model (10.226676ms)
✔ A20 advanced caret transforms and disjoint line moves preserve EOLs and undo selections (3.91424ms)
✔ A20 advanced sorting preserves CRLF and read-only rejects transforms (0.959597ms)
✔ A20 incremental syntax reconverges within 200 lines in a 100000-line document (569.546427ms)
✔ A20 incremental syntax matches full lexing after multiline literal and comment edits (4.209716ms)
✔ A20 folding validates nesting and expands edits in hidden ranges (0.80947ms)
✔ A20 folding state persists per document and fallback handles regions comments usings (2.439638ms)
✔ A20 folding ignores stale and disposed language responses (0.671702ms)
✔ A20 typed folding provider cancels older requests and restores saved collapsed state after discovery (0.573384ms)
✔ A20 native clipboard retains per-caret fragments, line-copy metadata and malformed payload fallback (5.410495ms)
✔ A20 view model adapter follows document switches and keeps view selections independent (0.436848ms)
✔ A20 synthetic composition commits once, cancels safely and cannot cross document identity (0.904183ms)
✔ A20 rename preview refreshes token/layout caches without publishing or recording edits (2.206506ms)
✔ A20 line layout round trips grapheme offsets, tabs, CJK and emoji (2.755374ms)
✔ A20 visual line map handles 500000 lines with wraps, hidden intervals and inverse lookup (4.686224ms)
✔ A20 wrap covers source without splitting extended graphemes (0.601978ms)
✔ A20 viewport bounds materialized rows and folds preserve logical line numbering (26.715081ms)
✔ A20 whitespace changes only decoration data and overview endpoints are exact (0.62369ms)
✔ A20 leading and inline zones retain row mapping through repeated layout resets (1.7843ms)
✔ A20 long-line fragments clamp stale horizontal scroll and use bounded text reads (2.121237ms)
✔ Vim block deletion uses display columns across partial tabs, wide graphemes, combining text and short lines (20.774105ms)
✔ Vim block change types on every selected row and retains virtual space in one history group (3.93389ms)
▶ Vim block insert, append and end-of-line append honor their distinct short-line behavior
  ✔ I ! Escape (2.332877ms)
  ✔ A ! Escape (2.933802ms)
  ✔ $ A ! Escape (1.87715ms)
  ✔ D (1.460352ms)
  ✔ C ! Escape (1.83805ms)
✔ Vim block insert, append and end-of-line append honor their distinct short-line behavior (11.23774ms)
✔ Vim block registers preserve rows on counted normal puts, visual puts and puts beyond the final line (3.313354ms)
✔ Vim asynchronous clipboard keeps block metadata only while clipboard text still matches (1.935608ms)
✔ Vim visual replacement splits tabs and fills virtual cells without splitting surrogate pairs (3.175446ms)
▶ Vim block shifts use the left boundary, count, shift width and tab policy
  ✔ 2 > spaces=true (1.471128ms)
  ✔ < spaces=true (1.072668ms)
  ✔ 2 > spaces=false (1.157986ms)
✔ Vim block shifts use the left boundary, count, shift width and tab policy (4.050116ms)
✔ Vim normal vertical moves preserve display column and block corner switches preserve the selected rectangle (1.398889ms)
▶ Vim visual aliases operate on the selected text rather than normal-mode single-character ranges
  ✔ x (0.903271ms)
  ✔ U (1.29346ms)
  ✔ u (0.683731ms)
  ✔ ~ (0.64383ms)
  ✔ r# (0.700907ms)
✔ Vim visual aliases operate on the selected text rather than normal-mode single-character ranges (4.705884ms)
✔ Vim block edits reject malformed metadata, excessive virtual replacement and locked models before mutation (1.106568ms)
✔ selection normalization deterministically merges overlap and preserves primary direction and head alias (1.712422ms)
✔ model stores operation undo independent of a 500 KB document and restores save points (45.235624ms)
✔ five-caret typing is one undo step with exact selection restore; time/command coalescing has explicit boundaries (1.486741ms)
✔ random operations undo and redo against retained string oracles (34.936138ms)
✔ model prepares atomic workspace participants and rollback preserves document/history/selection/scroll (0.748278ms)
✔ multi-caret commands add occurrences, remove newest and insert line-end carets (10.452526ms)
✔ box typing splits partial tabs, uses wide visual columns and inserts virtual spaces (2.456043ms)
✔ multicaret clipboard round-trips N fragments and rectangular pastes grow missing lines atomically (1.840515ms)
✔ box deletion avoids manufacturing virtual spaces and insertion budgets reject before any model edit (0.510039ms)
✔ explicit nested groups override per-command stops and selection jumps while preserving saved state identity (0.889441ms)
▶ Vim counts multiply operators, motions and line ranges and each edit undoes as one operation
  ✔ 2d2w (20.605661ms)
  ✔ 2dd (1.851892ms)
  ✔ Gdd (1.725361ms)
  ✔ de (1.978191ms)
  ✔ dw (2.623064ms)
  ✔ D (1.032356ms)
  ✔ J (1.172357ms)
  ✔ gJ (1.308473ms)
✔ Vim counts multiply operators, motions and line ranges and each edit undoes as one operation (33.921504ms)
✔ Vim normal movements, finds and character deletes stay at grapheme and CRLF line boundaries (5.144675ms)
▶ Vim word-end, backward-end, find/till, paragraph, line and document motions have expected offsets
  ✔ 2w at 0 (0.811473ms)
  ✔ ge at 8 (1.392259ms)
  ✔ 2ge at 8 (0.618763ms)
  ✔ 2e at 0 (0.551782ms)
  ✔ W at 0 (0.549388ms)
  ✔ fc at 0 (0.564411ms)
  ✔ tc at 0 (0.534115ms)
  ✔ Fa at 6 (0.578923ms)
  ✔ tB at 0 (0.577039ms)
  ✔ } at 0 (0.480595ms)
  ✔ ^ at 5 (1.101491ms)
  ✔ 0 at 6 (0.467315ms)
  ✔ G at 0 (1.228602ms)
  ✔ gg at 12 (0.821138ms)
  ✔ 2G at 0 (0.552063ms)
✔ Vim word-end, backward-end, find/till, paragraph, line and document motions have expected offsets (12.176706ms)
▶ Vim change, insert, replace and open-line sessions share one explicit history group
  ✔ c w N E W Escape (2.031412ms)
  ✔ i a b c Escape (0.879776ms)
  ✔ R X Y Escape (0.843402ms)
  ✔ r 😀 (0.793686ms)
  ✔ o X Escape (1.91724ms)
  ✔ O X Escape (1.002081ms)
  ✔ c c X Escape (0.899005ms)
✔ Vim change, insert, replace and open-line sessions share one explicit history group (9.175281ms)
▶ Vim text objects use half-open word, quote, nested bracket, sentence and paragraph ranges
  ✔ diw (0.923011ms)
  ✔ daw (0.728317ms)
  ✔ di" (0.702749ms)
  ✔ di( (0.769059ms)
  ✔ 2da( (0.680335ms)
  ✔ dis (0.711062ms)
  ✔ dip (2.054818ms)
✔ Vim text objects use half-open word, quote, nested bracket, sentence and paragraph ranges (7.169697ms)
✔ Vim visual character, line and block operators edit the real multi-selection model (4.747326ms)
✔ Vim visual put replaces the selected range instead of inserting beside it (1.182693ms)
✔ Vim indent, case operators, matching pairs and repeated find use their native command ranges (2.450824ms)
✔ Vim named, appended, yank, numbered and black-hole registers preserve their contracts (1.283655ms)
✔ Vim marks track buffer edits, retain profile state and route cross-document jumps through the host (2.009399ms)
✔ Vim macros, repeated changes and insertion replay use one undo group per replay (3.286174ms)
✔ Vim search uses bounded regex with wraparound, counts and reverse direction (28.824611ms)
✔ Ex substitution captures, line scopes, flags and bounded failures are atomic (3.58197ms)
✔ Ex settings and workspace requests use the common host and honor failed saves (1.593322ms)
✔ Vim denied system-register delete and paste leave the model unchanged (0.850171ms)
✔ Vim delayed clipboard and prompt responses reject stale or disposed editor state (2.357875ms)
✔ Vim read-only mode and browser composition preserve the text and undo state (1.231066ms)
﹣ Unsupported target: shell commands and external filters (0.068403ms) # The browser editor has no shell or process-execution authority.
﹣ Unsupported target: Vimscript and plugin loading (0.044888ms) # The native modal adapter is not a Vimscript interpreter or plugin runtime.
﹣ Unsupported target: terminal buffers (0.032399ms) # Terminal emulation is outside the editor document and keymap scope.
﹣ Unsupported target: native Vim regex extensions (0.030576ms) # Search uses the documented bounded regex engine rather than Vim magic expressions.
﹣ Unsupported target: operating-system primary selection (0.028954ms) # The injected asynchronous clipboard API exposes ordinary clipboard text.
﹣ Unsupported target: unlimited recursive macros (0.029464ms) # Native macros have explicit recursion, key-count and register-memory budgets.
﹣ Unsupported target: desktop Vim executable parity (0.028112ms) # Node fixtures qualify this native model; no installed desktop Vim is used as an oracle.
﹣ Unsupported target: browser key interception and assistive technology (0.025278ms) # Operating-system/browser key delivery and screen readers need browser/manual qualification.
✔ 0.5 refactor: introduce whole initializer preserves side effects once (95.188058ms)
✔ 0.5 refactor: introduce return expression stays inside block (17.069311ms)
✔ 0.5 refactor: introduce local avoids existing names (9.539149ms)
✔ 0.5 refactor: no extraction from conditional branch or call argument (8.206321ms)
✔ 0.5 refactor: no extraction from a for initializer (5.394402ms)
✔ 0.5 refactor: inline immutable literal preserves type and all references (6.444034ms)
✔ 0.5 refactor: mutable local is not offered for inline (2.462593ms)
✔ 0.5 refactor: overload-affecting literal widening is not inlined (2.709043ms)
✔ 0.5 refactor: invert if keeps one condition evaluation (9.314321ms)
✔ 0.5 refactor: expand initialized auto-property preserves get/set execution (34.570292ms)
✔ 0.5 refactor: expansion preserves static initializer and private setter (13.59965ms)
✔ 0.5 refactor: getter-only constructor property is not expanded unsafely (4.707316ms)
✔ 0.5 refactor: stale structural edit fails atomically (14.848674ms)
✔ 0.5 editor: bracket pairs ignore comments and escaped string punctuation (0.820117ms)
✔ 0.5 editor: unmatched delimiters are not paired across mismatch (0.218199ms)
✔ 0.5 editor: lexical insertion contexts include EOF comments and incomplete strings (0.744722ms)
✔ 0.5 editor: literal replacement honors UTF-16, word and case constraints (2.050982ms)
✔ 0.5 editor: search text is literal rather than regex (0.369367ms)
✔ 0.5 editor: replacement preflights result and match limits (8.744812ms)
✔ 0.5 editor: duplicate selected whole lines excludes trailing newline (0.202856ms)
✔ 0.5 editor: duplicate last line upward and validate ranges (0.124528ms)
✔ 0.6 highlight: indexed source preserves all UTF-16 and trivia characters (4.015173ms)
✔ 0.6 highlight: scrolling large files renders a bounded line window (627.184081ms)
✔ 0.6 highlight: lexical fallback still renders only the viewport (0.616249ms)
✔ 0.6 highlight: huge-line token budget preserves text without thousands of nodes (71.407591ms)
✔ 0.6 highlight: multiline comment clipping remains classified as comment (0.613555ms)
✔ 0.6 highlight: invalid viewport arguments fail without loops (0.931184ms)
✔ 0.6 selection: nesting strictly grows and retains UTF-16 positions (7.175015ms)
✔ 0.6 refactoring: make int const (124.783191ms)
✔ 0.6 refactoring: make var const (15.409299ms)
✔ 0.6 refactoring: make string const (14.9599ms)
✔ 0.6 refactoring: conditional return evaluation (29.534371ms)
✔ 0.6 refactoring: conditional return CRLF (13.64538ms)
✔ 0.6 refactoring: expression body method (23.475808ms)
✔ 0.6 refactoring: expression body void (15.686868ms)
✔ 0.6 refactoring: scoped using (24.02826ms)
✔ 0.6 refactoring: scoped using names remain bounded (17.660111ms)
✔ 0.6 refactoring: mutable/nonexact/already const no make-const int x=1;x++;Console.WriteLine(x); (3.898426ms)
✔ 0.6 refactoring: mutable/nonexact/already const no make-const int x=1;x+=2;Console.WriteLine(x); (2.662343ms)
✔ 0.6 refactoring: mutable/nonexact/already const no make-const int x=1;x=2;Console.WriteLine(x); (2.926922ms)
✔ 0.6 refactoring: mutable/nonexact/already const no make-const double x=1;Console.WriteLine(x); (1.951011ms)
✔ 0.6 refactoring: mutable/nonexact/already const no make-const const int x=1;Console.WriteLine(x); (1.757429ms)
✔ 0.6 refactoring: does not delete comments Use expression-bodied (2.171774ms)
✔ 0.6 refactoring: does not delete comments Use conditional return (2.383574ms)
✔ 0.6 refactoring: does not delete comments Use scoped using (3.652496ms)
✔ 0.6 refactoring: make-const stale edit is rejected atomically (11.259212ms)
✔ 0.6 navigation: bidirectional document locations preserve selections (0.323969ms)
✔ 0.6 navigation: origin cursor refresh does not create phantom jumps (0.130336ms)
✔ 0.6 navigation: new jump truncates forward history and deduplicates (0.687646ms)
✔ 0.6 navigation: retained history is bounded and immutable (0.166992ms)
✔ 0.6 navigation: invalid locations and limits rejected (0.217397ms)
✔ piece table: 100000 deterministic mixed-EOL/UTF-16 edits match a string oracle (351.650375ms)
✔ piece table: reading a 100 MB buffer boundary materializes only the requested slice (582.655829ms)
✔ line index: CRLF seams, CR/LF splits and all coordinate boundaries remain exact (0.957633ms)
✔ text buffer: multi-edits are one immutable version with inverse coordinates and exact ranges (1.031946ms)
✔ text buffer: prepare/commit is atomic; overlap, stale versions and disposed changes fail explicitly (0.559553ms)
✔ text buffer: indexed EOL metadata and UTF encodings preserve BOM, mixed endings and final newline (1.080659ms)
✔ text buffer: start/middle/end edits in one million lines remain indexed and below a 2 ms p95 budget (90.834721ms)
ℹ [{"region":"start","median":0.006390000000010332,"p95":0.01050600000007762},{"region":"middle","median":0.008102000000008047,"p95":0.02503799999999501},{"region":"end","median":0.00374599999986458,"p95":0.0055179999999381835}]
✔ cooperative preparation matches synchronous UTF-16 ranges and publishes only at its explicit commit (15.880576ms)
✔ cooperative large inverse construction yields while retaining one model undo operation (136.501612ms)
✔ cooperative preparation honors cancellation, disposal and snapshot identity without publishing partial changes (2.609714ms)
✔ cooperative ordered edit input validates bounds, ordering, edit count and chunk controls (0.742839ms)
✔ cooperative insertion normalizes CRLF across single-unit windows and keeps the one-version contract (36.507697ms)
✔ adjacent deletions and a replacement retain an unambiguous inverse transaction (1.302553ms)
✔ prepared model binding enforces ownership, current revisions and read-only state (0.739324ms)
✔ Myers diff: randomized scripts round-trip and match the dynamic-programming minimum (33.229395ms)
✔ line diff retains CRLF offsets and bounded character/word refinement (1.42596ms)
✔ diff limits return an exact replacement fallback and cancellation remains explicit (0.937914ms)
✔ merge3 automatically combines independent edits and identical changes (6.574569ms)
✔ merge3 conflicts carry exact stable branch/base/result ranges and preserve dominant EOL (1.149333ms)
✔ bounded regex matches the native safe-fixture oracle: a+/ (2.862985ms)
✔ bounded regex matches the native safe-fixture oracle: a+?/ (0.409938ms)
✔ bounded regex matches the native safe-fixture oracle: a{2,4}/ (0.393223ms)
✔ bounded regex matches the native safe-fixture oracle: (?:ab|a)+/ (0.647095ms)
✔ bounded regex matches the native safe-fixture oracle: (a|b)\1/ (0.512091ms)
✔ bounded regex matches the native safe-fixture oracle: (?<word>\w+):(?<number>\d+)/ (0.532022ms)
✔ bounded regex matches the native safe-fixture oracle: foo(?=bar)/ (0.223777ms)
✔ bounded regex matches the native safe-fixture oracle: foo(?!bar)/ (0.273252ms)
✔ bounded regex matches the native safe-fixture oracle: (?<=foo)bar/ (0.613815ms)
✔ bounded regex matches the native safe-fixture oracle: (?<!foo)bar/ (0.373202ms)
✔ bounded regex matches the native safe-fixture oracle: ^(\w+)\r?$/m (0.423478ms)
✔ bounded regex matches the native safe-fixture oracle: a.*b/s (0.319832ms)
✔ bounded regex matches the native safe-fixture oracle: [a-z]+/i (0.457229ms)
✔ bounded regex matches the native safe-fixture oracle: [^0-9]+/ (0.992516ms)
✔ bounded regex matches the native safe-fixture oracle: a*/ (0.149335ms)
✔ bounded regex matches the native safe-fixture oracle: (?=(aa))/ (0.242646ms)
✔ bounded regex matches the native safe-fixture oracle: (a?)*/ (0.207132ms)
✔ bounded regex matches the native safe-fixture oracle: \p{L}+/ (1.209733ms)
✔ bounded regex matches the native safe-fixture oracle: \u{1F600}/ (0.181724ms)
✔ bounded regex matches the native safe-fixture oracle: \bfoo\b/ (0.254153ms)
✔ bounded regex matches the native safe-fixture oracle: (a(b)?)+/ (0.152149ms)
✔ literal search preserves Unicode folding, UTF-16 spans and whole-word semantics (1.574713ms)
✔ regex replacement expands captures, names, escapes and multiline patterns atomically (0.943352ms)
✔ invalid/unsupported patterns report stable positions instead of native engine errors (0.496538ms)
✔ pathological regex is interrupted inside the interpreter and a process watchdog remains a second boundary (87.95536ms)
✔ search cancellation, result limits and empty-match advancement are bounded (1.087479ms)
✔ grapheme movement keeps clusters intact: "áb" (2.170572ms)
✔ grapheme movement keeps clusters intact: "👩‍👩‍👧‍👦!" (0.482487ms)
✔ grapheme movement keeps clusters intact: "🇵🇱🇯🇵x" (0.279461ms)
✔ grapheme movement keeps clusters intact: "👍🏽👍" (0.161263ms)
✔ grapheme movement keeps clusters intact: "\r\nX" (0.167883ms)
✔ grapheme movement keeps clusters intact: "각각" (0.24588ms)
✔ grapheme movement keeps clusters intact: "क्‍ष" (0.1593ms)
✔ word/subword navigation handles acronym humps, digits, underscores and CJK (10.736432ms)
✔ visual columns distinguish UTF-16 characters, graphemes, tabs, wide characters and virtual space (1.984081ms)
✔ pinned segmentation passes every Unicode 16.0 extended-grapheme conformance row (13.69403ms)
﹣ default and explicit native segmentation retain Unicode 16.0 host compatibility (0.244188ms) # The native comparison is pinned to a Unicode 16.0 Intl runtime
✔ existing editor grapheme fixtures agree with the actual host Intl segmenter (8.414713ms)
✔ chunked columns agree at every UTF-16 position, including split graphemes, pairs, tabs and CRLF (28.145583ms)
✔ a 200 MiB single line yields, stays chunk bounded, and supports exact subsequent cached lookups (1896.382871ms)
✔ an unfinished multi-megabyte combining cluster retains only numeric state across chunks (76.575038ms)
✔ edits reuse the indexed prefix and invalidate changed answers, including surrogate and combining seams (360.919168ms)
✔ unaffected line checkpoints relocate across earlier edits and joined or split lines never reuse wrong columns (1.416365ms)
✔ model columns survive undo/redo, invalidate silent rollback, and retain shared read-only behavior (2.625297ms)
✔ cancel, stale text and disposal reject promptly and release pending work (2.218754ms)
✔ checkpoint, result, line and pending budgets are enforced without a document-length cutoff (3.606576ms)
ℹ tests 712
ℹ suites 0
ℹ pass 702
ℹ fail 1
ℹ cancelled 0
ℹ skipped 9
ℹ todo 0
ℹ duration_ms 37262.836017

✖ failing tests:

test at tests/a20-model-preview-publication.test.js:91:1
✖ saved markers survive preview cancellation and no-op save captures the committed root (0.659414ms)
  Error: Finish or cancel the source preview before normalizing the saved document.
      at staleSave (file:///workspace/scratch/6b99131ca908/p16-integration/packages/editor/src/core/save-preparation.js:4:17)
      at prepareEditorSave (file:///workspace/scratch/6b99131ca908/p16-integration/packages/editor/src/core/save-preparation.js:25:34)
      at TestContext.<anonymous> (file:///workspace/scratch/6b99131ca908/p16-integration/tests/a20-model-preview-publication.test.js:97:16)
      at Test.runInAsyncScope (node:async_hooks:227:14)
      at Test.run (node:internal/test_runner/test:1382:25)
      at Test.processPendingSubtests (node:internal/test_runner/test:960:18)
      at Test.postRun (node:internal/test_runner/test:1522:19)
      at Test.run (node:internal/test_runner/test:1447:12)
      at async Test.processPendingSubtests (node:internal/test_runner/test:960:7) {
    code: 'SFEDITOR_SAVE_STALE'
  }
