✔ A24 delayed read rejects concurrent delete without publishing stale disk state (11.279482ms)
✔ A24 delayed read rejects concurrent rename without publishing stale disk state (1.496016ms)
✔ A24 delayed read rejects concurrent rename away and back without publishing stale disk state (1.28627ms)
✔ A24 delayed read rejects concurrent refresh without publishing stale disk state (1.359511ms)
✔ A24 delayed read rejects concurrent replacement without publishing stale disk state (2.784349ms)
✔ A24 delayed read rejects concurrent newer load without publishing stale disk state (1.102253ms)
✔ A24 delayed handle rejects concurrent delete without publishing stale disk state (1.145667ms)
✔ A24 delayed handle rejects concurrent rename without publishing stale disk state (1.099017ms)
✔ A24 delayed handle rejects concurrent rename away and back without publishing stale disk state (1.205308ms)
✔ A24 delayed handle rejects concurrent refresh without publishing stale disk state (0.952346ms)
✔ A24 delayed handle rejects concurrent replacement without publishing stale disk state (1.01464ms)
✔ A24 delayed handle rejects concurrent newer load without publishing stale disk state (0.935301ms)
✔ A24 a load publishes bytes, hash and acquired handle together using the canonical path (0.982732ms)
✔ A24 changes to another entry do not invalidate a pending load (1.218047ms)
✔ A24 a changed baseline without record replacement invalidates a pending load (0.995361ms)
✔ A24 failed file-handle acquisition preserves existing record, baseline and handle on reload (1.033308ms)
✔ A24 cancellation during read acquisition leaves disk state unchanged (0.681899ms)
✔ A24 cancellation during handle acquisition leaves disk state unchanged (0.731353ms)
✔ A24 already-cancelled loading does not perform provider I/O (0.591071ms)
✔ A24 admission rechecks the byte budget after asynchronous handle acquisition (0.723722ms)
✔ A24 a refreshed catalog cannot be repopulated by an unindexed pending read (0.580896ms)
✔ A24 B03 folder open reports oversized and reserved paths without aborting usable files (8.417134ms)
✔ A24 B04 create/save persists new and formerly binary files using configured encoded-byte budget (24.211176ms)
✔ A24 disk save detects byte changes even when decoded text is identical (1.868528ms)
✔ A24 XML and binary saves retain byte baselines and unloading releases retained text (7.20075ms)
✔ A24 case-insensitive directory aliases preserve canonical record paths through rename and delete (7.202072ms)
✔ A24 browser save requires physical-directory coordination before any write and enforces total loaded bytes (1.774296ms)
✔ A24 coherent disk snapshot adoption rebuilds indexes without advancing retained hashes or admitting invalid partial state (1.236435ms)
✔ A24 directory operations rename every byte and deny a complete save batch before first write (3.573279ms)
✔ A24 20000-file scan reads project bytes only; content is loaded explicitly and scan cancellation is atomic (665.333301ms)
✔ A24 NFC/NFD/case collisions and gitignore decisions are individually visible (2.176533ms)
✔ A24 nested ignore rules support ranges, escaped literals and directory-only matches (1.947708ms)
✔ closing a clean source releases editor, host records, disk bytes and compiler syntax, then reads current physical bytes (16.310649ms)
✔ closing project source preserves evaluated membership and keeps only lazy source metadata in the project system (8.534071ms)
✔ 5000 metadata files keep at most one opened buffer and no closed editor or disk contents across repeated opens (480.444992ms)
✔ dirty, generated, read-only recovery, unresolved-conflict, unbacked and open documents retain their contents (6.033429ms)
✔ unmarked edits fail exact-byte baseline comparison and remain recoverable (1.101862ms)
✔ read-only and generated source flags survive workspace load, context snapshots and transactional commits (1.334203ms)
✔ reopening or editing during the close digest prevents stale eviction (2.149963ms)
✔ close cancels a delayed lazy read before disk or host publication; a later open wins (2.077163ms)
✔ workspace replacement, membership change and abort reject a delayed load without advancing physical baselines (2.201671ms)
✔ disk admission callbacks are synchronous and a rejected callback cannot publish bytes, hashes or handles (1.773365ms)
✔ exhausted versions and pre-aborted closes retain the last usable bytes (0.999507ms)
✔ versioned worker eviction rejects malformed batches atomically and never removes a newer reopened document (0.965736ms)
✔ worker synchronization preserves no-op requests, removes absent documents, and accepts only newer source versions (0.180422ms)
✔ closed editor views release both docking content maps, while visible splits and popouts stay intact (0.160161ms)
✔ Explorer drops closed source bodies and merge baselines, retaining a numeric revision watermark and rejecting stale queue contents (1.818673ms)
✔ explorer sends divergent revisions without waiting for recovery and preserves the other buffer (8.837819ms)
✔ explorer serializes overlapping checkpoints and saves metadata-only changes with binary bytes (8.320349ms)
✔ unbound workspaces with the same display name never establish an editing channel (1.194051ms)
✔ recent identity registration uses isSameEntry and serializes simultaneous first opens (1.090725ms)
✔ cross-window UTF-16 conflict verifies physical encoding and emits the actual persisted hash (1.586693ms)
✔ missing symbol ids use source interval ownership and malformed owner cycles stay renderable (0.955361ms)
✔ batch path rewrites rebase original relative paths once across several moves (1.674635ms)
✔ A24 5000 closed files hold metadata only and loaded documents obey the byte budget (17.91572ms)
✔ A24 Workspace materializes SourceText and syntax only for opened or selected compilation inputs (44.362717ms)
✔ A24 file admission failure retains the previous dirty buffer and invalidation rejects stale async data (0.892195ms)
✔ A24 10000-file folder materializes pages and bounds visible row count (29.629817ms)
✔ A24 deferred explorer construction materializes no files before cancellable expansion (19.511667ms)
✔ A24 search indexes 20000 paths, streams first results, observes changes and cancels (264.827507ms)
✔ A24 content search skips binaries and reports inaccessible files (2.214951ms)
✔ A24 indexed Find in Files preserves LanguageService offsets, result limits, Unicode boundaries and versions (1.619102ms)
✔ opening a metadata-only directory loads the active source and keeps thousands of other buffers unopened (10.651955ms)
✔ workspace admission permits more than 100 small sources and preserves the old model on invalid replacement (3.62008ms)
✔ resource naming and file references hydrate before the selected project snapshot becomes visible (26.945058ms)
✔ a committed structural edit remaps editor state and retains only explicitly unsaved paths (1.277747ms)
✔ Save to Disk preserves encodings and saves source, project XML, and binary changes together (17.917588ms)
✔ external reload rejects a stale decision and then adopts accepted bytes without marking them dirty (5.499754ms)
✔ metadata rescans preserve a dirty file removed externally so its later save detects the conflict (2.913354ms)
✔ permission-denied recent workspaces recover loaded content read-only and never synthesize missing source (0.999027ms)
✔ metadata-only project rescans hydrate XML before evaluation and adopt observed physical baselines (4.788031ms)
✔ a stale rescan leaves the original project model and disk baselines unchanged (3.634201ms)
✔ streaming ZIP export reads one lazy file at a time and aborts its sink after a stale workspace decision (7.974167ms)
✔ JSON interchange includes hydrated folder files and preserves UTF-16 bytes with edited source text (0.712084ms)
✔ the registered JSON export command returns asynchronous hydration failures to its caller (1.61121ms)
✔ wizard application keeps the chosen physical folder attached and retains binary item records (4.803514ms)
ℹ tests 76
ℹ suites 0
ℹ pass 76
ℹ fail 0
ℹ cancelled 0
ℹ skipped 0
ℹ todo 0
ℹ duration_ms 4862.825958
