✔ A24 evaluated Using items and empty Folder metadata do not become physical explorer paths (20.415356ms)
✔ A24 dependency identities survive display reorder and expose every target framework subtree (1.838403ms)
✔ A24 default and DependentUpon nesting preserve node ids when the option is toggled (2.219468ms)
✔ A24 generated source and imports belong to their project and unsupported projects remain visible (0.602078ms)
✔ A24 symbols materialize on expansion and include nested types, events and constructors (0.973959ms)
✔ A24 rename maps selection, expansion and focused identity without following display order (0.743671ms)
✔ explorer sends divergent revisions without waiting for recovery and preserves the other buffer (8.77069ms)
✔ explorer serializes overlapping checkpoints and saves metadata-only changes with binary bytes (6.313334ms)
✔ unbound workspaces with the same display name never establish an editing channel (0.995252ms)
✔ recent identity registration uses isSameEntry and serializes simultaneous first opens (0.98766ms)
✔ cross-window UTF-16 conflict verifies physical encoding and emits the actual persisted hash (1.404028ms)
✔ missing symbol ids use source interval ownership and malformed owner cycles stay renderable (0.913768ms)
✔ batch path rewrites rebase original relative paths once across several moves (1.385871ms)
✔ A24 same-folder copy assigns portable collision names and redo retains binary bytes (20.888871ms)
✔ A24 project rename updates solution and dependent references in a single undoable transaction (7.364609ms)
✔ A24 linked-file workflow changes project metadata without copying bytes (12.351242ms)
✔ A24 invalid batch items require explicit partial confirmation and are reported (2.244696ms)
✔ A24 unsafe project folder moves reject before commit (0.700977ms)
✔ A24 external drop imports exact bytes through the shared history (2.998283ms)
✔ B02 rename compares entity-decoded paths: a&amp;b (2.256934ms)
✔ B02 rename compares entity-decoded paths: a&#38;b (0.335937ms)
✔ B02 rename compares entity-decoded paths: a&#x26;b (0.387714ms)
✔ B02 path rewrite preserves single quote attributes and escapes apostrophes (0.316237ms)
✔ B02 path rewrite leaves expressions and package identities unchanged and rejects malformed entities (0.537491ms)
✔ project relocation rewrites references against the new document directory (0.276317ms)
✔ provider journal persists directory rename and undo while preserving unrelated unsaved buffers (39.640087ms)
✔ provider journal writes no files when any destination collides or any baseline is stale (5.025751ms)
✔ provider journal reports each completed physical mutation after a third close failure (6.387055ms)
✔ provider journal materializes an unloaded binary only when affected and undo restores exact bytes (5.209408ms)
✔ provider journal rejects hidden directory entries and disposed ownership before any effect (3.00252ms)
✔ historical versions retain explicit lazy membership and overlay newer editor text without fabricating bytes (12.010408ms)
✔ lazy metadata is bounded and malformed, aliased or cancelled records never become empty source (91.944127ms)
✔ OPFS quota fallback preserves lazy membership and enumerates only omitted loaded binary contents (8.231677ms)
✔ the explorer checkpoints unopened membership and unsaved paths along with loaded bytes (8.058767ms)
✔ legacy bootstrap restores loaded editors read-only while preserving unloaded project and manifest records (4.920703ms)
✔ corrupt and future legacy snapshots block default replacement and are retained verbatim (0.578302ms)
✔ a granted recent handle restores open-document selection and replaces read-only metadata with real bytes (6.086982ms)
✔ Save to Disk applies each explicit text resolution and advances exact physical baselines (31.109879ms)
✔ binary and externally deleted files retain explicit complete-version choices (5.129257ms)
✔ all choices precede any write and cancellation retains the complete pending batch (3.870398ms)
✔ stale editor choices, overlapping edits and invalid limits fail without replacing either version (2.381612ms)
✔ edits made during a merged write remain dirty and require a new decision against the changed disk (6.105771ms)
✔ partial I/O receipts enumerate completed files and a retry clears only persisted current buffers (7.924525ms)
✖ save reentry, cancellation during a dialog and switched folder identity preserve current state (4.769319ms)
✔ save prompt escapes file contents and describes unavailable text merges (0.871285ms)
✔ identity is checked across persistence setup even when the physical disk object is reused (1.702098ms)
✔ an editor version changed during asynchronous dirty hashing is re-read before dirty state is cleared (2.502786ms)
✔ A24 type rename binds declarations, constructors, annotations, static access and creation across files (78.311122ms)
✔ A24 same-spelled types, value members, comments and strings are not changed by textual coincidence (9.760243ms)
✔ A24 type rename rejects name capture, unsupported reference sources, invalid names and limits visibly (9.660874ms)
✔ A24 semantic preview handles generic and nested type identities or reports an explicit complete-binding boundary (6.908401ms)
✔ A24 public language and worker preview preserve versions and reject generated/unloaded inputs (13.86197ms)
✔ A24 accepted type/file/project rename is one undo entry and decline preserves type spelling (35.474474ms)
✔ A24 changing any semantic input while the confirmation is open rejects the whole rename (2.768296ms)
✔ A24 host refuses separate project contexts and native semantic gaps without invoking a worker (0.238309ms)
✔ revision channels mark peer buffers stale without modifying them and discard duplicate envelopes (10.817786ms)
✔ two windows saving one baseline yield one commit and one conflict (4.283911ms)
✔ save ownership rejects unavailable APIs and cancellation without writing (1.078537ms)
✔ cross-window conflicts require a choice and merge disjoint edits with a new shared revision (4.251622ms)
✔ cross-window resolution rejects local or remote edits made after the conflict was presented (1.08761ms)
✔ B01 import advances every URI watermark and rejects edits prepared before import (0.997825ms)
✔ B01 removal and a later import retain the URI version watermark (0.362086ms)
✔ B01 malformed duplicate or oversized imports preserve all current buffers and revisions (0.873398ms)
✔ workspace document admission uses a byte budget and retains explicit count limits (0.58324ms)
✔ durable write-ahead receipt exists before the first disk effect and records later partial completion (19.617308ms)
✔ receipt snapshots are written once and unloaded metadata remains explicit across progress updates (2.551648ms)
✔ receipt corruption, limits and cancellation are explicit and never admit a disk effect (2.13443ms)
✔ every historical recovery version migrates bytes, document versions and Unicode spelling without authority (12.834769ms)
✔ corrupt checkpoints are quarantined while newer schemas are preserved intact (1.700455ms)
✔ OPFS checkpoint commit failure retains the last committed generation (2.955698ms)
✔ OPFS load falls back to the prior checksum-verified generation after corruption (2.130053ms)
✔ quota exhaustion explicitly lists omitted binaries and preserves text recovery (4.141376ms)
✔ opening a metadata-only directory loads the active source and keeps thousands of other buffers unopened (10.597463ms)
✔ workspace admission permits more than 100 small sources and preserves the old model on invalid replacement (7.957632ms)
✔ resource naming and file references hydrate before the selected project snapshot becomes visible (18.231078ms)
✔ a committed structural edit remaps editor state and retains only explicitly unsaved paths (1.049042ms)
✔ Save to Disk preserves encodings and saves source, project XML, and binary changes together (10.542171ms)
✔ external reload rejects a stale decision and then adopts accepted bytes without marking them dirty (2.193698ms)
✔ metadata rescans preserve a dirty file removed externally so its later save detects the conflict (2.841827ms)
✖ permission-denied recent workspaces recover loaded content read-only and never synthesize missing source (1.108522ms)
✔ streaming ZIP export reads one lazy file at a time and aborts its sink after a stale workspace decision (8.427712ms)
✔ wizard application keeps the chosen physical folder attached and retains binary item records (2.440812ms)
✔ workspace transaction validates the complete plan before committing one memory state (13.110425ms)
✔ a third disk mutation failure reports exact completed operations and preserves all unsaved memory (2.366309ms)
✔ collision, stale hash and cancellation reject a plan before any disk mutation (2.056552ms)
✔ history undo/redo restores binary bytes and refuses to overwrite a newer buffer (6.378031ms)
✔ history capacity bounds retained snapshots while preserving the latest valid inverse (4.53532ms)
✔ 08 preview mutation batches preflight before replacing workspace buffers (15.405928ms)
✔ 08 preview rename/copy/delete undo restores data and editor metadata (9.264905ms)
✔ 08 preview undo refuses subsequent user edits (8.123393ms)
✔ 08 pending file command cannot cross a workspace switch (0.572203ms)
✔ 08 planning a project change detects concurrent project source changes (0.329297ms)
✔ 08 native planning reads unsaved project buffers, not an old disk snapshot (0.194324ms)
✔ 08 cross-project source copy explicitly includes files with defaults disabled (12.035625ms)
✔ 08 readonly explorer rejects file mutations before prompting (0.506294ms)
✔ 08 overlapping explorer dialogs cannot start a second mutation (0.461226ms)
✔ 08 solution project removal preserves comment and neighboring configuration (0.636189ms)
✔ 08 solution removal also removes literal dependency on the removed member (0.240944ms)
✔ 08 package reference authoring escapes metadata and does not invent relative package IDs (0.327033ms)
✔ 08 path rewrites leave commented-out references and CDATA byte-identical (0.465893ms)
✔ 08 adding compile membership removes default match before explicit include (1.42506ms)
✔ 08 Visual Studio modifier-only keys do not eat an active keyboard chord (0.256497ms)
✔ 08 editor declares Visual Studio default and five distinct profiles without a DOM (1.880987ms)
✔ 08 native XML write undo restores original encoding and byte hash (16.526528ms)
✔ 08 native XML syntax validation precedes every batch mutation (0.957394ms)
✔ 08 native overlapping parent/child operations fail preflight instead of breaking undo (0.944825ms)
✔ 08 native XML write followed by undo rejects later disk edits (6.823192ms)
✔ 08 actual loopback explorer APIs enforce auth/origin and preserve binary bytes (53.132181ms)
✔ 08 tree state validation leaves old tree untouched (1.27302ms)
✔ 08 tree selection, expansion, filter ancestors and state recovery (1.033819ms)
✔ 08 tree move cycle/invalid insertion is rejected before mutation (0.355176ms)
✔ 08 tree large hierarchy stays data-only until view requests rows (56.366711ms)
✔ 08 command registry checks enablement again at execution (0.853938ms)
✔ 08 invalid portable item path "../a.cs" (0.255886ms)
✔ 08 invalid portable item path "/a.cs" (0.162545ms)
✔ 08 invalid portable item path "C:/a.cs" (0.082514ms)
✔ 08 invalid portable item path "a/../b.cs" (0.101633ms)
✔ 08 invalid portable item path "NUL.cs" (0.58999ms)
✔ 08 invalid portable item path "file?.cs" (0.127272ms)
✔ 08 invalid portable item path ".git/config" (0.165189ms)
✔ 08 invalid portable item path "A./B.cs" (0.130837ms)
✔ 08 invalid portable item path "a\u0000.cs" (0.084908ms)
✔ 08 solution tree preserves linked appearances and dependency groups (8.057734ms)
✔ 08 project membership source edits preserve comments, imports and exact build order (3.080106ms)
✔ 08 solution XML creation works for self-closing roots and prevents duplicate membership (1.028592ms)
✔ 08 literal reference rename leaves conditional glob expressions unchanged (0.575678ms)
✔ 08 native create/move/copy/delete are undoable with checked disk identities (31.478627ms)
✔ 08 native stale hashes, collisions and self-containment are rejected (7.825633ms)
✔ 08 native directory quarantine/restore preserves nested files and empty folders (16.353597ms)
✔ 08 native undo refuses to erase subsequent user edits (3.635824ms)
✔ 08 native operations refuse symlinked children and parent paths (1.974499ms)
✔ 08 native scan provides real hierarchy, empty folders and binary entries (7.886486ms)
ℹ tests 132
ℹ suites 0
ℹ pass 130
ℹ fail 2
ℹ cancelled 0
ℹ skipped 0
ℹ todo 0
ℹ duration_ms 7588.068909

✖ failing tests:

test at tests/a24-save-conflicts.test.js:148:1
✖ save reentry, cancellation during a dialog and switched folder identity preserve current state (4.769319ms)
  AssertionError [ERR_ASSERTION]: The input did not match the regular expression /Workspace changed/. Input:
  
  'TypeError: state.disk?.record is not a function'
  
      at async TestContext.<anonymous> (file:///workspace/scratch/3e16369943fd/p18-workspace/tests/a24-save-conflicts.test.js:165:3)
      at async Test.run (node:internal/test_runner/test:1389:7)
      at async Test.processPendingSubtests (node:internal/test_runner/test:960:7) {
    generatedMessage: true,
    code: 'ERR_ASSERTION',
    actual: TypeError: state.disk?.record is not a function
        at file:///workspace/scratch/3e16369943fd/p18-workspace/apps/studio/workspace-session.js:229:39
        at Array.map (<anonymous>)
        at workspaceContext (file:///workspace/scratch/3e16369943fd/p18-workspace/apps/studio/workspace-session.js:229:10)
        at host.context (file:///workspace/scratch/3e16369943fd/p18-workspace/tests/support/workspace-application.js:15:24)
        at currentSnapshot (file:///workspace/scratch/3e16369943fd/p18-workspace/apps/studio/workspace-save.js:23:24)
        at Object.save (file:///workspace/scratch/3e16369943fd/p18-workspace/apps/studio/workspace-save.js:198:23)
        at async waitForActual (node:assert:646:5)
        at async strict.rejects (node:assert:769:25)
        at async TestContext.<anonymous> (file:///workspace/scratch/3e16369943fd/p18-workspace/tests/a24-save-conflicts.test.js:165:3)
        at async Test.run (node:internal/test_runner/test:1389:7),
    expected: /Workspace changed/,
    operator: 'rejects',
    diff: 'simple'
  }

test at tests/a24-workspace-session.test.js:145:1
✖ permission-denied recent workspaces recover loaded content read-only and never synthesize missing source (1.108522ms)
  Error [TextEncodingError]: Missing file data: B.cs
      at encodeWorkspaceFile (file:///workspace/scratch/3e16369943fd/p18-workspace/packages/archive/src/text-encoding.js:97:54)
      at TestContext.<anonymous> (file:///workspace/scratch/3e16369943fd/p18-workspace/tests/a24-workspace-session.test.js:154:20)
      at async Test.run (node:internal/test_runner/test:1389:7)
      at async Test.processPendingSubtests (node:internal/test_runner/test:960:7) {
    code: 'SFWENC001'
  }
