✔ closing a clean source releases editor, host records, disk bytes and compiler syntax, then reads current physical bytes (17.163914ms)
✔ closing project source preserves evaluated membership and keeps only lazy source metadata in the project system (8.939697ms)
✔ 5000 metadata files keep at most one opened buffer and no closed editor or disk contents across repeated opens (496.476351ms)
✔ dirty, generated, read-only recovery, unresolved-conflict, unbacked and open documents retain their contents (7.091339ms)
✔ unmarked edits fail exact-byte baseline comparison and remain recoverable (1.158948ms)
✔ read-only and generated source flags survive workspace load, context snapshots and transactional commits (2.493231ms)
✔ reopening or editing during the close digest prevents stale eviction (2.156964ms)
✔ close cancels a delayed lazy read before disk or host publication; a later open wins (2.023783ms)
✔ workspace replacement, membership change and abort reject a delayed load without advancing physical baselines (2.189994ms)
✔ disk admission callbacks are synchronous and a rejected callback cannot publish bytes, hashes or handles (1.718453ms)
✔ exhausted versions and pre-aborted closes retain the last usable bytes (1.131317ms)
✔ versioned worker eviction rejects malformed batches atomically and never removes a newer reopened document (0.969312ms)
✔ worker synchronization preserves no-op requests, removes absent documents, and accepts only newer source versions (0.208705ms)
✔ closed editor views release both docking content maps, while visible splits and popouts stay intact (0.168614ms)
✔ Explorer drops closed source bodies and merge baselines, retaining a numeric revision watermark and rejecting stale queue contents (1.495717ms)
ℹ tests 15
ℹ suites 0
ℹ pass 15
ℹ fail 0
ℹ cancelled 0
ℹ skipped 0
ℹ todo 0
ℹ duration_ms 1037.217898
