✔ cross-window adoption keeps both sessions dirty until an explicit physical save (22.772437ms)
✔ a peer buffer resolution prevents older file undo from overwriting it (14.708321ms)
✔ a peer buffer resolution prevents older file redo from overwriting it (7.861381ms)
✔ cross-window application verifies exact local and selected bytes before changing a buffer (2.543127ms)
✔ read-only, generated, missing, malformed and oversized peer resolutions are rejected (2.099728ms)
✔ an asynchronous edit invalidates peer application before the session commit (2.096833ms)
✔ an asynchronous replace invalidates peer application before the session commit (1.696049ms)
✔ an asynchronous bytes invalidates peer application before the session commit (1.97518ms)
✔ coordinator snapshots local admission before an awaited remote read mutates the same object (1.472131ms)
✔ coordinator and session preserve UTF-16 mixed endings and binary bytes through an unsaved adoption (6.763495ms)
✔ explorer sends divergent revisions without waiting for recovery and preserves the other buffer (12.875376ms)
✔ explorer serializes overlapping checkpoints and saves metadata-only changes with binary bytes (6.789583ms)
✔ unbound workspaces with the same display name never establish an editing channel (1.007891ms)
✔ recent identity registration uses isSameEntry and serializes simultaneous first opens (1.035783ms)
✔ cross-window UTF-16 conflict verifies physical encoding and emits the actual persisted hash (1.456217ms)
✔ missing symbol ids use source interval ownership and malformed owner cycles stay renderable (1.092478ms)
✔ batch path rewrites rebase original relative paths once across several moves (1.449747ms)
✔ provider journal persists directory rename and undo while preserving unrelated unsaved buffers (38.455318ms)
✔ provider journal writes no files when any destination collides or any baseline is stale (4.470094ms)
✔ provider journal reports each completed physical mutation after a third close failure (5.350903ms)
✔ provider journal materializes an unloaded binary only when affected and undo restores exact bytes (5.645928ms)
✔ provider journal rejects hidden directory entries and disposed ownership before any effect (3.847584ms)
✔ Save to Disk applies each explicit text resolution and advances exact physical baselines (29.108556ms)
✔ binary and externally deleted files retain explicit complete-version choices (6.225322ms)
✔ all choices precede any write and cancellation retains the complete pending batch (3.694233ms)
✔ stale editor choices, overlapping edits and invalid limits fail without replacing either version (2.461614ms)
✔ edits made during a merged write remain dirty and require a new decision against the changed disk (5.959721ms)
✔ partial I/O receipts enumerate completed files and a retry clears only persisted current buffers (7.143697ms)
✔ save reentry, cancellation during a dialog and switched folder identity preserve current state (4.011262ms)
✔ save prompt escapes file contents and describes unavailable text merges (0.427615ms)
✔ identity is checked across persistence setup even when the physical disk object is reused (1.388024ms)
✔ an editor version changed during asynchronous dirty hashing is re-read before dirty state is cleared (3.60606ms)
✔ revision channels mark peer buffers stale without modifying them and discard duplicate envelopes (6.39623ms)
✔ two windows saving one baseline yield one commit and one conflict (2.334532ms)
✔ save ownership rejects unavailable APIs and cancellation without writing (1.121101ms)
✔ cross-window conflicts require a choice and merge disjoint edits with a new shared revision (3.69148ms)
✔ cross-window resolution rejects local or remote edits made after the conflict was presented (1.250197ms)
✔ opening a metadata-only directory loads the active source and keeps thousands of other buffers unopened (13.412806ms)
✔ workspace admission permits more than 100 small sources and preserves the old model on invalid replacement (2.682366ms)
✔ resource naming and file references hydrate before the selected project snapshot becomes visible (22.554499ms)
✔ a committed structural edit remaps editor state and retains only explicitly unsaved paths (1.435576ms)
✔ Save to Disk preserves encodings and saves source, project XML, and binary changes together (12.093616ms)
✔ external reload rejects a stale decision and then adopts accepted bytes without marking them dirty (3.846423ms)
✔ metadata rescans preserve a dirty file removed externally so its later save detects the conflict (3.417607ms)
✔ permission-denied recent workspaces recover loaded content read-only and never synthesize missing source (1.201103ms)
✔ metadata-only project rescans hydrate XML before evaluation and adopt observed physical baselines (5.78669ms)
✔ a stale rescan leaves the original project model and disk baselines unchanged (3.343314ms)
✔ streaming ZIP export reads one lazy file at a time and aborts its sink after a stale workspace decision (7.697162ms)
✔ JSON interchange includes hydrated folder files and preserves UTF-16 bytes with edited source text (0.733507ms)
✔ the registered JSON export command returns asynchronous hydration failures to its caller (1.490919ms)
✔ wizard application keeps the chosen physical folder attached and retains binary item records (7.419504ms)
ℹ tests 51
ℹ suites 0
ℹ pass 51
ℹ fail 0
ℹ cancelled 0
ℹ skipped 0
ℹ todo 0
ℹ duration_ms 3295.620599
