Discovered 54 Node test files and 3 Python suites in 1 area manifests. Node reports executed test counts below.
Waiting for a free run slot: 1 heavy runs are allowed at once (SHARPFORGE_MAX_PARALLEL_RUNS).
▶ VS Code shortcuts apply independently specified text, caret, view and host results
  ✔ ArrowLeft (14.8892ms)
  ✔ Shift+ArrowLeft (1.932313ms)
  ✔ ArrowRight (1.54611ms)
  ✔ Shift+ArrowRight (2.211322ms)
  ✔ ArrowUp (1.279338ms)
  ✔ Shift+ArrowUp (0.951714ms)
  ✔ ArrowDown (1.056141ms)
  ✔ Shift+ArrowDown (1.012777ms)
  ✔ Home (1.288592ms)
  ✔ Shift+Home (1.846072ms)
  ✔ End (0.787737ms)
  ✔ Shift+End (1.233599ms)
  ✔ Mod+Home (0.642348ms)
  ✔ Mod+Shift+Home (0.760736ms)
  ✔ Mod+End (0.708297ms)
  ✔ Mod+Shift+End (0.682027ms)
  ✔ Mod+ArrowLeft (2.106985ms)
  ✔ Mod+Shift+ArrowLeft (0.739615ms)
  ✔ Mod+ArrowRight (0.960257ms)
  ✔ Mod+Shift+ArrowRight (0.947659ms)
  ✔ PageUp (0.759926ms)
  ✔ Shift+PageUp (0.616519ms)
  ✔ PageDown (1.123814ms)
  ✔ Shift+PageDown (0.735358ms)
  ✔ Backspace (2.632407ms)
  ✔ Delete (0.977744ms)
  ✔ Mod+Backspace (1.076893ms)
  ✔ Mod+Delete (1.048491ms)
  ✔ Enter (1.062352ms)
  ✔ Tab (1.693212ms)
  ✔ Shift+Tab (1.100779ms)
  ✔ Mod+A (0.971104ms)
  ✔ Mod+X (1.296494ms)
  ✔ Mod+V (1.317906ms)
  ✔ Mod+C (3.766547ms)
  ✔ Mod+Z (1.625239ms)
  ✔ Mod+Y (0.84932ms)
  ✔ Mod+Shift+Z (0.762669ms)
  ✔ Mod+D (1.528072ms)
  ✔ Mod+Shift+L (1.29426ms)
  ✔ Mod+Shift+K (1.089191ms)
  ✔ Mod+L (0.875039ms)
  ✔ Mod+Enter (1.119677ms)
  ✔ Mod+Shift+Enter (1.021399ms)
  ✔ Alt+Shift+ArrowUp (2.991989ms)
  ✔ Alt+Shift+ArrowDown (1.147239ms)
  ✔ Alt+ArrowUp (2.101958ms)
  ✔ Alt+ArrowDown (1.127819ms)
  ✔ Mod+Alt+ArrowUp (1.772281ms)
  ✔ Mod+Alt+ArrowDown (0.73671ms)
  ✔ Mod+Shift+\ (0.66406ms)
  ✔ Mod+] (0.751112ms)
  ✔ Mod+[ (0.750681ms)
  ✔ Mod+ArrowUp (0.750351ms)
  ✔ Mod+ArrowDown (0.765684ms)
  ✔ Mod+Shift+[ (1.061009ms)
  ✔ Mod+Shift+] (0.864763ms)
  ✔ Mod+K Mod+0 (0.938754ms)
  ✔ Mod+K Mod+J (0.887257ms)
  ✔ Mod+K Mod+C (1.427932ms)
  ✔ Mod+K Mod+U (1.053318ms)
  ✔ Mod+/ (1.705741ms)
  ✔ Alt+Z (0.682649ms)
  ✔ Escape (0.641557ms)
  ✔ Insert (0.638863ms)
  ✔ Mod+= (0.635187ms)
  ✔ Mod+- (0.695398ms)
  ✔ Mod+0 (0.666154ms)
  ✔ Mod+P (0.927568ms)
  ✔ Mod+Shift+P (1.054519ms)
  ✔ F1 (0.592023ms)
  ✔ Mod+, (0.567566ms)
  ✔ Mod+K Mod+S (0.562988ms)
  ✔ Mod+S (0.583349ms)
  ✔ Mod+Shift+S (0.622999ms)
  ✔ Mod+F4 (1.587523ms)
  ✔ Ctrl+F6 (0.646334ms)
  ✔ Ctrl+Shift+F6 (0.599213ms)
  ✔ Mod+Alt+N (0.814798ms)
  ✔ Mod+Alt+O (0.543038ms)
  ✔ Mod+\ (0.619754ms)
  ✔ Alt+ArrowLeft (0.518681ms)
  ✔ Alt+ArrowRight (0.670591ms)
  ✔ F12 (0.740316ms)
  ✔ Shift+F12 (0.681567ms)
  ✔ Mod+Shift+F (0.814687ms)
  ✔ Mod+Shift+H (0.641246ms)
  ✔ Mod+F (0.878053ms)
  ✔ Mod+H (0.716339ms)
  ✔ F3 (1.457817ms)
  ✔ Shift+F3 (0.864333ms)
  ✔ Mod+Space (0.735698ms)
  ✔ Mod+Shift+Space (0.608567ms)
  ✔ Mod+K Mod+I (0.585533ms)
  ✔ Mod+. (1.078916ms)
  ✔ F2 (0.580195ms)
  ✔ Alt+Shift+F (0.626764ms)
  ✔ Alt+Shift+ArrowRight (0.704862ms)
  ✔ Alt+Shift+ArrowLeft (0.550179ms)
✔ VS Code shortcuts apply independently specified text, caret, view and host results (124.008715ms)
✔ normalizes platform modifiers and real shifted punctuation without intercepting AltGraph or IME (0.398641ms)
✔ macOS profile editing uses Meta while physical Ctrl bindings remain distinct (0.890783ms)
✔ context expressions are bounded boolean predicates without evaluation side effects (0.973217ms)
✔ resolver honors scope, priority, predicates, disposal, and atomic replacement of invalid bindings (0.725754ms)
✔ chord cancellation, failure and timeout leave no stale pending input (0.365591ms)
✔ a higher-priority chord prefix suppresses a lower-priority destructive command even after timeout (0.240582ms)
✔ all shipped profile bindings have executable command registrations (0.996442ms)
✔ Visual Studio bindings and unbound known commands match the pinned inventory (25.634264ms)
✔ readonly commands and editing aliases preserve text/history while navigation remains available (1.474733ms)
✔ completion filter aliases call the implemented insight API with directions (1.21403ms)
✔ profile switches preserve the authoritative model, undo, primary selection, view and native state (19.870146ms)
✔ resuming Vim insert after a profile switch opens a new complete undo group (4.734636ms)
✔ Emacs mark extends motion, exchanges ends and kills the marked region with one undo (2.92665ms)
✔ Emacs successive kills append, yank cycles distinct entries, and unrelated commands end a yank chain (4.234863ms)
✔ Emacs ring bounds and marks stay independent between views and track document edits (2.672538ms)
✔ Sublime occurrences and split-line carets edit the actual model atomically (3.092541ms)
✔ native text edits preserve CRLF and deduplicate two carets on one copied line (1.642666ms)
✔ clipboard distributes multiline fragments, remembers line copy and undoes all caret pastes together (2.222719ms)
▶ denied and stale clipboard requests never mutate text, history or selections
  ✔ Edit.Cut (1.198526ms)
  ✔ Edit.Paste (1.046467ms)
  ✔ selection (1.348803ms)
  ✔ document (0.798994ms)
  ✔ dispose (0.654937ms)
  ✔ profile (0.996832ms)
  ✔ readonly (0.860346ms)
✔ denied and stale clipboard requests never mutate text, history or selections (7.771743ms)
✔ CodeMirror protocol is a live model projection with operation undo and savepoint cleanliness (1.321492ms)
✔ document marks follow edits, are cleared on model replacement, and dispose releases subscriptions (2.314639ms)
✔ instance receiver signature help includes its accessible instance overloads, not same-name unrelated methods (88.984279ms)
✔ this receiver uses its containing type, preserving private overloads accessible within that type (7.443398ms)
✔ type receivers use static overloads and scoped receiver variables use their bound types (8.127138ms)
✔ generic and inherited instance members display substituted parameter types (7.245671ms)
✔ incomplete invocation recovery retains the bound this receiver before arguments or closing delimiters exist (7.986346ms)
✔ nested delimiters and named argument mapping use actual syntax and the selected overload (6.741801ms)
✔ unresolved receivers and stale worker snapshots never return unrelated method tips (3.391772ms)
✔ worker uses syntax argument separators when a lexical hint counts a nested generic comma (3.49014ms)
✔ A20 pre-cancelled and queued-cancelled disk saves do not start a read or write (14.733314ms)
✔ A20 cancelling an acquired prepared baseline releases its private model and preserves the live source (1.988447ms)
✔ A20 cancellation during permission and stream acquisition prevents any committed write (10.469379ms)
✔ A20 a mid-stream cancellation aborts before close and retains the previous baseline/version (13.581308ms)
✔ A20 close is the per-file commit boundary; cancellation prevents later files and preserves exact partial written results (14.449877ms)
✔ A20 a cancellation after the final close starts does not falsely report an uncommitted file (7.829009ms)
✔ model benchmark measures all five actual operations and preserves source correctness (20.990044ms)
✔ model benchmark cancellation is explicit and produces no pretend successful report (0.732163ms)
✔ memory runner refuses unavailable GC and preserves signed deltas (0.573745ms)
✔ browser harness serves the real editor entry under a strict CSP and rejects malformed resource URLs (41.684322ms)
✔ 200 MiB qualification is explicitly accepted without growing defaults or allocating a large fixture (1.597517ms)
✔ browser readiness only uses evaluate and stops once the real API appears (3.541417ms)
✔ browser readiness has a deadline even when evaluate hangs, and propagates page errors or cancellation (11.312259ms)
✔ chunk boundaries preserve the shared matcher nonoverlap, case-fold and word-boundary semantics (23.38933ms)
✔ cooperative search is cancellable between slices and reports progress without publishing partial success (2.199234ms)
✔ persistent snapshots are read in bounded slices without materializing document text (6.545344ms)
✔ global match limits remain exact when each chunk contains rejected whole-word matches (72.197379ms)
✔ regex worker receives bounded chunks and cancellation terminates its isolated computation (6.135967ms)
✔ real paste source triggers bounded range formatting and its own undo transaction (4.745853ms)
✔ disabled paste/type/completion triggers and formatting recursion schedule no work (0.591511ms)
✔ on-type formatting uses the registered provider and read-only editors cannot commit it (0.424981ms)
✔ A20 shared-model locks update each pane, reject prepared edits, and preserve rollback and history (4.817952ms)
✔ A20 read-only construction and subscription disposal do not change document revisions (0.786936ms)
✔ A20 same-line offscreen edits reconcile wrap counts and zone mapping without visiting the line (8.248952ms)
✔ A20 wrap measurement stays chunked after a large same-line-count replacement (1.10806ms)
✔ A20 deleting a brace or region marker on one line refreshes the actual folding provider (6.578835ms)
✔ A20 real workspace configuration applies ancestor sections, per-language overlays and ordinary EOL preservation (3.365632ms)
✔ A20 EditorConfig input is bounded, model-aware, ordered, atomic and unaffected by unrelated root flags (0.934068ms)
✔ A20 multi-caret deletion retains blocked carets and merges overlapping word deletions in one undo step (9.271944ms)
✔ A20 invalid load chunk sizes reject before reading or replacing the document (1.528343ms)
✔ A20 overlapping whole-line expansions transform every selected line once (1.270856ms)
✔ A20 project/disk path-only records apply configuration without flattening source snapshots (0.399492ms)
✔ compiler contribution reuses real language endpoints with explicit client aliases (80.596027ms)
✔ diagnostic and semantic results are versioned, source faithful and reject stale snapshots (7.812504ms)
✔ signature request uses provider symbols for nested invocations and preserves active argument (14.802299ms)
✔ inlay hints share one bound implementation with the existing LSP contract (8.97033ms)
✔ rename and refactoring requests return versioned edits without committing source (30.640749ms)
✔ format selection/on-type adapt existing indentation edits and preserve unrelated lines (1.73827ms)
✔ generated peek targets retain their own URI/version and are explicitly read-only (0.494175ms)
✔ A20 shared-model locks update each pane, reject prepared edits, and preserve rollback and history (4.528645ms)
✔ A20 read-only construction and subscription disposal do not change document revisions (1.435734ms)
✔ A20 same-line offscreen edits reconcile wrap counts and zone mapping without visiting the line (11.4189ms)
✔ A20 wrap measurement stays chunked after a large same-line-count replacement (1.272428ms)
✔ A20 deleting a brace or region marker on one line refreshes the actual folding provider (7.132239ms)
✔ A20 multi-caret deletion retains blocked carets and merges overlapping word deletions in one undo step (12.278745ms)
✔ A20 invalid load chunk sizes reject before reading or replacing the document (1.392228ms)
✔ A20 overlapping whole-line expansions transform every selected line once (1.978102ms)
✔ nearest-rank percentiles preserve raw outliers and reject malformed samples (1.626331ms)
✔ 100MB fixture uses exact byte/code-unit size with one deterministic middle search target (155.498363ms)
✔ performance gate fails strictly above20percent p95 and passes exact20percent boundary (1.936658ms)
✔ retained memory budgets bound each real component and preserve signed measurement noise (16.631506ms)
✔ one regressed size/operation cannot be hidden by another faster row (0.614135ms)
✔ gate rejects missing browser evidence, changed runners, tampered percentiles and failed correctness (0.885825ms)
✔ zero baseline and missing/duplicate benchmark rows cannot silently pass (0.400063ms)
✔ regex replacement with numbered and named groups spans open documents atomically (7.056315ms)
✔ find selection scope retains the captured range, whole-word filters and preserve-case replacements (1.96431ms)
✔ selection search counts only its captured scope and restores original regex capture coordinates (4.908147ms)
✔ single-editor and selection snapshots stay lazy and reject replaced model identities (17.71631ms)
✔ a newer search supersedes pending matches and an invalid pattern cannot reuse an older result (11.266149ms)
✔ invalid regex and stale replace preview leave source unchanged and history stays bounded (1.03527ms)
✔ side-by-side and inline rows share hunks and preserve line alignment around insertion and deletion (1.670828ms)
✔ merge preserves unresolved conflict bytes until a chosen side, both or manual result is accepted (7.486273ms)
✔ independent merge changes are accepted automatically and adjacent conflict offsets track replacement length (0.721828ms)
✔ every declared service can be supplied by a standalone fake provider (2.438064ms)
✔ RPC adapter advertises only pure registered methods and passes cancellation through (0.240402ms)
✔ request generations reject older versions, edits at identical caret offsets and out-of-order results (0.953657ms)
✔ guard propagates errors, isolates feature channels and cancels on dispose (0.298971ms)
✔ guard retains persistent snapshot identities and compares target document versions independently (1.146518ms)
✔ three-document edits commit before any subscriber and undo in one step per document (4.19303ms)
✔ stale, overlapping, missing, readonly and invalid LSP edits fail before any mutation (1.08792ms)
✔ LSP document changes and captured versions require an explicit host for resource operations (0.673434ms)
✔ version change after preview blocks commit and an internal participant failure rolls back history (1.209283ms)
✔ rename preview updates source without publishing then cancel restores exact bytes and undo state (1.028891ms)
✔ diagnostic severities and semantic overlays are version checked and preserve lexical coverage (0.611711ms)
✔ snippet placeholders, forward mirrors, variables, choices and final stop use UTF-16 offsets (3.103868ms)
✔ nested snippet placeholders and escaped punctuation are retained (0.268595ms)
✔ invalid, recursive, excessive and transform snippets fail explicitly (0.616829ms)
✔ all builtin snippets expand and all required C# and surrounding templates are present (0.518411ms)
✔ snippet primary edits and synchronous linked mirrors undo together through editor edit hooks (4.189764ms)
✔ completion fuzzy matches prefer prefix, preserve match positions, support filters and use bounded MRU (0.424419ms)
✔ signature nesting counts only commas in the active call and ignores literals (2.261909ms)
✔ smart newline uses source EOL, indentation settings and a caret between empty braces (0.472883ms)
✔ document/project/solution Fix All batch exactly one selected action equivalence family (105.184635ms)
✔ Fix All validates every source version and rejects forged, absent or ambiguous ownership (0.651772ms)
✔ implicit type batches preserve nonexact numeric conversions, const locals and comments (8.313459ms)
✔ solution Fix All uses real isolated compiler contexts, deduplicates shared source and does not commit (19.199365ms)
✔ project Fix All does not broaden to an unrelated project (6.459816ms)
✔ type rename reaches each dependent compiler context and returns one resource move (20.556591ms)
✔ workspace action rejects a source mutation or ownership change while providers are answering (10.61007ms)
✔ pre-cancelled solution action never returns a partial plan (1.458799ms)
✔ solution Fix All and rename reject new project membership during the final semantic validation (19.138414ms)
✔ conflicting shared edits or resources are refused before a preview can be committed (0.349948ms)
✔ incremental forward search begins at a large origin and repeats beyond 10000 matches before wrapping (10.851494ms)
✔ incremental reverse search selects the nearest preceding match and wraps from the actual caret (2.146695ms)
✔ extending and shortening an incremental query always returns to the opening origin (2.142108ms)
✔ cancel restores the opening range, while accepting preserves the selected match without edits (0.960758ms)
✔ an explicit navigation budget failure leaves the original selection and displays the limit (1.263965ms)
✔ an exhausted scope and an empty query display their result without moving the caret (1.927915ms)
✔ a delayed incremental result is discarded after edit (2.042067ms)
✔ a delayed incremental result is discarded after replace model (0.800757ms)
✔ a newer incremental query supersedes a delayed search without stale navigation or status (0.594927ms)
✔ close cancels a pending search and prevents subsequent late results (0.414275ms)
✔ dispose cancels a pending search and prevents subsequent late results (0.247523ms)
✔ host navigation failures are handled inside the incremental request and reported to the user (0.357028ms)
✔ closing during asynchronous host navigation passes cancellation and suppresses a stale status (0.381365ms)
✔ same-document insight navigation uses the host preview and awaits focus restoration (3.009986ms)
✔ cross-document insight navigation preserves host group options and restores focus after failure (1.065435ms)
✔ A20 disk defaults still reject source files or save text exceeding 2000000 bytes (9.095307ms)
✔ A20 explicit readDirectory limits permit >2MB source save and survive the read/write boundary (177.168637ms)
✔ A20 FileList limits propagate to DiskWorkspace and total encoded bytes preflight every write (7.343808ms)
✔ A20 UTF-16 limits count encoded bytes including BOM and retain encoding on save (2.470443ms)
✔ A20 serialized saves reject a queued stale version and permission-time conflicts before writing (3.303709ms)
✔ actual C# worker supplies invocation commit characters for source and intrinsic methods only (97.368194ms)
✔ typing a method invocation opener commits the selected real provider item and the opener in one undo step (7.558472ms)
✔ suggestion mode keeps an invocation opener available to typing and Escape preserves the prefix (4.208773ms)
✔ read-only completion does not consume a commit character or mutate the source (3.471763ms)
✔ A20 prefixWorkspace rebases persistent source identity and leaves the input model caller-owned (6.398623ms)
✔ A20 manifest extraction rebases source identities after validating all destination paths (4.164316ms)
✔ A20 unchanged source paths preserve descriptors and model ownership without a rebase provider (3.514236ms)
✔ A20 failed rebasing disposes only newly created models and preserves every original (3.768399ms)
✔ A20 invalid manifest settings reject before any prepared source is rebased (2.166816ms)
✔ A20 nested manifest rebasing keeps granted disk handles, source baselines and save versions aligned (11.136214ms)
✔ A20 rebased disk sessions serialize with pending original saves and reject their stale baseline (10.865635ms)
✔ A20 FileList→DiskWorkspace→ProjectSystem retains prepared descriptors and never reads lazy source text during discovery (9.77592ms)
✔ A20 failed and cancelled FileList reads dispose their own completed models and publish no partial batch (4.507991ms)
✔ A20 failed directory iteration disposes prepared models after traversal loses access (3.755639ms)
✔ A20 prepared utf-8 source saves captured snapshots in chunks, preserving BOM, pairs and disk versions (26.62768ms)
✔ A20 prepared utf-16le source saves captured snapshots in chunks, preserving BOM, pairs and disk versions (20.848156ms)
✔ A20 prepared utf-16be source saves captured snapshots in chunks, preserving BOM, pairs and disk versions (19.599787ms)
✔ A20 snapshot saves enforce encoded byte limits before write permission or stream creation (2.167386ms)
✔ A20 prepared baseline checks detect permission-time external changes before any stream opens (7.082286ms)
✔ A20 prepared save I/O failure aborts its stream and retains the prior baseline and disk version (8.260856ms)
✔ A20 invalid source reader records are rejected and cleaned up without a lazy text read (1.994345ms)
✔ A20 default binary-source handling remains intact while explicit reader limits reject before slicing (4.750748ms)
✔ A20 public source encoding shares exact BOM/byte bounds and leaves stream commit ownership with the caller (4.499899ms)
✔ text and resource rename produce one immutable complete host plan without editing live models first (2.745057ms)
✔ workspace resource support is evaluated again when the host mode changes after preview (0.727216ms)
✔ stale targets, resource collisions, readonly source and host failure leave source unchanged (1.746322ms)
✔ unversioned and unsupported resource operations fail before the host receives any plan (0.396757ms)
✔ real bound type rename preview restores original source, selection and undo after changing options (97.196581ms)
✔ provider invalidation is scoped, explicitly disposable and does not fabricate source changes (0.834588ms)
✔ rename preview refuses a newer source revision even when external edits reproduce its displayed bytes (0.679123ms)
✔ changing the active model restores only the captured rename preview and refuses another preview (0.396608ms)
✔ ReSharper-like is a native profile with stable identity and preserves the Visual Studio default (13.472232ms)
✔ duplicate edits every selected range in one model transaction and undo restores primary direction (5.061718ms)
✔ line duplication and joining use native CRLF-aware commands (2.426867ms)
✔ line and shifted-punctuation block comment shortcuts change the real model and remain reversible (2.782032ms)
✔ ReSharper move-line gestures preserve the original line terminators and undo history (2.238874ms)
✔ language and selection gestures invoke the supported provider contract exactly once (2.132374ms)
✔ navigation and browser-alternative chords preserve query arguments, URI and caret at the host seam (1.986263ms)
✔ a language provider can complete formatting and rename through the same model and shared undo stack (2.866259ms)
✔ absent snippet providers report explicit unavailability and never edit the document (1.246138ms)
✔ read-only, composing, AltGraph and disposed views cannot perform ReSharper edits (1.118946ms)
✔ the portable Mac mapping uses Meta and retains browser chord alternatives (0.938475ms)
✔ profile switches preserve model identity, undo, selections, folds, bookmarks and modal state (5.546108ms)
✔ A20 Save As without a utf-8 BOM retains the encoding on both later baseline checks (27.474522ms)
✔ A20 utf-8 output refuses unpaired surrogates before closing or downloading (23.997412ms)
✔ A20 utf-8 disk preflight rejects lossy captured and legacy input before opening a stream (2.818438ms)
✔ A20 Save As without a utf-16le BOM retains the encoding on both later baseline checks (17.454934ms)
✔ A20 utf-16le output refuses unpaired surrogates before closing or downloading (24.078695ms)
✔ A20 utf-16le disk preflight rejects lossy captured and legacy input before opening a stream (2.305574ms)
✔ A20 Save As without a utf-16be BOM retains the encoding on both later baseline checks (16.784313ms)
✔ A20 utf-16be output refuses unpaired surrogates before closing or downloading (21.112044ms)
✔ A20 utf-16be disk preflight rejects lossy captured and legacy input before opening a stream (2.432356ms)
✔ A20 direct source output reports a boundary high surrogate and leaves abort/close ownership to its caller (0.914278ms)
✔ A20 the default disk reader retains an explicitly known no-BOM UTF-16 baseline (6.600116ms)
✔ A20 source output rejects NUL and an ambiguous leading BOM character without committing or downloading (2.778227ms)
✔ A20 rebasing retains the old encoded-byte baseline when the prepared source has changed (2.942549ms)
✔ A20 unchanged rebasing keeps a provably current byte baseline without reading text (1.850638ms)
✔ A20 a no-option save of an actual 200 MiB line is synchronous; enabled tail trim commits once without a whole-text view (1207.550382ms)
✔ A20 trailing-whitespace scans use bounded backward windows and yield before finishing a long logical line (449.037662ms)
✔ A20 save normalization matches terminator/trim semantics while preserving significant whitespace and one undo transaction (131.051789ms)
✔ A20 aborted normalization leaves source, selections, dirty marker and undo history untouched (1.812281ms)
✔ A20 changed source, replaced model and changed text options reject private normalization before commit (1.335703ms)
✔ A20 private preparation rejects invalid limits and excessive edits without applying a partial line batch (0.916421ms)
✔ A20 prepared commits use the latest view selections and the shared contribution transaction (13.863913ms)
✔ A20 trimming before a requested final newline retains a content-end caret before that new terminator (0.559233ms)
✔ A20 a shared read-only transition during preparation never changes the buffer (11.004753ms)
✔ A20 Save As starts the picker before asynchronous preparation and writes only its exact replacement capture (6.509569ms)
✔ A20 dismissing a picker never runs a normalization callback (0.589328ms)
✔ A20 cancellation or a preparation rejection cannot open a write stream or download (0.920458ms)
✔ A20 a replacement capture must retain URI and a current, consistent version before write acquisition (0.842009ms)
✔ A20 download fallback prepares exactly once and still cannot report a confirmed native save (3.007743ms)
✔ single-match navigation reaches forward and backward origins beyond 10000 earlier matches (2.930406ms)
✔ navigation finds nearest overlapping matches and wrapped spans crossing the original origin (0.637921ms)
✔ scalar matches survive chunk seams and origins inside UTF-16 pairs in either direction (5.712018ms)
✔ navigation retains literal case folding, Unicode word boundaries and merged selection exclusions (1.660281ms)
✔ a near-end origin in a virtual 200 MiB ASCII source requests only bounded nearby slices (0.647957ms)
✔ cooperative navigation holds an immutable source snapshot while the original buffer changes (2.001876ms)
✔ step and elapsed limits fail explicitly before an incomplete scan could report wrapping or no match (0.798914ms)
✔ navigation honors cancellation before scanning and between cooperative chunks (0.678953ms)
✔ navigation rejects invalid bounds and oversized exclusions without reading unbounded source text (0.96848ms)
✔ Add Next Occurrence advances after the primary range beyond 10000 matches and wraps around selected ranges (2.347337ms)
✔ Add Next Occurrence skips existing ranges and preserves the explicit 10000-selection capacity (14.537588ms)
✔ Add Next Occurrence excludes a candidate containing an existing empty caret (0.810441ms)
✔ source query model is cached per complete source/options revision (78.618624ms)
✔ namespace-qualified class bases, interfaces and members build distinct Class View branches (9.596461ms)
✔ bound reads, writes, declarations, compound updates and ref/out/in retain filterable metadata (31.362241ms)
✔ a written property does not classify its receiver as written (13.538102ms)
✔ tuple deconstruction writes are distinct from tuple reads (7.303996ms)
✔ partial generic type rename covers aliases, constructors, arrays, qualified names and typeof (33.542086ms)
✔ comment/string options use lexical spans and whole identifiers, including interpolation (16.768119ms)
✔ rename refuses collisions, captures, generated targets and existing resource destinations (9.657813ms)
✔ renaming Unicode source identifiers preserves UTF-16 offsets after an astral prefix (7.939805ms)
✔ parameter hints follow the selected overload and omit explicitly named arguments (6.267565ms)
✔ constructor and extension hints use parameter mapping without labeling the extension receiver (6.645104ms)
✔ worker and LSP preparation accept source types and return read/write highlights (4.733083ms)
✔ pure Outline worker routes the safe semantic reorder leaf and rejects stale versions (1.156052ms)
✔ framework hover carries a structured callable target for metadata navigation (2.623934ms)
✔ nameof and selected method-group conversions retain actual bound source references (12.557313ms)
✔ first and repeated signature queries retain their document owner in a shared source model (92.795262ms)
✔ exact opening lookup and caret lookup preserve nested-call boundaries through closing delimiters (7.236014ms)
✔ unresolved inner invocations hide an outer tip only while the caret belongs to the inner call (7.69078ms)
✔ a replacement source model has independent cached signatures while the captured revision remains readable (7.908057ms)
✔ A20 prepared utf-8 ingress retains BOM and streaming decoder state at byte boundaries (153.706046ms)
✔ A20 prepared utf-16le ingress retains BOM and streaming decoder state at byte boundaries (227.457247ms)
✔ A20 prepared utf-16be ingress retains BOM and streaming decoder state at byte boundaries (225.139449ms)
✔ A20 prepared empty and BOM-only files remain empty and editable without load history (11.09521ms)
✔ A20 Studio reads >2 MB File inputs in bounded slices and retains a stable original snapshot (26.817913ms)
✔ A20 source loading cancels before I/O and between chunks without returning a partial model (3.135655ms)
✔ A20 invalid chunk bounds and resource limits fail before a File read (0.594817ms)
✔ A20 malformed encodings, binary NUL, inconsistent chunks and I/O failures reject the staged load (10.929786ms)
✔ A20 CodeEditor large-file policy adopts only a complete decoded model and detects disposed loads (39.883102ms)
✔ Save As invokes the picker during the calling gesture before any source read (9.890815ms)
✔ Save As preserves utf-8, BOM, split surrogate pairs, and CRLF (7.29919ms)
✔ Save As preserves utf-16le, BOM, split surrogate pairs, and CRLF (6.783527ms)
✔ Save As preserves utf-16be, BOM, split surrogate pairs, and CRLF (6.357611ms)
✔ Save As writes the BOM for empty sources and supports captured legacy text data properties (3.42345ms)
✔ Save As streams an actual 200 MiB ASCII source without retaining or reading whole text (7162.646729ms)
✔ a cancelled native picker leaves the source unread and does not initiate an export (2.028607ms)
✔ pre-cancellation skips the picker and cancellation while acquiring a stream aborts it unread (0.96854ms)
✔ cancellation aborts a pending native write and never commits or writes a second chunk (2.267987ms)
✔ a native save is not confirmed until close completes; late cancellation does not undo a committed save (2.051251ms)
✔ a picker failure rejects, never exports, and aborts an acquired native stream (0.907177ms)
✔ a createWritable failure rejects, never exports, and aborts an acquired native stream (0.251439ms)
✔ a write failure rejects, never exports, and aborts an acquired native stream (0.290428ms)
✔ a close failure rejects, never exports, and aborts an acquired native stream (2.316291ms)
✔ encoded output caps, progress errors, and failed cleanup remain explicit failures (1.390966ms)
✔ a byte cap after a completed chunk aborts staged output and does not close the destination (3.128775ms)
✔ invalid native handles and streams report explicit errors, with cleanup when available (0.548697ms)
✔ download fallback with no picker preserves binary encoding but cannot confirm a save (2.07746ms)
✔ download fallback with read-only handle preserves binary encoding but cannot confirm a save (1.996138ms)
✔ download fallback with unsupported writable preserves binary encoding but cannot confirm a save (1.456124ms)
✔ download cancellation and unavailable hosts reject or cancel before falsely claiming an export (26.446864ms)
✔ the browser fallback uses a binary Blob URL and removes its temporary download link (2.53479ms)
✔ invalid source metadata and mutable or lazy-only sources fail before a picker opens (0.595928ms)
✔ suggested names use URI basenames, including Windows paths and empty trailing components (4.274191ms)
✔ a complete 501-file loose-source import stages without mutating existing sources (664.781763ms)
✔ failed later source reads leave every existing input untouched and enforce encoding/path policy (2.76715ms)
✔ legacy JSON project conversion retains settings and rejects invalid metadata before loading (1.104143ms)
✔ 200 MiB File reaches the actual Studio workspace model through chunked ingress with automatic work bounded (2254.818929ms)
✔ rejected settings and cancelled selection release new prepared models without changing the current workspace (8.887356ms)
✔ adding prepared files retains current projects, dirty models and private launch settings (9.46078ms)
✔ committed document callback errors still install matching project metadata and retain adopted models (3.366784ms)
✔ bulk Studio save passes captured roots and preserves newer edits after partial disk completion (3.607908ms)
✔ Save As download outcome retains dirty state and a replaced workspace cannot receive a late saved marker (2.795654ms)
✔ whole workspace limits count actual UTF-16 encoded bytes across imported files (9.024792ms)
✔ workspace budgets include binary file count and aggregate bytes (2.21577ms)
✔ edited source roots are counted again instead of trusting original encoded metadata (2.625147ms)
✔ empty binary recovery succeeds and recovery preflight errors are reported without escaping (5.905411ms)
✔ a saved project-file selection cannot become a source document active URI (11.73673ms)
✔ SF-A20-T25: region wrapping preserves LF body endings and does not indent later lines (5.018414ms)
✔ SF-A20-T25: block wrapping uses configured two-space indentation with LF (1.452379ms)
✔ SF-A20-T25: region wrapping preserves CRLF body endings and does not indent later lines (0.926787ms)
✔ SF-A20-T25: block wrapping uses configured two-space indentation with CRLF (1.786052ms)
✔ SF-A20-T25: region wrapping preserves CR body endings and does not indent later lines (0.528406ms)
✔ SF-A20-T25: block wrapping uses configured two-space indentation with CR (1.198126ms)
✔ SF-A20-T25: mixed body terminators are unchanged while new wrapper lines use configured EOL (0.490048ms)
✔ SF-A20-T25: region preserves existing body indentation with indentation excluded from the selection (0.684511ms)
✔ SF-A20-T25: block templates use tabs and preserve relative body tabs (0.775909ms)
✔ SF-A20-T25: each selected-text placeholder follows its own indentation context (0.540615ms)
✔ SF-A20-T25: selected snippet-looking text and empty lines remain literal (0.371169ms)
✔ SF-A20-T25: read-only surrounding does not modify text or history (0.207773ms)
✔ SF-A20-T25: template EOL adaptation includes CR and preserves the existing public literal-indent contract (0.230036ms)
✔ SF-A20-T25: contextual variable formatting preserves placeholder ranges and rejects invalid formatter output (0.638111ms)
✔ B01: Visual Studio Ctrl+K Ctrl+S reaches Surround With once and applies a production snippet in one undo (17.72771ms)
✔ B01: a missing Surround With provider reports its absence without opening code actions (2.183ms)
✔ SF-A20-T41: untabify resets visual columns at every LF line (2.434079ms)
✔ SF-A20-T41: tabify converts every LF indentation without changing terminators (0.346483ms)
✔ SF-A20-T41: untabify resets visual columns at every CRLF line (0.31802ms)
✔ SF-A20-T41: tabify converts every CRLF indentation without changing terminators (0.122785ms)
✔ SF-A20-T41: untabify resets visual columns at every CR line (0.13974ms)
✔ SF-A20-T41: tabify converts every CR indentation without changing terminators (0.109345ms)
✔ SF-A20-T41: tab conversion preserves mixed EOL, blank lines and tab columns in mixed indentation (0.201433ms)
✔ SF-A20-T41: disjoint multiline selections convert in one undo transaction and restore selection state (4.231869ms)
✔ SF-A20-T41: read-only tab conversion leaves the model and history unchanged (0.516538ms)
✔ source-indexed lenses are unresolved and lazy, ordered, project-owned and never materialize document text (3.348647ms)
✔ actual editor service command runs only the selected registry test through TaskCenter and refreshes real status (2.025032ms)
✔ real failed and skipped outcomes resolve with their observed state and do not fabricate timing (0.738673ms)
✔ forged or stale source, span, test and project identities cannot resolve or execute (1.286629ms)
✔ linked documents require exact stable project ownership; a display label never selects a project (0.585232ms)
✔ discovery invalidates moved locations and captures omitted versions only on actual rediscovery (0.501777ms)
✔ cancelling a lens run preserves an independent Test Explorer run and reports actual cancellation (0.873918ms)
✔ unregistering a real provider aborts its run, invalidates lenses and cannot leave a clickable old action (0.887108ms)
✔ disposing CodeLens cancels only its runs, removes refresh listeners and rejects later requests (0.947137ms)
✔ an optional operation wrapper cannot bypass provider execution or reuse its delayed run after completion (0.361725ms)
✔ deferred execution revalidates source and discovery ownership before starting the test (0.382887ms)
✔ provider errors still emit final invalidation and resolve to the actual failed registry state (0.427194ms)
✔ pre-aborted requests and malformed commands fail before starting provider work (0.420744ms)
✔ document bounds and the editor lens cap reject unusable or excessive discoveries explicitly (15.870044ms)
✔ A20 multi-caret editing commits one undo group and grapheme delete preserves boundaries (4.282936ms)
✔ A20 deletion boundaries and smart newline at EOF are valid no-ops or atomic edits (1.055611ms)
✔ A20 overtype never replaces a newline and virtual space is materialized only by typing (0.639975ms)
✔ A20 advanced transforms preserve multi-caret atomicity and Unicode case expansion (1.357396ms)
✔ A20 editorconfig precedence changes indentation per path and save applies EOL trim/final newline (1.673463ms)
✔ A20 clipboard ring bounds entries and drag move preserves one undo transaction (0.53127ms)
✔ A20 bookmarks and unsaved/saved/reverted change marks follow undo (0.956932ms)
✔ A20 chunk loading commits once and cancellation or malformed UTF-8 keeps original model (12.466039ms)
✔ A20 advanced caret transforms and disjoint line moves preserve EOLs and undo selections (3.806527ms)
✔ A20 advanced sorting preserves CRLF and read-only rejects transforms (0.707727ms)
✔ A20 incremental syntax reconverges within 200 lines in a 100000-line document (502.478186ms)
✔ A20 incremental syntax matches full lexing after multiline literal and comment edits (4.368314ms)
✔ A20 folding validates nesting and expands edits in hidden ranges (0.723821ms)
✔ A20 folding state persists per document and fallback handles regions comments usings (2.26186ms)
✔ A20 folding ignores stale and disposed language responses (0.60348ms)
✔ A20 typed folding provider cancels older requests and restores saved collapsed state after discovery (0.655478ms)
✔ A20 native clipboard retains per-caret fragments, line-copy metadata and malformed payload fallback (4.844082ms)
✔ A20 view model adapter follows document switches and keeps view selections independent (0.373964ms)
✔ A20 synthetic composition commits once, cancels safely and cannot cross document identity (0.789229ms)
✔ A20 rename preview refreshes token/layout caches without publishing or recording edits (1.960255ms)
✔ A20 line layout round trips grapheme offsets, tabs, CJK and emoji (2.899ms)
✔ A20 visual line map handles 500000 lines with wraps, hidden intervals and inverse lookup (4.501615ms)
✔ A20 wrap covers source without splitting extended graphemes (0.678042ms)
✔ A20 viewport bounds materialized rows and folds preserve logical line numbering (26.582366ms)
✔ A20 whitespace changes only decoration data and overview endpoints are exact (0.44451ms)
✔ A20 leading and inline zones retain row mapping through repeated layout resets (1.620031ms)
✔ A20 long-line fragments clamp stale horizontal scroll and use bounded text reads (1.606862ms)
✔ Vim block deletion uses display columns across partial tabs, wide graphemes, combining text and short lines (21.599065ms)
✔ Vim block change types on every selected row and retains virtual space in one history group (4.128042ms)
▶ Vim block insert, append and end-of-line append honor their distinct short-line behavior
  ✔ I ! Escape (2.396322ms)
  ✔ A ! Escape (3.342498ms)
  ✔ $ A ! Escape (1.776798ms)
  ✔ D (1.363165ms)
  ✔ C ! Escape (1.723678ms)
✔ Vim block insert, append and end-of-line append honor their distinct short-line behavior (11.507404ms)
✔ Vim block registers preserve rows on counted normal puts, visual puts and puts beyond the final line (3.342488ms)
✔ Vim asynchronous clipboard keeps block metadata only while clipboard text still matches (1.805661ms)
✔ Vim visual replacement splits tabs and fills virtual cells without splitting surrogate pairs (3.840809ms)
▶ Vim block shifts use the left boundary, count, shift width and tab policy
  ✔ 2 > spaces=true (1.716518ms)
  ✔ < spaces=true (1.145396ms)
  ✔ 2 > spaces=false (1.080358ms)
✔ Vim block shifts use the left boundary, count, shift width and tab policy (4.412081ms)
✔ Vim normal vertical moves preserve display column and block corner switches preserve the selected rectangle (1.41359ms)
▶ Vim visual aliases operate on the selected text rather than normal-mode single-character ranges
  ✔ x (1.067449ms)
  ✔ U (1.610477ms)
  ✔ u (0.75634ms)
  ✔ ~ (0.718853ms)
  ✔ r# (0.759575ms)
✔ Vim visual aliases operate on the selected text rather than normal-mode single-character ranges (5.414671ms)
✔ Vim block edits reject malformed metadata, excessive virtual replacement and locked models before mutation (1.182202ms)
✔ selection normalization deterministically merges overlap and preserves primary direction and head alias (1.753002ms)
✔ model stores operation undo independent of a 500 KB document and restores save points (44.202915ms)
✔ five-caret typing is one undo step with exact selection restore; time/command coalescing has explicit boundaries (1.319779ms)
✔ random operations undo and redo against retained string oracles (36.63631ms)
✔ model prepares atomic workspace participants and rollback preserves document/history/selection/scroll (4.833696ms)
✔ multi-caret commands add occurrences, remove newest and insert line-end carets (11.207898ms)
✔ box typing splits partial tabs, uses wide visual columns and inserts virtual spaces (2.551685ms)
✔ multicaret clipboard round-trips N fragments and rectangular pastes grow missing lines atomically (1.841976ms)
✔ box deletion avoids manufacturing virtual spaces and insertion budgets reject before any model edit (0.642848ms)
✔ explicit nested groups override per-command stops and selection jumps while preserving saved state identity (0.641527ms)
▶ Vim counts multiply operators, motions and line ranges and each edit undoes as one operation
  ✔ 2d2w (17.778817ms)
  ✔ 2dd (1.934085ms)
  ✔ Gdd (1.901045ms)
  ✔ de (1.558599ms)
  ✔ dw (2.482682ms)
  ✔ D (1.152317ms)
  ✔ J (1.129753ms)
  ✔ gJ (1.38666ms)
✔ Vim counts multiply operators, motions and line ranges and each edit undoes as one operation (30.770589ms)
✔ Vim normal movements, finds and character deletes stay at grapheme and CRLF line boundaries (5.26111ms)
▶ Vim word-end, backward-end, find/till, paragraph, line and document motions have expected offsets
  ✔ 2w at 0 (0.824402ms)
  ✔ ge at 8 (1.509535ms)
  ✔ 2ge at 8 (0.613294ms)
  ✔ 2e at 0 (0.682559ms)
  ✔ W at 0 (0.624271ms)
  ✔ fc at 0 (0.649289ms)
  ✔ tc at 0 (0.675288ms)
  ✔ Fa at 6 (0.523919ms)
  ✔ tB at 0 (0.559814ms)
  ✔ } at 0 (0.466443ms)
  ✔ ^ at 5 (1.523246ms)
  ✔ 0 at 6 (0.673265ms)
  ✔ G at 0 (0.462417ms)
  ✔ gg at 12 (0.506443ms)
  ✔ 2G at 0 (0.45131ms)
✔ Vim word-end, backward-end, find/till, paragraph, line and document motions have expected offsets (11.983222ms)
▶ Vim change, insert, replace and open-line sessions share one explicit history group
  ✔ c w N E W Escape (1.76447ms)
  ✔ i a b c Escape (0.726285ms)
  ✔ R X Y Escape (0.754437ms)
  ✔ r 😀 (0.682689ms)
  ✔ o X Escape (1.557457ms)
  ✔ O X Escape (0.692614ms)
  ✔ c c X Escape (0.84246ms)
✔ Vim change, insert, replace and open-line sessions share one explicit history group (7.637471ms)
▶ Vim text objects use half-open word, quote, nested bracket, sentence and paragraph ranges
  ✔ diw (0.819966ms)
  ✔ daw (0.70328ms)
  ✔ di" (0.723611ms)
  ✔ di( (0.708659ms)
  ✔ 2da( (0.605463ms)
  ✔ dis (0.701558ms)
  ✔ dip (1.99685ms)
✔ Vim text objects use half-open word, quote, nested bracket, sentence and paragraph ranges (6.858527ms)
✔ Vim visual character, line and block operators edit the real multi-selection model (4.37276ms)
✔ Vim visual put replaces the selected range instead of inserting beside it (1.214691ms)
✔ Vim indent, case operators, matching pairs and repeated find use their native command ranges (2.360208ms)
✔ Vim named, appended, yank, numbered and black-hole registers preserve their contracts (1.357336ms)
✔ Vim marks track buffer edits, retain profile state and route cross-document jumps through the host (1.847154ms)
✔ Vim macros, repeated changes and insertion replay use one undo group per replay (3.23059ms)
✔ Vim search uses bounded regex with wraparound, counts and reverse direction (28.571364ms)
✔ Ex substitution captures, line scopes, flags and bounded failures are atomic (3.243008ms)
✔ Ex settings and workspace requests use the common host and honor failed saves (1.987315ms)
✔ Vim denied system-register delete and paste leave the model unchanged (0.828649ms)
✔ Vim delayed clipboard and prompt responses reject stale or disposed editor state (1.137385ms)
✔ Vim read-only mode and browser composition preserve the text and undo state (1.185226ms)
﹣ Unsupported target: shell commands and external filters (0.083556ms) # The browser editor has no shell or process-execution authority.
﹣ Unsupported target: Vimscript and plugin loading (0.042193ms) # The native modal adapter is not a Vimscript interpreter or plugin runtime.
﹣ Unsupported target: terminal buffers (0.032449ms) # Terminal emulation is outside the editor document and keymap scope.
﹣ Unsupported target: native Vim regex extensions (0.028743ms) # Search uses the documented bounded regex engine rather than Vim magic expressions.
﹣ Unsupported target: operating-system primary selection (0.02659ms) # The injected asynchronous clipboard API exposes ordinary clipboard text.
﹣ Unsupported target: unlimited recursive macros (0.02631ms) # Native macros have explicit recursion, key-count and register-memory budgets.
﹣ Unsupported target: desktop Vim executable parity (0.023916ms) # Node fixtures qualify this native model; no installed desktop Vim is used as an oracle.
﹣ Unsupported target: browser key interception and assistive technology (0.026119ms) # Operating-system/browser key delivery and screen readers need browser/manual qualification.
✔ 0.5 refactor: introduce whole initializer preserves side effects once (90.288958ms)
✔ 0.5 refactor: introduce return expression stays inside block (9.930769ms)
✔ 0.5 refactor: introduce local avoids existing names (6.539226ms)
✔ 0.5 refactor: no extraction from conditional branch or call argument (5.874294ms)
✔ 0.5 refactor: no extraction from a for initializer (4.98287ms)
✔ 0.5 refactor: inline immutable literal preserves type and all references (5.614853ms)
✔ 0.5 refactor: mutable local is not offered for inline (1.980465ms)
✔ 0.5 refactor: overload-affecting literal widening is not inlined (2.208068ms)
✔ 0.5 refactor: invert if keeps one condition evaluation (8.517458ms)
✔ 0.5 refactor: expand initialized auto-property preserves get/set execution (23.28751ms)
✔ 0.5 refactor: expansion preserves static initializer and private setter (10.409439ms)
✔ 0.5 refactor: getter-only constructor property is not expanded unsafely (3.819437ms)
✔ 0.5 refactor: stale structural edit fails atomically (2.236211ms)
✔ 0.5 editor: bracket pairs ignore comments and escaped string punctuation (0.720416ms)
✔ 0.5 editor: unmatched delimiters are not paired across mismatch (0.157337ms)
✔ 0.5 editor: lexical insertion contexts include EOF comments and incomplete strings (0.603139ms)
✔ 0.5 editor: literal replacement honors UTF-16, word and case constraints (1.484538ms)
✔ 0.5 editor: search text is literal rather than regex (0.261263ms)
✔ 0.5 editor: replacement preflights result and match limits (14.91447ms)
✔ 0.5 editor: duplicate selected whole lines excludes trailing newline (0.216817ms)
✔ 0.5 editor: duplicate last line upward and validate ranges (0.249375ms)
✔ 0.6 highlight: indexed source preserves all UTF-16 and trivia characters (4.223214ms)
✔ 0.6 highlight: scrolling large files renders a bounded line window (486.546571ms)
✔ 0.6 highlight: lexical fallback still renders only the viewport (0.874668ms)
✔ 0.6 highlight: huge-line token budget preserves text without thousands of nodes (72.285467ms)
✔ 0.6 highlight: multiline comment clipping remains classified as comment (0.633535ms)
✔ 0.6 highlight: invalid viewport arguments fail without loops (0.802659ms)
✔ 0.6 selection: nesting strictly grows and retains UTF-16 positions (5.898569ms)
✔ 0.6 refactoring: make int const (102.616127ms)
✔ 0.6 refactoring: make var const (16.352702ms)
✔ 0.6 refactoring: make string const (15.856654ms)
✔ 0.6 refactoring: conditional return evaluation (30.756427ms)
✔ 0.6 refactoring: conditional return CRLF (16.15885ms)
✔ 0.6 refactoring: expression body method (25.146724ms)
✔ 0.6 refactoring: expression body void (14.690627ms)
✔ 0.6 refactoring: scoped using (25.228997ms)
✔ 0.6 refactoring: scoped using names remain bounded (21.124513ms)
✔ 0.6 refactoring: mutable/nonexact/already const no make-const int x=1;x++;Console.WriteLine(x); (4.520552ms)
✔ 0.6 refactoring: mutable/nonexact/already const no make-const int x=1;x+=2;Console.WriteLine(x); (3.102676ms)
✔ 0.6 refactoring: mutable/nonexact/already const no make-const int x=1;x=2;Console.WriteLine(x); (3.140813ms)
✔ 0.6 refactoring: mutable/nonexact/already const no make-const double x=1;Console.WriteLine(x); (2.230411ms)
✔ 0.6 refactoring: mutable/nonexact/already const no make-const const int x=1;Console.WriteLine(x); (1.896257ms)
✔ 0.6 refactoring: does not delete comments Use expression-bodied (3.954078ms)
✔ 0.6 refactoring: does not delete comments Use conditional return (3.049906ms)
✔ 0.6 refactoring: does not delete comments Use scoped using (4.296584ms)
✔ 0.6 refactoring: make-const stale edit is rejected atomically (2.149078ms)
✔ 0.6 navigation: bidirectional document locations preserve selections (0.34502ms)
✔ 0.6 navigation: origin cursor refresh does not create phantom jumps (0.125799ms)
✔ 0.6 navigation: new jump truncates forward history and deduplicates (0.723741ms)
✔ 0.6 navigation: retained history is bounded and immutable (0.138449ms)
✔ 0.6 navigation: invalid locations and limits rejected (0.249266ms)
✔ piece table: 100000 deterministic mixed-EOL/UTF-16 edits match a string oracle (346.137064ms)
✔ piece table: reading a 100 MB buffer boundary materializes only the requested slice (603.649454ms)
✔ line index: CRLF seams, CR/LF splits and all coordinate boundaries remain exact (0.92194ms)
✔ text buffer: multi-edits are one immutable version with inverse coordinates and exact ranges (1.038615ms)
✔ text buffer: prepare/commit is atomic; overlap, stale versions and disposed changes fail explicitly (0.61069ms)
✔ text buffer: indexed EOL metadata and UTF encodings preserve BOM, mixed endings and final newline (0.997993ms)
✔ text buffer: start/middle/end edits in one million lines remain indexed and below a 2 ms p95 budget (95.69314ms)
ℹ [{"region":"start","median":0.009103000000095562,"p95":0.013169999999945503},{"region":"middle","median":0.008684000000130254,"p95":0.015963999999939915},{"region":"end","median":0.0042270000001281005,"p95":0.004867000000103872}]
✔ cooperative preparation matches synchronous UTF-16 ranges and publishes only at its explicit commit (14.947073ms)
✔ cooperative large inverse construction yields while retaining one model undo operation (137.213186ms)
✔ cooperative preparation honors cancellation, disposal and snapshot identity without publishing partial changes (2.612497ms)
✔ cooperative ordered edit input validates bounds, ordering, edit count and chunk controls (0.837522ms)
✔ cooperative insertion normalizes CRLF across single-unit windows and keeps the one-version contract (37.058353ms)
✔ adjacent deletions and a replacement retain an unambiguous inverse transaction (1.292628ms)
✔ prepared model binding enforces ownership, current revisions and read-only state (0.67686ms)
✔ Myers diff: randomized scripts round-trip and match the dynamic-programming minimum (38.158591ms)
✔ line diff retains CRLF offsets and bounded character/word refinement (1.37327ms)
✔ diff limits return an exact replacement fallback and cancellation remains explicit (1.108821ms)
✔ merge3 automatically combines independent edits and identical changes (6.719225ms)
✔ merge3 conflicts carry exact stable branch/base/result ranges and preserve dominant EOL (1.133979ms)
✔ bounded regex matches the native safe-fixture oracle: a+/ (3.608229ms)
✔ bounded regex matches the native safe-fixture oracle: a+?/ (0.360574ms)
✔ bounded regex matches the native safe-fixture oracle: a{2,4}/ (0.343258ms)
✔ bounded regex matches the native safe-fixture oracle: (?:ab|a)+/ (0.505212ms)
✔ bounded regex matches the native safe-fixture oracle: (a|b)\1/ (0.507445ms)
✔ bounded regex matches the native safe-fixture oracle: (?<word>\w+):(?<number>\d+)/ (0.556429ms)
✔ bounded regex matches the native safe-fixture oracle: foo(?=bar)/ (0.220482ms)
✔ bounded regex matches the native safe-fixture oracle: foo(?!bar)/ (0.33164ms)
✔ bounded regex matches the native safe-fixture oracle: (?<=foo)bar/ (0.415557ms)
✔ bounded regex matches the native safe-fixture oracle: (?<!foo)bar/ (0.403358ms)
✔ bounded regex matches the native safe-fixture oracle: ^(\w+)\r?$/m (0.487164ms)
✔ bounded regex matches the native safe-fixture oracle: a.*b/s (0.253442ms)
✔ bounded regex matches the native safe-fixture oracle: [a-z]+/i (0.45087ms)
✔ bounded regex matches the native safe-fixture oracle: [^0-9]+/ (1.568755ms)
✔ bounded regex matches the native safe-fixture oracle: a*/ (0.147662ms)
✔ bounded regex matches the native safe-fixture oracle: (?=(aa))/ (0.20622ms)
✔ bounded regex matches the native safe-fixture oracle: (a?)*/ (0.174363ms)
✔ bounded regex matches the native safe-fixture oracle: \p{L}+/ (1.23375ms)
✔ bounded regex matches the native safe-fixture oracle: \u{1F600}/ (0.187002ms)
✔ bounded regex matches the native safe-fixture oracle: \bfoo\b/ (0.188725ms)
✔ bounded regex matches the native safe-fixture oracle: (a(b)?)+/ (0.147232ms)
✔ literal search preserves Unicode folding, UTF-16 spans and whole-word semantics (2.518181ms)
✔ regex replacement expands captures, names, escapes and multiline patterns atomically (0.952716ms)
✔ invalid/unsupported patterns report stable positions instead of native engine errors (0.458732ms)
✔ pathological regex is interrupted inside the interpreter and a process watchdog remains a second boundary (86.125496ms)
✔ search cancellation, result limits and empty-match advancement are bounded (0.881479ms)
✔ grapheme movement keeps clusters intact: "áb" (2.159655ms)
✔ grapheme movement keeps clusters intact: "👩‍👩‍👧‍👦!" (0.371049ms)
✔ grapheme movement keeps clusters intact: "🇵🇱🇯🇵x" (0.26525ms)
✔ grapheme movement keeps clusters intact: "👍🏽👍" (0.142234ms)
✔ grapheme movement keeps clusters intact: "\r\nX" (0.232761ms)
✔ grapheme movement keeps clusters intact: "각각" (0.262105ms)
✔ grapheme movement keeps clusters intact: "क्‍ष" (0.157357ms)
✔ word/subword navigation handles acronym humps, digits, underscores and CJK (11.067154ms)
✔ visual columns distinguish UTF-16 characters, graphemes, tabs, wide characters and virtual space (1.88408ms)
✔ pinned segmentation passes every Unicode 16.0 extended-grapheme conformance row (18.826439ms)
﹣ default and explicit native segmentation retain Unicode 16.0 host compatibility (0.348415ms) # The native comparison is pinned to a Unicode 16.0 Intl runtime
✔ existing editor grapheme fixtures agree with the actual host Intl segmenter (9.561584ms)
✔ chunked columns agree at every UTF-16 position, including split graphemes, pairs, tabs and CRLF (30.901859ms)
✔ a 200 MiB single line yields, stays chunk bounded, and supports exact subsequent cached lookups (1815.001812ms)
✔ an unfinished multi-megabyte combining cluster retains only numeric state across chunks (71.890702ms)
✔ edits reuse the indexed prefix and invalidate changed answers, including surrogate and combining seams (403.283064ms)
✔ unaffected line checkpoints relocate across earlier edits and joined or split lines never reuse wrong columns (1.555325ms)
✔ model columns survive undo/redo, invalidate silent rollback, and retain shared read-only behavior (2.533609ms)
✔ cancel, stale text and disposal reject promptly and release pending work (2.324164ms)
✔ checkpoint, result, line and pending budgets are enforced without a document-length cutoff (3.717473ms)
ℹ tests 674
ℹ suites 0
ℹ pass 665
ℹ fail 0
ℹ cancelled 0
ℹ skipped 9
ℹ todo 0
ℹ duration_ms 33763.262713
