Discovered 80 Node test files and 7 Python suites in 1 area manifests. Node reports executed test counts below.
✔ five concurrent preview navigations leave one preview; edit promotes and retains it (4.812655ms)
✔ document edits redraw tab chrome only when dirty or preview metadata changes across shared views (0.857773ms)
✔ pinned tabs survive close others and pin state roundtrips (1.311788ms)
✔ Cancel in a batch aborts the complete close without saving or closing any earlier tab (0.757943ms)
✔ save failure, edited-during-prompt and explicit discard obey atomic close contracts (2.723456ms)
✔ closing a shared secondary view does not discard or prompt for the remaining buffer (1.099787ms)
✔ reopen restores the original caret and scroll; thirty tabs remain in the overflow model (5.740934ms)
✔ context command enablement follows pinning, groups, side and host capabilities (0.688157ms)
✔ disposing during dirty confirmation cancels without discarding buffers (0.446533ms)
✔ v1 migrates without changing panel identities and v2 roundtrips metadata (3.646778ms)
✔ unknown and duplicate persisted panels are dropped and reported without substitution (0.542118ms)
✔ corrupt layouts recover valid closed identities and reject future versions in strict restore (0.631141ms)
✔ all four auto-hide edges pin back to the exact previous tab group and index (1.033958ms)
✔ Auto Hide All restores a removed tool group against its original document anchor (0.639865ms)
✔ a floating tab group docks as one undoable operation retaining both tabs (0.685804ms)
✔ nested floating splits retain topology on edge re-dock and flatten only on center (0.515447ms)
✔ nested transaction failures and cancelled pointer transactions leave no partial history (0.512232ms)
✔ monitor shrink clamps geometry and corrupt floating coordinates never escape viewport (0.501276ms)
✔ nine explicit guide targets hit their own centers and execute the specified topology (1.250996ms)
✔ pin and preview partition is deterministic and pin metadata survives tab moves (0.447895ms)
✔ background app registration preserves every visible group and global activation in one transaction (0.581607ms)
✔ background reopening auto-hidden tools and existing floating tabs cannot steal activation (0.52421ms)
✔ two runtime workers may use serial 1 without sharing output, debug state or legacy identity (6.366107ms)
✔ legacy runtime facade translates matching identities and rejects app-switch races (2.793852ms)
✔ restart replaces only its worker and stale callbacks cannot replace the new generation (1.318328ms)
✔ ending the active application selects the most recently active remaining app with ordered events (4.33186ms)
✔ resource limit refuses a new app without touching live workers (0.924955ms)
✔ background events update their app while shared debugger callbacks remain on the selected app (2.509644ms)
✔ state compatibility accessors follow the selected session without aliasing their mutable maps (0.969512ms)
✔ breakpoint edits bind only to sessions belonging to the owning project (0.983052ms)
✔ session grant edits never leak to another app and revocation stops only its owner (1.192628ms)
✔ combined debug status reflects multiple applications and exact paused count (0.891254ms)
✔ a ended active session can be retired at a one-session limit and releases retained output (0.786956ms)
✔ worker failure clears stale live UI flags and unlocks only the failed app (0.896652ms)
✔ legacy renderer, metrics and settling automation borrows only the active application host (8.200312ms)
✔ scene responses cannot cross selected sessions with equal runtime serials or matching node IDs (5.98344ms)
✔ active worker restart invalidates pending visual inspection even when its runtime serial repeats (2.531866ms)
✔ background UI never changes the selected host and active inspection never reapplies scene commands (1.477117ms)
✔ stopping or removing the selected app clears visual state and reports a missing window explicitly (2.219386ms)
✔ disposing inspection aborts pending queries and releases subscriptions without disposing application windows (2.193061ms)
✔ standalone construction without a SessionManager retains one owned WinUI host (1.988998ms)
✔ actual analysis events create separate tasks; cancelling one preserves same-project build and other project analysis (6.791077ms)
✔ superseded analysis settles once, drops late worker replies and preserves the legacy successful analysis event (1.104805ms)
✔ source invalidation cancels only that request and stale results cannot change diagnostics or task state (1.796528ms)
✔ worker errors and malformed compiler results close failed analysis entries without losing future analyses (1.14106ms)
✔ pre-aborted and malformed signals refuse before creating tasks; external cancellation is observable (1.295353ms)
✔ a bridge attached after a request starts observes its real epoch and project removal disposes its task (0.581447ms)
✔ TaskCenter quota refuses an untracked analysis while retaining the other running operation (0.826887ms)
✔ synchronous cancellation from task notification and bridge disposal leave no orphan analysis (0.898384ms)
✔ project builds run independently and only the edited project rejects its stale result (3.235628ms)
✔ live analysis cannot replace the cached executable returned by a clean build (1.077083ms)
✔ cancelling one project terminates only its worker and preserves other project diagnostics (0.765014ms)
✔ dependency order is deterministic and rejects cycles before executing work (0.434645ms)
✔ build queue cancellation skips remaining projects and reports exact counts (5.350386ms)
✔ output panes isolate applications and use bounded viewport reads after ring eviction (0.710351ms)
✔ diagnostics remain project/producer/version scoped and combine query filters (7.82694ms)
✔ only current user intent may reveal panels; background work cannot steal focus (0.479283ms)
✔ released runtime builtin identity and sparse registry copies remain stable (7.988552ms)
✔ copying sparse extension registries preserves holes instead of allocating placeholder entries (2.50077ms)
✔ environment registration uses the existing A07 reserved block without changing released slots (0.473584ms)
✔ public builtin metadata retains actual owners, source receivers and operand categories (29.61191ms)
✔ shared builtin metadata preserves binding and both emitted runtime artifacts (99.22179ms)
✔ non-startup URI routes every lazy expansion and navigation through its actual compiler owner (104.749724ms)
✔ preparation captures the version before waiting and never installs an outdated root (10.345455ms)
✔ expansion and navigation reject a source edited after preparation (9.290325ms)
✔ disposal cancels an outstanding compiler operation and prevents late tree publication (7.569341ms)
✔ worker rejects a call item from a different project or document even at the same revision (6.99807ms)
✔ project configuration changes invalidate prepared call items without requiring a source edit (5.49909ms)
✔ public shell entry prepares the real model before opening and invalidating its shared tool (28.074898ms)
✔ A19 accepting an external baseline updates byte budget and disk version so a later save succeeds (19.271131ms)
✔ A19 an old observation cannot bypass changed bytes, changed handles, or saved versions (4.830041ms)
✔ A19 baseline acceptance joins the save queue and refuses a revision committed ahead of it (8.799996ms)
✔ A19 cancellation and failed host preparation publish no baseline, while postcommit errors retain the accepted version (9.9836ms)
✔ A19 observed encoded sizes and whole-workspace budgets are validated before host commit (4.710792ms)
✔ A19 a rebased DiskWorkspace accepts only its mapped path and keeps the original queue and baseline independent (14.529924ms)
✔ captured DocumentService→DiskWorkspace utf-8 saves stream the written source while newer model edits remain dirty (49.897544ms)
✔ captured DocumentService→DiskWorkspace utf-16le saves stream the written source while newer model edits remain dirty (34.323131ms)
✔ captured DocumentService→DiskWorkspace utf-16be saves stream the written source while newer model edits remain dirty (32.758773ms)
✔ a failed streamed disk write preserves DocumentService and DiskWorkspace baselines and owned model state (9.291306ms)
✔ document model edits and event delivery retain lazy snapshots for a one-megabyte source (20.433242ms)
✔ split views share the real model and undo without text-copy callbacks or shared view positions (1.24756ms)
✔ legacy document text setters apply undoable edits while the version remains model-owned (1.411087ms)
✔ save preparation runs before capture and a later edit never inherits that saved marker (1.554804ms)
✔ model factories validate replacement before disposing the current workspace and retain the shared map identity (1.403145ms)
✔ project locks cover unopened models and update linked-source membership without locking unrelated projects (3.478673ms)
✔ model events invalidate only owning builds without materializing text until compilation requests a snapshot (2.871499ms)
✔ ordered workbench events preserve lazy getters even during reentrant dispatch (0.705353ms)
✔ document operation state captures immutable current and saved roots without live model ownership (4.156015ms)
✔ validated moved-model state retains a rebased dirty baseline through subsequent edits and undo (1.822398ms)
✔ operation state mismatches reject before ownership transfers or saved markers change (1.241621ms)
✔ new plain-text operation state transfers to a factory model while an explicit clean restore updates its saved marker (0.684732ms)
✔ reload commits the shared model, saved baseline and encoding before document, buffer or view notifications (7.09125ms)
✔ reload is one undo step, retains an unaffected caret and restores clean state on redo (1.879854ms)
✔ a metadata rejection restores source, undo, selections, baseline, metadata and stale-save state without notification (2.035128ms)
✔ document notification failure reports a committed reload and still publishes saved state (1.574183ms)
✔ model notification failure reports a committed reload and still publishes saved state (1.173319ms)
✔ an explicitly committed metadata error retains the accepted disk and document roots (1.238998ms)
✔ a newer edit from a document notification remains dirty and cannot receive a stale saved marker (1.143504ms)
✔ a newer edit from a model notification remains dirty and cannot receive a stale saved marker (0.735659ms)
✔ reload guards reject stale ownership, versions, read-only state and invalid encoding before metadata acceptance (0.974359ms)
✔ asynchronous metadata contributions are rejected and rolled back before any event (0.932927ms)
✔ same-text reload accepts changed encoding and clears an obsolete saved baseline without adding an undo edit (0.617641ms)
✔ legacy reload updates all views after metadata and classifies a failed view refresh as committed (0.662229ms)
✔ reload permits the exact shared character limit and rejects larger incoming or existing sources (24.392521ms)
✔ a disposed owner cannot reload or accept disk metadata (3.125281ms)
✔ an unchanged captured source save marks the exact model revision clean without materializing text (20.102133ms)
✔ edits during pending source I/O retain the written snapshot baseline and never mark the new revision clean (17.49882ms)
✔ captureSave supports bulk snapshot consumers and reads captured text only on a legacy provider request (21.47361ms)
✔ failed or rejected writes retain the previous baseline and dirty state (12.369427ms)
✔ a captured save cannot overwrite a replacement document baseline after asynchronous I/O (12.254443ms)
✔ saved snapshot validation rejects foreign or mismatched sources before considering lazy text (11.982823ms)
✔ documents open, change, save and close without requiring a docking host (3.513457ms)
✔ saving a captured revision never marks a newer edit as clean (1.37347ms)
✔ multiple document views share edits and retain independent selection/scroll state (0.763772ms)
✔ workspace replacement validates completely before changing existing records (0.482267ms)
✔ every legacy initial state key resolves through an explicit slice property descriptor (6.108558ms)
✔ running project locks its shared source views while other project remains editable (2.890608ms)
✔ equal worker serials stay partitioned by app and launch identity (14.755119ms)
✔ strict capture validation rejects missing sequences, wrong identities and invalid measurements atomically (0.933406ms)
✔ bounded history gaps are explicit and malformed replies block only their current launch (0.905794ms)
✔ late replies after replacement cannot attach measurements to the replacement capture (0.415606ms)
✔ pausing and disposal cancel outstanding waits without clearing retained launch history (0.579483ms)
✔ disposed and removed sessions cannot create new capture work (0.306311ms)
✔ timeline retains bounded descriptors and partitions heap snapshots by launch (1.470835ms)
✔ heap snapshots reject late replacement and malformed census data (0.462597ms)
✔ CPU graph uses actual time, bounded percent and weighted intervals with accessible event detail (12.490863ms)
✔ execution occupancy measures actual intervals and separate synchronous categories (9.938209ms)
✔ nested work counts once and a close inside the operation includes its complete final interval (0.283997ms)
✔ measurement preserves synchronous exceptions and rejects asynchronous waiting (2.680037ms)
✔ bounded sequence windows report lost history and replacement clears the previous launch (0.367223ms)
✔ occupancy validates bounds, clock monotonicity and replacement outside measured work (0.515967ms)
✔ runtime pumping closes the actual final interval and cancels idle sampling after termination (0.576078ms)
✔ paused runtimes sample genuine idle intervals and freeze automatic animations (2.405082ms)
✔ retired launch timer callbacks cannot clear or execute replacement timers (0.31864ms)
✔ request measurements exclude inspection and count UI/debug actions without changing their results (0.425732ms)
✔ runtime pump failures keep a paused capture and report the original error (0.37196ms)
✔ real source worker exposes actual execution intervals and preserves program output (704.383067ms)
✔ real source workers isolate captures, pause, stop and replacement despite equal raw serials (909.888001ms)
✔ real direct CIL worker exposes actual execution intervals and preserves program output (591.608516ms)
✔ real direct CIL workers isolate captures, pause, stop and replacement despite equal raw serials (2784.440174ms)
✔ resource rename publishes source edits, file paths and literal project references in one undoable host commit (12.9933ms)
✔ multiple independent resource renames share one operation and preserve unedited clean sources (2.871174ms)
✔ invalid versions, before text, result text, overlapping edits and destination collisions leave all owners unchanged (4.803986ms)
✔ a model change during render fails the immediate precommit guard without overwriting the newer edit (2.458273ms)
✔ async host preflight rechecks identities, affected locks, unrelated edits, saves, membership and workspace lifetime (13.005629ms)
✔ failed host preflight releases every staged model and preserves live source buffers (1.548052ms)
✔ postcommit callback failure retains all adopted resource models and a complete file-operation undo (2.225551ms)
✔ large resource source comparisons stay lazy and yield to cancellation before ownership changes (34.560764ms)
✔ the adapter copies supported plan fields before awaits and rejects native, locked and oversized resource requests (2.335938ms)
✔ Explorer rename and undo preserve dirty snapshot baselines and leave unrelated models unchanged (17.744622ms)
✔ Explorer copies are independent unsaved models and sequential file undo retains earlier snapshot identity (8.580546ms)
✔ Explorer source writes prepare a replacement without mutating current text and undo restores a lazy root (4.168104ms)
✔ Explorer snapshot history refuses newer edits without reading either complete source (3.522059ms)
✔ Explorer failed preflight and host commit keep existing owners intact and dispose staged replacement models (4.841379ms)
✔ Explorer Add Existing Item accepts sources beyond 16 MiB using chunked File reads and records undo without flattening (200.744307ms)
✔ Explorer Add Existing Item updates project membership while retaining the prepared source descriptor (4.92194ms)
✔ Explorer rejected or cancelled multi-file import cleans up only its prepared models (11.095859ms)
✔ Explorer disposed imports cancel between chunks and postcommit callback errors retain adopted ownership and history (4.656349ms)
✔ Explorer native source payload limits remain explicit before native I/O (14.977179ms)
✔ Explorer snapshot records preserve metadata and exact history roots while fresh URI models remain independent (3.511355ms)
✔ Explorer path index preserves descendant and case-collision rules across large indexed batches and removals (6.75885ms)
✔ native prepared creates encode the captured edited source and BOM instead of stale original bytes (1.329985ms)
✔ A19 FileWatch forwards the captured record and observation and prompts once until the document or disk changes (25.280542ms)
✔ A19 old Reload, Ignore, and Compare actions cannot act on a same-URI same-version replacement (10.462162ms)
✔ A19 a later edit refreshes the notification instead of retaining an unusable version guard forever (10.239467ms)
✔ A19 changing the Save As target invalidates every action even when the same document version remains open (4.414124ms)
✔ A19 a BOM-only external change is observable and its accepted metadata survives a later save (8.01976ms)
✔ A19 a legacy asynchronous reader cannot publish a notification for a replaced document (2.651187ms)
✔ A19 cancellation after a legacy reader resolves cannot publish an external-change notification (2.609264ms)
✔ first-run visual-studio applies theme, global navigation and actual editor shortcuts (32.964221ms)
✔ first-run vscode applies theme, global navigation and actual editor shortcuts (15.834361ms)
✔ first-run resharper applies theme, global navigation and actual editor shortcuts (7.200635ms)
✔ global ReSharper navigation retains file/member/symbol/recent arguments without an active editor (7.153936ms)
✔ projected query prefixes use the real workbench search filters and source navigation (1.139638ms)
✔ cancelled first-run selection has no effect, completed setup is skipped, and reselect preserves documents (12.365301ms)
✔ profile changes keep custom bindings and one effective copy of each common global shortcut (15.591866ms)
✔ choosing a user scheme clears only supplied current-workspace overrides and persists across reload (9.717576ms)
✔ invalid scheme and persistence failure reject the complete first-run transaction before changing shortcuts (6.403154ms)
✔ Options selects ReSharper after setup and commits only edited keys over a workspace override (9.63768ms)
✔ Import and Export Settings applies a previewed scheme to both scopes without changing editor data (8.642199ms)
✔ settings profile rejects invalid imports, exports selected categories and can reopen first-run choices (7.134275ms)
✔ resetting selected categories restores the default scheme while retaining unrelated settings and undo (9.871181ms)
✔ reset validates categories and remains atomic on storage failure, including the empty boundary (1.077495ms)
✔ changing schemes cancels an in-progress native and global chord before the next keystroke (6.793703ms)
✔ PE metadata exposes actual generic List members, names, parameter signatures, properties and namespaces (12.568328ms)
✔ metadata source carries the exact PE identity, source version and matching overload selection (8.916783ms)
✔ metadata versions never collapse same-name assemblies or infer an ambiguous owner (2.757237ms)
✔ framework member caret resolves Console.WriteLine rather than treating it as a type name (18.02231ms)
✔ core intrinsic metadata uses accepted arities, canonical owners, instance parameters and property shape (7.257602ms)
✔ bound assembly simple identity selects actual PE metadata and rejects multiple matching versions (12.486649ms)
✔ reference sources use authorized HintPath bytes, transitive project visibility and no source text getters (19.629543ms)
✔ unavailable, ambiguous and invalid PE references return explicit Object Browser diagnostic rows (12.504803ms)
✔ metadata inspection rejects byte and declaration limits before returning a partial model (1.462475ms)
✔ catalog cancellation terminates its dedicated metadata worker and does not cache late replies (14.150944ms)
✔ Code Definition reads only a bounded caret fragment and prioritizes structured bound owners (5.729227ms)
✔ Code Definition source definitions bypass metadata and retain exact selection (0.221434ms)
✔ Studio multi-session C# fixture preserves WinUI, argv, environment and stop isolation in source VM (978.644337ms)
✔ Studio multi-session C# fixture preserves WinUI, argv, environment and stop isolation in direct CIL (753.897725ms)
✔ actual MSBuildTools onJob notifications retain exact cancellation ownership when another job is selected (3.519223ms)
✔ owners with the same remote job id remain independent and known terminal callbacks cannot resurrect a task (0.558739ms)
✔ phase text stays indeterminate, only host-reported fractions become progress, and stale cursors/phases are ignored (0.337857ms)
✔ a native success that wins a cancellation race remains an observed success (0.295143ms)
✔ native cancellation failures and replies for another job are explicit and cannot alter that other task (0.737697ms)
✔ transport failure settles only its matching observed job and malformed snapshots do not mutate task state (0.461022ms)
✔ synchronous cancellation from first notification reaches the captured client exactly once (0.330746ms)
✔ disposal aborts owned requests once, ignores late callbacks and bounds retained terminal identity history (0.556946ms)
✔ A19 actual native utf-8 reload updates SHA-256 and native baseline before a physical save (30.972308ms)
✔ A19 actual native utf-16le reload updates SHA-256 and native baseline before a physical save (7.052908ms)
✔ A19 actual native utf-16be reload updates SHA-256 and native baseline before a physical save (5.896362ms)
✔ A19 reconnecting the native host invalidates a prior observation without changing the document (3.398842ms)
✔ A19 native bytes changed after the observation are not marked as the reloaded baseline (3.979945ms)
✔ A19 rejecting immutable native metadata restores the document and retains both previous native baseline fields (3.099022ms)
✔ A19 native read cancellation and disposal reach the actual client request signal (1.908526ms)
✔ A19 MSBuild text and binary read APIs forward the supplied cancellation signal without changing endpoints (0.784988ms)
✔ actual client, MSBuildTools and lazy native callbacks publish live tasks and preserve completed inspection (210.475288ms)
✔ poll transport failure retains the captured client and fails only that job after another job becomes selected (206.983181ms)
✔ the TaskCenter cancellation callback targets its captured client/job and does not replace another native selection (2.022557ms)
✔ validation/start failures and ordinary native UI errors cannot settle a previously observed unrelated task (1.727954ms)
✔ a poll response for a different ID closes only the requested task and never publishes the foreign job (202.883602ms)
✔ native Cancel transport errors report only the captured current owner, regardless of a later client value (1.229605ms)
✔ a confirmed native success wins a cancellation race and a stale pending poll cannot regress it (203.071184ms)
✔ disposal coalesces TaskCenter cancellation before disconnect and abandons a pending poll without late UI writes (202.851534ms)
✔ disposal during job start waits for the actual returned ID, cancels it, and never publishes a post-disposal task (1.045469ms)
✔ Outline host passes exact URI/project/version and applies one provider edit before navigation (2.247904ms)
✔ Outline rejects stale version after provider completion (0.677267ms)
✔ Outline rejects stale project after provider completion (0.223004ms)
✔ Outline rejects stale workspace after provider completion (0.237747ms)
✔ Outline rejects stale document after provider completion (0.43907ms)
✔ Outline cancellation and disposal stop a waiting provider without applying its late result (0.556355ms)
✔ Outline rejects read-only and mismatched provider edits (0.419019ms)
✔ Outline leaf drops retain before/after position and refuse cross-tree payloads (0.794783ms)
✔ Outline moves a complete CRLF member with XML docs and trailing comments, without changing the workspace (11.249007ms)
✔ Outline moves a callable across fields without changing field initialization order or either runtime result (99.611277ms)
✔ Outline accepts storage-free declaration: int Value => 1; (1.436446ms)
✔ Outline accepts storage-free declaration: int Value { get { return 1; } set { } } (1.137248ms)
✔ Outline accepts storage-free declaration: C() { } (0.870357ms)
✔ Outline accepts storage-free declaration: int this[int i] { get { return i; } } (1.310728ms)
✔ Outline rejects order-sensitive or hidden-storage declaration: int value = 1; (1.381865ms)
✔ Outline rejects order-sensitive or hidden-storage declaration: int Value { get; set; } (0.554803ms)
✔ Outline rejects order-sensitive or hidden-storage declaration: int Value { get; } = 1; (0.602395ms)
✔ Outline rejects order-sensitive or hidden-storage declaration: [ModuleInitializer] static void Init() {} (1.057598ms)
✔ Outline rejects order-sensitive or hidden-storage declaration: [Alias] static void Init() {} (0.507912ms)
✔ Outline rejects different containers, stale/read-only versions and invalid offsets without partial mutation (0.689325ms)
✔ Outline rejects crossing region/directive trivia and malformed source members (2.114224ms)
✔ Outline returns a stable no-op for the same member and preserves same-line separators for real moves (0.902965ms)
✔ prepared document ingress adopts the exact model and source without reading text or rebuilding it (14.280909ms)
✔ model and immutable roots are hidden even when an incoming caller made them enumerable (1.233662ms)
✔ retaining prepared records preserves model/map/view identity and replaces old subscriptions without materializing text (7.684066ms)
✔ duplicate, mismatched and stale prepared records reject atomically and remain caller-owned (4.867498ms)
✔ a failed factory disposes only models it created while prepared callers and the current workspace remain intact (1.36554ms)
✔ subscription failure and cancellation release staged subscriptions without disposing prepared input models (1.439361ms)
✔ saved-state preparation rolls back dirty caller models if another model cannot commit its saved marker (0.88565ms)
✔ add and legacy appended-record lookup adopt prepared models without a factory, and dispose releases owned roots (3.474025ms)
✔ view errors after the atomic ownership commit are explicit and do not hand live models back to callers (1.256596ms)
✔ real chunked File ingress adopts the reader model and decoder metadata without invoking whole-source getters (18.826053ms)
✔ append imports retain dirty model baselines and read-only state without implicitly saving existing documents (1.771329ms)
✔ append imports retain a late-save snapshot baseline and its stale-save dirty marker (0.966912ms)
✔ preserveDirty never permits replacing or removing a dirty model without explicit discard (1.326411ms)
✔ disposed prepared models reject and failing view cleanup still releases all owned models and roots (0.880512ms)
✔ startup target switching preserves each project selected profile and starts that target (13.199241ms)
✔ current-selection startup and new-instance commands honor the current project selected profile (2.91103ms)
✔ changing a startup profile preserves its start-without-debugging action (1.568805ms)
✔ malformed editor JSON fails before any capture starts (10.160769ms)
✔ both baseline schemas are checked before any capture starts (4.800247ms)
✔ known editor browser, OS, architecture, Node and CPU mismatches fail before capture (8.792599ms)
✔ model-only or another browser backend cannot be used as the editor baseline (2.688857ms)
✔ known workbench runner mismatches fail before editor captures (7.117555ms)
✔ Python OS and architecture aliases match corresponding known Node runner facts (4.13654ms)
✔ missing and outside-checkout baseline files fail before capture (1.659772ms)
✔ empty inputs retain capture mode and the 22-minute outer browser deadline (1.706963ms)
✔ compatible baselines are read once before capture and reused for comparison (7.133434ms)
✔ each explicit platform, engine and stage resolves without running a capture (2.04467ms)
✔ create events always discard baseline and dispatch-style overrides (0.181052ms)
✔ manual dispatch preserves defaults and exact supplied baseline paths (0.305559ms)
✔ unrelated creates, tag creates and unsupported event types cannot qualify (0.509354ms)
✔ the complete branch grammar rejects malformed selection and unsafe or oversized nonces (0.438448ms)
✔ event and full ref identity must agree for created and manually selected refs (0.333641ms)
✔ a mutable name, missing SHA or different checked-out commit cannot pass immutable source validation (0.278649ms)
✔ allocated runner and manual choice values are validated before output (0.307822ms)
✔ baseline data cannot inject Actions environment records (0.614512ms)
✔ oversized or malformed event files fail before writing any Actions environment output (16.303415ms)
✔ deleting a project in the same workspace clears only its profiles and persists a consistent startup snapshot (10.68075ms)
✔ removing a virtual-default profile selection clears it without requiring a materialized profile map (0.284889ms)
✔ source Main(string[]) receives flat program argv and defaults to an empty array (235.276081ms)
✔ source a parameterless entry accepts process argv without injecting method parameters (5.457847ms)
✔ source top-level args are forwarded through the generated startup wrapper (6.294928ms)
✔ source module initializers run once before argv forwarding into Main (46.276666ms)
✔ source async Main retains argv and its integer exit code across an await (17.95212ms)
✔ source argument arrays survive collection and caller mutation after construction (16.367682ms)
✔ cil Main(string[]) receives flat program argv and defaults to an empty array (21.793951ms)
✔ cil a parameterless entry accepts process argv without injecting method parameters (3.505043ms)
✔ cil top-level args are forwarded through the generated startup wrapper (3.679216ms)
✔ cil module initializers run once before argv forwarding into Main (9.924ms)
✔ cil async Main retains argv and its integer exit code across an await (9.63959ms)
✔ cil argument arrays survive collection and caller mutation after construction (18.858417ms)
✔ raw CIL methodToken invocations retain their numeric parameter contract (3.899798ms)
✔ independently authored CIL string-array entry receives argv without a compiler-specific payload (2.579318ms)
✔ source reads only its explicit environment, preserving empty values and case-sensitive names (82.237872ms)
✔ source separate runtimes copy environment values and never observe another application (11.997305ms)
✔ source a null environment variable name raises a managed ArgumentNullException (4.608086ms)
✔ cil reads only its explicit environment, preserving empty values and case-sensitive names (17.706019ms)
✔ cil separate runtimes copy environment values and never observe another application (8.848027ms)
✔ cil a null environment variable name raises a managed ArgumentNullException (4.433683ms)
✔ environment mutation and OS target overloads report unsupported source members (15.766731ms)
✔ independent managed CIL resolves the registered process environment signature and refuses mutation (3.681755ms)
✔ program argument normalization copies and freezes strings including empty and Unicode values (1.708425ms)
✔ argument count, individual size, total size, primitive type and null bytes have explicit limits (0.601126ms)
✔ environment normalization has private storage and never inherits host or prototype entries (0.370378ms)
✔ environment names, types, prototypes, per-entry and total sizes reject before launch (1.786152ms)
✔ process argv cannot replace raw parameters of an explicitly selected method (0.340403ms)
✔ launch profiles use the same bounds and advertise only the implemented environment capability (0.514936ms)
✔ injected RuntimeTools keeps existing profile grants and target launches do not inherit the active app settings (9.883678ms)
✔ profile settings apply to the next project launch only without rebuilding or mutating existing apps (3.544246ms)
✔ session settings remain scoped through active-app switches and only take effect on that app restart (2.440793ms)
✔ profile and session revocation stop only the explicitly associated applications (3.631615ms)
✔ settings requests capture the chosen app and do not fall back to a foreign active session (2.083887ms)
✔ late metrics cannot repaint a newly selected settings target (7.350369ms)
✔ target selector values are stable and invalid settings do not change any target (1.366381ms)
✔ only an actual loose-source language change schedules its project compilation (0.896299ms)
✔ legacy hosts retain the RuntimeTools API with explicitly isolated default settings (0.375933ms)
✔ real source worker consumes a complete launch profile (441.693375ms)
✔ real source workers isolate argv, environment and stop commands despite equal local serials (411.918267ms)
✔ real source worker rejects malformed replacement settings without retiring its paused session (334.483624ms)
✔ real direct CIL worker consumes a complete launch profile (347.096104ms)
✔ real direct CIL workers isolate argv, environment and stop commands despite equal local serials (386.910871ms)
✔ real direct CIL worker rejects malformed replacement settings without retiring its paused session (330.906507ms)
✔ session recovery exports only deterministic startup and non-executable profile metadata (12.677588ms)
✔ ZIP and extracted-folder manifests retain metadata while dropping hostile executable fields (4.855992ms)
✔ invalid recovery projects, libraries, selections and profile references fail before either live owner changes (2.302357ms)
✔ recovery staging is immutable, single-use and notifies observers only after both owners commit (1.43469ms)
✔ prospective recovery validates before workspace replacement and commits only to that loaded project set (1.606919ms)
✔ legacy records without session metadata are no-ops, while malformed versions, paths and bounds are rejected (0.798472ms)
✔ session state lint detects direct, computed, compound, destructuring and prefix writes (2.13818ms)
✔ session state lint excludes reads, equality, strings, comments and unrelated state properties (0.685041ms)
✔ session state lint accepts only explicitly inventoried owners and includes stable diagnostics (0.384389ms)
✔ Processes row controls affect only that row across active-application changes (12.362193ms)
✔ Debug Location process/thread/frame selection owns its locals and does not navigate a background app (3.452848ms)
✔ status and title announce a meaning change once and ignore repeated output/state events (2.506174ms)
✔ status updates read model positions and EOL metadata without flattening a 100 MB document (1.50121ms)
✔ status visual columns distinguish tabs, CJK, zero-width clusters and UTF-16 characters (1.703715ms)
✔ status uses cancellable exact model columns and ignores stale carets without flattening source (3.741855ms)
✔ reading one setting preserves workspace null overrides without cloning unrelated layouts (1.422001ms)
✔ Solution Explorer filtering never reads document content synchronously (1.273337ms)
✔ definition range reads stay bounded at a caret near the end of a large indexed document (1.05618ms)
✔ Explorer content searches retain actual worker URI matches and reject stale or cancelled results (0.954877ms)
✔ automatic recovery and bookmark construction never materialize a 100 MB model-backed file (0.738322ms)
✔ existing recovery is retained until the user restores or discards it (0.330948ms)
✔ bookmark edit transformation handles several pre-edit coordinates and wraps across files (6.577234ms)
✔ Output filters project and session identity from shared channel entries (0.748407ms)
✔ Find Results changes retained project or session scope without requesting another search (0.273612ms)
✔ locked result windows remain bounded without silently discarding retained results (1.426618ms)
✔ regex replacement retains lookbehind, named captures and original string substitutions (1.769504ms)
✔ keyboard removal applies to default ids before conflict calculation (0.879013ms)
✔ provider failures terminate queued test state instead of leaving a run in progress (0.624761ms)
✔ menu palette and command window share contextual enablement and the same handler (3.097794ms)
✔ when parser handles precedence and rejects malformed executable input and nesting (1.076311ms)
✔ command contributions rollback conflicts and restore replaced handlers (0.713495ms)
✔ command parser preserves quoted arguments without evaluating expressions (0.82361ms)
✔ 10000 hidden output invalidations produce no render or scheduled frame (1.07618ms)
✔ performance records exact per-session percentiles and enforces relative budgets (0.981087ms)
✔ lazy activation cancellation never resolves a mount and successful module loads cache once (0.827196ms)
✔ two concurrent tasks cancel independently and keep truthful cancelling state (0.865223ms)
✔ workbench inventory matches every registered shell window and command (19.655354ms)
✔ performance budget comparison fails absolute and twenty-percent p95 regressions (1.443533ms)
✔ performance comparison rejects absent, duplicate and unreported metric obligations (0.623739ms)
✔ performance comparison rejects invalid or fabricated statistics and mismatched captures (1.247969ms)
✔ capture-only performance assessment never invents a relative regression verdict (0.494284ms)
✔ recent workspace remembering retains metadata and never enumerates source or disk records (1.830576ms)
✔ opening the current workspace activates it without reading recovery or requiring permission (0.405721ms)
✔ recovery preparation preserves file bytes, encoding, BOM and unsaved source metadata (1.553178ms)
✔ recent opening uses the matching previous recovery and confirms actual workspace identity (0.566133ms)
✔ samples require a provider-confirmed open instead of treating an unchanged workspace as success (0.648266ms)
✔ missing recent files request permission explicitly and cancellation preserves the pinned MRU (0.485741ms)
✔ recovery bounds, corrupt data and cancelled providers fail before recent success is published (0.797401ms)
✔ search supports captures literal metacharacters exact versions whole words and bounded empty regex matches (5.316835ms)
✔ replacement preview skips changed documents and preserves unchecked matches as one batch per document (3.409464ms)
✔ worker cancellation terminates a pathological query without affecting a second results instance (1.072715ms)
✔ workspace symbol results reject superseded requests and changed document versions (0.584561ms)
✔ Error List combines source scope severity search and sort over 5000 real diagnostic records (3.509234ms)
✔ Output model bounds 100000 line inputs and compiler message links preserve location (70.438493ms)
✔ bookmarks move with source insertions and locked reference results remain unchanged (1.200027ms)
✔ old settings migrate once and corrupt settings notify then recover defaults (3.321491ms)
✔ settings transaction rejects invalid data and persistence failure before publishing (2.22139ms)
✔ line-ending normalization stays opt-in across theme changes and rejects invalid settings (0.723189ms)
✔ workspace preferences override user scope and exported profiles omit secrets recursively (1.248079ms)
✔ keyboard conflicts include default bindings and distinguish scopes (1.062289ms)
✔ keyboard Options shares native chord-prefix conflicts and shifted punctuation notation (0.399722ms)
✔ configuration manager applies release selection only to enabled project mappings (1.322111ms)
✔ recent files retain pinning and prune missing sources (0.613704ms)
✔ notifications survive toast expiry and unread/dismissal are independent (0.539582ms)
✔ external change prompts once per disk version and recovery contains only document data (1.118243ms)
✔ dropped file import bounds count and total bytes (0.512642ms)
✔ theme gate detects hex and numeric functional colors inside declarations, fallbacks, gradients and nested rules (2.688999ms)
✔ theme gate ignores selectors, comments, strings, URL fragments and identifiers that are not color tokens (0.283517ms)
✔ only explicit token files may define literal palette values; token files cannot hide painted rules (0.244669ms)
✔ theme gate fails closed on malformed CSS and validates empty and non-string input boundaries (0.417278ms)
✔ all Studio styles pass the color gate and extracted paint and token styles have explicit cascade order (67.427244ms)
✔ the migration preserves every legacy dark/light paint value, geometry declaration and ordered override (20.670604ms)
✔ Light keeps its authored palette, Blue keeps syntax distinctions, and contrast modes resolve every legacy token (16.799555ms)
✔ system theme follows OS changes immediately and disposal removes its media listener (0.55769ms)
✔ Task List scans real C# comment trivia and ignores literal task words (53.879675ms)
✔ class hierarchy attaches members to their actual project and namespace (0.410839ms)
✔ Object Browser uses actual registered List metadata and method signatures (50.885918ms)
✔ test provider subset runs emit incremental states and produce hierarchical results (1.900571ms)
✔ test cancellation signals only its current provider operation and preserves terminal results (0.516157ms)
✔ call hierarchy expands lazily and rejects changed source versions (1.202771ms)
✔ diagnostic session timelines remain separate and heap diffs use actual census data (1.041308ms)
✔ toolbox providers select the actual active document kind (0.456988ms)
✔ both main menu surfaces expose startup configuration, a new instance, and Stop All (3.663596ms)
✔ configuration aliases and auxiliary session commands reuse their registered host actions (1.318174ms)
✔ explicit project invocation overrides ambient selection without changing startup or launch profiles (0.997062ms)
✔ a host without an execution override still launches the explicit project using its selected profile (0.494564ms)
✔ library, missing and empty targets cannot silently fall back to the startup project (1.517915ms)
✔ new-instance availability refreshes native, Hot Reload and pending-launch explanations (0.668276ms)
✔ Stop All is enabled for live sessions or pending launches and uses the host cancellation path (0.846445ms)
✔ startup configuration is disabled when no projects remain (0.49817ms)
✔ Explorer solution and project menus route the exact selected node through the public aliases (1.986201ms)
✔ Explorer uses current registry reasons and preserves native build, restore and evaluate availability (0.693785ms)
✔ aborted invocations do not start and disposal restores a previously registered command (0.612873ms)
✔ startup modes validate libraries/unknown projects and serialize in deterministic order (2.34404ms)
✔ profiles isolate project settings, return copies and exclude grants/environment from exported preferences (1.020918ms)
✔ startup builds dependencies once, preserves configured order and starts independent roots after one failure (6.500859ms)
✔ two successful startup roots keep independent session resources and restart commands use explicit context (3.799811ms)
✔ workbench disposal terminates every owned worker without closing another workbench (2.044198ms)
✔ default build snapshots use current shared document revisions without changing source descriptors (1.180056ms)
✔ source and managed IL profiles forward program argv separately from method parameters (2.657331ms)
✔ an explicitly restricted external launch target refuses unsupported profile capabilities (1.334169ms)
✔ concurrent starts queue one shared project build and keep independent application instances (1.390724ms)
✔ failed startup preference storage leaves the previous configuration intact (0.354564ms)
✔ Set as Startup Project preserves both selected profiles and the toolbar agrees with the next F5 launch (17.648172ms)
✔ Set as Startup Project uses the real default profile when no per-project choice exists (3.055571ms)
✔ invalid or library startup targets leave the selected project and profile unchanged (2.713105ms)
✔ session state lint detects direct, computed, compound, destructuring and prefix writes (2.099452ms)
✔ session state lint excludes reads, equality, strings, comments and unrelated state properties (0.788898ms)
✔ session state lint accepts only explicitly inventoried owners and includes stable diagnostics (0.357989ms)
✔ all Studio modules keep direct debug-state writes inside session owners (196.910317ms)
✔ static named/re-export graph initializes dependencies first and lazy graph stays cold until one microtask (19.248261ms)
✔ lexical transforms leave literal/comment/regex text unchanged and handle nested template expressions (5.216615ms)
✔ dynamic cycles are deferred and repeated evaluation failures keep their original error identity (5.131753ms)
✔ the known Node worker adapter cannot trigger dynamic code loading from a browser bundle (3.22782ms)
✔ computed/unresolved imports, mutable exports, static cycles and missing or ambiguous names fail at build time (16.107738ms)
✔ graph containment checks real paths, including symlinks (4.13771ms)
✔ standalone hashes exact code and lazily embeds actual worker dependencies, including nested workers (15.246847ms)
✔ recursive worker graphs and worker URLs outside the asset root are rejected before packaging (4.824514ms)
✔ actual TaskCenter Cancel aborts its whole two-project queue and leaves an independent queue running (8.90636ms)
✔ a queued second operation for the same project survives cancellation of the first captured queue (5.570187ms)
✔ a completed task callback cannot cancel the next project or a later build with the same project id (3.40752ms)
✔ TaskCenter cancellation during its started notification sends no request and skips the rest of the queue (1.374459ms)
✔ standalone build cancellation preserves the other worker and disposal settles only tracked operations (2.427845ms)
✔ build task quota cancels only the untrackable queue and reports the refusal (1.664456ms)
✔ startup toolbar selection changes the explicit compiler project while background work retains it (15.510209ms)
✔ Studio routes language requests by document membership without selecting background projects (4.556089ms)
✔ workspace replacement clears former project memberships, sessions and launch profiles (6.136114ms)
✔ Studio language providers preserve originating versions and resolve the requested target document (2.920768ms)
✔ workspace record metadata does not read source text and explicit reads retain the captured snapshot (2.83618ms)
✔ partial disk saves acknowledge only written snapshots and keep edits made during I/O dirty (4.146973ms)
✔ start new instance keeps existing applications and launches the selected profile (4.480145ms)
✔ silent Studio builds leave large documents available without sending them to the compiler (43.072053ms)
✔ Studio source policy admits 501 files and a 200 MiB buffer and rejects bounded overflow (0.759213ms)
✔ launch fields preserve literal arguments and equals signs and reject invalid or duplicate environment entries (0.55779ms)
✔ breakpoint remapping applies several ordered source changes against their captured versions (2.518943ms)
✔ actual project loading publishes warnings into Error List without failing a build or leaking to project B (13.85734ms)
✔ loader errors block only their project and appear once under their producer; reevaluation removes only obsolete entries (9.363551ms)
✔ real designer source synchronization publishes protected-expression warnings and errors under the captured source owner (44.777526ms)
✔ source edits, project removal and disposal invalidate designer reports without erasing other producers (3.16234ms)
✔ an asynchronous designer failure cannot replace a new link or attribute the old failure to its new project (10.967886ms)
✔ A19 utf-8 observation uses the granted handle and preserves encoding through reload and the next save (75.891797ms)
✔ A19 utf-16le observation uses the granted handle and preserves encoding through reload and the next save (29.268939ms)
✔ A19 utf-16be observation uses the granted handle and preserves encoding through reload and the next save (27.876147ms)
✔ A19 a Save As target overrides the original workspace handle and receives the accepted baseline (15.520931ms)
✔ A19 an empty no-BOM UTF-16 observation remains an editable zero-byte source after reload (5.477248ms)
✔ A19 same-URI workspace replacement and later editor edits both invalidate an old observation (5.511901ms)
✔ A19 confirmation cannot overwrite a replacement document, a later edit, or a changed target (10.652425ms)
✔ A19 declined confirmation and read-only models leave both document and disk baselines intact (7.371465ms)
✔ A19 disk changes occurring after a prompt are rechecked before changing the editor (8.617839ms)
✔ A19 postcommit listener errors report committed state and preserve the matching save baseline (13.884942ms)
✔ A19 disposed and cancelled observers do not publish a pending handle read or reload prompt (2.805757ms)
✔ A19 a replaced target or record during decoding returns no stale observation (2.077782ms)
✔ A19 cancellation during a decoded chunk prevents observation publication and leaves the document unchanged (2.981004ms)
✔ A19 watch reads admit exactly 8,000,000 decoded characters and reject larger or invalid encodings (193.201936ms)
✔ A19 automatic reads reject an oversized byte descriptor without slicing or reading lazy editor text (48.167722ms)
✔ initial document sync activates the selected primary view and opens other tabs in the background (2.48014ms)
✔ dirty document sync preserves its active secondary view and a different URI explicitly changes it (1.584726ms)
✔ background document sync preserves selected application or tool without changing group selection (0.601016ms)
✔ removing the active document returns to a surviving source and unregisters its secondary views (0.737534ms)
✔ initial restore keeps the persisted secondary document selection (1.621852ms)
✔ horizontal host split creates one bottom group beside the original, with no intermediate vertical or empty group (10.776515ms)
✔ vertical host split and default New Window retain one right-hand shared view (2.632733ms)
✔ new views anchor to the requested source group instead of the first document group (1.693852ms)
✔ Vim split filename opens that workspace source and moves its exact panel beside the original once (1.606268ms)
✔ a split path naming the current source clones its view and does not perform an unnecessary open (1.120207ms)
✔ invalid or non-workspace split paths fail before any open, group change or new view (1.294232ms)
✔ a cancelled or failing workspace opener creates no split (1.631757ms)
✔ invalid split axes and missing original groups cannot allocate secondary views (1.168281ms)
✔ removing the original group during an asynchronous source open reports the stale target without an extra view (1.024702ms)
✔ actual Explorer rows expose multiple startup, running, paused and building states with descriptive accessible names (18.81766ms)
✔ background session changes preserve tree selection and unchanged statistics do not redraw rows or read source records (7.454822ms)
✔ a normal Explorer tree rebuild retains current badges and disposing the adapter releases every subscription (3.262956ms)
✔ current-selection startup decorations follow the actual active document membership without selecting another project (2.320946ms)
✔ recycled ordinary tree rows remove a former project accessible label (1.898911ms)
✔ an Explorer host commit retains unchanged models and their saved baselines, including unsaved siblings (30.021719ms)
✔ dirty Explorer rename and undo preserve source roots, baseline history, active tabs and breakpoints (14.730111ms)
✔ document reset subscribers observe the same project XML, membership and active source as the Explorer commit (7.483124ms)
✔ Explorer opening guard preserves edits made during asynchronous workspace preflight (7.426709ms)
✔ Explorer host rejects a superseding workspace revision before adopting its staged source models (6.082093ms)
✔ a cancelled late JSON file read cannot acquire a newer ticket or replace the succeeding workspace (16.137312ms)
✔ bundle import retains source overrides, encoding/BOM, folders and zero-length binary entries (6.161463ms)
✔ sample reset observers see the matching source, workspace metadata and cleared old artifacts (3.374113ms)
✔ stale assembly completion cannot replace a workspace opened during compiler import (5.127439ms)
✔ successful assembly reset never pairs imported documents with previous build artifacts (2.354607ms)
✔ metadata reads use the captured browser handle or native client and return actual bounded bytes (1.404246ms)
✔ a browser metadata read rejects after its owning disk changes while getFile is pending (0.986747ms)
✔ pending native metadata rejects a change to native client (1.041689ms)
✔ pending native metadata rejects a change to backend mode (0.808198ms)
✔ pending native metadata rejects a change to workspace epoch (0.83669ms)
✔ metadata cancellation and advertised byte limits stop before consuming an oversized file (0.88892ms)
✔ public shortcut utilities share native event normalization with the Options recorder (3.136876ms)
✔ invalid keyboard assignments, removal syntax and profile IDs never replace active state (27.534773ms)
✔ custom commands override defaults exactly once and remain visible to command menus (11.108245ms)
✔ removing one native chord leaves other chords sharing its prefix available (6.399932ms)
✔ a removed global exact key does not intercept an editor chord using its prefix (5.636352ms)
✔ a removal follows command and scope across profile changes without suppressing a different command on the key (9.585441ms)
✔ dynamic binding disposers remain valid after atomic table swaps and reject duplicate IDs (7.276362ms)
✔ keyboard conflict data excludes removed defaults and includes cross-scope prefix overlap (4.993713ms)
✔ popup installation handles global shortcuts once, releases listeners and leaves dialogs alone (2.918567ms)
✔ attached command availability is explicit without an editor and closing a view detaches its filter (3.188854ms)
✔ Studio direct ownership excludes dependency-only membership and retains genuine linked-file owners (16.005873ms)
✔ composed project Fix All changes owned sources through real compiler validation without editing a dependency (114.109702ms)
✔ composed solution Fix All deduplicates linked sources and preserves preview-only ownership (26.735623ms)
✔ reference and test lenses compose while test resolve/run use the actual owning provider and TaskCenter (7.352407ms)
✔ explicit linked-file context runs only its selected test owner, while ambiguous inferred ownership remains hidden (4.649335ms)
✔ non-test lens commands forward the real host command and its argument without running a test (1.683927ms)
✔ cancelling pending semantic lenses prevents the test provider from publishing combined results (4.968766ms)
✔ removed test providers and changed direct ownership cannot execute retained CodeLens commands (4.647641ms)
✔ cold Studio registers every facade without importing tools or activating native integration (5.249559ms)
✔ first commands and panels instantiate each actual controller once and share native settings (3.385811ms)
✔ visible restored panels activate only their feature and repeated layout events do not rerender (1.532398ms)
✔ loading coalesces latest mount and disposal prevents late construction or DOM changes (1.819531ms)
✔ module failure presents an actionable retry and a successful retry mounts the real controller (1.641122ms)
✔ capability presence permits only native first activation; canonical client still validates the token (0.579042ms)
✔ designer automation waits for first activation and preserves synchronous loaded document calls (0.692664ms)
✔ actual focused view wins while dock activation is ahead of Studio editor installation (4.902947ms)
✔ nested open callbacks add one departure and one actual jump, retaining view identity (1.438897ms)
✔ ordinary caret movement does not create a jump and a failed open does not add a destination (1.131685ms)
✔ direct window navigation and toolbar navigation replay the same history without recording activation (1.565549ms)
✔ dropdown entries replay the shared history and clear invalidates in-progress tokens (1.094039ms)
✔ five actual Studio preview opens reuse one tab and retain ordered jump history (9.217116ms)
✔ failed preview destinations do not enter history or block the next valid navigation (1.500561ms)
✔ background build failure never reveals a tool or changes user intent (7.423013ms)
✔ an explicit build reveals its errors only while the initiating navigation remains current (9.06073ms)
✔ an explicit build cannot reveal results for a project that is no longer selected (2.208247ms)
✔ late launch completion and stop-on-entry navigation respect a newer tool selection (4.280429ms)
✔ a pending new-instance launch cannot replace an explicitly selected existing application (2.850294ms)
✔ a current launch may reveal its source and application without invalidating its own ticket (2.213985ms)
✔ faults, exits and verified-symbol source cannot override later user navigation (1.766612ms)
✔ current active-session faults may reveal output while foreign owners and worker serials are rejected (2.189088ms)
✔ continuing after navigation captures a new action without reviving earlier paused events (2.564503ms)
✔ restart follows the new epoch while the previous worker identity remains unable to reveal (2.749643ms)
✔ registered debug commands refresh follow intent; cancelled or unavailable commands do not authorize reveals (2.078431ms)
✔ main and detached document navigation invalidate pending reveals and listeners are disposed (0.786105ms)
✔ an explicit target starts even when the selected build project is a library (1.60602ms)
✔ stopping a pending launch revokes its later reveal without leaving an activation callback in worker options (3.116274ms)
✔ Studio bulk save follows the successful Save As handle and leaves the original file untouched (23.635739ms)
✔ bulk I/O cannot reconcile a replacement document with the same URI and version (7.747222ms)
✔ disposing StudioSave cancels an outstanding picker without retaining targets or refreshing documents (2.173665ms)
✔ native workspaces reject browser Save As before asking for a destination (1.800833ms)
✔ document save acquires its picker synchronously and commits the exact asynchronously normalized capture (3.470278ms)
✔ file picker opens synchronously exactly once and passes its original ticket into real workspace adoption (17.286083ms)
✔ a superseded picker late change cannot invoke import or acquire a newer ticket (10.199707ms)
✔ an uncancellable late reader keeps the original ticket and cannot replace a newer workspace (6.775258ms)
✔ cancel removes the abort listener, releases an owned ticket, and permits a new picker (4.386068ms)
✔ cancelling a borrowed ticket leaves ownership with the caller and creates no duplicate picker ticket (1.350695ms)
✔ disposal rejects an open picker and removes all input and ticket listeners before late events (1.940343ms)
✔ a direct nonempty input change begins once without opening a second native picker (2.553006ms)
✔ an empty unsolicited change cannot supersede an independent pending workspace operation (1.033877ms)
✔ read-only ownership rejects before opening the browser picker (2.388278ms)
✔ consumer failure reports the actual error and releases its ticket without changing documents (1.456865ms)
✔ Watch 2 is an executable user command with independent expressions/results and explicit application scope (15.549216ms)
✔ Watch controls add, scope and remove expressions while asynchronous values retain the input node (7.274689ms)
✔ pending application/frame results are aborted and never replace a newer window scope (4.100738ms)
✔ hidden Watch windows do no evaluation or DOM writes for background output (87.667666ms)
✔ factory registration before restore recreates exact Watch identity, layout and saved expressions (3.811583ms)
✔ closing retains the controller and explicit unregister/dispose releases it before reopening (1.940434ms)
✔ corrupt, oversized, duplicate and failed persisted writes are explicit and atomic (0.509277ms)
✔ saved tool layout applies across document sets without closing or reopening documents (3.523018ms)
✔ saved layouts support legacy payloads, stable slots, rename, delete and rejected persistence (1.220008ms)
✔ reset requires an explicit positive choice (0.470709ms)
✔ navigation retains group, view and popout identities and rejects malformed locations (0.375616ms)
✔ navigation returns moved tab to its original existing document group (1.914594ms)
✔ tool factories create independent instances and restore exact identities (0.790792ms)
✔ Window command descriptors include layout slots and keyboard-only management (0.408846ms)
✔ worker requests preserve the protocol and reject errors without leaking pending requests (2.249409ms)
✔ worker errors reject all requests and only explicit restart admits new work (0.544019ms)
✔ restart generations suppress late replies and events from the terminated worker (0.326823ms)
✔ timeout, abort, quota and disposal all clean up their pending requests (10.173637ms)
✔ constructor request middleware is explicit and preserves input objects (0.404479ms)
✔ event delivery is ordered under reentrancy and unsubscribe during dispatch (0.259811ms)
✔ a slow earlier read cannot replace a later workspace, even after the later ticket finishes (3.627014ms)
✔ an old finally cannot release or cancel the current request (0.534635ms)
✔ nested readers share the original ticket instead of beginning after their await (0.788438ms)
✔ external cancellation rejects adoption and retains the original cancellation cause (0.80947ms)
✔ an already-cancelled request cannot begin reading or leave ownership behind (2.100214ms)
✔ ownership check cancels after document edit without undoing the current workspace (0.826505ms)
✔ ownership check cancels after document replacement without undoing the current workspace (0.532803ms)
✔ ownership check cancels after workspace epoch without undoing the current workspace (0.252581ms)
✔ ownership check cancels after native backend without undoing the current workspace (0.450228ms)
✔ ownership check cancels after read-only transition without undoing the current workspace (0.361384ms)
✔ ownership check cancels after document disposal without undoing the current workspace (0.26577ms)
✔ begin rejects a locked workspace and a disposed document service (0.251429ms)
✔ disposal cancels pending I/O, prevents adoption, and is idempotent (0.380032ms)
✔ finish detaches external cancellation and a finished ticket cannot be reused (0.234864ms)
✔ independent Studio instances do not cancel each other (0.233111ms)
✔ a reentrant abort listener cannot restore an older owner over a newer request (0.520364ms)
✔ invalid arguments do not supersede a valid pending request (0.240923ms)
✔ initial model places all panels closed with persistent empty document group (1.817669ms)
✔ open activate close reopen retains unique placement (1.135541ms)
✔ edge dock left (0.604971ms)
✔ edge dock right (0.283567ms)
✔ edge dock top (0.302295ms)
✔ edge dock bottom (0.270137ms)
✔ tab reorder is deterministic (0.267403ms)
✔ float redock cleans empty floating nodes (0.390529ms)
✔ auto hide pin close and reopen move one panel (0.53775ms)
✔ documents cannot auto hide (0.537049ms)
✔ nonclosable panels cannot close (0.183467ms)
✔ layout JSON restore roundtrips split auto hide and floats (0.550048ms)
✔ invalid restore is atomic s=>s.root.active='missing' (0.164037ms)
✔ invalid restore is atomic s=>s.closed.push('output') (0.160171ms)
✔ invalid restore is atomic s=>s.root.id='' (0.105909ms)
✔ invalid restore is atomic s=>s.version=999 (0.144248ms)
✔ invalid restore is atomic s=>s.closed.pop() (0.110206ms)
✔ invalid restore is atomic s=>s.autoHide.left.push('unknown') (0.188344ms)
✔ invalid restore is atomic s=>s.floating.push({id:'f',x:0,y:0,width:-1,height:100,root:createGroup('g',[])}) (0.164618ms)
✔ invalid operation rolls back model (0.217248ms)
✔ undo redo restore correct placements (0.255475ms)
✔ split resize validates finite ratio and clamps keyboard movement (0.279311ms)
✔ closing final document keeps a docking target (0.982831ms)
✔ history bound and subscriptions can unsubscribe (0.408325ms)
✔ register and unregister document panels preserve invariants (0.190236ms)
✔ duplicate tree identifiers are rejected (0.1596ms)
✔ randomized moves maintain uniqueness and valid round trips (94.414059ms)
✔ 08 preview mutation batches preflight before replacing workspace buffers (2.818517ms)
✔ 08 preview rename/copy/delete undo restores data and editor metadata (0.957863ms)
✔ 08 preview undo refuses subsequent user edits (0.516037ms)
✔ 08 pending file command cannot cross a workspace switch (0.21892ms)
✔ 08 planning a project change detects concurrent project source changes (0.288514ms)
✔ 08 native planning reads unsaved project buffers, not an old disk snapshot (0.320753ms)
✔ 08 cross-project source copy explicitly includes files with defaults disabled (3.611ms)
✔ 08 readonly explorer rejects file mutations before prompting (0.863611ms)
✔ 08 overlapping explorer dialogs cannot start a second mutation (0.34505ms)
✔ 08 solution project removal preserves comment and neighboring configuration (0.55767ms)
✔ 08 solution removal also removes literal dependency on the removed member (0.294674ms)
✔ 08 package reference authoring escapes metadata and does not invent relative package IDs (0.428015ms)
✔ 08 path rewrites leave commented-out references and CDATA byte-identical (0.405231ms)
✔ 08 adding compile membership removes default match before explicit include (0.461295ms)
✔ 08 Visual Studio modifier-only keys do not eat an active keyboard chord (11.504823ms)
✔ 08 editor declares Visual Studio default and six distinct profiles without a DOM (0.757892ms)
✔ 08 native XML write undo restores original encoding and byte hash (28.401418ms)
✔ 08 native XML syntax validation precedes every batch mutation (1.335222ms)
✔ 08 native overlapping parent/child operations fail preflight instead of breaking undo (1.053106ms)
✔ 08 native XML write followed by undo rejects later disk edits (8.277621ms)
✔ 08 actual loopback explorer APIs enforce auth/origin and preserve binary bytes (53.266609ms)
ℹ tests 662
ℹ suites 0
ℹ pass 662
ℹ fail 0
ℹ cancelled 0
ℹ skipped 0
ℹ todo 0
ℹ duration_ms 35784.946892
