✔ two independent tools start and a failed third batch restores the container (1.935938ms)
✔ container preflights duplicates, reports disposal errors and rolls back cancellation (0.439622ms)
✔ commands preserve handler behavior and reject duplicate registrations (2.777587ms)
✔ tools append menu items without global state or editing Studio (0.704542ms)
✔ each mount has independent state and DOM, and failed render cleans up (0.456358ms)
✔ automation contributions preserve the complete pre-extraction key surface (12.29666ms)
✔ automation duplicate batches roll back and namespaces dispose cleanly (0.590681ms)
✔ storage preserves v1 payloads, versions and quota failures (0.654827ms)
✖ every worker message has a handler seam and unknown messages fail structurally (1.009792ms)
✔ Studio has no command branches, direct persistence or inline automation literal (17.954323ms)
✔ real compiler and runtime workers dispatch known requests and return structured unknown errors (885.805169ms)
✔ actual analysis events create separate tasks; cancelling one preserves same-project build and other project analysis (5.187118ms)
✔ superseded analysis settles once, drops late worker replies and preserves the legacy successful analysis event (1.056883ms)
✔ source invalidation cancels only that request and stale results cannot change diagnostics or task state (1.30042ms)
✔ worker errors and malformed compiler results close failed analysis entries without losing future analyses (0.947808ms)
✔ pre-aborted and malformed signals refuse before creating tasks; external cancellation is observable (4.303147ms)
✔ a bridge attached after a request starts observes its real epoch and project removal disposes its task (0.487114ms)
✔ TaskCenter quota refuses an untracked analysis while retaining the other running operation (0.621496ms)
✔ synchronous cancellation from task notification and bridge disposal leave no orphan analysis (0.648057ms)
✔ project builds run independently and only the edited project rejects its stale result (3.316139ms)
✔ live analysis cannot replace the cached executable returned by a clean build (1.072035ms)
✔ cancelling one project terminates only its worker and preserves other project diagnostics (0.766355ms)
✔ dependency order is deterministic and rejects cycles before executing work (0.343708ms)
✔ build queue cancellation skips remaining projects and reports exact counts (5.896989ms)
✔ output panes isolate applications and use bounded viewport reads after ring eviction (0.628467ms)
✔ diagnostics remain project/producer/version scoped and combine query filters (7.564903ms)
✔ only current user intent may reveal panels; background work cannot steal focus (0.337318ms)
✔ non-startup URI routes every lazy expansion and navigation through its actual compiler owner (114.617824ms)
✔ preparation captures the version before waiting and never installs an outdated root (8.261281ms)
✔ expansion and navigation reject a source edited after preparation (8.344656ms)
✔ disposal cancels an outstanding compiler operation and prevents late tree publication (5.97869ms)
✔ worker rejects a call item from a different project or document even at the same revision (6.065011ms)
✔ project configuration changes invalidate prepared call items without requiring a source edit (7.05989ms)
✔ public shell entry prepares the real model before opening and invalidating its shared tool (4.816239ms)
✔ startup target switching preserves each project selected profile and starts that target (21.054818ms)
✔ current-selection startup and new-instance commands honor the current project selected profile (2.223581ms)
✔ changing a startup profile preserves its start-without-debugging action (1.051244ms)
✔ malformed editor JSON fails before any capture starts (9.896765ms)
✔ both baseline schemas are checked before any capture starts (7.209976ms)
✔ known editor browser, OS, architecture, Node and CPU mismatches fail before capture (6.480106ms)
✔ model-only or another browser backend cannot be used as the editor baseline (2.717516ms)
✔ known workbench runner mismatches fail before editor captures (8.979854ms)
✔ Python OS and architecture aliases match corresponding known Node runner facts (9.272925ms)
✔ missing and outside-checkout baseline files fail before capture (5.020506ms)
✔ empty inputs retain capture mode and the 22-minute outer browser deadline (2.003579ms)
✔ compatible baselines are read once before capture and reused for comparison (3.72896ms)
✔ each explicit platform, engine and stage resolves without running a capture (1.926403ms)
✔ create events always discard baseline and dispatch-style overrides (0.329146ms)
✔ manual dispatch preserves defaults and exact supplied baseline paths (0.361725ms)
✔ unrelated creates, tag creates and unsupported event types cannot qualify (0.609699ms)
✔ the complete branch grammar rejects malformed selection and unsafe or oversized nonces (3.58343ms)
✔ event and full ref identity must agree for created and manually selected refs (0.407574ms)
✔ a mutable name, missing SHA or different checked-out commit cannot pass immutable source validation (0.280633ms)
✔ allocated runner and manual choice values are validated before output (0.29876ms)
✔ baseline data cannot inject Actions environment records (1.301091ms)
✔ oversized or malformed event files fail before writing any Actions environment output (13.015126ms)
✔ menu palette and command window share contextual enablement and the same handler (3.028284ms)
✔ when parser handles precedence and rejects malformed executable input and nesting (5.828233ms)
✔ command contributions rollback conflicts and restore replaced handlers (0.523429ms)
✔ command parser preserves quoted arguments without evaluating expressions (0.592122ms)
✔ 10000 hidden output invalidations produce no render or scheduled frame (1.077083ms)
✔ performance records exact per-session percentiles and enforces relative budgets (0.766415ms)
✔ lazy activation cancellation never resolves a mount and successful module loads cache once (0.558071ms)
✔ two concurrent tasks cancel independently and keep truthful cancelling state (0.748478ms)
✔ workbench inventory matches every registered shell window and command (24.956762ms)
✔ performance budget comparison fails absolute and twenty-percent p95 regressions (1.617508ms)
✔ performance comparison rejects absent, duplicate and unreported metric obligations (0.724402ms)
✔ performance comparison rejects invalid or fabricated statistics and mismatched captures (1.317385ms)
✔ capture-only performance assessment never invents a relative regression verdict (0.523168ms)
✔ Task List scans real C# comment trivia and ignores literal task words (55.41764ms)
✔ class hierarchy attaches members to their actual project and namespace (0.368055ms)
✔ Object Browser uses actual registered List metadata and method signatures (54.177366ms)
✔ test provider subset runs emit incremental states and produce hierarchical results (1.966915ms)
✔ test cancellation signals only its current provider operation and preserves terminal results (0.46459ms)
✔ call hierarchy expands lazily and rejects changed source versions (1.122552ms)
✔ diagnostic session timelines remain separate and heap diffs use actual census data (1.006697ms)
✔ toolbox providers select the actual active document kind (0.445802ms)
✔ both main menu surfaces expose startup configuration, a new instance, and Stop All (3.744733ms)
✔ configuration aliases and auxiliary session commands reuse their registered host actions (1.595534ms)
✔ explicit project invocation overrides ambient selection without changing startup or launch profiles (1.063543ms)
✔ a host without an execution override still launches the explicit project using its selected profile (0.52436ms)
✔ library, missing and empty targets cannot silently fall back to the startup project (4.248583ms)
✔ new-instance availability refreshes native, Hot Reload and pending-launch explanations (0.629739ms)
✔ Stop All is enabled for live sessions or pending launches and uses the host cancellation path (0.519273ms)
✔ startup configuration is disabled when no projects remain (0.499783ms)
✔ Explorer solution and project menus route the exact selected node through the public aliases (1.846123ms)
✔ Explorer uses current registry reasons and preserves native build, restore and evaluate availability (0.578541ms)
✔ aborted invocations do not start and disposal restores a previously registered command (0.586874ms)
✔ startup modes validate libraries/unknown projects and serialize in deterministic order (2.283542ms)
✔ profiles isolate project settings, return copies and exclude grants/environment from exported preferences (1.281641ms)
✔ startup builds dependencies once, preserves configured order and starts independent roots after one failure (6.750163ms)
✔ two successful startup roots keep independent session resources and restart commands use explicit context (6.76152ms)
✔ workbench disposal terminates every owned worker without closing another workbench (1.91768ms)
✔ default build snapshots use current shared document revisions without changing source descriptors (1.616476ms)
✔ source and managed IL profiles forward program argv separately from method parameters (2.896666ms)
✔ an explicitly restricted external launch target refuses unsupported profile capabilities (1.534133ms)
✔ concurrent starts queue one shared project build and keep independent application instances (1.464938ms)
✔ failed startup preference storage leaves the previous configuration intact (0.380724ms)
✔ Set as Startup Project preserves both selected profiles and the toolbar agrees with the next F5 launch (20.326724ms)
✔ Set as Startup Project uses the real default profile when no per-project choice exists (2.716985ms)
✔ invalid or library startup targets leave the selected project and profile unchanged (2.237101ms)
✔ actual TaskCenter Cancel aborts its whole two-project queue and leaves an independent queue running (8.896178ms)
✔ a queued second operation for the same project survives cancellation of the first captured queue (2.35529ms)
✔ a completed task callback cannot cancel the next project or a later build with the same project id (3.609631ms)
✔ TaskCenter cancellation during its started notification sends no request and skips the rest of the queue (1.14821ms)
✔ standalone build cancellation preserves the other worker and disposal settles only tracked operations (2.784937ms)
✔ build task quota cancels only the untrackable queue and reports the refusal (1.827825ms)
✔ startup toolbar selection changes the explicit compiler project while background work retains it (14.374354ms)
✖ Studio routes language requests by document membership without selecting background projects (2.706999ms)
✔ workspace replacement clears former project memberships, sessions and launch profiles (4.393151ms)
✔ Studio language providers preserve originating versions and resolve the requested target document (2.26278ms)
✔ workspace record metadata does not read source text and explicit reads retain the captured snapshot (2.374098ms)
✔ partial disk saves acknowledge only written snapshots and keep edits made during I/O dirty (3.422659ms)
✔ start new instance keeps existing applications and launches the selected profile (6.221317ms)
✔ silent Studio builds leave large documents available without sending them to the compiler (43.251264ms)
✔ Studio source policy admits 501 files and a 200 MiB buffer and rejects bounded overflow (3.444812ms)
✔ launch fields preserve literal arguments and equals signs and reject invalid or duplicate environment entries (0.561176ms)
✔ breakpoint remapping applies several ordered source changes against their captured versions (2.092704ms)
✔ actual project loading publishes warnings into Error List without failing a build or leaking to project B (13.293866ms)
✔ loader errors block only their project and appear once under their producer; reevaluation removes only obsolete entries (8.301902ms)
✔ real designer source synchronization publishes protected-expression warnings and errors under the captured source owner (16.967411ms)
✔ source edits, project removal and disposal invalidate designer reports without erasing other producers (2.857527ms)
✔ an asynchronous designer failure cannot replace a new link or attribute the old failure to its new project (9.788402ms)
✔ actual Explorer rows expose multiple startup, running, paused and building states with descriptive accessible names (18.863068ms)
✔ background session changes preserve tree selection and unchanged statistics do not redraw rows or read source records (4.151206ms)
✔ a normal Explorer tree rebuild retains current badges and disposing the adapter releases every subscription (2.900672ms)
✔ current-selection startup decorations follow the actual active document membership without selecting another project (1.995077ms)
✔ recycled ordinary tree rows remove a former project accessible label (1.569315ms)
✔ Studio direct ownership excludes dependency-only membership and retains genuine linked-file owners (11.673693ms)
✔ composed project Fix All changes owned sources through real compiler validation without editing a dependency (105.589013ms)
✔ composed solution Fix All deduplicates linked sources and preserves preview-only ownership (19.588432ms)
✔ reference and test lenses compose while test resolve/run use the actual owning provider and TaskCenter (6.791896ms)
✔ explicit linked-file context runs only its selected test owner, while ambiguous inferred ownership remains hidden (4.475866ms)
✔ non-test lens commands forward the real host command and its argument without running a test (1.358478ms)
✔ cancelling pending semantic lenses prevents the test provider from publishing combined results (4.801286ms)
✔ removed test providers and changed direct ownership cannot execute retained CodeLens commands (6.133684ms)
✔ background build failure never reveals a tool or changes user intent (6.893509ms)
✔ an explicit build reveals its errors only while the initiating navigation remains current (5.517666ms)
✔ an explicit build cannot reveal results for a project that is no longer selected (1.42641ms)
✔ late launch completion and stop-on-entry navigation respect a newer tool selection (4.083314ms)
✔ a pending new-instance launch cannot replace an explicitly selected existing application (1.986644ms)
✔ a current launch may reveal its source and application without invalidating its own ticket (1.458117ms)
✔ faults, exits and verified-symbol source cannot override later user navigation (1.554062ms)
✔ current active-session faults may reveal output while foreign owners and worker serials are rejected (1.941676ms)
✔ continuing after navigation captures a new action without reviving earlier paused events (1.81174ms)
✔ restart follows the new epoch while the previous worker identity remains unable to reveal (1.98425ms)
✔ registered debug commands refresh follow intent; cancelled or unavailable commands do not authorize reveals (1.740122ms)
✖ main and detached document navigation invalidate pending reveals and listeners are disposed (1.370365ms)
✔ an explicit target starts even when the selected build project is a library (1.182022ms)
✔ stopping a pending launch revokes its later reveal without leaving an activation callback in worker options (3.460035ms)
✔ instance receiver signature help includes its accessible instance overloads, not same-name unrelated methods (101.480377ms)
✔ this receiver uses its containing type, preserving private overloads accessible within that type (8.164775ms)
✔ type receivers use static overloads and scoped receiver variables use their bound types (9.429932ms)
✔ generic and inherited instance members display substituted parameter types (9.06388ms)
✔ incomplete invocation recovery retains the bound this receiver before arguments or closing delimiters exist (4.278168ms)
✔ nested delimiters and named argument mapping use actual syntax and the selected overload (8.45314ms)
✔ unresolved receivers and stale worker snapshots never return unrelated method tips (3.957805ms)
✔ worker uses syntax argument separators when a lexical hint counts a nested generic comma (4.779533ms)
✔ compiler contribution reuses real language endpoints with explicit client aliases (93.223934ms)
✔ diagnostic and semantic results are versioned, source faithful and reject stale snapshots (6.4964ms)
✔ signature request uses provider symbols for nested invocations and preserves active argument (15.10157ms)
✔ inlay hints share one bound implementation with the existing LSP contract (5.397775ms)
✔ rename and refactoring requests return versioned edits without committing source (45.944802ms)
✔ format selection/on-type adapt existing indentation edits and preserve unrelated lines (2.575181ms)
✔ generated peek targets retain their own URI/version and are explicitly read-only (0.452072ms)
✔ regex replacement with numbered and named groups spans open documents atomically (7.548897ms)
✔ find selection scope retains the captured range, whole-word filters and preserve-case replacements (2.033305ms)
✔ selection search counts only its captured scope and restores original regex capture coordinates (6.22724ms)
✔ single-editor and selection snapshots stay lazy and reject replaced model identities (21.380462ms)
✔ a newer search supersedes pending matches and an invalid pattern cannot reuse an older result (11.032077ms)
✔ invalid regex and stale replace preview leave source unchanged and history stays bounded (1.181811ms)
✔ side-by-side and inline rows share hunks and preserve line alignment around insertion and deletion (1.694213ms)
✔ merge preserves unresolved conflict bytes until a chosen side, both or manual result is accepted (9.385765ms)
✔ independent merge changes are accepted automatically and adjacent conflict offsets track replacement length (0.443208ms)
✔ snippet placeholders, forward mirrors, variables, choices and final stop use UTF-16 offsets (2.987632ms)
✔ nested snippet placeholders and escaped punctuation are retained (0.291259ms)
✔ invalid, recursive, excessive and transform snippets fail explicitly (0.587996ms)
✔ all builtin snippets expand and all required C# and surrounding templates are present (0.528206ms)
✔ snippet primary edits and synchronous linked mirrors undo together through editor edit hooks (4.3657ms)
✔ completion fuzzy matches prefer prefix, preserve match positions, support filters and use bounded MRU (0.434876ms)
✔ signature nesting counts only commas in the active call and ignores literals (2.125894ms)
✔ smart newline uses source EOL, indentation settings and a caret between empty braces (0.426433ms)
✔ incremental forward search begins at a large origin and repeats beyond 10000 matches before wrapping (11.397718ms)
✔ incremental reverse search selects the nearest preceding match and wraps from the actual caret (1.345658ms)
✔ extending and shortening an incremental query always returns to the opening origin (1.170925ms)
✔ cancel restores the opening range, while accepting preserves the selected match without edits (0.808829ms)
✔ an explicit navigation budget failure leaves the original selection and displays the limit (0.705433ms)
✔ an exhausted scope and an empty query display their result without moving the caret (3.312613ms)
✔ a delayed incremental result is discarded after edit (1.958001ms)
✔ a delayed incremental result is discarded after replace model (0.860847ms)
✔ a newer incremental query supersedes a delayed search without stale navigation or status (0.762019ms)
✔ close cancels a pending search and prevents subsequent late results (0.481095ms)
✔ dispose cancels a pending search and prevents subsequent late results (0.267302ms)
✔ host navigation failures are handled inside the incremental request and reported to the user (0.344799ms)
✔ closing during asynchronous host navigation passes cancellation and suppresses a stale status (0.3386ms)
✔ actual C# worker supplies invocation commit characters for source and intrinsic methods only (118.097695ms)
✔ typing a method invocation opener commits the selected real provider item and the opener in one undo step (9.963997ms)
✔ suggestion mode keeps an invocation opener available to typing and Escape preserves the prefix (5.610316ms)
✔ read-only completion does not consume a commit character or mutate the source (4.618741ms)
✔ single-match navigation reaches forward and backward origins beyond 10000 earlier matches (3.152051ms)
✔ navigation finds nearest overlapping matches and wrapped spans crossing the original origin (0.501145ms)
✔ scalar matches survive chunk seams and origins inside UTF-16 pairs in either direction (11.725732ms)
✔ navigation retains literal case folding, Unicode word boundaries and merged selection exclusions (1.734153ms)
✔ a near-end origin in a virtual 200 MiB ASCII source requests only bounded nearby slices (0.818063ms)
✔ cooperative navigation holds an immutable source snapshot while the original buffer changes (2.015356ms)
✔ step and elapsed limits fail explicitly before an incomplete scan could report wrapping or no match (0.766164ms)
✔ navigation honors cancellation before scanning and between cooperative chunks (0.606614ms)
✔ navigation rejects invalid bounds and oversized exclusions without reading unbounded source text (0.843391ms)
✔ Add Next Occurrence advances after the primary range beyond 10000 matches and wraps around selected ranges (1.842356ms)
✔ Add Next Occurrence skips existing ranges and preserves the explicit 10000-selection capacity (14.567379ms)
✔ Add Next Occurrence excludes a candidate containing an existing empty caret (1.034429ms)
✔ SF-A20-T25: region wrapping preserves LF body endings and does not indent later lines (11.480252ms)
✔ SF-A20-T25: block wrapping uses configured two-space indentation with LF (4.532609ms)
✔ SF-A20-T25: region wrapping preserves CRLF body endings and does not indent later lines (0.520054ms)
✔ SF-A20-T25: block wrapping uses configured two-space indentation with CRLF (3.623079ms)
✔ SF-A20-T25: region wrapping preserves CR body endings and does not indent later lines (0.552202ms)
✔ SF-A20-T25: block wrapping uses configured two-space indentation with CR (0.423418ms)
✔ SF-A20-T25: mixed body terminators are unchanged while new wrapper lines use configured EOL (4.458477ms)
✔ SF-A20-T25: region preserves existing body indentation with indentation excluded from the selection (0.674776ms)
✔ SF-A20-T25: block templates use tabs and preserve relative body tabs (0.629438ms)
✔ SF-A20-T25: each selected-text placeholder follows its own indentation context (3.589057ms)
✔ SF-A20-T25: selected snippet-looking text and empty lines remain literal (0.378771ms)
✔ SF-A20-T25: read-only surrounding does not modify text or history (0.170527ms)
✔ SF-A20-T25: template EOL adaptation includes CR and preserves the existing public literal-indent contract (0.291309ms)
✔ SF-A20-T25: contextual variable formatting preserves placeholder ranges and rejects invalid formatter output (0.495577ms)
✔ B01: Visual Studio Ctrl+K Ctrl+S reaches Surround With once and applies a production snippet in one undo (18.814558ms)
✔ B01: a missing Surround With provider reports its absence without opening code actions (1.932922ms)
✔ SF-A20-T41: untabify resets visual columns at every LF line (2.1503ms)
✔ SF-A20-T41: tabify converts every LF indentation without changing terminators (0.334894ms)
✔ SF-A20-T41: untabify resets visual columns at every CRLF line (0.193441ms)
✔ SF-A20-T41: tabify converts every CRLF indentation without changing terminators (0.107252ms)
✔ SF-A20-T41: untabify resets visual columns at every CR line (0.104587ms)
✔ SF-A20-T41: tabify converts every CR indentation without changing terminators (0.137076ms)
✔ SF-A20-T41: tab conversion preserves mixed EOL, blank lines and tab columns in mixed indentation (0.207863ms)
✔ SF-A20-T41: disjoint multiline selections convert in one undo transaction and restore selection state (3.945655ms)
✔ SF-A20-T41: read-only tab conversion leaves the model and history unchanged (0.338149ms)
✔ A20 multi-caret editing commits one undo group and grapheme delete preserves boundaries (4.151356ms)
✔ A20 deletion boundaries and smart newline at EOF are valid no-ops or atomic edits (1.10131ms)
✔ A20 overtype never replaces a newline and virtual space is materialized only by typing (0.638603ms)
✔ A20 advanced transforms preserve multi-caret atomicity and Unicode case expansion (1.410515ms)
✔ A20 editorconfig precedence changes indentation per path and save applies EOL trim/final newline (1.702565ms)
✔ A20 clipboard ring bounds entries and drag move preserves one undo transaction (0.524279ms)
✔ A20 bookmarks and unsaved/saved/reverted change marks follow undo (0.858453ms)
✔ A20 chunk loading commits once and cancellation or malformed UTF-8 keeps original model (14.26375ms)
✔ A20 advanced caret transforms and disjoint line moves preserve EOLs and undo selections (3.753105ms)
✔ A20 advanced sorting preserves CRLF and read-only rejects transforms (0.63044ms)
✔ C# source reader imports generated graph, resources and variables without executing it (31.123553ms)
✔ no-op source roundtrip is byte-identical including comments/newlines (26.026153ms)
✔ C# scalar/property/attached/event edits only touch the mapped expressions (8.652336ms)
✔ reading edited C# updates designer geometry/text without rewriting source (4.06188ms)
✔ C# syntax errors leave synchronized baseline unchanged (3.872014ms)
✔ stale source update and optimistic session commits are rejected (4.583766ms)
✔ structural updates preserve hand-written handler bodies, identifiers and comments (95.463753ms)
✔ generated view structural updates compile and preserve names of existing fields (54.796121ms)
✔ new scalar property inserts before Activate and is available in the preview (4.235771ms)
✔ clear object initializer property Name (13.20768ms)
✔ clear object initializer property Content (9.752954ms)
✔ clear object initializer property Width (9.014842ms)
✔ clear object initializer property Height (14.014155ms)
✔ clearing every object initializer remains syntactically valid (16.198887ms)
✔ dynamic expressions are never executed or overwritten and unrelated properties remain editable (5.165874ms)
✔ unknown statements block structural edits but retain minimal property editing (7.894284ms)
✔ multiple same-control event subscriptions are never silently collapsed on writeback (7.574798ms)
✔ shared styles, BasedOn and template factories survive structural sync (50.707255ms)
✔ C# Grid definitions and spans are read and updated (46.684804ms)
✔ UTF16 unicode and CRLF offsets produce minimal correct edits (4.553411ms)
✔ structural sync does not activate a returned Window because of a comment or a method named Main (18.927277ms)
✔ source sync records all wrap-grid attached spans without confusing Grid row/column spans (13.724989ms)
✔ explicit non-Button resource target types survive unused-resource and structural source round trips (25.400655ms)
✔ selection normalization deterministically merges overlap and preserves primary direction and head alias (5.098191ms)
✔ model stores operation undo independent of a 500 KB document and restores save points (61.499515ms)
✔ five-caret typing is one undo step with exact selection restore; time/command coalescing has explicit boundaries (1.33404ms)
✔ random operations undo and redo against retained string oracles (30.959366ms)
✔ model prepares atomic workspace participants and rollback preserves document/history/selection/scroll (1.812135ms)
✔ multi-caret commands add occurrences, remove newest and insert line-end carets (16.941545ms)
✔ box typing splits partial tabs, uses wide visual columns and inserts virtual spaces (3.952365ms)
✔ multicaret clipboard round-trips N fragments and rectangular pastes grow missing lines atomically (2.222579ms)
✔ box deletion avoids manufacturing virtual spaces and insertion budgets reject before any model edit (0.890592ms)
✔ explicit nested groups override per-command stops and selection jumps while preserving saved state identity (4.031003ms)
✔ bounded regex matches the native safe-fixture oracle: a+/ (4.164624ms)
✔ bounded regex matches the native safe-fixture oracle: a+?/ (0.523599ms)
✔ bounded regex matches the native safe-fixture oracle: a{2,4}/ (0.444079ms)
✔ bounded regex matches the native safe-fixture oracle: (?:ab|a)+/ (0.633424ms)
✔ bounded regex matches the native safe-fixture oracle: (a|b)\1/ (0.715157ms)
✔ bounded regex matches the native safe-fixture oracle: (?<word>\w+):(?<number>\d+)/ (0.63723ms)
✔ bounded regex matches the native safe-fixture oracle: foo(?=bar)/ (0.288605ms)
✔ bounded regex matches the native safe-fixture oracle: foo(?!bar)/ (0.342986ms)
✔ bounded regex matches the native safe-fixture oracle: (?<=foo)bar/ (0.560244ms)
✔ bounded regex matches the native safe-fixture oracle: (?<!foo)bar/ (0.520655ms)
✔ bounded regex matches the native safe-fixture oracle: ^(\w+)\r?$/m (0.52392ms)
✔ bounded regex matches the native safe-fixture oracle: a.*b/s (0.300453ms)
✔ bounded regex matches the native safe-fixture oracle: [a-z]+/i (0.646474ms)
✔ bounded regex matches the native safe-fixture oracle: [^0-9]+/ (1.365718ms)
✔ bounded regex matches the native safe-fixture oracle: a*/ (0.199912ms)
✔ bounded regex matches the native safe-fixture oracle: (?=(aa))/ (0.230658ms)
✔ bounded regex matches the native safe-fixture oracle: (a?)*/ (0.194714ms)
✔ bounded regex matches the native safe-fixture oracle: \p{L}+/ (1.724048ms)
✔ bounded regex matches the native safe-fixture oracle: \u{1F600}/ (0.270558ms)
✔ bounded regex matches the native safe-fixture oracle: \bfoo\b/ (0.222145ms)
✔ bounded regex matches the native safe-fixture oracle: (a(b)?)+/ (0.195845ms)
✔ literal search preserves Unicode folding, UTF-16 spans and whole-word semantics (2.347376ms)
✔ regex replacement expands captures, names, escapes and multiline patterns atomically (1.306238ms)
✔ invalid/unsupported patterns report stable positions instead of native engine errors (0.597951ms)
✔ pathological regex is interrupted inside the interpreter and a process watchdog remains a second boundary (111.519534ms)
✔ search cancellation, result limits and empty-match advancement are bounded (0.69042ms)
ℹ tests 305
ℹ suites 0
ℹ pass 302
ℹ fail 3
ℹ cancelled 0
ℹ skipped 0
ℹ todo 0
ℹ duration_ms 12237.260897

✖ failing tests:

test at tests/a00-03-studio-registries.test.js:23:1
✖ every worker message has a handler seam and unknown messages fail structurally (1.009792ms)
  AssertionError [ERR_ASSERTION]: Expected values to be strictly equal:
  
  41 !== 28
  
      at TestContext.<anonymous> (file:///workspace/scratch/6b99131ca908/p16-qualification/tests/a00-03-studio-registries.test.js:23:99)
      at Test.runInAsyncScope (node:async_hooks:227:14)
      at Test.run (node:internal/test_runner/test:1382:25)
      at Test.processPendingSubtests (node:internal/test_runner/test:960:18)
      at Test.postRun (node:internal/test_runner/test:1522:19)
      at Test.run (node:internal/test_runner/test:1447:12)
      at async Test.processPendingSubtests (node:internal/test_runner/test:960:7) {
    generatedMessage: true,
    code: 'ERR_ASSERTION',
    actual: 41,
    expected: 28,
    operator: 'strictEqual',
    diff: 'simple'
  }

test at tests/a19-studio-composition.test.js:28:1
✖ Studio routes language requests by document membership without selecting background projects (2.706999ms)
  AssertionError [ERR_ASSERTION]: Expected values to be strictly equal:
  
  true !== false
  
      at TestContext.<anonymous> (file:///workspace/scratch/6b99131ca908/p16-qualification/tests/a19-studio-composition.test.js:40:10)
      at async Test.run (node:internal/test_runner/test:1389:7)
      at async Test.processPendingSubtests (node:internal/test_runner/test:960:7) {
    generatedMessage: true,
    code: 'ERR_ASSERTION',
    actual: true,
    expected: false,
    operator: 'strictEqual',
    diff: 'simple'
  }

test at tests/a19-studio-reveal-policy.test.js:160:1
✖ main and detached document navigation invalidate pending reveals and listeners are disposed (1.370365ms)
  AssertionError [ERR_ASSERTION]: Expected values to be strictly equal:
  
  3 !== 2
  
      at TestContext.<anonymous> (file:///workspace/scratch/6b99131ca908/p16-qualification/tests/a19-studio-reveal-policy.test.js:179:10)
      at Test.runInAsyncScope (node:async_hooks:227:14)
      at Test.run (node:internal/test_runner/test:1382:25)
      at Test.processPendingSubtests (node:internal/test_runner/test:960:18)
      at Test.postRun (node:internal/test_runner/test:1522:19)
      at Test.run (node:internal/test_runner/test:1447:12)
      at async Test.processPendingSubtests (node:internal/test_runner/test:960:7) {
    generatedMessage: true,
    code: 'ERR_ASSERTION',
    actual: 3,
    expected: 2,
    operator: 'strictEqual',
    diff: 'simple'
  }
