Discovered 47 Node test files and 3 Python suites in 1 area manifests. Node reports executed test counts below.
▶ VS Code shortcuts apply independently specified text, caret, view and host results
  ✔ ArrowLeft (16.785442ms)
  ✔ Shift+ArrowLeft (1.959184ms)
  ✔ ArrowRight (1.71096ms)
  ✔ Shift+ArrowRight (2.654513ms)
  ✔ ArrowUp (1.884091ms)
  ✔ Shift+ArrowUp (1.159849ms)
  ✔ ArrowDown (1.143685ms)
  ✔ Shift+ArrowDown (1.117445ms)
  ✔ Home (1.434923ms)
  ✔ Shift+Home (2.345997ms)
  ✔ End (0.833107ms)
  ✔ Shift+End (0.842391ms)
  ✔ Mod+Home (0.704723ms)
  ✔ Mod+Shift+Home (0.682479ms)
  ✔ Mod+End (0.667807ms)
  ✔ Mod+Shift+End (0.705715ms)
  ✔ Mod+ArrowLeft (1.665562ms)
  ✔ Mod+Shift+ArrowLeft (0.726345ms)
  ✔ Mod+ArrowRight (0.869882ms)
  ✔ Mod+Shift+ArrowRight (0.648358ms)
  ✔ PageUp (0.763442ms)
  ✔ Shift+PageUp (0.660325ms)
  ✔ PageDown (1.270997ms)
  ✔ Shift+PageDown (0.694938ms)
  ✔ Backspace (2.528453ms)
  ✔ Delete (1.343807ms)
  ✔ Mod+Backspace (1.479301ms)
  ✔ Mod+Delete (1.389896ms)
  ✔ Enter (1.148783ms)
  ✔ Tab (1.784731ms)
  ✔ Shift+Tab (1.792694ms)
  ✔ Mod+A (1.170085ms)
  ✔ Mod+X (1.168221ms)
  ✔ Mod+V (1.310156ms)
  ✔ Mod+C (0.760216ms)
  ✔ Mod+Z (1.649047ms)
  ✔ Mod+Y (0.846717ms)
  ✔ Mod+Shift+Z (0.835229ms)
  ✔ Mod+D (1.53186ms)
  ✔ Mod+Shift+L (0.963022ms)
  ✔ Mod+Shift+K (1.17422ms)
  ✔ Mod+L (0.991806ms)
  ✔ Mod+Enter (1.123174ms)
  ✔ Mod+Shift+Enter (1.010534ms)
  ✔ Alt+Shift+ArrowUp (1.132317ms)
  ✔ Alt+Shift+ArrowDown (1.080279ms)
  ✔ Alt+ArrowUp (1.380172ms)
  ✔ Alt+ArrowDown (1.018235ms)
  ✔ Mod+Alt+ArrowUp (1.805422ms)
  ✔ Mod+Alt+ArrowDown (0.665494ms)
  ✔ Mod+Shift+\ (0.672334ms)
  ✔ Mod+] (0.854498ms)
  ✔ Mod+[ (0.829751ms)
  ✔ Mod+ArrowUp (0.680907ms)
  ✔ Mod+ArrowDown (0.745674ms)
  ✔ Mod+Shift+[ (1.137225ms)
  ✔ Mod+Shift+] (0.954009ms)
  ✔ Mod+K Mod+0 (1.037525ms)
  ✔ Mod+K Mod+J (0.94166ms)
  ✔ Mod+K Mod+C (1.459321ms)
  ✔ Mod+K Mod+U (1.203415ms)
  ✔ Mod+/ (1.689738ms)
  ✔ Alt+Z (0.626384ms)
  ✔ Escape (0.82863ms)
  ✔ Insert (0.63688ms)
  ✔ Mod+= (0.687837ms)
  ✔ Mod+- (0.592954ms)
  ✔ Mod+0 (0.734878ms)
  ✔ Mod+P (0.852065ms)
  ✔ Mod+Shift+P (0.650391ms)
  ✔ F1 (0.558422ms)
  ✔ Mod+, (0.625143ms)
  ✔ Mod+K Mod+S (0.618904ms)
  ✔ Mod+S (0.545693ms)
  ✔ Mod+Shift+S (0.953308ms)
  ✔ Mod+F4 (2.027897ms)
  ✔ Ctrl+F6 (1.110334ms)
  ✔ Ctrl+Shift+F6 (0.579905ms)
  ✔ Mod+Alt+N (0.734417ms)
  ✔ Mod+Alt+O (0.588848ms)
  ✔ Mod+\ (0.535798ms)
  ✔ Alt+ArrowLeft (0.83541ms)
  ✔ Alt+ArrowRight (0.824313ms)
  ✔ F12 (0.77576ms)
  ✔ Shift+F12 (0.673626ms)
  ✔ Mod+Shift+F (0.667326ms)
  ✔ Mod+Shift+H (0.67701ms)
  ✔ Mod+F (0.881799ms)
  ✔ Mod+H (0.772295ms)
  ✔ F3 (1.386681ms)
  ✔ Shift+F3 (0.662769ms)
  ✔ Mod+Space (0.710581ms)
  ✔ Mod+Shift+Space (0.537971ms)
  ✔ Mod+K Mod+I (0.664612ms)
  ✔ Mod+. (0.750662ms)
  ✔ F2 (0.601957ms)
  ✔ Alt+Shift+F (0.884203ms)
  ✔ Alt+Shift+ArrowRight (0.905035ms)
  ✔ Alt+Shift+ArrowLeft (0.774719ms)
✔ VS Code shortcuts apply independently specified text, caret, view and host results (125.207345ms)
✔ normalizes platform modifiers and real shifted punctuation without intercepting AltGraph or IME (0.413864ms)
✔ macOS profile editing uses Meta while physical Ctrl bindings remain distinct (0.929541ms)
✔ context expressions are bounded boolean predicates without evaluation side effects (0.964334ms)
✔ resolver honors scope, priority, predicates, disposal, and atomic replacement of invalid bindings (0.728158ms)
✔ chord cancellation, failure and timeout leave no stale pending input (0.370539ms)
✔ a higher-priority chord prefix suppresses a lower-priority destructive command even after timeout (0.287103ms)
✔ all shipped profile bindings have executable command registrations (1.235483ms)
✔ Visual Studio bindings and unbound known commands match the pinned inventory (29.61901ms)
✔ readonly commands and editing aliases preserve text/history while navigation remains available (1.691981ms)
✔ completion filter aliases call the implemented insight API with directions (1.629547ms)
✔ profile switches preserve the authoritative model, undo, primary selection, view and native state (22.101483ms)
✔ resuming Vim insert after a profile switch opens a new complete undo group (5.11301ms)
✔ Emacs mark extends motion, exchanges ends and kills the marked region with one undo (3.268088ms)
✔ Emacs successive kills append, yank cycles distinct entries, and unrelated commands end a yank chain (7.885105ms)
✔ Emacs ring bounds and marks stay independent between views and track document edits (3.243831ms)
✔ Sublime occurrences and split-line carets edit the actual model atomically (2.839842ms)
✔ native text edits preserve CRLF and deduplicate two carets on one copied line (1.970352ms)
✔ clipboard distributes multiline fragments, remembers line copy and undoes all caret pastes together (2.558027ms)
▶ denied and stale clipboard requests never mutate text, history or selections
  ✔ Edit.Cut (2.929968ms)
  ✔ Edit.Paste (1.097725ms)
  ✔ selection (1.719673ms)
  ✔ document (0.9213ms)
  ✔ dispose (0.744162ms)
  ✔ profile (0.918626ms)
  ✔ readonly (0.7027ms)
✔ denied and stale clipboard requests never mutate text, history or selections (10.311309ms)
✔ CodeMirror protocol is a live model projection with operation undo and savepoint cleanliness (1.707104ms)
✔ document marks follow edits, are cleared on model replacement, and dispose releases subscriptions (1.868598ms)
✔ A20 pre-cancelled and queued-cancelled disk saves do not start a read or write (15.833426ms)
✔ A20 cancelling an acquired prepared baseline releases its private model and preserves the live source (3.586669ms)
✔ A20 cancellation during permission and stream acquisition prevents any committed write (11.367ms)
✔ A20 a mid-stream cancellation aborts before close and retains the previous baseline/version (13.020174ms)
✔ A20 close is the per-file commit boundary; cancellation prevents later files and preserves exact partial written results (15.862295ms)
✔ A20 a cancellation after the final close starts does not falsely report an uncommitted file (8.512651ms)
✔ model benchmark measures all five actual operations and preserves source correctness (23.55897ms)
✔ model benchmark cancellation is explicit and produces no pretend successful report (0.871094ms)
✔ memory runner refuses unavailable GC and preserves signed deltas (0.574426ms)
✔ browser harness serves the real editor entry under a strict CSP and rejects malformed resource URLs (46.18862ms)
✔ 200 MiB qualification is explicitly accepted without growing defaults or allocating a large fixture (1.684039ms)
✔ browser readiness only uses evaluate and stops once the real API appears (3.857917ms)
✔ browser readiness has a deadline even when evaluate hangs, and propagates page errors or cancellation (10.366092ms)
✔ chunk boundaries preserve the shared matcher nonoverlap, case-fold and word-boundary semantics (15.197497ms)
✔ cooperative search is cancellable between slices and reports progress without publishing partial success (1.049873ms)
✔ persistent snapshots are read in bounded slices without materializing document text (8.296671ms)
✔ global match limits remain exact when each chunk contains rejected whole-word matches (31.515122ms)
✔ regex worker receives bounded chunks and cancellation terminates its isolated computation (6.12734ms)
✔ real paste source triggers bounded range formatting and its own undo transaction (4.284811ms)
✔ disabled paste/type/completion triggers and formatting recursion schedule no work (0.574226ms)
✔ on-type formatting uses the registered provider and read-only editors cannot commit it (0.412452ms)
✔ A20 shared-model locks update each pane, reject prepared edits, and preserve rollback and history (4.357361ms)
✔ A20 read-only construction and subscription disposal do not change document revisions (1.121681ms)
✔ A20 same-line offscreen edits reconcile wrap counts and zone mapping without visiting the line (6.782468ms)
✔ A20 wrap measurement stays chunked after a large same-line-count replacement (0.993157ms)
✔ A20 deleting a brace or region marker on one line refreshes the actual folding provider (6.20703ms)
✔ A20 real workspace configuration applies ancestor sections, per-language overlays and ordinary EOL preservation (2.988035ms)
✔ A20 EditorConfig input is bounded, model-aware, ordered, atomic and unaffected by unrelated root flags (0.70943ms)
✔ A20 multi-caret deletion retains blocked carets and merges overlapping word deletions in one undo step (9.202226ms)
✔ A20 invalid load chunk sizes reject before reading or replacing the document (1.219779ms)
✔ A20 overlapping whole-line expansions transform every selected line once (1.043373ms)
✔ A20 project/disk path-only records apply configuration without flattening source snapshots (0.429938ms)
✔ compiler contribution reuses real language endpoints with explicit client aliases (86.07067ms)
✔ diagnostic and semantic results are versioned, source faithful and reject stale snapshots (6.763689ms)
✔ signature request uses provider symbols for nested invocations and preserves active argument (9.952307ms)
✔ inlay hints share one bound implementation with the existing LSP contract (5.90864ms)
✔ rename and refactoring requests return versioned edits without committing source (38.47693ms)
✔ format selection/on-type adapt existing indentation edits and preserve unrelated lines (1.682357ms)
✔ generated peek targets retain their own URI/version and are explicitly read-only (0.452533ms)
✔ A20 shared-model locks update each pane, reject prepared edits, and preserve rollback and history (5.421395ms)
✔ A20 read-only construction and subscription disposal do not change document revisions (0.705634ms)
✔ A20 same-line offscreen edits reconcile wrap counts and zone mapping without visiting the line (7.523505ms)
✔ A20 wrap measurement stays chunked after a large same-line-count replacement (1.098767ms)
✔ A20 deleting a brace or region marker on one line refreshes the actual folding provider (7.024062ms)
✔ A20 multi-caret deletion retains blocked carets and merges overlapping word deletions in one undo step (9.572425ms)
✔ A20 invalid load chunk sizes reject before reading or replacing the document (1.34643ms)
✔ A20 overlapping whole-line expansions transform every selected line once (1.484559ms)
✔ nearest-rank percentiles preserve raw outliers and reject malformed samples (1.552381ms)
✔ 100MB fixture uses exact byte/code-unit size with one deterministic middle search target (189.428422ms)
✔ performance gate fails strictly above20percent p95 and passes exact20percent boundary (11.117645ms)
✔ retained memory budgets bound each real component and preserve signed measurement noise (0.686395ms)
✔ one regressed size/operation cannot be hidden by another faster row (0.349727ms)
✔ gate rejects missing browser evidence, changed runners, tampered percentiles and failed correctness (0.485142ms)
✔ zero baseline and missing/duplicate benchmark rows cannot silently pass (0.282556ms)
✔ regex replacement with numbered and named groups spans open documents atomically (7.297274ms)
✔ find selection scope retains the captured range, whole-word filters and preserve-case replacements (1.778602ms)
✔ selection search counts only its captured scope and restores original regex capture coordinates (4.935212ms)
✔ single-editor and selection snapshots stay lazy and reject replaced model identities (22.965846ms)
✔ a newer search supersedes pending matches and an invalid pattern cannot reuse an older result (8.81293ms)
✔ invalid regex and stale replace preview leave source unchanged and history stays bounded (1.265618ms)
✔ side-by-side and inline rows share hunks and preserve line alignment around insertion and deletion (1.894998ms)
✔ merge preserves unresolved conflict bytes until a chosen side, both or manual result is accepted (8.088977ms)
✔ independent merge changes are accepted automatically and adjacent conflict offsets track replacement length (0.544701ms)
✔ every declared service can be supplied by a standalone fake provider (2.491086ms)
✔ RPC adapter advertises only pure registered methods and passes cancellation through (0.338461ms)
✔ request generations reject older versions, edits at identical caret offsets and out-of-order results (0.983062ms)
✔ guard propagates errors, isolates feature channels and cancels on dispose (0.382918ms)
✔ guard retains persistent snapshot identities and compares target document versions independently (1.103413ms)
✔ three-document edits commit before any subscriber and undo in one step per document (3.92544ms)
✔ stale, overlapping, missing, readonly and invalid LSP edits fail before any mutation (0.89503ms)
✔ LSP document changes and captured versions require an explicit host for resource operations (0.699154ms)
✔ version change after preview blocks commit and an internal participant failure rolls back history (1.188993ms)
✔ rename preview updates source without publishing then cancel restores exact bytes and undo state (0.87487ms)
✔ diagnostic severities and semantic overlays are version checked and preserve lexical coverage (0.602338ms)
✔ snippet placeholders, forward mirrors, variables, choices and final stop use UTF-16 offsets (2.059385ms)
✔ nested snippet placeholders and escaped punctuation are retained (0.274995ms)
✔ invalid, recursive, excessive and transform snippets fail explicitly (0.575988ms)
✔ all builtin snippets expand and all required C# and surrounding templates are present (0.515537ms)
✔ snippet primary edits and synchronous linked mirrors undo together through editor edit hooks (4.131419ms)
✔ completion fuzzy matches prefer prefix, preserve match positions, support filters and use bounded MRU (0.483579ms)
✔ signature nesting counts only commas in the active call and ignores literals (2.112866ms)
✔ smart newline uses source EOL, indentation settings and a caret between empty braces (0.346502ms)
✔ document/project/solution Fix All batch exactly one selected action equivalence family (103.730731ms)
✔ Fix All validates every source version and rejects forged, absent or ambiguous ownership (0.650351ms)
✔ implicit type batches preserve nonexact numeric conversions, const locals and comments (13.052703ms)
✔ solution Fix All uses real isolated compiler contexts, deduplicates shared source and does not commit (18.65481ms)
✔ project Fix All does not broaden to an unrelated project (6.122853ms)
✔ type rename reaches each dependent compiler context and returns one resource move (18.045842ms)
✔ workspace action rejects a source mutation or ownership change while providers are answering (9.020452ms)
✔ pre-cancelled solution action never returns a partial plan (1.243235ms)
✔ solution Fix All and rename reject new project membership during the final semantic validation (17.325536ms)
✔ conflicting shared edits or resources are refused before a preview can be committed (0.333063ms)
✔ same-document insight navigation uses the host preview and awaits focus restoration (2.986644ms)
✔ cross-document insight navigation preserves host group options and restores focus after failure (0.742449ms)
✔ A20 disk defaults still reject source files or save text exceeding 2000000 bytes (11.836198ms)
✔ A20 explicit readDirectory limits permit >2MB source save and survive the read/write boundary (206.926382ms)
✔ A20 FileList limits propagate to DiskWorkspace and total encoded bytes preflight every write (8.257292ms)
✔ A20 UTF-16 limits count encoded bytes including BOM and retain encoding on save (2.363433ms)
✔ A20 serialized saves reject a queued stale version and permission-time conflicts before writing (4.359213ms)
✔ A20 prefixWorkspace rebases persistent source identity and leaves the input model caller-owned (7.423855ms)
✔ A20 manifest extraction rebases source identities after validating all destination paths (5.169545ms)
✔ A20 unchanged source paths preserve descriptors and model ownership without a rebase provider (4.324081ms)
✔ A20 failed rebasing disposes only newly created models and preserves every original (4.017058ms)
✔ A20 invalid manifest settings reject before any prepared source is rebased (2.31449ms)
✔ A20 nested manifest rebasing keeps granted disk handles, source baselines and save versions aligned (12.463775ms)
✔ A20 rebased disk sessions serialize with pending original saves and reject their stale baseline (11.154791ms)
✔ A20 FileList→DiskWorkspace→ProjectSystem retains prepared descriptors and never reads lazy source text during discovery (10.322636ms)
✔ A20 failed and cancelled FileList reads dispose their own completed models and publish no partial batch (5.679644ms)
✔ A20 failed directory iteration disposes prepared models after traversal loses access (4.124098ms)
✔ A20 prepared utf-8 source saves captured snapshots in chunks, preserving BOM, pairs and disk versions (28.871507ms)
✔ A20 prepared utf-16le source saves captured snapshots in chunks, preserving BOM, pairs and disk versions (21.576566ms)
✔ A20 prepared utf-16be source saves captured snapshots in chunks, preserving BOM, pairs and disk versions (21.32405ms)
✔ A20 snapshot saves enforce encoded byte limits before write permission or stream creation (2.553591ms)
✔ A20 prepared baseline checks detect permission-time external changes before any stream opens (6.313751ms)
✔ A20 prepared save I/O failure aborts its stream and retains the prior baseline and disk version (8.858729ms)
✔ A20 invalid source reader records are rejected and cleaned up without a lazy text read (2.315231ms)
✔ A20 default binary-source handling remains intact while explicit reader limits reject before slicing (5.820557ms)
✔ A20 public source encoding shares exact BOM/byte bounds and leaves stream commit ownership with the caller (4.979339ms)
✔ text and resource rename produce one immutable complete host plan without editing live models first (3.231273ms)
✔ workspace resource support is evaluated again when the host mode changes after preview (0.860368ms)
✔ stale targets, resource collisions, readonly source and host failure leave source unchanged (2.306458ms)
✔ unversioned and unsupported resource operations fail before the host receives any plan (0.508277ms)
✔ real bound type rename preview restores original source, selection and undo after changing options (115.423101ms)
✔ provider invalidation is scoped, explicitly disposable and does not fabricate source changes (0.825896ms)
✔ rename preview refuses a newer source revision even when external edits reproduce its displayed bytes (1.357036ms)
✔ changing the active model restores only the captured rename preview and refuses another preview (0.337299ms)
✔ ReSharper-like is a native profile with stable identity and preserves the Visual Studio default (13.471424ms)
✔ duplicate edits every selected range in one model transaction and undo restores primary direction (5.301224ms)
✔ line duplication and joining use native CRLF-aware commands (2.550797ms)
✔ line and shifted-punctuation block comment shortcuts change the real model and remain reversible (2.807233ms)
✔ ReSharper move-line gestures preserve the original line terminators and undo history (2.149001ms)
✔ language and selection gestures invoke the supported provider contract exactly once (2.043161ms)
✔ navigation and browser-alternative chords preserve query arguments, URI and caret at the host seam (1.897401ms)
✔ a language provider can complete formatting and rename through the same model and shared undo stack (3.108247ms)
✔ absent snippet providers report explicit unavailability and never edit the document (1.176444ms)
✔ read-only, composing, AltGraph and disposed views cannot perform ReSharper edits (1.130234ms)
✔ the portable Mac mapping uses Meta and retains browser chord alternatives (0.953638ms)
✔ profile switches preserve model identity, undo, selections, folds, bookmarks and modal state (5.129795ms)
✔ A20 Save As without a utf-8 BOM retains the encoding on both later baseline checks (29.820898ms)
✔ A20 utf-8 output refuses unpaired surrogates before closing or downloading (26.775496ms)
✔ A20 utf-8 disk preflight rejects lossy captured and legacy input before opening a stream (3.204642ms)
✔ A20 Save As without a utf-16le BOM retains the encoding on both later baseline checks (17.783647ms)
✔ A20 utf-16le output refuses unpaired surrogates before closing or downloading (24.897324ms)
✔ A20 utf-16le disk preflight rejects lossy captured and legacy input before opening a stream (2.142921ms)
✔ A20 Save As without a utf-16be BOM retains the encoding on both later baseline checks (17.319862ms)
✔ A20 utf-16be output refuses unpaired surrogates before closing or downloading (27.314168ms)
✔ A20 utf-16be disk preflight rejects lossy captured and legacy input before opening a stream (2.89809ms)
✔ A20 direct source output reports a boundary high surrogate and leaves abort/close ownership to its caller (1.338288ms)
✔ A20 the default disk reader retains an explicitly known no-BOM UTF-16 baseline (6.988684ms)
✔ A20 source output rejects NUL and an ambiguous leading BOM character without committing or downloading (2.694694ms)
✔ A20 rebasing retains the old encoded-byte baseline when the prepared source has changed (2.357816ms)
✔ A20 unchanged rebasing keeps a provably current byte baseline without reading text (1.693173ms)
✔ A20 a no-option save of an actual 200 MiB line is synchronous; enabled tail trim commits once without a whole-text view (1241.368523ms)
✔ A20 trailing-whitespace scans use bounded backward windows and yield before finishing a long logical line (450.4461ms)
✔ A20 save normalization matches terminator/trim semantics while preserving significant whitespace and one undo transaction (129.927503ms)
✔ A20 aborted normalization leaves source, selections, dirty marker and undo history untouched (1.779784ms)
✔ A20 changed source, replaced model and changed text options reject private normalization before commit (1.505961ms)
✔ A20 private preparation rejects invalid limits and excessive edits without applying a partial line batch (0.708979ms)
✔ A20 prepared commits use the latest view selections and the shared contribution transaction (12.834053ms)
✔ A20 trimming before a requested final newline retains a content-end caret before that new terminator (0.576619ms)
✔ A20 a shared read-only transition during preparation never changes the buffer (10.839475ms)
✔ A20 Save As starts the picker before asynchronous preparation and writes only its exact replacement capture (6.658291ms)
✔ A20 dismissing a picker never runs a normalization callback (0.617621ms)
✔ A20 cancellation or a preparation rejection cannot open a write stream or download (0.854048ms)
✔ A20 a replacement capture must retain URI and a current, consistent version before write acquisition (0.836221ms)
✔ A20 download fallback prepares exactly once and still cannot report a confirmed native save (3.049258ms)
✔ source query model is cached per complete source/options revision (63.294063ms)
✔ namespace-qualified class bases, interfaces and members build distinct Class View branches (7.72589ms)
✔ bound reads, writes, declarations, compound updates and ref/out/in retain filterable metadata (28.265032ms)
✔ a written property does not classify its receiver as written (12.248009ms)
✔ tuple deconstruction writes are distinct from tuple reads (10.405801ms)
✔ partial generic type rename covers aliases, constructors, arrays, qualified names and typeof (32.94553ms)
✔ comment/string options use lexical spans and whole identifiers, including interpolation (16.011795ms)
✔ rename refuses collisions, captures, generated targets and existing resource destinations (8.434619ms)
✔ renaming Unicode source identifiers preserves UTF-16 offsets after an astral prefix (6.903971ms)
✔ parameter hints follow the selected overload and omit explicitly named arguments (5.265881ms)
✔ constructor and extension hints use parameter mapping without labeling the extension receiver (4.900951ms)
✔ worker and LSP preparation accept source types and return read/write highlights (3.009478ms)
✔ pure Outline worker routes the safe semantic reorder leaf and rejects stale versions (1.027099ms)
✔ framework hover carries a structured callable target for metadata navigation (2.211425ms)
✔ nameof and selected method-group conversions retain actual bound source references (10.950843ms)
✔ A20 prepared utf-8 ingress retains BOM and streaming decoder state at byte boundaries (159.173644ms)
✔ A20 prepared utf-16le ingress retains BOM and streaming decoder state at byte boundaries (223.467706ms)
✔ A20 prepared utf-16be ingress retains BOM and streaming decoder state at byte boundaries (227.622255ms)
✔ A20 prepared empty and BOM-only files remain empty and editable without load history (10.33502ms)
✔ A20 Studio reads >2 MB File inputs in bounded slices and retains a stable original snapshot (60.249984ms)
✔ A20 source loading cancels before I/O and between chunks without returning a partial model (5.121242ms)
✔ A20 invalid chunk bounds and resource limits fail before a File read (0.88195ms)
✔ A20 malformed encodings, binary NUL, inconsistent chunks and I/O failures reject the staged load (13.106102ms)
✔ A20 CodeEditor large-file policy adopts only a complete decoded model and detects disposed loads (41.797353ms)
✔ Save As invokes the picker during the calling gesture before any source read (9.452704ms)
✔ Save As preserves utf-8, BOM, split surrogate pairs, and CRLF (12.01624ms)
✔ Save As preserves utf-16le, BOM, split surrogate pairs, and CRLF (6.620949ms)
✔ Save As preserves utf-16be, BOM, split surrogate pairs, and CRLF (5.454394ms)
✔ Save As writes the BOM for empty sources and supports captured legacy text data properties (4.398608ms)
✔ Save As streams an actual 200 MiB ASCII source without retaining or reading whole text (7327.669078ms)
✔ a cancelled native picker leaves the source unread and does not initiate an export (1.631089ms)
✔ pre-cancellation skips the picker and cancellation while acquiring a stream aborts it unread (0.810051ms)
✔ cancellation aborts a pending native write and never commits or writes a second chunk (1.388234ms)
✔ a native save is not confirmed until close completes; late cancellation does not undo a committed save (1.283525ms)
✔ a picker failure rejects, never exports, and aborts an acquired native stream (0.678743ms)
✔ a createWritable failure rejects, never exports, and aborts an acquired native stream (0.247894ms)
✔ a write failure rejects, never exports, and aborts an acquired native stream (0.26527ms)
✔ a close failure rejects, never exports, and aborts an acquired native stream (0.829531ms)
✔ encoded output caps, progress errors, and failed cleanup remain explicit failures (1.330156ms)
✔ a byte cap after a completed chunk aborts staged output and does not close the destination (1.535996ms)
✔ invalid native handles and streams report explicit errors, with cleanup when available (0.4174ms)
✔ download fallback with no picker preserves binary encoding but cannot confirm a save (2.701043ms)
✔ download fallback with read-only handle preserves binary encoding but cannot confirm a save (0.755218ms)
✔ download fallback with unsupported writable preserves binary encoding but cannot confirm a save (2.186011ms)
✔ download cancellation and unavailable hosts reject or cancel before falsely claiming an export (3.973492ms)
✔ the browser fallback uses a binary Blob URL and removes its temporary download link (1.078416ms)
✔ invalid source metadata and mutable or lazy-only sources fail before a picker opens (0.556589ms)
✔ suggested names use URI basenames, including Windows paths and empty trailing components (4.313915ms)
✔ a complete 501-file loose-source import stages without mutating existing sources (679.087362ms)
✔ failed later source reads leave every existing input untouched and enforce encoding/path policy (2.983669ms)
✔ legacy JSON project conversion retains settings and rejects invalid metadata before loading (1.181422ms)
✔ 200 MiB File reaches the actual Studio workspace model through chunked ingress with automatic work bounded (2435.896051ms)
✔ rejected settings and cancelled selection release new prepared models without changing the current workspace (11.189036ms)
✔ adding prepared files retains current projects, dirty models and private launch settings (12.026189ms)
✔ committed document callback errors still install matching project metadata and retain adopted models (4.519647ms)
✔ bulk Studio save passes captured roots and preserves newer edits after partial disk completion (3.36794ms)
✔ Save As download outcome retains dirty state and a replaced workspace cannot receive a late saved marker (2.066627ms)
✔ whole workspace limits count actual UTF-16 encoded bytes across imported files (11.879277ms)
✔ workspace budgets include binary file count and aggregate bytes (1.149294ms)
✔ edited source roots are counted again instead of trusting original encoded metadata (2.297185ms)
✔ empty binary recovery succeeds and recovery preflight errors are reported without escaping (5.126422ms)
✔ a saved project-file selection cannot become a source document active URI (11.460406ms)
✔ B01: Visual Studio Ctrl+K Ctrl+S reaches Surround With once and applies a production snippet in one undo (24.702018ms)
✔ B01: a missing Surround With provider reports its absence without opening code actions (3.209862ms)
✔ source-indexed lenses are unresolved and lazy, ordered, project-owned and never materialize document text (3.753592ms)
✔ actual editor service command runs only the selected registry test through TaskCenter and refreshes real status (1.964984ms)
✔ real failed and skipped outcomes resolve with their observed state and do not fabricate timing (0.700597ms)
✔ forged or stale source, span, test and project identities cannot resolve or execute (1.406371ms)
✔ linked documents require exact stable project ownership; a display label never selects a project (0.432752ms)
✔ discovery invalidates moved locations and captures omitted versions only on actual rediscovery (0.53064ms)
✔ cancelling a lens run preserves an independent Test Explorer run and reports actual cancellation (0.738574ms)
✔ unregistering a real provider aborts its run, invalidates lenses and cannot leave a clickable old action (0.692965ms)
✔ disposing CodeLens cancels only its runs, removes refresh listeners and rejects later requests (0.861239ms)
✔ an optional operation wrapper cannot bypass provider execution or reuse its delayed run after completion (0.8289ms)
✔ deferred execution revalidates source and discovery ownership before starting the test (0.326022ms)
✔ provider errors still emit final invalidation and resolve to the actual failed registry state (0.600246ms)
✔ pre-aborted requests and malformed commands fail before starting provider work (0.539644ms)
✔ document bounds and the editor lens cap reject unusable or excessive discoveries explicitly (14.288772ms)
✔ A20 multi-caret editing commits one undo group and grapheme delete preserves boundaries (4.661821ms)
✔ A20 deletion boundaries and smart newline at EOF are valid no-ops or atomic edits (1.024365ms)
✔ A20 overtype never replaces a newline and virtual space is materialized only by typing (0.710361ms)
✔ A20 advanced transforms preserve multi-caret atomicity and Unicode case expansion (1.794016ms)
✔ A20 editorconfig precedence changes indentation per path and save applies EOL trim/final newline (2.208882ms)
✔ A20 clipboard ring bounds entries and drag move preserves one undo transaction (0.626074ms)
✔ A20 bookmarks and unsaved/saved/reverted change marks follow undo (1.009793ms)
✔ A20 chunk loading commits once and cancellation or malformed UTF-8 keeps original model (13.849409ms)
✔ A20 advanced caret transforms and disjoint line moves preserve EOLs and undo selections (3.837048ms)
✔ A20 advanced sorting preserves CRLF and read-only rejects transforms (0.674277ms)
✔ A20 incremental syntax reconverges within 200 lines in a 100000-line document (551.515086ms)
✔ A20 incremental syntax matches full lexing after multiline literal and comment edits (4.469101ms)
✔ A20 folding validates nesting and expands edits in hidden ranges (0.906718ms)
✔ A20 folding state persists per document and fallback handles regions comments usings (2.419609ms)
✔ A20 folding ignores stale and disposed language responses (0.761929ms)
✔ A20 typed folding provider cancels older requests and restores saved collapsed state after discovery (0.54336ms)
✔ A20 native clipboard retains per-caret fragments, line-copy metadata and malformed payload fallback (4.894813ms)
✔ A20 view model adapter follows document switches and keeps view selections independent (0.59644ms)
✔ A20 synthetic composition commits once, cancels safely and cannot cross document identity (1.383617ms)
✔ A20 rename preview refreshes token/layout caches without publishing or recording edits (2.193559ms)
✔ A20 line layout round trips grapheme offsets, tabs, CJK and emoji (3.022609ms)
✔ A20 visual line map handles 500000 lines with wraps, hidden intervals and inverse lookup (4.188838ms)
✔ A20 wrap covers source without splitting extended graphemes (0.754438ms)
✔ A20 viewport bounds materialized rows and folds preserve logical line numbering (34.823129ms)
✔ A20 whitespace changes only decoration data and overview endpoints are exact (0.621928ms)
✔ A20 leading and inline zones retain row mapping through repeated layout resets (1.549938ms)
✔ A20 long-line fragments clamp stale horizontal scroll and use bounded text reads (2.851261ms)
✔ Vim block deletion uses display columns across partial tabs, wide graphemes, combining text and short lines (22.198552ms)
✔ Vim block change types on every selected row and retains virtual space in one history group (3.955226ms)
▶ Vim block insert, append and end-of-line append honor their distinct short-line behavior
  ✔ I ! Escape (2.088129ms)
  ✔ A ! Escape (2.820945ms)
  ✔ $ A ! Escape (1.69732ms)
  ✔ D (1.408575ms)
  ✔ C ! Escape (1.57787ms)
✔ Vim block insert, append and end-of-line append honor their distinct short-line behavior (10.493537ms)
✔ Vim block registers preserve rows on counted normal puts, visual puts and puts beyond the final line (3.323232ms)
✔ Vim asynchronous clipboard keeps block metadata only while clipboard text still matches (2.187199ms)
✔ Vim visual replacement splits tabs and fills virtual cells without splitting surrogate pairs (3.472527ms)
▶ Vim block shifts use the left boundary, count, shift width and tab policy
  ✔ 2 > spaces=true (1.404077ms)
  ✔ < spaces=true (1.075933ms)
  ✔ 2 > spaces=false (0.945086ms)
✔ Vim block shifts use the left boundary, count, shift width and tab policy (3.830627ms)
✔ Vim normal vertical moves preserve display column and block corner switches preserve the selected rectangle (1.349154ms)
▶ Vim visual aliases operate on the selected text rather than normal-mode single-character ranges
  ✔ x (0.912436ms)
  ✔ U (1.760445ms)
  ✔ u (0.733727ms)
  ✔ ~ (0.652294ms)
  ✔ r# (0.7686ms)
✔ Vim visual aliases operate on the selected text rather than normal-mode single-character ranges (5.25745ms)
✔ Vim block edits reject malformed metadata, excessive virtual replacement and locked models before mutation (1.143185ms)
✔ selection normalization deterministically merges overlap and preserves primary direction and head alias (2.610388ms)
✔ model stores operation undo independent of a 500 KB document and restores save points (47.335235ms)
✔ five-caret typing is one undo step with exact selection restore; time/command coalescing has explicit boundaries (1.605121ms)
✔ random operations undo and redo against retained string oracles (32.049114ms)
✔ model prepares atomic workspace participants and rollback preserves document/history/selection/scroll (3.22262ms)
✔ multi-caret commands add occurrences, remove newest and insert line-end carets (10.937788ms)
✔ box typing splits partial tabs, uses wide visual columns and inserts virtual spaces (2.720633ms)
✔ multicaret clipboard round-trips N fragments and rectangular pastes grow missing lines atomically (1.832264ms)
✔ box deletion avoids manufacturing virtual spaces and insertion budgets reject before any model edit (0.620617ms)
✔ explicit nested groups override per-command stops and selection jumps while preserving saved state identity (0.641267ms)
▶ Vim counts multiply operators, motions and line ranges and each edit undoes as one operation
  ✔ 2d2w (18.472191ms)
  ✔ 2dd (2.190905ms)
  ✔ Gdd (1.947908ms)
  ✔ de (1.697741ms)
  ✔ dw (2.677529ms)
  ✔ D (1.254502ms)
  ✔ J (1.481865ms)
  ✔ gJ (1.416547ms)
✔ Vim counts multiply operators, motions and line ranges and each edit undoes as one operation (32.719831ms)
✔ Vim normal movements, finds and character deletes stay at grapheme and CRLF line boundaries (5.756472ms)
▶ Vim word-end, backward-end, find/till, paragraph, line and document motions have expected offsets
  ✔ 2w at 0 (0.9485ms)
  ✔ ge at 8 (1.49843ms)
  ✔ 2ge at 8 (0.794779ms)
  ✔ 2e at 0 (0.825975ms)
  ✔ W at 0 (0.504741ms)
  ✔ fc at 0 (0.733877ms)
  ✔ tc at 0 (0.647627ms)
  ✔ Fa at 6 (0.569819ms)
  ✔ tB at 0 (0.515898ms)
  ✔ } at 0 (0.485943ms)
  ✔ ^ at 5 (0.49062ms)
  ✔ 0 at 6 (0.50359ms)
  ✔ G at 0 (0.578763ms)
  ✔ gg at 12 (0.474436ms)
  ✔ 2G at 0 (0.470229ms)
✔ Vim word-end, backward-end, find/till, paragraph, line and document motions have expected offsets (11.921401ms)
▶ Vim change, insert, replace and open-line sessions share one explicit history group
  ✔ c w N E W Escape (1.767756ms)
  ✔ i a b c Escape (0.822621ms)
  ✔ R X Y Escape (0.765174ms)
  ✔ r 😀 (0.675579ms)
  ✔ o X Escape (1.589077ms)
  ✔ O X Escape (0.769511ms)
  ✔ c c X Escape (0.929572ms)
✔ Vim change, insert, replace and open-line sessions share one explicit history group (7.917161ms)
▶ Vim text objects use half-open word, quote, nested bracket, sentence and paragraph ranges
  ✔ diw (0.837343ms)
  ✔ daw (0.753377ms)
  ✔ di" (0.765344ms)
  ✔ di( (0.812966ms)
  ✔ 2da( (0.595869ms)
  ✔ dis (0.640697ms)
  ✔ dip (1.714415ms)
✔ Vim text objects use half-open word, quote, nested bracket, sentence and paragraph ranges (6.78893ms)
✔ Vim visual character, line and block operators edit the real multi-selection model (4.720139ms)
✔ Vim visual put replaces the selected range instead of inserting beside it (1.393812ms)
✔ Vim indent, case operators, matching pairs and repeated find use their native command ranges (2.729346ms)
✔ Vim named, appended, yank, numbered and black-hole registers preserve their contracts (1.268143ms)
✔ Vim marks track buffer edits, retain profile state and route cross-document jumps through the host (1.819094ms)
✔ Vim macros, repeated changes and insertion replay use one undo group per replay (3.206937ms)
✔ Vim search uses bounded regex with wraparound, counts and reverse direction (28.739197ms)
✔ Ex substitution captures, line scopes, flags and bounded failures are atomic (3.537926ms)
✔ Ex settings and workspace requests use the common host and honor failed saves (1.643208ms)
✔ Vim denied system-register delete and paste leave the model unchanged (0.914239ms)
✔ Vim delayed clipboard and prompt responses reject stale or disposed editor state (1.248183ms)
✔ Vim read-only mode and browser composition preserve the text and undo state (1.174942ms)
﹣ Unsupported target: shell commands and external filters (0.068463ms) # The browser editor has no shell or process-execution authority.
﹣ Unsupported target: Vimscript and plugin loading (0.047191ms) # The native modal adapter is not a Vimscript interpreter or plugin runtime.
﹣ Unsupported target: terminal buffers (0.031498ms) # Terminal emulation is outside the editor document and keymap scope.
﹣ Unsupported target: native Vim regex extensions (0.027272ms) # Search uses the documented bounded regex engine rather than Vim magic expressions.
﹣ Unsupported target: operating-system primary selection (0.026731ms) # The injected asynchronous clipboard API exposes ordinary clipboard text.
﹣ Unsupported target: unlimited recursive macros (0.029434ms) # Native macros have explicit recursion, key-count and register-memory budgets.
﹣ Unsupported target: desktop Vim executable parity (0.025669ms) # Node fixtures qualify this native model; no installed desktop Vim is used as an oracle.
﹣ Unsupported target: browser key interception and assistive technology (0.022685ms) # Operating-system/browser key delivery and screen readers need browser/manual qualification.
✔ 0.5 refactor: introduce whole initializer preserves side effects once (92.686868ms)
✔ 0.5 refactor: introduce return expression stays inside block (11.285922ms)
✔ 0.5 refactor: introduce local avoids existing names (7.917463ms)
✔ 0.5 refactor: no extraction from conditional branch or call argument (6.670591ms)
✔ 0.5 refactor: no extraction from a for initializer (5.647147ms)
✔ 0.5 refactor: inline immutable literal preserves type and all references (6.541627ms)
✔ 0.5 refactor: mutable local is not offered for inline (2.329313ms)
✔ 0.5 refactor: overload-affecting literal widening is not inlined (2.836638ms)
✔ 0.5 refactor: invert if keeps one condition evaluation (13.588405ms)
✔ 0.5 refactor: expand initialized auto-property preserves get/set execution (33.585747ms)
✔ 0.5 refactor: expansion preserves static initializer and private setter (11.414096ms)
✔ 0.5 refactor: getter-only constructor property is not expanded unsafely (4.490592ms)
✔ 0.5 refactor: stale structural edit fails atomically (2.349965ms)
✔ 0.5 editor: bracket pairs ignore comments and escaped string punctuation (0.69576ms)
✔ 0.5 editor: unmatched delimiters are not paired across mismatch (0.153041ms)
✔ 0.5 editor: lexical insertion contexts include EOF comments and incomplete strings (0.582649ms)
✔ 0.5 editor: literal replacement honors UTF-16, word and case constraints (1.723389ms)
✔ 0.5 editor: search text is literal rather than regex (0.305932ms)
✔ 0.5 editor: replacement preflights result and match limits (8.17489ms)
✔ 0.5 editor: duplicate selected whole lines excludes trailing newline (0.315215ms)
✔ 0.5 editor: duplicate last line upward and validate ranges (0.140542ms)
✔ 0.6 highlight: indexed source preserves all UTF-16 and trivia characters (4.029388ms)
✔ 0.6 highlight: scrolling large files renders a bounded line window (484.813925ms)
✔ 0.6 highlight: lexical fallback still renders only the viewport (0.72946ms)
✔ 0.6 highlight: huge-line token budget preserves text without thousands of nodes (65.046229ms)
✔ 0.6 highlight: multiline comment clipping remains classified as comment (0.595588ms)
✔ 0.6 highlight: invalid viewport arguments fail without loops (0.727697ms)
✔ 0.6 selection: nesting strictly grows and retains UTF-16 positions (6.432021ms)
✔ 0.6 refactoring: make int const (106.314409ms)
✔ 0.6 refactoring: make var const (13.944862ms)
✔ 0.6 refactoring: make string const (12.64306ms)
✔ 0.6 refactoring: conditional return evaluation (25.382684ms)
✔ 0.6 refactoring: conditional return CRLF (11.402769ms)
✔ 0.6 refactoring: expression body method (20.165525ms)
✔ 0.6 refactoring: expression body void (9.319056ms)
✔ 0.6 refactoring: scoped using (18.017526ms)
✔ 0.6 refactoring: scoped using names remain bounded (13.666653ms)
✔ 0.6 refactoring: mutable/nonexact/already const no make-const int x=1;x++;Console.WriteLine(x); (3.46762ms)
✔ 0.6 refactoring: mutable/nonexact/already const no make-const int x=1;x+=2;Console.WriteLine(x); (2.620182ms)
✔ 0.6 refactoring: mutable/nonexact/already const no make-const int x=1;x=2;Console.WriteLine(x); (2.025615ms)
✔ 0.6 refactoring: mutable/nonexact/already const no make-const double x=1;Console.WriteLine(x); (1.612823ms)
✔ 0.6 refactoring: mutable/nonexact/already const no make-const const int x=1;Console.WriteLine(x); (1.492241ms)
✔ 0.6 refactoring: does not delete comments Use expression-bodied (1.998755ms)
✔ 0.6 refactoring: does not delete comments Use conditional return (2.183474ms)
✔ 0.6 refactoring: does not delete comments Use scoped using (3.095659ms)
✔ 0.6 refactoring: make-const stale edit is rejected atomically (1.496096ms)
✔ 0.6 navigation: bidirectional document locations preserve selections (0.327674ms)
✔ 0.6 navigation: origin cursor refresh does not create phantom jumps (0.11307ms)
✔ 0.6 navigation: new jump truncates forward history and deduplicates (0.803352ms)
✔ 0.6 navigation: retained history is bounded and immutable (0.188915ms)
✔ 0.6 navigation: invalid locations and limits rejected (0.248375ms)
✔ piece table: 100000 deterministic mixed-EOL/UTF-16 edits match a string oracle (401.152855ms)
✔ piece table: reading a 100 MB buffer boundary materializes only the requested slice (710.704243ms)
✔ line index: CRLF seams, CR/LF splits and all coordinate boundaries remain exact (1.208904ms)
✔ text buffer: multi-edits are one immutable version with inverse coordinates and exact ranges (1.050234ms)
✔ text buffer: prepare/commit is atomic; overlap, stale versions and disposed changes fail explicitly (0.514195ms)
✔ text buffer: indexed EOL metadata and UTF encodings preserve BOM, mixed endings and final newline (1.142423ms)
✔ text buffer: start/middle/end edits in one million lines remain indexed and below a 2 ms p95 budget (95.458449ms)
ℹ [{"region":"start","median":0.009004000000004453,"p95":0.012629000000060842},{"region":"middle","median":0.006459999999833599,"p95":0.014871999999968466},{"region":"end","median":0.0036159999999654246,"p95":0.005468000000064421}]
✔ cooperative preparation matches synchronous UTF-16 ranges and publishes only at its explicit commit (17.780838ms)
✔ cooperative large inverse construction yields while retaining one model undo operation (143.744435ms)
✔ cooperative preparation honors cancellation, disposal and snapshot identity without publishing partial changes (2.576207ms)
✔ cooperative ordered edit input validates bounds, ordering, edit count and chunk controls (0.612874ms)
✔ cooperative insertion normalizes CRLF across single-unit windows and keeps the one-version contract (35.988562ms)
✔ adjacent deletions and a replacement retain an unambiguous inverse transaction (1.373522ms)
✔ prepared model binding enforces ownership, current revisions and read-only state (0.620286ms)
✔ Myers diff: randomized scripts round-trip and match the dynamic-programming minimum (37.85653ms)
✔ line diff retains CRLF offsets and bounded character/word refinement (1.267342ms)
✔ diff limits return an exact replacement fallback and cancellation remains explicit (1.062363ms)
✔ merge3 automatically combines independent edits and identical changes (7.648881ms)
✔ merge3 conflicts carry exact stable branch/base/result ranges and preserve dominant EOL (1.171478ms)
✔ bounded regex matches the native safe-fixture oracle: a+/ (3.259758ms)
✔ bounded regex matches the native safe-fixture oracle: a+?/ (0.384079ms)
✔ bounded regex matches the native safe-fixture oracle: a{2,4}/ (0.585583ms)
✔ bounded regex matches the native safe-fixture oracle: (?:ab|a)+/ (0.564862ms)
✔ bounded regex matches the native safe-fixture oracle: (a|b)\1/ (0.558483ms)
✔ bounded regex matches the native safe-fixture oracle: (?<word>\w+):(?<number>\d+)/ (0.477921ms)
✔ bounded regex matches the native safe-fixture oracle: foo(?=bar)/ (0.33801ms)
✔ bounded regex matches the native safe-fixture oracle: foo(?!bar)/ (0.243587ms)
✔ bounded regex matches the native safe-fixture oracle: (?<=foo)bar/ (0.481146ms)
✔ bounded regex matches the native safe-fixture oracle: (?<!foo)bar/ (0.43706ms)
✔ bounded regex matches the native safe-fixture oracle: ^(\w+)\r?$/m (0.43704ms)
✔ bounded regex matches the native safe-fixture oracle: a.*b/s (0.246362ms)
✔ bounded regex matches the native safe-fixture oracle: [a-z]+/i (0.54306ms)
✔ bounded regex matches the native safe-fixture oracle: [^0-9]+/ (0.27191ms)
✔ bounded regex matches the native safe-fixture oracle: a*/ (0.150437ms)
✔ bounded regex matches the native safe-fixture oracle: (?=(aa))/ (0.252951ms)
✔ bounded regex matches the native safe-fixture oracle: (a?)*/ (1.029684ms)
✔ bounded regex matches the native safe-fixture oracle: \p{L}+/ (1.227352ms)
✔ bounded regex matches the native safe-fixture oracle: \u{1F600}/ (0.188164ms)
✔ bounded regex matches the native safe-fixture oracle: \bfoo\b/ (0.19261ms)
✔ bounded regex matches the native safe-fixture oracle: (a(b)?)+/ (0.198259ms)
✔ literal search preserves Unicode folding, UTF-16 spans and whole-word semantics (1.518461ms)
✔ regex replacement expands captures, names, escapes and multiline patterns atomically (1.05047ms)
✔ invalid/unsupported patterns report stable positions instead of native engine errors (0.489399ms)
✔ pathological regex is interrupted inside the interpreter and a process watchdog remains a second boundary (92.437965ms)
✔ search cancellation, result limits and empty-match advancement are bounded (0.872967ms)
✔ grapheme movement keeps clusters intact: "áb" (1.946928ms)
✔ grapheme movement keeps clusters intact: "👩‍👩‍👧‍👦!" (0.966949ms)
✔ grapheme movement keeps clusters intact: "🇵🇱🇯🇵x" (0.346302ms)
✔ grapheme movement keeps clusters intact: "👍🏽👍" (0.143587ms)
✔ grapheme movement keeps clusters intact: "\r\nX" (0.168935ms)
✔ grapheme movement keeps clusters intact: "각각" (0.204018ms)
✔ grapheme movement keeps clusters intact: "क्‍ष" (0.143917ms)
✔ word/subword navigation handles acronym humps, digits, underscores and CJK (10.939596ms)
✔ visual columns distinguish UTF-16 characters, graphemes, tabs, wide characters and virtual space (2.053068ms)
✔ pinned segmentation passes every Unicode 16.0 extended-grapheme conformance row (14.310142ms)
﹣ default and explicit native segmentation retain Unicode 16.0 host compatibility (0.640226ms) # The native comparison is pinned to a Unicode 16.0 Intl runtime
✔ existing editor grapheme fixtures agree with the actual host Intl segmenter (11.299524ms)
✔ chunked columns agree at every UTF-16 position, including split graphemes, pairs, tabs and CRLF (31.799491ms)
✔ a 200 MiB single line yields, stays chunk bounded, and supports exact subsequent cached lookups (1885.120745ms)
✔ an unfinished multi-megabyte combining cluster retains only numeric state across chunks (78.175025ms)
✔ edits reuse the indexed prefix and invalidate changed answers, including surrogate and combining seams (375.720162ms)
✔ unaffected line checkpoints relocate across earlier edits and joined or split lines never reuse wrong columns (2.35277ms)
✔ model columns survive undo/redo, invalidate silent rollback, and retain shared read-only behavior (2.453833ms)
✔ cancel, stale text and disposal reject promptly and release pending work (2.105637ms)
✔ checkpoint, result, line and pending budgets are enforced without a document-length cutoff (3.633232ms)
ℹ tests 610
ℹ suites 0
ℹ pass 601
ℹ fail 0
ℹ cancelled 0
ℹ skipped 9
ℹ todo 0
ℹ duration_ms 31390.416312
