(node:5) [UNDICI-EHPA] Warning: EnvHttpProxyAgent is experimental, expect them to change at any time.
(Use `node --trace-warnings ...` to show where the warning was created)
(node:13) [UNDICI-EHPA] Warning: EnvHttpProxyAgent is experimental, expect them to change at any time.
(Use `node --trace-warnings ...` to show where the warning was created)
TAP version 13
# (node:20) [UNDICI-EHPA] Warning: EnvHttpProxyAgent is experimental, expect them to change at any time.
# (Use `node --trace-warnings ...` to show where the warning was created)
# Subtest: two independent tools start and a failed third batch restores the container
ok 1 - two independent tools start and a failed third batch restores the container
  ---
  duration_ms: 2.233189
  type: 'test'
  ...
# Subtest: container preflights duplicates, reports disposal errors and rolls back cancellation
ok 2 - container preflights duplicates, reports disposal errors and rolls back cancellation
  ---
  duration_ms: 0.654457
  type: 'test'
  ...
# Subtest: commands preserve handler behavior and reject duplicate registrations
ok 3 - commands preserve handler behavior and reject duplicate registrations
  ---
  duration_ms: 1.639934
  type: 'test'
  ...
# Subtest: tools append menu items without global state or editing Studio
ok 4 - tools append menu items without global state or editing Studio
  ---
  duration_ms: 0.673786
  type: 'test'
  ...
# Subtest: each mount has independent state and DOM, and failed render cleans up
ok 5 - each mount has independent state and DOM, and failed render cleans up
  ---
  duration_ms: 0.396137
  type: 'test'
  ...
# Subtest: automation contributions preserve the complete pre-extraction key surface
ok 6 - automation contributions preserve the complete pre-extraction key surface
  ---
  duration_ms: 11.387961
  type: 'test'
  ...
# Subtest: automation duplicate batches roll back and namespaces dispose cleanly
ok 7 - automation duplicate batches roll back and namespaces dispose cleanly
  ---
  duration_ms: 0.49074
  type: 'test'
  ...
# Subtest: storage preserves v1 payloads, versions and quota failures
ok 8 - storage preserves v1 payloads, versions and quota failures
  ---
  duration_ms: 0.631162
  type: 'test'
  ...
# Subtest: every worker message has a handler seam and unknown messages fail structurally
ok 9 - every worker message has a handler seam and unknown messages fail structurally
  ---
  duration_ms: 0.80865
  type: 'test'
  ...
# Subtest: Studio has no command branches, direct persistence or inline automation literal
ok 10 - Studio has no command branches, direct persistence or inline automation literal
  ---
  duration_ms: 17.710823
  type: 'test'
  ...
# (node:20) [UNDICI-EHPA] Warning: EnvHttpProxyAgent is experimental, expect them to change at any time.
# (Use `node --trace-warnings ...` to show where the warning was created)
# (node:20) [UNDICI-EHPA] Warning: EnvHttpProxyAgent is experimental, expect them to change at any time.
# (Use `node --trace-warnings ...` to show where the warning was created)
# Subtest: real compiler and runtime workers dispatch known requests and return structured unknown errors
ok 11 - real compiler and runtime workers dispatch known requests and return structured unknown errors
  ---
  duration_ms: 967.695041
  type: 'test'
  ...
# (node:34) [UNDICI-EHPA] Warning: EnvHttpProxyAgent is experimental, expect them to change at any time.
# (Use `node --trace-warnings ...` to show where the warning was created)
# Subtest: the application rejects a lazy read after same-workspace delete
ok 12 - the application rejects a lazy read after same-workspace delete
  ---
  duration_ms: 19.879714
  type: 'test'
  ...
# Subtest: the application rejects a lazy read after same-workspace rename
ok 13 - the application rejects a lazy read after same-workspace rename
  ---
  duration_ms: 4.603063
  type: 'test'
  ...
# Subtest: the application rejects a lazy read after same-workspace metadata
ok 14 - the application rejects a lazy read after same-workspace metadata
  ---
  duration_ms: 2.666271
  type: 'test'
  ...
# Subtest: the application rejects a lazy read after same-workspace disk
ok 15 - the application rejects a lazy read after same-workspace disk
  ---
  duration_ms: 2.030953
  type: 'test'
  ...
# Subtest: the application rejects a lazy read after same-workspace edit
ok 16 - the application rejects a lazy read after same-workspace edit
  ---
  duration_ms: 2.411698
  type: 'test'
  ...
# Subtest: a current lazy read publishes its bytes without opening another source editor or tab
ok 17 - a current lazy read publishes its bytes without opening another source editor or tab
  ---
  duration_ms: 2.626952
  type: 'test'
  ...
# Subtest: one accepted project watcher change commits and evaluates exactly once, dirty=false
ok 18 - one accepted project watcher change commits and evaluates exactly once, dirty=false
  ---
  duration_ms: 12.952405
  type: 'test'
  ...
# Subtest: one accepted project watcher change commits and evaluates exactly once, dirty=true
ok 19 - one accepted project watcher change commits and evaluates exactly once, dirty=true
  ---
  duration_ms: 4.780681
  type: 'test'
  ...
# Subtest: project watcher creation and deletion still update membership when no editor is open
ok 20 - project watcher creation and deletion still update membership when no editor is open
  ---
  duration_ms: 5.640808
  type: 'test'
  ...
1..20
# tests 20
# suites 0
# pass 20
# fail 0
# cancelled 0
# skipped 0
# todo 0
# duration_ms 1681.902308
