(node:5) [UNDICI-EHPA] Warning: EnvHttpProxyAgent is experimental, expect them to change at any time.
(Use `node --trace-warnings ...` to show where the warning was created)
(node:13) [UNDICI-EHPA] Warning: EnvHttpProxyAgent is experimental, expect them to change at any time.
(Use `node --trace-warnings ...` to show where the warning was created)
TAP version 13
# (node:20) [UNDICI-EHPA] Warning: EnvHttpProxyAgent is experimental, expect them to change at any time.
# (Use `node --trace-warnings ...` to show where the warning was created)
# Subtest: actual 200 MiB binary log replays and pages within the reader memory budget
ok 1 - actual 200 MiB binary log replays and pages within the reader memory budget
  ---
  duration_ms: 23332.905563
  type: 'test'
  ...
# {"sdk":"10.0.201","node":"v22.23.3","platform":"linux","architecture":"x64","inputBytes":259939308,"events":1204,"spoolBytes":720109981,"readerVersion":"15.1.0.0","readerFileVersion":"18.9.11.42413","readerProductVersion":"18.9.11+e34a38d2ae1fc26406a317517196e55c68ff83ab","helperPeakRss":500834304,"nodePeakRss":153042944,"replayAndPageMs":14146.528724000002}
# (node:138) [UNDICI-EHPA] Warning: EnvHttpProxyAgent is experimental, expect them to change at any time.
# (Use `node --trace-warnings ...` to show where the warning was created)
# Subtest: structured event model preserves project/target/task tree and overlapping wall-clock timings
ok 2 - structured event model preserves project/target/task tree and overlapping wall-clock timings
  ---
  duration_ms: 1.692122
  type: 'test'
  ...
# Subtest: binlog spool queries resume by byte cursor with Unicode and bounded search scans
ok 3 - binlog spool queries resume by byte cursor with Unicode and bounded search scans
  ---
  duration_ms: 10.214867
  type: 'test'
  ...
# Subtest: binlog pages stop at their byte budget without losing the first unreturned event
ok 4 - binlog pages stop at their byte budget without losing the first unreturned event
  ---
  duration_ms: 4.279154
  type: 'test'
  ...
# (node:150) [UNDICI-EHPA] Warning: EnvHttpProxyAgent is experimental, expect them to change at any time.
# (Use `node --trace-warnings ...` to show where the warning was created)
# Subtest: context compilation input preserves generated flags and rejects unhydrated documents explicitly
ok 5 - context compilation input preserves generated flags and rejects unhydrated documents explicitly
  ---
  duration_ms: 2.511428
  type: 'test'
  ...
# Subtest: actual native and portable contexts build language workspaces with equal sources and options
not ok 6 - actual native and portable contexts build language workspaces with equal sources and options
  ---
  duration_ms: 2396.240516
  type: 'test'
  location: '/workspace/scratch/3e16369943fd/p18-native/tests/a23-native-context-parity.test.js:28:1'
  failureType: 'testCodeFailure'
  error: |-
    The input did not match the regular expression /global using global::System\.Linq;/. Input:
    
    '// <auto-generated/>\n' +
      'global using System;\n' +
      'global using System.Collections.Generic;\n' +
      'global using System.IO;\n' +
      'global using System.Linq;\n' +
      'global using System.Net.Http;\n' +
      'global using System.Threading;\n' +
      'global using System.Threading.Tasks;\n'
    
  code: 'ERR_ASSERTION'
  name: 'AssertionError'
  expected:
  actual: |-
    // <auto-generated/>
    global using System;
    global using System.Collections.Generic;
    global using System.IO;
    global using System.Linq;
    global using System.Net.Http;
    global using System.Threading;
    global using System.Threading.Tasks;
    
  operator: 'match'
  stack: |-
    TestContext.<anonymous> (file:///workspace/scratch/3e16369943fd/p18-native/tests/a23-native-context-parity.test.js:73:10)
    async Test.run (node:internal/test_runner/test:1054:7)
    async Test.processPendingSubtests (node:internal/test_runner/test:744:7)
  ...
# (node:203) [UNDICI-EHPA] Warning: EnvHttpProxyAgent is experimental, expect them to change at any time.
# (Use `node --trace-warnings ...` to show where the warning was created)
# Subtest: compiler option preservation: /define:A;B /langversion:preview
ok 7 - compiler option preservation: /define:A;B /langversion:preview
  ---
  duration_ms: 2.732141
  type: 'test'
  ...
# Subtest: compiler option preservation: /nullable:enable /unsafe+ /checked+
ok 8 - compiler option preservation: /nullable:enable /unsafe+ /checked+
  ---
  duration_ms: 0.224048
  type: 'test'
  ...
# Subtest: compiler option preservation: /reference:alias1,alias2="a b.dll"
ok 9 - compiler option preservation: /reference:alias1,alias2="a b.dll"
  ---
  duration_ms: 0.147192
  type: 'test'
  ...
# Subtest: compiler option preservation: /analyzer:a.dll /additionalfile:data.json
ok 10 - compiler option preservation: /analyzer:a.dll /additionalfile:data.json
  ---
  duration_ms: 0.214804
  type: 'test'
  ...
# Subtest: compiler option preservation: /analyzerconfig:rules.editorconfig
ok 11 - compiler option preservation: /analyzerconfig:rules.editorconfig
  ---
  duration_ms: 0.13914
  type: 'test'
  ...
# Subtest: compiler option preservation: /nowarn:CS1000,CS1001 /warnaserror:CS1002
ok 12 - compiler option preservation: /nowarn:CS1000,CS1001 /warnaserror:CS1002
  ---
  duration_ms: 0.234734
  type: 'test'
  ...
# Subtest: compiler option preservation: /warnaserror+ /warnaserror-:CS2000
ok 13 - compiler option preservation: /warnaserror+ /warnaserror-:CS2000
  ---
  duration_ms: 0.11911
  type: 'test'
  ...
# Subtest: compiler option preservation: /out:App.dll /target:exe
ok 14 - compiler option preservation: /out:App.dll /target:exe
  ---
  duration_ms: 0.106641
  type: 'test'
  ...
# Subtest: compiler option preservation: /unknown:kept Program.cs
ok 15 - compiler option preservation: /unknown:kept Program.cs
  ---
  duration_ms: 0.276997
  type: 'test'
  ...
# Subtest: compiler option preservation: /unsafe- /checked- /d:ONE,ONE
ok 16 - compiler option preservation: /unsafe- /checked- /d:ONE,ONE
  ---
  duration_ms: 0.367314
  type: 'test'
  ...
# Subtest: compiler response expansion rejects cycles and preserves unknown arguments
ok 17 - compiler response expansion rejects cycles and preserves unknown arguments
  ---
  duration_ms: 0.868159
  type: 'test'
  ...
# Subtest: design-time requests avoid assembly emission and request semantic compiler inputs
ok 18 - design-time requests avoid assembly emission and request semantic compiler inputs
  ---
  duration_ms: 0.19236
  type: 'test'
  ...
# Subtest: contexts retain independent TFM/RID identity and inactive diagnostic labels
ok 19 - contexts retain independent TFM/RID identity and inactive diagnostic labels
  ---
  duration_ms: 1.585051
  type: 'test'
  ...
# Subtest: shared import edits invalidate every cached project context
ok 20 - shared import edits invalidate every cached project context
  ---
  duration_ms: 0.500786
  type: 'test'
  ...
# Subtest: queued user builds precede superseding design-time requests
ok 21 - queued user builds precede superseding design-time requests
  ---
  duration_ms: 1.197997
  type: 'test'
  ...
# Subtest: runtime fallback graphs reject cycles and diagnose unknown RIDs
ok 22 - runtime fallback graphs reject cycles and diagnose unknown RIDs
  ---
  duration_ms: 0.437931
  type: 'test'
  ...
# (node:211) [UNDICI-EHPA] Warning: EnvHttpProxyAgent is experimental, expect them to change at any time.
# (Use `node --trace-warnings ...` to show where the warning was created)
# Subtest: installed SDK: restore/build, design-time inputs/cache, no-op build, binlog replay, publish profile
ok 23 - installed SDK: restore/build, design-time inputs/cache, no-op build, binlog replay, publish profile
  ---
  duration_ms: 27521.710067
  type: 'test'
  ...
# Real native SDK qualification: 10.0.201 on linux/x64
# (node:713) [UNDICI-EHPA] Warning: EnvHttpProxyAgent is experimental, expect them to change at any time.
# (Use `node --trace-warnings ...` to show where the warning was created)
# Subtest: launch environments carry only explicit application variables plus allowed tool-discovery inheritance
ok 24 - launch environments carry only explicit application variables plus allowed tool-discovery inheritance
  ---
  duration_ms: 2.553041
  type: 'test'
  ...
# Subtest: saved and explicit launch profiles resolve arguments, URLs and granted working directories without shell interpolation
ok 25 - saved and explicit launch profiles resolve arguments, URLs and granted working directories without shell interpolation
  ---
  duration_ms: 27.529142
  type: 'test'
  ...
# Subtest: actual native launches apply selected and explicit profile data through authenticated HTTP
ok 26 - actual native launches apply selected and explicit profile data through authenticated HTTP
  ---
  duration_ms: 4723.477406
  type: 'test'
  ...
# (node:827) [UNDICI-EHPA] Warning: EnvHttpProxyAgent is experimental, expect them to change at any time.
# (Use `node --trace-warnings ...` to show where the warning was created)
# Subtest: native metadata reads require an authorized context reference and enforce file/count/total budgets
ok 27 - native metadata reads require an authorized context reference and enforce file/count/total budgets
  ---
  duration_ms: 13.916556
  type: 'test'
  ...
# Subtest: actual native contexts deliver SDK metadata over authenticated HTTP for LINQ completion and semantic binding
not ok 28 - actual native contexts deliver SDK metadata over authenticated HTTP for LINQ completion and semantic binding
  ---
  duration_ms: 4679.696537
  type: 'test'
  location: '/workspace/scratch/3e16369943fd/p18-native/tests/a23-native-metadata.test.js:45:1'
  failureType: 'testCodeFailure'
  error: |-
    The expression evaluated to a falsy value:
    
      assert(input.files.some(file => file.generated && file.text.includes('global using global::System.Linq;')))
    
  code: 'ERR_ASSERTION'
  name: 'AssertionError'
  expected: true
  actual: false
  operator: '=='
  stack: |-
    TestContext.<anonymous> (file:///workspace/scratch/3e16369943fd/p18-native/tests/a23-native-metadata.test.js:79:3)
    process.processTicksAndRejections (node:internal/process/task_queues:103:5)
    async Test.run (node:internal/test_runner/test:1054:7)
    async Test.processPendingSubtests (node:internal/test_runner/test:744:7)
  ...
# (node:896) [UNDICI-EHPA] Warning: EnvHttpProxyAgent is experimental, expect them to change at any time.
# (Use `node --trace-warnings ...` to show where the warning was created)
# Subtest: NuGet version, comparison and floating range vectors match the installed NuGet.Versioning assembly
ok 29 - NuGet version, comparison and floating range vectors match the installed NuGet.Versioning assembly
  ---
  duration_ms: 1184.865697
  type: 'test'
  ...
# {"sdk":"10.0.201","runtime":"10.0.12","nuget":"7.3.0.0","parseVectors":29,"comparisons":11,"ranges":22,"candidates":11}
# (node:936) [UNDICI-EHPA] Warning: EnvHttpProxyAgent is experimental, expect them to change at any time.
# (Use `node --trace-warnings ...` to show where the warning was created)
# Subtest: NuGet version normalization 1
ok 30 - NuGet version normalization 1
  ---
  duration_ms: 1.573003
  type: 'test'
  ...
# Subtest: NuGet version normalization 1.02
ok 31 - NuGet version normalization 1.02
  ---
  duration_ms: 0.353103
  type: 'test'
  ...
# Subtest: NuGet version normalization 1.2.3.0
ok 32 - NuGet version normalization 1.2.3.0
  ---
  duration_ms: 0.133821
  type: 'test'
  ...
# Subtest: NuGet version normalization 1.2.3.4
ok 33 - NuGet version normalization 1.2.3.4
  ---
  duration_ms: 0.13239
  type: 'test'
  ...
# Subtest: NuGet version normalization 1.2.3-beta.2+commit
ok 34 - NuGet version normalization 1.2.3-beta.2+commit
  ---
  duration_ms: 0.307323
  type: 'test'
  ...
# Subtest: NuGet range 1.5 in [1.0,2.0)
ok 35 - NuGet range 1.5 in [1.0,2.0)
  ---
  duration_ms: 0.564141
  type: 'test'
  ...
# Subtest: NuGet range 2.0 in [1.0,2.0)
ok 36 - NuGet range 2.0 in [1.0,2.0)
  ---
  duration_ms: 0.266252
  type: 'test'
  ...
# Subtest: NuGet range 1.2 in [1.2]
ok 37 - NuGet range 1.2 in [1.2]
  ---
  duration_ms: 0.120211
  type: 'test'
  ...
# Subtest: NuGet range 1.2.1 in [1.2]
ok 38 - NuGet range 1.2.1 in [1.2]
  ---
  duration_ms: 0.401936
  type: 'test'
  ...
# Subtest: NuGet range 2.0 in 1.0
ok 39 - NuGet range 2.0 in 1.0
  ---
  duration_ms: 0.452773
  type: 'test'
  ...
# Subtest: NuGet range 1.9 in 1.*
ok 40 - NuGet range 1.9 in 1.*
  ---
  duration_ms: 0.328385
  type: 'test'
  ...
# Subtest: NuGet range 2.0 in 1.*
ok 41 - NuGet range 2.0 in 1.*
  ---
  duration_ms: 0.187022
  type: 'test'
  ...
# Subtest: NuGet range 1.2.0-alpha in 1.*
ok 42 - NuGet range 1.2.0-alpha in 1.*
  ---
  duration_ms: 0.104007
  type: 'test'
  ...
# Subtest: NuGet range 1.2.0-alpha in 1.2.0-*
ok 43 - NuGet range 1.2.0-alpha in 1.2.0-*
  ---
  duration_ms: 0.099319
  type: 'test'
  ...
# Subtest: NuGet range 1.2.0-beta.2 in 1.2.0-beta.*
ok 44 - NuGet range 1.2.0-beta.2 in 1.2.0-beta.*
  ---
  duration_ms: 0.150927
  type: 'test'
  ...
# Subtest: NuGet SemVer ordering handles numeric labels, release precedence and case folding
ok 45 - NuGet SemVer ordering handles numeric labels, release precedence and case folding
  ---
  duration_ms: 0.624793
  type: 'test'
  ...
# Subtest: NuGet hierarchy applies clears, disabled feeds, source specificity, and never returns credentials
ok 46 - NuGet hierarchy applies clears, disabled feeds, source specificity, and never returns credentials
  ---
  duration_ms: 3.529754
  type: 'test'
  ...
# Subtest: assets keep TFM/RID dependency identities and NU1605 restore errors
ok 47 - assets keep TFM/RID dependency identities and NU1605 restore errors
  ---
  duration_ms: 0.569128
  type: 'test'
  ...
# Subtest: lock files round-trip unchanged formatting and report drift without rewriting input
ok 48 - lock files round-trip unchanged formatting and report drift without rewriting input
  ---
  duration_ms: 0.550901
  type: 'test'
  ...
# Subtest: central versions resolve overrides and reject absent declarations
ok 49 - central versions resolve overrides and reject absent declarations
  ---
  duration_ms: 0.601968
  type: 'test'
  ...
# Subtest: V3 recorded protocol fixture covers service lookup, caching, versions and nuspec
ok 50 - V3 recorded protocol fixture covers service lookup, caching, versions and nuspec
  ---
  duration_ms: 5.797734
  type: 'test'
  ...
# Subtest: V3 resource and cache budgets reject zero, overflow and non-integer limits before fetching
ok 51 - V3 resource and cache budgets reject zero, overflow and non-integer limits before fetching
  ---
  duration_ms: 0.47776
  type: 'test'
  ...
# Subtest: nupkg selects ref compile assets independently from RID runtime and rejects invalid archives
ok 52 - nupkg selects ref compile assets independently from RID runtime and rejects invalid archives
  ---
  duration_ms: 4.876975
  type: 'test'
  ...
# (node:944) [UNDICI-EHPA] Warning: EnvHttpProxyAgent is experimental, expect them to change at any time.
# (Use `node --trace-warnings ...` to show where the warning was created)
# Subtest: local packed feed: hierarchy, minimal package edits, assets, lock drift and central versions use the actual SDK
ok 53 - local packed feed: hierarchy, minimal package edits, assets, lock drift and central versions use the actual SDK
  ---
  duration_ms: 18645.341488
  type: 'test'
  ...
# {"sdk":"10.0.201","platform":"linux","architecture":"x64","feed":"three locally SDK-packed packages; no external feed","packages":["Local.Dependency/1.0.0","Local.Example/1.0.0"]}
# (node:1265) [UNDICI-EHPA] Warning: EnvHttpProxyAgent is experimental, expect them to change at any time.
# (Use `node --trace-warnings ...` to show where the warning was created)
# Subtest: native environment retains tool discovery but excludes host secrets and startup hooks
ok 54 - native environment retains tool discovery but excludes host secrets and startup hooks
  ---
  duration_ms: 1.136365
  type: 'test'
  ...
# Subtest: native output boundary rejects {"OutputPath":"../../x"}
ok 55 - native output boundary rejects {"OutputPath":"../../x"}
  ---
  duration_ms: 1.95518
  type: 'test'
  ...
# Subtest: native output boundary rejects {"PublishDir":"/tmp/output"}
ok 56 - native output boundary rejects {"PublishDir":"/tmp/output"}
  ---
  duration_ms: 0.219641
  type: 'test'
  ...
# Subtest: native output boundary rejects {"BaseIntermediateOutputPath":"C:\\\\temp"}
ok 57 - native output boundary rejects {"BaseIntermediateOutputPath":"C:\\\\temp"}
  ---
  duration_ms: 0.127803
  type: 'test'
  ...
# Subtest: native output boundary rejects {"ArtifactsPath":"$(OtherPath)"}
ok 58 - native output boundary rejects {"ArtifactsPath":"$(OtherPath)"}
  ---
  duration_ms: 0.206221
  type: 'test'
  ...
# Subtest: native output boundary rejects {"OutputPath":"%2e%2e/x"}
ok 59 - native output boundary rejects {"OutputPath":"%2e%2e/x"}
  ---
  duration_ms: 0.101163
  type: 'test'
  ...
# Subtest: logger/response switch policy is explicit and rejects nested traversal
ok 60 - logger/response switch policy is explicit and rejects nested traversal
  ---
  duration_ms: 2.289895
  type: 'test'
  ...
# Subtest: trust is stored per canonical root and revocation survives reopening the store
ok 61 - trust is stored per canonical root and revocation survives reopening the store
  ---
  duration_ms: 13.757328
  type: 'test'
  ...
# Subtest: native tool transport scrubs actual child environment and captures unicode lines
ok 62 - native tool transport scrubs actual child environment and captures unicode lines
  ---
  duration_ms: 26.488869
  type: 'test'
  ...
# Subtest: native process timeout is distinct from successful completion
ok 63 - native process timeout is distinct from successful completion
  ---
  duration_ms: 105.919221
  type: 'test'
  ...
# Subtest: cancellation terminates children and grandchildren in the actual process tree
ok 64 - cancellation terminates children and grandchildren in the actual process tree
  ---
  duration_ms: 154.015073
  type: 'test'
  ...
# (node:1306) [UNDICI-EHPA] Warning: EnvHttpProxyAgent is experimental, expect them to change at any time.
# (Use `node --trace-warnings ...` to show where the warning was created)
# Subtest: SDK resolution 8.0.100/disable
ok 65 - SDK resolution 8.0.100/disable
  ---
  duration_ms: 1.483458
  type: 'test'
  ...
# Subtest: SDK resolution 8.0.102/disable
ok 66 - SDK resolution 8.0.102/disable
  ---
  duration_ms: 0.155455
  type: 'test'
  ...
# Subtest: SDK resolution 8.0.100/patch
ok 67 - SDK resolution 8.0.100/patch
  ---
  duration_ms: 0.169676
  type: 'test'
  ...
# Subtest: SDK resolution 8.0.100/latestPatch
ok 68 - SDK resolution 8.0.100/latestPatch
  ---
  duration_ms: 0.081493
  type: 'test'
  ...
# Subtest: SDK resolution 8.0.102/feature
ok 69 - SDK resolution 8.0.102/feature
  ---
  duration_ms: 0.155645
  type: 'test'
  ...
# Subtest: SDK resolution 8.0.100/latestFeature
ok 70 - SDK resolution 8.0.100/latestFeature
  ---
  duration_ms: 0.170437
  type: 'test'
  ...
# Subtest: SDK resolution 8.0.300/minor
ok 71 - SDK resolution 8.0.300/minor
  ---
  duration_ms: 0.109095
  type: 'test'
  ...
# Subtest: SDK resolution 8.0.100/latestMinor
ok 72 - SDK resolution 8.0.100/latestMinor
  ---
  duration_ms: 0.075634
  type: 'test'
  ...
# Subtest: SDK resolution 8.2.100/major
ok 73 - SDK resolution 8.2.100/major
  ---
  duration_ms: 0.264468
  type: 'test'
  ...
# Subtest: SDK resolution 8.0.100/latestMajor
ok 74 - SDK resolution 8.0.100/latestMajor
  ---
  duration_ms: 0.332581
  type: 'test'
  ...
# Subtest: SDK resolution 11.0.100/major
ok 75 - SDK resolution 11.0.100/major
  ---
  duration_ms: 0.117648
  type: 'test'
  ...
# Subtest: SDK resolution 9.0.100/feature
ok 76 - SDK resolution 9.0.100/feature
  ---
  duration_ms: 0.062354
  type: 'test'
  ...
# Subtest: SDK discovery preserves paths, previews and host RID
ok 77 - SDK discovery preserves paths, previews and host RID
  ---
  duration_ms: 1.603619
  type: 'test'
  ...
# Subtest: workload preflight identifies missing Android and host-specific Windows target restrictions
ok 78 - workload preflight identifies missing Android and host-specific Windows target restrictions
  ---
  duration_ms: 0.49689
  type: 'test'
  ...
# Subtest: project graph changes rebuild only the owning node and transitive dependents
ok 79 - project graph changes rebuild only the owning node and transitive dependents
  ---
  duration_ms: 0.610511
  type: 'test'
  ...
# Subtest: fast up-to-date check detects input and output changes with an explanation
ok 80 - fast up-to-date check detects input and output changes with an explanation
  ---
  duration_ms: 0.413544
  type: 'test'
  ...
# Subtest: publish profiles are inspectable without executing conditioned properties
ok 81 - publish profiles are inspectable without executing conditioned properties
  ---
  duration_ms: 1.300092
  type: 'test'
  ...
# Subtest: SARIF preserves suppressed diagnostics, rule help and related locations
ok 82 - SARIF preserves suppressed diagnostics, rule help and related locations
  ---
  duration_ms: 0.27174
  type: 'test'
  ...
# Subtest: diagnostic stream preserves continuation text and removes summary duplicates
ok 83 - diagnostic stream preserves continuation text and removes summary duplicates
  ---
  duration_ms: 0.962112
  type: 'test'
  ...
# (node:1314) [UNDICI-EHPA] Warning: EnvHttpProxyAgent is experimental, expect them to change at any time.
# (Use `node --trace-warnings ...` to show where the warning was created)
# Subtest: both engines share the full immutable portable graph and NuGet breadth-first ordering
ok 84 - both engines share the full immutable portable graph and NuGet breadth-first ordering
  ---
  duration_ms: 2.184295
  type: 'test'
  ...
# Subtest: runtime graph input is copied and malformed, cyclic or oversized graphs fail explicitly
ok 85 - runtime graph input is copied and malformed, cyclic or oversized graphs fail explicitly
  ---
  duration_ms: 1.054811
  type: 'test'
  ...
# Subtest: 20,000-deep graphs resolve iteratively and the next node is rejected by the graph budget
ok 86 - 20,000-deep graphs resolve iteratively and the next node is rejected by the graph budget
  ---
  duration_ms: 80.240052
  type: 'test'
  ...
# Subtest: RuntimeIdentifier and RuntimeIdentifiers retain selection, unique fallback chains and context diagnostics
ok 87 - RuntimeIdentifier and RuntimeIdentifiers retain selection, unique fallback chains and context diagnostics
  ---
  duration_ms: 9.963269
  type: 'test'
  ...
# Subtest: all 85 portable RID expansions match the installed NuGet.RuntimeModel implementation
ok 88 - all 85 portable RID expansions match the installed NuGet.RuntimeModel implementation
  ---
  duration_ms: 989.268629
  type: 'test'
  ...
# {"sdk":"10.0.201","runtime":"10.0.12","nuget":"7.3.0.0","ridVectors":85,"graphSource":{"sdk":"10.0.201","sha256":"443da2d132830ce72cbcd3cede5a396452949ec118a52f55d78bb99720e1f93c","url":"https://github.com/dotnet/runtime/blob/main/src/libraries/Microsoft.NETCore.Platforms/src/PortableRuntimeIdentifierGraph.json"}}
# (node:1354) [UNDICI-EHPA] Warning: EnvHttpProxyAgent is experimental, expect them to change at any time.
# (Use `node --trace-warnings ...` to show where the warning was created)
# Subtest: global.json selection matches actual dotnet --version for twelve policy combinations
ok 89 - global.json selection matches actual dotnet --version for twelve policy combinations
  ---
  duration_ms: 1833.289988
  type: 'test'
  ...
# {"node":"v22.23.3","installed":["8.0.425","10.0.201","10.0.401"],"observations":[{"version":"10.0.401","rollForward":"disable","selected":"10.0.401","exitCode":0},{"version":"10.0.500","rollForward":"disable","selected":null,"exitCode":155},{"version":"10.0.401","rollForward":"patch","selected":"10.0.401","exitCode":0},{"version":"10.0.400","rollForward":"patch","selected":"10.0.401","exitCode":0},{"version":"10.0.400","rollForward":"latestPatch","selected":"10.0.401","exitCode":0},{"version":"10.0.100","rollForward":"feature","selected":"10.0.201","exitCode":0},{"version":"10.0.100","rollForward":"latestFeature","selected":"10.0.401","exitCode":0},{"version":"10.0.500","rollForward":"minor","selected":null,"exitCode":155},{"version":"10.0.400","rollForward":"latestMinor","selected":"10.0.401","exitCode":0},{"version":"9.0.999","rollForward":"major","selected":"10.0.201","exitCode":0},{"version":"10.0.400","rollForward":"latestMajor","allowPrerelease":false,"selected":"10.0.401","exitCode":0},{"version":"11.0.100","rollForward":"major","selected":null,"exitCode":155}]}
# (node:1441) [UNDICI-EHPA] Warning: EnvHttpProxyAgent is experimental, expect them to change at any time.
# (Use `node --trace-warnings ...` to show where the warning was created)
# Subtest: real emitted project reference preserves public visibility and primitive return types
ok 90 - real emitted project reference preserves public visibility and primitive return types
  ---
  duration_ms: 138.973154
  type: 'test'
  ...
# Subtest: real emitted project reference preserves internal visibility and primitive return types
ok 91 - real emitted project reference preserves internal visibility and primitive return types
  ---
  duration_ms: 16.214918
  type: 'test'
  ...
# Subtest: real emitted project reference preserves friend internal visibility and primitive return types
ok 92 - real emitted project reference preserves friend internal visibility and primitive return types
  ---
  duration_ms: 20.454283
  type: 'test'
  ...
# Subtest: an external reference remains strict unless its producer explicitly selects the SharpForge runtime profile
ok 93 - an external reference remains strict unless its producer explicitly selects the SharpForge runtime profile
  ---
  duration_ms: 23.237071
  type: 'test'
  ...
# Subtest: metadata-backed language sessions complete imported methods, bind hover and invalidate edited sources
ok 94 - metadata-backed language sessions complete imported methods, bind hover and invalidate edited sources
  ---
  duration_ms: 17.539857
  type: 'test'
  ...
# (node:1449) [UNDICI-EHPA] Warning: EnvHttpProxyAgent is experimental, expect them to change at any time.
# (Use `node --trace-warnings ...` to show where the warning was created)
# Subtest: A02-T21 custom attribute blobs decode to typed constructor and named arguments
ok 95 - A02-T21 custom attribute blobs decode to typed constructor and named arguments
  ---
  duration_ms: 4.983797
  type: 'test'
  ...
# Subtest: A02-T21 ParamArray and Extension: isParams and isExtensionMethod
ok 96 - A02-T21 ParamArray and Extension: isParams and isExtensionMethod
  ---
  duration_ms: 3.644688
  type: 'test'
  ...
# Subtest: A02-T21 Obsolete: message, error flag, DiagnosticId and UrlFormat, with the Roslyn diagnostics
ok 97 - A02-T21 Obsolete: message, error flag, DiagnosticId and UrlFormat, with the Roslyn diagnostics
  ---
  duration_ms: 0.633065
  type: 'test'
  ...
# Subtest: A02-T21 Conditional and DefaultMember
ok 98 - A02-T21 Conditional and DefaultMember
  ---
  duration_ms: 0.910083
  type: 'test'
  ...
# Subtest: A02-T21 Nullable and NullableContext give every type position its annotation
ok 99 - A02-T21 Nullable and NullableContext give every type position its annotation
  ---
  duration_ms: 2.312718
  type: 'test'
  ...
# Subtest: A02-T21 the nullable transform follows the metadata encoding and rejects data that does not fit
ok 100 - A02-T21 the nullable transform follows the metadata encoding and rejects data that does not fit
  ---
  duration_ms: 0.406363
  type: 'test'
  ...
# Subtest: A02-T21 TupleElementNames and Dynamic transforms
ok 101 - A02-T21 TupleElementNames and Dynamic transforms
  ---
  duration_ms: 1.402506
  type: 'test'
  ...
# Subtest: A02-T21 IsReadOnly, IsByRefLike, RequiredMember and CompilerFeatureRequired
ok 102 - A02-T21 IsReadOnly, IsByRefLike, RequiredMember and CompilerFeatureRequired
  ---
  duration_ms: 0.568067
  type: 'test'
  ...
# Subtest: A02-T21 InternalsVisibleTo declarations and friend checks
ok 103 - A02-T21 InternalsVisibleTo declarations and friend checks
  ---
  duration_ms: 1.90282
  type: 'test'
  ...
# (node:1457) [UNDICI-EHPA] Warning: EnvHttpProxyAgent is experimental, expect them to change at any time.
# (Use `node --trace-warnings ...` to show where the warning was created)
# Subtest: A02-T20 an assembly image becomes an assembly symbol with identity and a metadata namespace tree
ok 104 - A02-T20 an assembly image becomes an assembly symbol with identity and a metadata namespace tree
  ---
  duration_ms: 2.040047
  type: 'test'
  ...
# Subtest: A02-T20 a reference to a netstandard-style DLL binds System.Console.WriteLine with a string argument
ok 105 - A02-T20 a reference to a netstandard-style DLL binds System.Console.WriteLine with a string argument
  ---
  duration_ms: 3.123452
  type: 'test'
  ...
# Subtest: A02-T20 a generic List<T>.Add call binds on the constructed type with the parameter substituted
ok 106 - A02-T20 a generic List<T>.Add call binds on the constructed type with the parameter substituted
  ---
  duration_ms: 3.158544
  type: 'test'
  ...
# Subtest: A02-T20 core types carry special-type ids and display as keywords
ok 107 - A02-T20 core types carry special-type ids and display as keywords
  ---
  duration_ms: 0.473885
  type: 'test'
  ...
# Subtest: A02-T20 type kinds, accessibility, modifiers, base types and interfaces come from TypeDef rows
ok 108 - A02-T20 type kinds, accessibility, modifiers, base types and interfaces come from TypeDef rows
  ---
  duration_ms: 0.87521
  type: 'test'
  ...
# Subtest: A02-T20 type parameters import variance and constraints
ok 109 - A02-T20 type parameters import variance and constraints
  ---
  duration_ms: 0.830292
  type: 'test'
  ...
# Subtest: A02-T20 nested types and generic signatures map VAR/MVAR/GENERICINST to the right symbols
ok 110 - A02-T20 nested types and generic signatures map VAR/MVAR/GENERICINST to the right symbols
  ---
  duration_ms: 2.204265
  type: 'test'
  ...
# Subtest: A02-T20 members import kinds, accessibility and declaration modifiers
ok 111 - A02-T20 members import kinds, accessibility and declaration modifiers
  ---
  duration_ms: 6.641057
  type: 'test'
  ...
# Subtest: A02-T20 by-reference parameters and returns become RefKind; arrays, pointers and function pointers import structurally
ok 112 - A02-T20 by-reference parameters and returns become RefKind; arrays, pointers and function pointers import structurally
  ---
  duration_ms: 1.419962
  type: 'test'
  ...
# Subtest: A02-T20 types from assemblies that are not bound are error types with a reason
ok 113 - A02-T20 types from assemblies that are not bound are error types with a reason
  ---
  duration_ms: 5.408318
  type: 'test'
  ...
# (node:1465) [UNDICI-EHPA] Warning: EnvHttpProxyAgent is experimental, expect them to change at any time.
# (Use `node --trace-warnings ...` to show where the warning was created)
# Subtest: valid imported symbols cannot turn a failed execution bind into an empty successful image
ok 114 - valid imported symbols cannot turn a failed execution bind into an empty successful image
  ---
  duration_ms: 152.350984
  type: 'test'
  ...
# Subtest: reference-aware semantic errors retain their diagnostic instead of claiming emission support
ok 115 - reference-aware semantic errors retain their diagnostic instead of claiming emission support
  ---
  duration_ms: 12.524662
  type: 'test'
  ...
# Subtest: adding metadata references preserves executable programs already supported by the profile
ok 116 - adding metadata references preserves executable programs already supported by the profile
  ---
  duration_ms: 12.427095
  type: 'test'
  ...
# Subtest: unused invalid metadata is rejected before reporting compilation success
ok 117 - unused invalid metadata is rejected before reporting compilation success
  ---
  duration_ms: 5.908873
  type: 'test'
  ...
# (node:1473) [UNDICI-EHPA] Warning: EnvHttpProxyAgent is experimental, expect them to change at any time.
# (Use `node --trace-warnings ...` to show where the warning was created)
# Subtest: A02-T22 assembly identities parse, display and compare like Roslyn
ok 118 - A02-T22 assembly identities parse, display and compare like Roslyn
  ---
  duration_ms: 7.230166
  type: 'test'
  ...
# Subtest: A02-T22 an assembly reference binds to an exact match, else the lowest higher version, else the highest lower version
ok 119 - A02-T22 an assembly reference binds to an exact match, else the lowest higher version, else the highest lower version
  ---
  duration_ms: 0.521807
  type: 'test'
  ...
# Subtest: A02-T22 references bind without diagnostics when every identity matches
ok 120 - A02-T22 references bind without diagnostics when every identity matches
  ---
  duration_ms: 8.443746
  type: 'test'
  ...
# Subtest: A02-T22 a reference to an older version unifies with the supplied higher version: CS1701 / CS1702
ok 121 - A02-T22 a reference to an older version unifies with the supplied higher version: CS1701 / CS1702
  ---
  duration_ms: 10.092623
  type: 'test'
  ...
# Subtest: A02-T22 a reference that needs a higher version than the one supplied is CS1705
ok 122 - A02-T22 a reference that needs a higher version than the one supplied is CS1705
  ---
  duration_ms: 7.165969
  type: 'test'
  ...
# Subtest: A02-T22 a type defined in an assembly that is not referenced is CS0012
ok 123 - A02-T22 a type defined in an assembly that is not referenced is CS0012
  ---
  duration_ms: 10.100546
  type: 'test'
  ...
# Subtest: A02-T22 duplicate references: identical identities merge, equivalent ones are CS1703, weak same-name ones CS1704
ok 124 - A02-T22 duplicate references: identical identities merge, equivalent ones are CS1703, weak same-name ones CS1704
  ---
  duration_ms: 13.742319
  type: 'test'
  ...
# Subtest: A02-T22 extern aliases select the references a namespace root can see
ok 125 - A02-T22 extern aliases select the references a namespace root can see
  ---
  duration_ms: 3.323313
  type: 'test'
  ...
# Subtest: A02-T22 type forwarders are followed to the assembly that defines the type
ok 126 - A02-T22 type forwarders are followed to the assembly that defines the type
  ---
  duration_ms: 18.461547
  type: 'test'
  ...
# Subtest: A02-T22 a type forwarder cycle is CS0731 and a forwarded type missing from its destination is CS7069
ok 127 - A02-T22 a type forwarder cycle is CS0731 and a forwarded type missing from its destination is CS7069
  ---
  duration_ms: 8.251426
  type: 'test'
  ...
# (node:1481) [UNDICI-EHPA] Warning: EnvHttpProxyAgent is experimental, expect them to change at any time.
# (Use `node --trace-warnings ...` to show where the warning was created)
# Subtest: C\# language additions on IR, strict IL and direct CIL: cast int
ok 128 - C\# language additions on IR, strict IL and direct CIL: cast int
  ---
  duration_ms: 69.44527
  type: 'test'
  ...
# Subtest: C\# language additions on IR, strict IL and direct CIL: cast double
ok 129 - C\# language additions on IR, strict IL and direct CIL: cast double
  ---
  duration_ms: 10.644266
  type: 'test'
  ...
# Subtest: C\# language additions on IR, strict IL and direct CIL: typed defaults
ok 130 - C\# language additions on IR, strict IL and direct CIL: typed defaults
  ---
  duration_ms: 7.448946
  type: 'test'
  ...
# Subtest: C\# language additions on IR, strict IL and direct CIL: switch grouped
ok 131 - C\# language additions on IR, strict IL and direct CIL: switch grouped
  ---
  duration_ms: 17.564864
  type: 'test'
  ...
# Subtest: C\# language additions on IR, strict IL and direct CIL: string switch
ok 132 - C\# language additions on IR, strict IL and direct CIL: string switch
  ---
  duration_ms: 10.896927
  type: 'test'
  ...
# Subtest: C\# language additions on IR, strict IL and direct CIL: null switch
ok 133 - C\# language additions on IR, strict IL and direct CIL: null switch
  ---
  duration_ms: 5.916735
  type: 'test'
  ...
# Subtest: C\# language additions on IR, strict IL and direct CIL: negative pattern
ok 134 - C\# language additions on IR, strict IL and direct CIL: negative pattern
  ---
  duration_ms: 7.063084
  type: 'test'
  ...
# Subtest: C\# language additions on IR, strict IL and direct CIL: switch expression
ok 135 - C\# language additions on IR, strict IL and direct CIL: switch expression
  ---
  duration_ms: 5.375228
  type: 'test'
  ...
# Subtest: C\# language additions on IR, strict IL and direct CIL: numeric switch expression
ok 136 - C\# language additions on IR, strict IL and direct CIL: numeric switch expression
  ---
  duration_ms: 6.389658
  type: 'test'
  ...
# Subtest: C\# language additions on IR, strict IL and direct CIL: nested switch continue
ok 137 - C\# language additions on IR, strict IL and direct CIL: nested switch continue
  ---
  duration_ms: 7.563438
  type: 'test'
  ...
# Subtest: C\# language additions on IR, strict IL and direct CIL: null coalescing assignment once
ok 138 - C\# language additions on IR, strict IL and direct CIL: null coalescing assignment once
  ---
  duration_ms: 18.750202
  type: 'test'
  ...
# Subtest: C\# language additions on IR, strict IL and direct CIL: null coalescing field
ok 139 - C\# language additions on IR, strict IL and direct CIL: null coalescing field
  ---
  duration_ms: 12.42439
  type: 'test'
  ...
# Subtest: C\# language additions on IR, strict IL and direct CIL: unchecked overflow
ok 140 - C\# language additions on IR, strict IL and direct CIL: unchecked overflow
  ---
  duration_ms: 3.421931
  type: 'test'
  ...
# Subtest: C\# language additions on IR, strict IL and direct CIL: unchecked block
ok 141 - C\# language additions on IR, strict IL and direct CIL: unchecked block
  ---
  duration_ms: 3.69308
  type: 'test'
  ...
# Subtest: C\# diagnostics: duplicate switch
ok 142 - C\# diagnostics: duplicate switch
  ---
  duration_ms: 8.980016
  type: 'test'
  ...
# Subtest: C\# diagnostics: fallthrough
ok 143 - C\# diagnostics: fallthrough
  ---
  duration_ms: 4.244602
  type: 'test'
  ...
# Subtest: C\# diagnostics: nonconstant switch
ok 144 - C\# diagnostics: nonconstant switch
  ---
  duration_ms: 3.311805
  type: 'test'
  ...
# Subtest: C\# diagnostics: invalid cast
ok 145 - C\# diagnostics: invalid cast
  ---
  duration_ms: 3.099395
  type: 'test'
  ...
# Subtest: C\# nonexhaustive switch expression warns and throws for unmatched value
ok 146 - C\# nonexhaustive switch expression warns and throws for unmatched value
  ---
  duration_ms: 4.072943
  type: 'test'
  ...
# Subtest: Generators: build-info source participates in binding and execution
ok 147 - Generators: build-info source participates in binding and execution
  ---
  duration_ms: 3.409353
  type: 'test'
  ...
# Subtest: Generators: source/additional/options snapshots invalidate input cache
ok 148 - Generators: source/additional/options snapshots invalidate input cache
  ---
  duration_ms: 2.423615
  type: 'test'
  ...
# Subtest: Generators: cache reused when compiler-only options change
ok 149 - Generators: cache reused when compiler-only options change
  ---
  duration_ms: 2.000197
  type: 'test'
  ...
# Subtest: Generators: JSON schema classes are usable by source
ok 150 - Generators: JSON schema classes are usable by source
  ---
  duration_ms: 2.098305
  type: 'test'
  ...
# Subtest: Generators: failure rolls back partial output and blocks emission
ok 151 - Generators: failure rolls back partial output and blocks emission
  ---
  duration_ms: 0.837233
  type: 'test'
  ...
# Subtest: Generators: Promise callbacks explicitly refused
ok 152 - Generators: Promise callbacks explicitly refused
  ---
  duration_ms: 0.821009
  type: 'test'
  ...
# Subtest: Generators: duplicate paths and traversal rejected
ok 153 - Generators: duplicate paths and traversal rejected
  ---
  duration_ms: 2.244215
  type: 'test'
  ...
# Subtest: Generators: generated-document API cannot be edited as user source
ok 154 - Generators: generated-document API cannot be edited as user source
  ---
  duration_ms: 1.732323
  type: 'test'
  ...
# Subtest: Generators: output budgets reject oversized generators
ok 155 - Generators: output budgets reject oversized generators
  ---
  duration_ms: 0.811143
  type: 'test'
  ...
# Subtest: Analyzers: unreferenced locals and empty catches use actual source spans
ok 156 - Analyzers: unreferenced locals and empty catches use actual source spans
  ---
  duration_ms: 2.790479
  type: 'test'
  ...
# Subtest: Analyzers: severity overrides can suppress or block compilation
ok 157 - Analyzers: severity overrides can suppress or block compilation
  ---
  duration_ms: 1.2465
  type: 'test'
  ...
# Subtest: Extensions: cancellation precedes callback execution
ok 158 - Extensions: cancellation precedes callback execution
  ---
  duration_ms: 0.335156
  type: 'test'
  ...
# Subtest: Refactoring: bound var to explicit type applies transactionally
ok 159 - Refactoring: bound var to explicit type applies transactionally
  ---
  duration_ms: 3.333558
  type: 'test'
  ...
# Subtest: Refactoring: stale, overlapping and malformed multi-file edits never partially apply
ok 160 - Refactoring: stale, overlapping and malformed multi-file edits never partially apply
  ---
  duration_ms: 1.222123
  type: 'test'
  ...
# Subtest: Refactoring: successful project rejects a rewrite that introduces compile errors
ok 161 - Refactoring: successful project rejects a rewrite that introduces compile errors
  ---
  duration_ms: 2.940045
  type: 'test'
  ...
# Subtest: Refactoring: rename updates bound references, not strings or comments
ok 162 - Refactoring: rename updates bound references, not strings or comments
  ---
  duration_ms: 2.219938
  type: 'test'
  ...
# Subtest: Formatting: indentation preserves literal and comment text
ok 163 - Formatting: indentation preserves literal and comment text
  ---
  duration_ms: 2.502515
  type: 'test'
  ...
# Subtest: Folding and selection ranges are nested and ignore braces inside literals
ok 164 - Folding and selection ranges are nested and ignore braces inside literals
  ---
  duration_ms: 0.86189
  type: 'test'
  ...
# Subtest: LSP: new capabilities correspond to actual handlers
ok 165 - LSP: new capabilities correspond to actual handlers
  ---
  duration_ms: 1.855419
  type: 'test'
  ...
# Subtest: LSP: code actions carry versions and type hints use inferred types
ok 166 - LSP: code actions carry versions and type hints use inferred types
  ---
  duration_ms: 1.325279
  type: 'test'
  ...
# Subtest: LSP: versioned rename WorkspaceEdit when client supports documentChanges
ok 167 - LSP: versioned rename WorkspaceEdit when client supports documentChanges
  ---
  duration_ms: 1.105508
  type: 'test'
  ...
# (node:1489) [UNDICI-EHPA] Warning: EnvHttpProxyAgent is experimental, expect them to change at any time.
# (Use `node --trace-warnings ...` to show where the warning was created)
# Subtest: workspace: unchanged compilation returns cached identity
ok 168 - workspace: unchanged compilation returns cached identity
  ---
  duration_ms: 44.746375
  type: 'test'
  ...
# Subtest: workspace: edit retains other document tree and reparses only changed file
ok 169 - workspace: edit retains other document tree and reparses only changed file
  ---
  duration_ms: 7.468816
  type: 'test'
  ...
# Subtest: workspace: rejects stale changes
ok 170 - workspace: rejects stale changes
  ---
  duration_ms: 0.189306
  type: 'test'
  ...
# Subtest: workspace: incremental UTF-16 document changes
ok 171 - workspace: incremental UTF-16 document changes
  ---
  duration_ms: 3.206887
  type: 'test'
  ...
# Subtest: workspace: pre-cancelled request aborts
ok 172 - workspace: pre-cancelled request aborts
  ---
  duration_ms: 1.289355
  type: 'test'
  ...
# Subtest: workspace: limits and atomic project imports
ok 173 - workspace: limits and atomic project imports
  ---
  duration_ms: 0.332041
  type: 'test'
  ...
# Subtest: workspace: export/import roundtrip
ok 174 - workspace: export/import roundtrip
  ---
  duration_ms: 1.573774
  type: 'test'
  ...
# Subtest: language: member completion on unfinished file
ok 175 - language: member completion on unfinished file
  ---
  duration_ms: 28.249422
  type: 'test'
  ...
# Subtest: language: local type-aware array completion
ok 176 - language: local type-aware array completion
  ---
  duration_ms: 21.847794
  type: 'test'
  ...
# Subtest: language: definitions, bound references, hover and rename
ok 177 - language: definitions, bound references, hover and rename
  ---
  duration_ms: 3.441682
  type: 'test'
  ...
# Subtest: language: rename collision rejected
ok 178 - language: rename collision rejected
  ---
  duration_ms: 2.017803
  type: 'test'
  ...
# Subtest: language: no unbound text replacements during rename
ok 179 - language: no unbound text replacements during rename
  ---
  duration_ms: 2.017854
  type: 'test'
  ...
# Subtest: language: cross-file method definition
ok 180 - language: cross-file method definition
  ---
  duration_ms: 2.672882
  type: 'test'
  ...
# Subtest: language: document symbols and semantic tokens
ok 181 - language: document symbols and semantic tokens
  ---
  duration_ms: 1.79036
  type: 'test'
  ...
# (node:1497) [UNDICI-EHPA] Warning: EnvHttpProxyAgent is experimental, expect them to change at any time.
# (Use `node --trace-warnings ...` to show where the warning was created)
# Subtest: MSBuild contract supports build
ok 182 - MSBuild contract supports build
  ---
  duration_ms: 1.67747
  type: 'test'
  ...
# Subtest: MSBuild contract supports rebuild
ok 183 - MSBuild contract supports rebuild
  ---
  duration_ms: 0.22553
  type: 'test'
  ...
# Subtest: MSBuild contract supports clean
ok 184 - MSBuild contract supports clean
  ---
  duration_ms: 0.126191
  type: 'test'
  ...
# Subtest: MSBuild contract supports restore
ok 185 - MSBuild contract supports restore
  ---
  duration_ms: 0.229957
  type: 'test'
  ...
# Subtest: MSBuild contract supports pack
ok 186 - MSBuild contract supports pack
  ---
  duration_ms: 0.182335
  type: 'test'
  ...
# Subtest: MSBuild contract supports publish
ok 187 - MSBuild contract supports publish
  ---
  duration_ms: 0.100932
  type: 'test'
  ...
# Subtest: MSBuild contract supports test
ok 188 - MSBuild contract supports test
  ---
  duration_ms: 0.135133
  type: 'test'
  ...
# Subtest: MSBuild contract supports target
ok 189 - MSBuild contract supports target
  ---
  duration_ms: 0.084288
  type: 'test'
  ...
# Subtest: MSBuild contract supports evaluate
ok 190 - MSBuild contract supports evaluate
  ---
  duration_ms: 0.322466
  type: 'test'
  ...
# Subtest: MSBuild contract supports preprocess
ok 191 - MSBuild contract supports preprocess
  ---
  duration_ms: 0.354315
  type: 'test'
  ...
# Subtest: MSBuild contract supports targets
ok 192 - MSBuild contract supports targets
  ---
  duration_ms: 0.140021
  type: 'test'
  ...
# Subtest: MSBuild rejects invalid workspace path "../outside.csproj"
ok 193 - MSBuild rejects invalid workspace path "../outside.csproj"
  ---
  duration_ms: 0.218489
  type: 'test'
  ...
# Subtest: MSBuild rejects invalid workspace path "/tmp/X.csproj"
ok 194 - MSBuild rejects invalid workspace path "/tmp/X.csproj"
  ---
  duration_ms: 0.062074
  type: 'test'
  ...
# Subtest: MSBuild rejects invalid workspace path "C:\\\\X.csproj"
ok 195 - MSBuild rejects invalid workspace path "C:\\\\X.csproj"
  ---
  duration_ms: 0.114914
  type: 'test'
  ...
# Subtest: MSBuild rejects invalid workspace path "a/../X.csproj"
ok 196 - MSBuild rejects invalid workspace path "a/../X.csproj"
  ---
  duration_ms: 0.058388
  type: 'test'
  ...
# Subtest: MSBuild rejects invalid workspace path "a//X.csproj"
ok 197 - MSBuild rejects invalid workspace path "a//X.csproj"
  ---
  duration_ms: 0.042875
  type: 'test'
  ...
# Subtest: MSBuild rejects invalid workspace path "a/./X.csproj"
ok 198 - MSBuild rejects invalid workspace path "a/./X.csproj"
  ---
  duration_ms: 0.037717
  type: 'test'
  ...
# Subtest: MSBuild rejects invalid workspace path "-something.csproj"
ok 199 - MSBuild rejects invalid workspace path "-something.csproj"
  ---
  duration_ms: 0.036845
  type: 'test'
  ...
# Subtest: MSBuild rejects invalid workspace path "https://x.csproj"
ok 200 - MSBuild rejects invalid workspace path "https://x.csproj"
  ---
  duration_ms: 0.122214
  type: 'test'
  ...
# Subtest: MSBuild rejects invalid workspace path "a\\u0000.csproj"
ok 201 - MSBuild rejects invalid workspace path "a\\u0000.csproj"
  ---
  duration_ms: 0.053521
  type: 'test'
  ...
# Subtest: MSBuild rejects invalid workspace path ""
ok 202 - MSBuild rejects invalid workspace path ""
  ---
  duration_ms: 0.041823
  type: 'test'
  ...
# Subtest: MSBuild request rejects {"action":"exec"}
ok 203 - MSBuild request rejects {"action":"exec"}
  ---
  duration_ms: 0.135885
  type: 'test'
  ...
# Subtest: MSBuild request rejects {"project":"input.cs"}
ok 204 - MSBuild request rejects {"project":"input.cs"}
  ---
  duration_ms: 0.05318
  type: 'test'
  ...
# Subtest: MSBuild request rejects {"properties":[]}
ok 205 - MSBuild request rejects {"properties":[]}
  ---
  duration_ms: 0.049114
  type: 'test'
  ...
# Subtest: MSBuild request rejects {"maxNodes":0}
ok 206 - MSBuild request rejects {"maxNodes":0}
  ---
  duration_ms: 0.074983
  type: 'test'
  ...
# Subtest: MSBuild request rejects {"maxNodes":65}
ok 207 - MSBuild request rejects {"maxNodes":65}
  ---
  duration_ms: 0.054332
  type: 'test'
  ...
# Subtest: MSBuild request rejects {"maxNodes":1.2}
ok 208 - MSBuild request rejects {"maxNodes":1.2}
  ---
  duration_ms: 0.051297
  type: 'test'
  ...
# Subtest: MSBuild request rejects {"verbosity":"verbose"}
ok 209 - MSBuild request rejects {"verbosity":"verbose"}
  ---
  duration_ms: 0.064277
  type: 'test'
  ...
# Subtest: MSBuild request rejects {"arguments":["not-a-switch"]}
ok 210 - MSBuild request rejects {"arguments":["not-a-switch"]}
  ---
  duration_ms: 0.104928
  type: 'test'
  ...
# Subtest: MSBuild request rejects {"arguments":["-p:X=a\\nb"]}
ok 211 - MSBuild request rejects {"arguments":["-p:X=a\\nb"]}
  ---
  duration_ms: 0.063005
  type: 'test'
  ...
# Subtest: MSBuild request rejects {"targets":["x;Build"]}
ok 212 - MSBuild request rejects {"targets":["x;Build"]}
  ---
  duration_ms: 0.09892
  type: 'test'
  ...
# Subtest: MSBuild request rejects {"propertyNames":["A,B"]}
ok 213 - MSBuild request rejects {"propertyNames":["A,B"]}
  ---
  duration_ms: 0.065459
  type: 'test'
  ...
# Subtest: MSBuild request rejects {"itemNames":["*"]}
ok 214 - MSBuild request rejects {"itemNames":["*"]}
  ---
  duration_ms: 0.061022
  type: 'test'
  ...
# Subtest: MSBuild request rejects {"trusted":"true"}
ok 215 - MSBuild request rejects {"trusted":"true"}
  ---
  duration_ms: 0.07921
  type: 'test'
  ...
# Subtest: MSBuild request rejects {"restore":1}
ok 216 - MSBuild request rejects {"restore":1}
  ---
  duration_ms: 0.147983
  type: 'test'
  ...
# Subtest: MSBuild request rejects {"action":"target"}
ok 217 - MSBuild request rejects {"action":"target"}
  ---
  duration_ms: 0.071387
  type: 'test'
  ...
# Subtest: MSBuild request rejects {"properties":{"A":"1","a":"2"}}
ok 218 - MSBuild request rejects {"properties":{"A":"1","a":"2"}}
  ---
  duration_ms: 0.146091
  type: 'test'
  ...
# Subtest: Global property parser preserves equals, spaces, Unicode, no shell interpretation
ok 219 - Global property parser preserves equals, spaces, Unicode, no shell interpretation
  ---
  duration_ms: 1.309886
  type: 'test'
  ...
# Subtest: Properties escape all MSBuild special characters without shell quoting
ok 220 - Properties escape all MSBuild special characters without shell quoting
  ---
  duration_ms: 0.141593
  type: 'test'
  ...
# Subtest: Node invocation preserves actual engine and project path; build flags global properties
ok 221 - Node invocation preserves actual engine and project path; build flags global properties
  ---
  duration_ms: 0.382567
  type: 'test'
  ...
# Subtest: MSBuild.exe engine omits dotnet subcommand and forwards advanced switches separately
ok 222 - MSBuild.exe engine omits dotnet subcommand and forwards advanced switches separately
  ---
  duration_ms: 0.465572
  type: 'test'
  ...
# Subtest: Evaluation emits JSON queries without targets, restore or graph execution by default
ok 223 - Evaluation emits JSON queries without targets, restore or graph execution by default
  ---
  duration_ms: 0.167332
  type: 'test'
  ...
# Subtest: Native build calls Build
ok 224 - Native build calls Build
  ---
  duration_ms: 0.110616
  type: 'test'
  ...
# Subtest: Native rebuild calls Rebuild
ok 225 - Native rebuild calls Rebuild
  ---
  duration_ms: 0.122314
  type: 'test'
  ...
# Subtest: Native restore calls Restore
ok 226 - Native restore calls Restore
  ---
  duration_ms: 0.063305
  type: 'test'
  ...
# Subtest: Native pack calls Pack
ok 227 - Native pack calls Pack
  ---
  duration_ms: 0.052148
  type: 'test'
  ...
# Subtest: Native publish calls Publish
ok 228 - Native publish calls Publish
  ---
  duration_ms: 0.123937
  type: 'test'
  ...
# Subtest: Native clean calls Clean
ok 229 - Native clean calls Clean
  ---
  duration_ms: 0.080772
  type: 'test'
  ...
# Subtest: Native test calls VSTest
ok 230 - Native test calls VSTest
  ---
  duration_ms: 0.081833
  type: 'test'
  ...
# Subtest: custom targets and requested target results are explicit
ok 231 - custom targets and requested target results are explicit
  ---
  duration_ms: 0.122134
  type: 'test'
  ...
# Subtest: preprocessed and target listing files use the owner-provided job directory
ok 232 - preprocessed and target listing files use the owner-provided job directory
  ---
  duration_ms: 0.162115
  type: 'test'
  ...
# Subtest: Parses diagnostic 1>C:\\Code Dir\\App.cs(12,7): error CS1002: ; expected [C:\\Code Dir\\App.csproj]
ok 233 - Parses diagnostic 1>C:\\Code Dir\\App.cs(12,7): error CS1002: ; expected [C:\\Code Dir\\App.csproj]
  ---
  duration_ms: 0.619675
  type: 'test'
  ...
# Subtest: Parses diagnostic /tmp/A.cs(3,4,3,8): warning CS0168: unused [/tmp/App.csproj]
ok 234 - Parses diagnostic /tmp/A.cs(3,4,3,8): warning CS0168: unused [/tmp/App.csproj]
  ---
  duration_ms: 0.322837
  type: 'test'
  ...
# Subtest: Parses diagnostic MSBUILD : error MSB1001: Unknown switch.
ok 235 - Parses diagnostic MSBUILD : error MSB1001: Unknown switch.
  ---
  duration_ms: 0.069585
  type: 'test'
  ...
# Subtest: Parses diagnostic App.csproj : error NU1101: Package unavailable
ok 236 - Parses diagnostic App.csproj : error NU1101: Package unavailable
  ---
  duration_ms: 0.049665
  type: 'test'
  ...
# Subtest: Parses diagnostic CSC : warning CS2008: No source files specified.
ok 237 - Parses diagnostic CSC : warning CS2008: No source files specified.
  ---
  duration_ms: 0.040702
  type: 'test'
  ...
# Subtest: Non-diagnostic output is never promoted to an error
ok 238 - Non-diagnostic output is never promoted to an error
  ---
  duration_ms: 0.177408
  type: 'test'
  ...
# Subtest: MSBuild JSON parsing tolerates startup banner but rejects malformed/trailing logs
ok 239 - MSBuild JSON parsing tolerates startup banner but rejects malformed/trailing logs
  ---
  duration_ms: 0.378782
  type: 'test'
  ...
# Subtest: Browser client uses same-origin bearer requests; token is not persisted in request URL
ok 240 - Browser client uses same-origin bearer requests; token is not persisted in request URL
  ---
  duration_ms: 0.441376
  type: 'test'
  ...
# Subtest: Browser client strips only the fragment token and retains unrelated hash data
ok 241 - Browser client strips only the fragment token and retains unrelated hash data
  ---
  duration_ms: 0.241995
  type: 'test'
  ...
# Subtest: Browser client propagates disk conflicts and rejects foreign endpoint origins
ok 242 - Browser client propagates disk conflicts and rejects foreign endpoint origins
  ---
  duration_ms: 0.478331
  type: 'test'
  ...
# (node:1505) [UNDICI-EHPA] Warning: EnvHttpProxyAgent is experimental, expect them to change at any time.
# (Use `node --trace-warnings ...` to show where the warning was created)
# Subtest: MSBuild example XML syntax: IncrementalPipeline/Build.proj
ok 243 - MSBuild example XML syntax: IncrementalPipeline/Build.proj
  ---
  duration_ms: 6.029294
  type: 'test'
  ...
# Subtest: MSBuild example XML syntax: IncrementalPipeline/Inline.targets
ok 244 - MSBuild example XML syntax: IncrementalPipeline/Inline.targets
  ---
  duration_ms: 3.331936
  type: 'test'
  ...
# Subtest: MSBuild example XML syntax: IncrementalPipeline/Pipeline.props
ok 245 - MSBuild example XML syntax: IncrementalPipeline/Pipeline.props
  ---
  duration_ms: 1.528426
  type: 'test'
  ...
# Subtest: MSBuild example XML syntax: LocalPackages/Consumer/Consumer.csproj
ok 246 - MSBuild example XML syntax: LocalPackages/Consumer/Consumer.csproj
  ---
  duration_ms: 1.149554
  type: 'test'
  ...
# Subtest: MSBuild example XML syntax: LocalPackages/Directory.Packages.props
ok 247 - MSBuild example XML syntax: LocalPackages/Directory.Packages.props
  ---
  duration_ms: 0.893658
  type: 'test'
  ...
# Subtest: MSBuild example XML syntax: LocalPackages/NuGet.config
ok 248 - MSBuild example XML syntax: LocalPackages/NuGet.config
  ---
  duration_ms: 0.877273
  type: 'test'
  ...
# Subtest: MSBuild example XML syntax: LocalPackages/Producer/Producer.csproj
ok 249 - MSBuild example XML syntax: LocalPackages/Producer/Producer.csproj
  ---
  duration_ms: 0.886256
  type: 'test'
  ...
# Subtest: MSBuild example XML syntax: MultiTarget/MultiTarget.csproj
ok 250 - MSBuild example XML syntax: MultiTarget/MultiTarget.csproj
  ---
  duration_ms: 1.247011
  type: 'test'
  ...
# Subtest: MSBuild example XML syntax: SdkWorkspace/App/App.csproj
ok 251 - MSBuild example XML syntax: SdkWorkspace/App/App.csproj
  ---
  duration_ms: 1.262965
  type: 'test'
  ...
# Subtest: MSBuild example XML syntax: SdkWorkspace/Directory.Build.props
ok 252 - MSBuild example XML syntax: SdkWorkspace/Directory.Build.props
  ---
  duration_ms: 1.224237
  type: 'test'
  ...
# Subtest: MSBuild example XML syntax: SdkWorkspace/Directory.Build.targets
ok 253 - MSBuild example XML syntax: SdkWorkspace/Directory.Build.targets
  ---
  duration_ms: 1.40559
  type: 'test'
  ...
# Subtest: MSBuild example XML syntax: SdkWorkspace/Library/Library.csproj
ok 254 - MSBuild example XML syntax: SdkWorkspace/Library/Library.csproj
  ---
  duration_ms: 0.863703
  type: 'test'
  ...
# Subtest: MSBuild example XML syntax: SdkWorkspace/NuGet.config
ok 255 - MSBuild example XML syntax: SdkWorkspace/NuGet.config
  ---
  duration_ms: 0.916282
  type: 'test'
  ...
# Subtest: MSBuild example XML syntax: SdkWorkspace/Workspace.slnx
ok 256 - MSBuild example XML syntax: SdkWorkspace/Workspace.slnx
  ---
  duration_ms: 0.958135
  type: 'test'
  ...
# Subtest: MSBuild example XML syntax: SdkWorkspace/shared/Version.props
ok 257 - MSBuild example XML syntax: SdkWorkspace/shared/Version.props
  ---
  duration_ms: 0.979788
  type: 'test'
  ...
# Subtest: native example manifest entries all exist
ok 258 - native example manifest entries all exist
  ---
  duration_ms: 1.923271
  type: 'test'
  ...
# Subtest: SDK solution references real projects and retains native build dependency
ok 259 - SDK solution references real projects and retains native build dependency
  ---
  duration_ms: 3.078864
  type: 'test'
  ...
# (node:1517) [UNDICI-EHPA] Warning: EnvHttpProxyAgent is experimental, expect them to change at any time.
# (Use `node --trace-warnings ...` to show where the warning was created)
# Subtest: Workspace scan lists build/source files, not outputs or ignored folders
ok 260 - Workspace scan lists build/source files, not outputs or ignored folders
  ---
  duration_ms: 33.323058
  type: 'test'
  ...
# Subtest: Native read returns content and SHA-256; existing saves use actual disk data
ok 261 - Native read returns content and SHA-256; existing saves use actual disk data
  ---
  duration_ms: 7.264829
  type: 'test'
  ...
# Subtest: Preflight checks all files before write on a multi-file conflict
ok 262 - Preflight checks all files before write on a multi-file conflict
  ---
  duration_ms: 8.188562
  type: 'test'
  ...
# Subtest: Missing hash, duplicate paths, invalid XML and invalid file types fail without writes
ok 263 - Missing hash, duplicate paths, invalid XML and invalid file types fail without writes
  ---
  duration_ms: 4.488159
  type: 'test'
  ...
# Subtest: Create project files is exclusive and does not overwrite existing files
ok 264 - Create project files is exclusive and does not overwrite existing files
  ---
  duration_ms: 5.513787
  type: 'test'
  ...
# Subtest: Workspace APIs reject traversal and reserved paths
ok 265 - Workspace APIs reject traversal and reserved paths
  ---
  duration_ms: 2.284536
  type: 'test'
  ...
# Subtest: Symlink files and ancestor folders are never followed by API reads/saves
ok 266 - Symlink files and ancestor folders are never followed by API reads/saves
  ---
  duration_ms: 7.76973
  type: 'test'
  ...
# Subtest: Native operations require host and request trust, including evaluation
ok 267 - Native operations require host and request trust, including evaluation
  ---
  duration_ms: 3.13596
  type: 'test'
  ...
# Subtest: Real child-process transport collects UTF-8 logs, diagnostics and artifacts (simulated engine)
ok 268 - Real child-process transport collects UTF-8 logs, diagnostics and artifacts (simulated engine)
  ---
  duration_ms: 49.59912
  type: 'test'
  ...
# Subtest: Evaluation result and inspection files are exposed with actual invocation (simulator)
ok 269 - Evaluation result and inspection files are exposed with actual invocation (simulator)
  ---
  duration_ms: 120.664348
  type: 'test'
  ...
# Subtest: Nonzero exit is failure even when output is otherwise valid
ok 270 - Nonzero exit is failure even when output is otherwise valid
  ---
  duration_ms: 33.327581
  type: 'test'
  ...
# Subtest: Missing native executable is explicit; never substitutes the browser compiler
ok 271 - Missing native executable is explicit; never substitutes the browser compiler
  ---
  duration_ms: 7.844822
  type: 'test'
  ...
# Subtest: Cancellation terminates an actual long-running child while a queued operation completes
ok 272 - Cancellation terminates an actual long-running child while a queued operation completes
  ---
  duration_ms: 126.693684
  type: 'test'
  ...
# Subtest: Output limits cancel noisy child instead of unbounded capture
ok 273 - Output limits cancel noisy child instead of unbounded capture
  ---
  duration_ms: 31.075403
  type: 'test'
  ...
# Subtest: Timeout cancels jobs and host shutdown prevents future launches
ok 274 - Timeout cancels jobs and host shutdown prevents future launches
  ---
  duration_ms: 109.413703
  type: 'test'
  ...
# Subtest: Completed job retention is bounded and cursors do not repeat logs
ok 275 - Completed job retention is bounded and cursors do not repeat logs
  ---
  duration_ms: 88.707786
  type: 'test'
  ...
# Subtest: Loopback HTTP host authenticates APIs, enforces same-origin and does not leak token
ok 276 - Loopback HTTP host authenticates APIs, enforces same-origin and does not leak token
  ---
  duration_ms: 75.932
  type: 'test'
  ...
# Subtest: HTTP job start/poll/artifact and JSON file writes use real API routes (simulated engine)
ok 277 - HTTP job start/poll/artifact and JSON file writes use real API routes (simulated engine)
  ---
  duration_ms: 70.358128
  type: 'test'
  ...
# Subtest: HTTP rejects non-JSON mutations, untrusted operations, invalid cursors and saves during a build
ok 278 - HTTP rejects non-JSON mutations, untrusted operations, invalid cursors and saves during a build
  ---
  duration_ms: 10.411966
  type: 'test'
  ...
# Subtest: Native saves preserve utf-8-bom bytes and SHA-256
ok 279 - Native saves preserve utf-8-bom bytes and SHA-256
  ---
  duration_ms: 4.509442
  type: 'test'
  ...
# Subtest: Native saves preserve utf-16le bytes and SHA-256
ok 280 - Native saves preserve utf-16le bytes and SHA-256
  ---
  duration_ms: 6.103386
  type: 'test'
  ...
# Subtest: Native saves preserve utf-16be bytes and SHA-256
ok 281 - Native saves preserve utf-16be bytes and SHA-256
  ---
  duration_ms: 3.12979
  type: 'test'
  ...
# Subtest: Native MSBuild response files must be workspace files before process creation
ok 282 - Native MSBuild response files must be workspace files before process creation
  ---
  duration_ms: 41.19666
  type: 'test'
  ...
# Subtest: Terminal status is not visible before output discovery completes
ok 283 - Terminal status is not visible before output discovery completes
  ---
  duration_ms: 44.731742
  type: 'test'
  ...
# Subtest: Native diagnostic resolves project basename diagnostic
ok 284 - Native diagnostic resolves project basename diagnostic
  ---
  duration_ms: 1.931513
  type: 'test'
  ...
# Subtest: Native diagnostic resolves project-relative compiler filename
ok 285 - Native diagnostic resolves project-relative compiler filename
  ---
  duration_ms: 1.429256
  type: 'test'
  ...
# Subtest: Native diagnostic resolves project-relative generated file
ok 286 - Native diagnostic resolves project-relative generated file
  ---
  duration_ms: 1.714526
  type: 'test'
  ...
# Subtest: Native diagnostic resolves workspace-prefixed filename
ok 287 - Native diagnostic resolves workspace-prefixed filename
  ---
  duration_ms: 1.334633
  type: 'test'
  ...
# Subtest: Native diagnostic resolves linked source in sibling directory
ok 288 - Native diagnostic resolves linked source in sibling directory
  ---
  duration_ms: 2.102371
  type: 'test'
  ...
# Subtest: Native diagnostic resolves target-framework project suffix
ok 289 - Native diagnostic resolves target-framework project suffix
  ---
  duration_ms: 1.216124
  type: 'test'
  ...
# Subtest: Native diagnostic resolves external linked source remains not navigable
ok 290 - Native diagnostic resolves external linked source remains not navigable
  ---
  duration_ms: 1.288734
  type: 'test'
  ...
# (node:1671) [UNDICI-EHPA] Warning: EnvHttpProxyAgent is experimental, expect them to change at any time.
# (Use `node --trace-warnings ...` to show where the warning was created)
# Subtest: SLNX structure retains folders, configuration and project build/deploy rules
ok 291 - SLNX structure retains folders, configuration and project build/deploy rules
  ---
  duration_ms: 2.496365
  type: 'test'
  ...
# Subtest: SLNX inspector rejects missing paths and invalid XML instead of guessing
ok 292 - SLNX inspector rejects missing paths and invalid XML instead of guessing
  ---
  duration_ms: 0.369207
  type: 'test'
  ...
# Subtest: SLNX creation uses relative paths at Workspace.slnx
ok 293 - SLNX creation uses relative paths at Workspace.slnx
  ---
  duration_ms: 1.337657
  type: 'test'
  ...
# Subtest: SLNX creation uses relative paths at solutions/Workspace.slnx
ok 294 - SLNX creation uses relative paths at solutions/Workspace.slnx
  ---
  duration_ms: 0.244459
  type: 'test'
  ...
# Subtest: SLNX creation uses relative paths at App/Workspace.slnx
ok 295 - SLNX creation uses relative paths at App/Workspace.slnx
  ---
  duration_ms: 0.294034
  type: 'test'
  ...
# (node:1679) [UNDICI-EHPA] Warning: EnvHttpProxyAgent is experimental, expect them to change at any time.
# (Use `node --trace-warnings ...` to show where the warning was created)
# Subtest: Native UI reconciles earlier writes after a multi-file save failure
ok 296 - Native UI reconciles earlier writes after a multi-file save failure
  ---
  duration_ms: 2.253219
  type: 'test'
  ...
# Subtest: Native UI preserves changes typed while a save is in flight
ok 297 - Native UI preserves changes typed while a save is in flight
  ---
  duration_ms: 0.536249
  type: 'test'
  ...
# Subtest: Native UI passes target result requests without shell parsing
ok 298 - Native UI passes target result requests without shell parsing
  ---
  duration_ms: 0.370789
  type: 'test'
  ...
1..298
# tests 298
# suites 0
# pass 296
# fail 2
# cancelled 0
# skipped 0
# todo 0
# duration_ms 98474.204104
