✔ B02 rename compares entity-decoded paths: a&amp;b (3.006564ms)
✔ B02 rename compares entity-decoded paths: a&#38;b (0.516268ms)
✔ B02 rename compares entity-decoded paths: a&#x26;b (0.359252ms)
✔ B02 path rewrite preserves single quote attributes and escapes apostrophes (0.392452ms)
✔ B02 path rewrite leaves expressions and package identities unchanged and rejects malformed entities (0.568457ms)
✔ project relocation rewrites references against the new document directory (0.233692ms)
✔ historical versions retain explicit lazy membership and overlay newer editor text without fabricating bytes (22.388636ms)
✔ lazy metadata is bounded and malformed, aliased or cancelled records never become empty source (119.858046ms)
✔ OPFS quota fallback preserves lazy membership and enumerates only omitted loaded binary contents (8.39442ms)
✔ durable write-ahead receipt exists before the first disk effect and records later partial completion (21.007452ms)
✔ receipt snapshots are written once and unloaded metadata remains explicit across progress updates (6.071176ms)
✔ receipt corruption, limits and cancellation are explicit and never admit a disk effect (5.222546ms)
✔ every historical recovery version migrates bytes, document versions and Unicode spelling without authority (12.473662ms)
✔ corrupt checkpoints are quarantined while newer schemas are preserved intact (1.972806ms)
✔ OPFS checkpoint commit failure retains the last committed generation (3.252355ms)
✔ OPFS load falls back to the prior checksum-verified generation after corruption (2.52581ms)
✔ quota exhaustion explicitly lists omitted binaries and preserves text recovery (4.534709ms)
✔ A24 Workspace materializes SourceText and syntax only for opened or selected compilation inputs (56.418994ms)
✔ B01 import advances every URI watermark and rejects edits prepared before import (1.520543ms)
✔ B01 removal and a later import retain the URI version watermark (0.312391ms)
✔ B01 malformed duplicate or oversized imports preserve all current buffers and revisions (0.977665ms)
✔ workspace document admission uses a byte budget and retains explicit count limits (1.032617ms)
✔ workspace grammar uses configured language version and invalidates one-shot overrides (92.256618ms)
✔ workspace per-file versions reparse only the document whose grammar changed (8.37418ms)
✔ workspace symbols select actual branches and canonical equivalent grammar reuses trees (14.30252ms)
✔ generated documents honor symbols and per-file grammar without rerunning unchanged generators (21.9669ms)
✔ invalid compiler settings remain diagnostics and cancellation leaves syntax caches untouched (3.327419ms)
✔ explicit syntax grammar changes invalidate a compilation cached under another grammar (4.665827ms)
✔ empty-folder save/reopen preserves utf-8 bytes, all assets, settings and empty directories (19.536023ms)
✔ empty-folder save/reopen preserves utf-16le bytes, all assets, settings and empty directories (2.364025ms)
✔ empty-folder save/reopen preserves utf-16be bytes, all assets, settings and empty directories (2.377165ms)
✔ empty-folder writer rejects preexisting contents without opening a write stream (0.554506ms)
✔ empty-folder writer resolves denied permission before any mutation (0.209466ms)
✔ empty-folder writer reports completed writes on mid-operation failure, never claims atomicity (0.647226ms)
✔ aborted empty-folder save creates no files (0.254975ms)
✔ empty-folder writer validates complete path plan before mutation A.txt / a.txt (0.300793ms)
✔ empty-folder writer validates complete path plan before mutation A/one.txt / a/two.txt (0.266071ms)
✔ empty-folder writer validates complete path plan before mutation é.txt / é.txt (0.290698ms)
✔ empty-folder writer validates complete path plan before mutation a / a/b (0.155735ms)
✔ directory loader preserves explicitly recorded files but excludes administrative code and stores warning paths (0.501126ms)
✔ folder manifests reject ambiguity and preserve the original records on failure (0.178479ms)
✔ FileList repository prefix is normalized only by a validated workspace manifest (0.959146ms)
✔ disk source save preserves utf-16le and detects external edits before any writing (0.647958ms)
✔ disk source save preserves utf-16be and detects external edits before any writing (0.238971ms)
✔ disk source save rechecks after permissions and never overwrites a prompt-time change (0.361104ms)
✔ native disk creation rejects case-shadow files and parents before applying any batch entry (14.240086ms)
✔ native new destination parents use portable case identity within the same batch (1.161131ms)
✔ CLI ZIP/extraction preserve an existing manifest, binaries and empty folders (1529.823846ms)
✔ CLI writePlan validates duplicate/case/traversing destinations before creating output directory (6.035573ms)
ℹ tests 49
ℹ suites 0
ℹ pass 49
ℹ fail 0
ℹ cancelled 0
ℹ skipped 0
ℹ todo 0
ℹ duration_ms 5339.966853
