2026-10-04T14:50:30.5300331Z Current runner version: '2.337.0'
2026-10-04T14:50:30.5327137Z ##[group]Runner Image Provisioner
2026-10-04T14:50:30.5328056Z Hosted Compute Agent
2026-10-04T14:50:30.5328643Z Version: 20260901.588
2026-10-04T14:50:30.5329353Z Commit: f88ec8081b781fac6c440065ac7ff9e710ce3d0b
2026-10-04T14:50:30.5330098Z Build Date: 2026-09-01T19:56:44Z
2026-10-04T14:50:30.5330773Z Worker ID: {ab1fb078-b7e7-420a-8ba1-37a6dcfaa8ac}
2026-10-04T14:50:30.5331537Z Azure Region: eastus2
2026-10-04T14:50:30.5332107Z ##[endgroup]
2026-10-04T14:50:30.5334664Z ##[group]Operating System
2026-10-04T14:50:30.5335464Z Ubuntu
2026-10-04T14:50:30.5335978Z 24.04.5
2026-10-04T14:50:30.5336540Z LTS
2026-10-04T14:50:30.5337085Z ##[endgroup]
2026-10-04T14:50:30.5337620Z ##[group]Runner Image
2026-10-04T14:50:30.5338285Z Image: ubuntu-24.04
2026-10-04T14:50:30.5338848Z Version: 20260927.320.1
2026-10-04T14:50:30.5340131Z Included Software: https://github.com/actions/runner-images/blob/ubuntu24/20260927.320/images/ubuntu/Ubuntu2404-Readme.md
2026-10-04T14:50:30.5341709Z Image Release: https://github.com/actions/runner-images/releases/tag/ubuntu24%2F20260927.320
2026-10-04T14:50:30.5342755Z ##[endgroup]
2026-10-04T14:50:30.5344060Z ##[group]GITHUB_TOKEN Permissions
2026-10-04T14:50:30.5346285Z Contents: read
2026-10-04T14:50:30.5346924Z Metadata: read
2026-10-04T14:50:30.5347555Z ##[endgroup]
2026-10-04T14:50:30.5349650Z Secret source: Actions
2026-10-04T14:50:30.5350639Z Cache mode: write
2026-10-04T14:50:30.5351607Z Prepare workflow directory
2026-10-04T14:50:30.5744894Z Prepare all required actions
2026-10-04T14:50:30.5792671Z Getting action download info
2026-10-04T14:50:30.8342085Z Download action repository 'actions/checkout@3d3c42e5aac5ba805825da76410c181273ba90b1' (SHA:3d3c42e5aac5ba805825da76410c181273ba90b1)
2026-10-04T14:50:30.9460353Z Download action repository 'actions/setup-node@49933ea5288caeca8642d1e84afbd3f7d6820020' (SHA:49933ea5288caeca8642d1e84afbd3f7d6820020)
2026-10-04T14:50:31.0468880Z Download action repository 'actions/setup-python@5fda3b95a4ea91299a34e894583c3862153e4b97' (SHA:5fda3b95a4ea91299a34e894583c3862153e4b97)
2026-10-04T14:50:31.2145170Z Complete job name: ci-ok
2026-10-04T14:50:31.2910240Z ##[group]Run actions/checkout@3d3c42e5aac5ba805825da76410c181273ba90b1
2026-10-04T14:50:31.2911340Z with:
2026-10-04T14:50:31.2911803Z   repository: wieslawsoltes/SharpForge
2026-10-04T14:50:31.2916089Z   token: ***
2026-10-04T14:50:31.2916534Z   ssh-strict: true
2026-10-04T14:50:31.2916978Z   ssh-user: git
2026-10-04T14:50:31.2917423Z   persist-credentials: true
2026-10-04T14:50:31.2917909Z   clean: true
2026-10-04T14:50:31.2918343Z   sparse-checkout-cone-mode: true
2026-10-04T14:50:31.2918862Z   fetch-depth: 1
2026-10-04T14:50:31.2919283Z   fetch-tags: false
2026-10-04T14:50:31.2919722Z   show-progress: true
2026-10-04T14:50:31.2920153Z   lfs: false
2026-10-04T14:50:31.2920557Z   submodules: false
2026-10-04T14:50:31.2920996Z   set-safe-directory: true
2026-10-04T14:50:31.2921492Z   allow-unsafe-pr-checkout: false
2026-10-04T14:50:31.2922289Z env:
2026-10-04T14:50:31.2922740Z   SHARPFORGE_RESULTS_DIR: artifacts/results
2026-10-04T14:50:31.2923700Z   SHARPFORGE_STANDALONE_PATH: artifacts/SharpForge-standalone.html
2026-10-04T14:50:31.2924393Z   PYTHON: python
2026-10-04T14:50:31.2924817Z ##[endgroup]
2026-10-04T14:50:31.3918108Z Syncing repository: wieslawsoltes/SharpForge
2026-10-04T14:50:31.3919941Z ##[group]Getting Git version info
2026-10-04T14:50:31.3920879Z Working directory is '/home/runner/work/SharpForge/SharpForge'
2026-10-04T14:50:31.3921937Z [command]/usr/bin/git version
2026-10-04T14:50:31.3998846Z git version 2.55.0
2026-10-04T14:50:31.4019485Z ##[endgroup]
2026-10-04T14:50:31.4029024Z Temporarily overriding HOME='/home/runner/work/_temp/de8db300-84dd-4cd4-8e8c-d15f38789cc4' before making global git config changes
2026-10-04T14:50:31.4031136Z Adding repository directory to the temporary git global config as a safe directory
2026-10-04T14:50:31.4033931Z [command]/usr/bin/git config --global --add safe.directory /home/runner/work/SharpForge/SharpForge
2026-10-04T14:50:31.4082772Z Deleting the contents of '/home/runner/work/SharpForge/SharpForge'
2026-10-04T14:50:31.4086127Z ##[group]Determining repository object format
2026-10-04T14:50:31.4087748Z ##[endgroup]
2026-10-04T14:50:31.4088672Z ##[group]Initializing the repository
2026-10-04T14:50:31.4091892Z [command]/usr/bin/git init /home/runner/work/SharpForge/SharpForge
2026-10-04T14:50:31.4198029Z hint: Using 'master' as the name for the initial branch. This default branch name
2026-10-04T14:50:31.4199504Z hint: will change to "main" in Git 3.0. To configure the initial branch name
2026-10-04T14:50:31.4200939Z hint: to use in all of your new repositories, which will suppress this warning,
2026-10-04T14:50:31.4202033Z hint: call:
2026-10-04T14:50:31.4203219Z hint:
2026-10-04T14:50:31.4204291Z hint: 	git config --global init.defaultBranch <name>
2026-10-04T14:50:31.4205246Z hint:
2026-10-04T14:50:31.4206350Z hint: Names commonly chosen instead of 'master' are 'main', 'trunk' and
2026-10-04T14:50:31.4207735Z hint: 'development'. The just-created branch can be renamed via this command:
2026-10-04T14:50:31.4208803Z hint:
2026-10-04T14:50:31.4209666Z hint: 	git branch -m <name>
2026-10-04T14:50:31.4210526Z hint:
2026-10-04T14:50:31.4211669Z hint: Disable this message with "git config set advice.defaultBranchName false"
2026-10-04T14:50:31.4213685Z Initialized empty Git repository in /home/runner/work/SharpForge/SharpForge/.git/
2026-10-04T14:50:31.4215579Z [command]/usr/bin/git remote add origin https://github.com/wieslawsoltes/SharpForge
2026-10-04T14:50:31.4261296Z ##[endgroup]
2026-10-04T14:50:31.4262103Z ##[group]Disabling automatic garbage collection
2026-10-04T14:50:31.4264644Z [command]/usr/bin/git config --local gc.auto 0
2026-10-04T14:50:31.4293774Z ##[endgroup]
2026-10-04T14:50:31.4294938Z ##[group]Setting up auth
2026-10-04T14:50:31.4295523Z Removing SSH command configuration
2026-10-04T14:50:31.4299461Z [command]/usr/bin/git config --local --name-only --get-regexp core\.sshCommand
2026-10-04T14:50:31.4328822Z [command]/usr/bin/git submodule foreach --recursive sh -c "git config --local --name-only --get-regexp 'core\.sshCommand' && git config --local --unset-all 'core.sshCommand' || :"
2026-10-04T14:50:31.4694300Z Removing HTTP extra header
2026-10-04T14:50:31.4700278Z [command]/usr/bin/git config --local --name-only --get-regexp http\.https\:\/\/github\.com\/\.extraheader
2026-10-04T14:50:31.4728867Z [command]/usr/bin/git submodule foreach --recursive sh -c "git config --local --name-only --get-regexp 'http\.https\:\/\/github\.com\/\.extraheader' && git config --local --unset-all 'http.https://github.com/.extraheader' || :"
2026-10-04T14:50:31.4939565Z Removing includeIf entries pointing to credentials config files
2026-10-04T14:50:31.4945076Z [command]/usr/bin/git config --local --name-only --get-regexp ^includeIf\.gitdir:
2026-10-04T14:50:31.4978246Z [command]/usr/bin/git submodule foreach --recursive git config --local --show-origin --name-only --get-regexp remote.origin.url
2026-10-04T14:50:31.5214718Z [command]/usr/bin/git config --file /home/runner/work/_temp/git-credentials-03317167-7ecc-48ee-8d1e-426cd1d9eed9.config http.https://github.com/.extraheader AUTHORIZATION: basic ***
2026-10-04T14:50:31.5254138Z [command]/usr/bin/git config --local includeIf.gitdir:/home/runner/work/SharpForge/SharpForge/.git.path /home/runner/work/_temp/git-credentials-03317167-7ecc-48ee-8d1e-426cd1d9eed9.config
2026-10-04T14:50:31.5286658Z [command]/usr/bin/git config --local includeIf.gitdir:/home/runner/work/SharpForge/SharpForge/.git/worktrees/*.path /home/runner/work/_temp/git-credentials-03317167-7ecc-48ee-8d1e-426cd1d9eed9.config
2026-10-04T14:50:31.5320286Z [command]/usr/bin/git config --local includeIf.gitdir:/github/workspace/.git.path /github/runner_temp/git-credentials-03317167-7ecc-48ee-8d1e-426cd1d9eed9.config
2026-10-04T14:50:31.5354075Z [command]/usr/bin/git config --local includeIf.gitdir:/github/workspace/.git/worktrees/*.path /github/runner_temp/git-credentials-03317167-7ecc-48ee-8d1e-426cd1d9eed9.config
2026-10-04T14:50:31.5382184Z ##[endgroup]
2026-10-04T14:50:31.5383848Z ##[group]Fetching the repository
2026-10-04T14:50:31.5390302Z [command]/usr/bin/git -c protocol.version=2 fetch --no-tags --prune --no-recurse-submodules --depth=1 origin +33c30d7361feaca46642c833e6f9394996b09e1e:refs/remotes/pull/4564/merge
2026-10-04T14:50:35.2639591Z From https://github.com/wieslawsoltes/SharpForge
2026-10-04T14:50:35.2641486Z  * [new ref]         33c30d7361feaca46642c833e6f9394996b09e1e -> pull/4564/merge
2026-10-04T14:50:35.2654638Z ##[endgroup]
2026-10-04T14:50:35.2657033Z ##[group]Determining the checkout info
2026-10-04T14:50:35.2658727Z ##[endgroup]
2026-10-04T14:50:35.2660317Z [command]/usr/bin/git sparse-checkout disable
2026-10-04T14:50:35.2705134Z [command]/usr/bin/git config --local --unset-all extensions.worktreeConfig
2026-10-04T14:50:35.2835173Z ##[group]Checking out the ref
2026-10-04T14:50:35.2836113Z [command]/usr/bin/git checkout --progress --force refs/remotes/pull/4564/merge
2026-10-04T14:50:36.2941249Z Updating files:  97% (12984/13361)
2026-10-04T14:50:36.3009139Z Updating files:  98% (13094/13361)
2026-10-04T14:50:36.3087385Z Updating files:  99% (13228/13361)
2026-10-04T14:50:36.3088031Z Updating files: 100% (13361/13361)
2026-10-04T14:50:36.3088579Z Updating files: 100% (13361/13361), done.
2026-10-04T14:50:36.3214573Z Note: switching to 'refs/remotes/pull/4564/merge'.
2026-10-04T14:50:36.3215398Z 
2026-10-04T14:50:36.3216821Z You are in 'detached HEAD' state. You can look around, make experimental
2026-10-04T14:50:36.3218055Z changes and commit them, and you can discard any commits you make in this
2026-10-04T14:50:36.3218827Z state without impacting any branches by switching back to a branch.
2026-10-04T14:50:36.3219257Z 
2026-10-04T14:50:36.3219570Z If you want to create a new branch to retain commits you create, you may
2026-10-04T14:50:36.3220323Z do so (now or later) by using -c with the switch command. Example:
2026-10-04T14:50:36.3220740Z 
2026-10-04T14:50:36.3220968Z   git switch -c <new-branch-name>
2026-10-04T14:50:36.3221332Z 
2026-10-04T14:50:36.3221527Z Or undo this operation with:
2026-10-04T14:50:36.3222076Z 
2026-10-04T14:50:36.3222260Z   git switch -
2026-10-04T14:50:36.3222492Z 
2026-10-04T14:50:36.3223367Z Turn off this advice by setting config variable advice.detachedHead to false
2026-10-04T14:50:36.3224131Z 
2026-10-04T14:50:36.3224686Z HEAD is now at 33c30d7 Merge c9bda180705db8d4efebdec0023df3d31667a2a7 into fbb0b086e05720eeacb954800a4a690a644313cd
2026-10-04T14:50:36.3258096Z ##[endgroup]
2026-10-04T14:50:36.3303788Z [command]/usr/bin/git log -1 --format=%H
2026-10-04T14:50:36.3328578Z 33c30d7361feaca46642c833e6f9394996b09e1e
2026-10-04T14:50:36.3591182Z ##[group]Run node scripts/conformance/env-report.js
2026-10-04T14:50:36.3591780Z [36;1mnode scripts/conformance/env-report.js[0m
2026-10-04T14:50:36.3874532Z shell: /usr/bin/bash -e {0}
2026-10-04T14:50:36.3874917Z env:
2026-10-04T14:50:36.3875223Z   SHARPFORGE_RESULTS_DIR: artifacts/results
2026-10-04T14:50:36.3875768Z   SHARPFORGE_STANDALONE_PATH: artifacts/SharpForge-standalone.html
2026-10-04T14:50:36.3876256Z   PYTHON: python
2026-10-04T14:50:36.3876540Z ##[endgroup]
2026-10-04T14:50:40.6792271Z /home/runner/work/SharpForge/SharpForge/artifacts/results/env.json
2026-10-04T14:50:40.6960745Z ##[group]Run actions/setup-node@49933ea5288caeca8642d1e84afbd3f7d6820020
2026-10-04T14:50:40.6961233Z with:
2026-10-04T14:50:40.6961486Z   node-version: 22
2026-10-04T14:50:40.6961740Z   cache: npm
2026-10-04T14:50:40.6961984Z   always-auth: false
2026-10-04T14:50:40.6962249Z   check-latest: false
2026-10-04T14:50:40.6965375Z   token: ***
2026-10-04T14:50:40.6965631Z env:
2026-10-04T14:50:40.6965888Z   SHARPFORGE_RESULTS_DIR: artifacts/results
2026-10-04T14:50:40.6966327Z   SHARPFORGE_STANDALONE_PATH: artifacts/SharpForge-standalone.html
2026-10-04T14:50:40.6966738Z   PYTHON: python
2026-10-04T14:50:40.6966984Z ##[endgroup]
2026-10-04T14:50:40.8386623Z Found in cache @ /opt/hostedtoolcache/node/22.23.3/x64
2026-10-04T14:50:40.8391198Z (node:2364) [DEP0040] DeprecationWarning: The `punycode` module is deprecated. Please use a userland alternative instead.
2026-10-04T14:50:40.8392644Z (Use `node --trace-deprecation ...` to show where the warning was created)
2026-10-04T14:50:40.8394790Z ##[group]Environment details
2026-10-04T14:50:41.2697205Z node: v22.23.3
2026-10-04T14:50:41.2697562Z npm: 10.9.9
2026-10-04T14:50:41.2697775Z yarn: 1.22.22
2026-10-04T14:50:41.2698297Z ##[endgroup]
2026-10-04T14:50:41.2719490Z [command]/opt/hostedtoolcache/node/22.23.3/x64/bin/npm config get cache
2026-10-04T14:50:41.5660640Z /home/runner/.npm
2026-10-04T14:50:41.6592534Z Cache hit for: node-cache-Linux-x64-npm-69128e03386398fa592de49b6b0e61e2dc5c4836cd4fb8c52d4b88da1dff60d6
2026-10-04T14:50:41.6700016Z (node:2364) [DEP0169] DeprecationWarning: `url.parse()` behavior is not standardized and prone to errors that have security implications. Use the WHATWG URL API instead. CVEs are not issued for `url.parse()` vulnerabilities.
2026-10-04T14:50:41.7249061Z Received 1175 of 1175 (100.0%), 0.1 MBs/sec
2026-10-04T14:50:41.7249808Z Cache Size: ~0 MB (1175 B)
2026-10-04T14:50:41.7277004Z [command]/usr/bin/tar -xf /home/runner/work/_temp/fb090f03-6cbb-4b6d-9246-519f467ff6ff/cache.tzst -P -C /home/runner/work/SharpForge/SharpForge --use-compress-program unzstd
2026-10-04T14:50:41.7347486Z Cache restored successfully
2026-10-04T14:50:41.7351612Z Cache restored from key: node-cache-Linux-x64-npm-69128e03386398fa592de49b6b0e61e2dc5c4836cd4fb8c52d4b88da1dff60d6
2026-10-04T14:50:41.7530994Z ##[group]Run actions/setup-python@5fda3b95a4ea91299a34e894583c3862153e4b97
2026-10-04T14:50:41.7531415Z with:
2026-10-04T14:50:41.7531619Z   python-version: 3.12
2026-10-04T14:50:41.7531859Z   check-latest: false
2026-10-04T14:50:41.7534981Z   token: ***
2026-10-04T14:50:41.7535212Z   update-environment: true
2026-10-04T14:50:41.7535476Z   allow-prereleases: false
2026-10-04T14:50:41.7535715Z   freethreaded: false
2026-10-04T14:50:41.7535925Z env:
2026-10-04T14:50:41.7536152Z   SHARPFORGE_RESULTS_DIR: artifacts/results
2026-10-04T14:50:41.7536534Z   SHARPFORGE_STANDALONE_PATH: artifacts/SharpForge-standalone.html
2026-10-04T14:50:41.7536901Z   PYTHON: python
2026-10-04T14:50:41.7537113Z ##[endgroup]
2026-10-04T14:50:41.8702541Z ##[group]Installed versions
2026-10-04T14:50:41.8780577Z Successfully set up CPython (3.12.14)
2026-10-04T14:50:41.8781473Z ##[endgroup]
2026-10-04T14:50:41.8901718Z ##[group]Run node scripts/conformance/ci-status.js
2026-10-04T14:50:41.8902129Z [36;1mnode scripts/conformance/ci-status.js[0m
2026-10-04T14:50:41.8982158Z shell: /usr/bin/bash -e {0}
2026-10-04T14:50:41.8982421Z env:
2026-10-04T14:50:41.8982649Z   SHARPFORGE_RESULTS_DIR: artifacts/results
2026-10-04T14:50:41.8983335Z   SHARPFORGE_STANDALONE_PATH: artifacts/SharpForge-standalone.html
2026-10-04T14:50:41.8983718Z   PYTHON: python
2026-10-04T14:50:41.8984010Z   pythonLocation: /opt/hostedtoolcache/Python/3.12.14/x64
2026-10-04T14:50:41.8984469Z   PKG_CONFIG_PATH: /opt/hostedtoolcache/Python/3.12.14/x64/lib/pkgconfig
2026-10-04T14:50:41.8984920Z   Python_ROOT_DIR: /opt/hostedtoolcache/Python/3.12.14/x64
2026-10-04T14:50:41.8985311Z   Python2_ROOT_DIR: /opt/hostedtoolcache/Python/3.12.14/x64
2026-10-04T14:50:41.8985694Z   Python3_ROOT_DIR: /opt/hostedtoolcache/Python/3.12.14/x64
2026-10-04T14:50:41.8986080Z   LD_LIBRARY_PATH: /opt/hostedtoolcache/Python/3.12.14/x64/lib
2026-10-04T14:50:41.8987682Z   SHARPFORGE_CI_NEEDS: {
  "core": {
    "result": "failure",
    "outputs": {}
  },
  "core-platforms": {
    "result": "skipped",
    "outputs": {}
  },
  "build": {
    "result": "skipped",
    "outputs": {}
  },
  "packages": {
    "result": "skipped",
    "outputs": {}
  },
  "browser": {
    "result": "skipped",
    "outputs": {}
  },
  "native-il": {
    "result": "skipped",
    "outputs": {}
  },
  "native-msbuild": {
    "result": "skipped",
    "outputs": {}
  },
  "clr-wasm": {
    "result": "skipped",
    "outputs": {}
  }
}
2026-10-04T14:50:41.8989154Z ##[endgroup]
2026-10-04T14:50:41.9350876Z file:///home/runner/work/SharpForge/SharpForge/scripts/conformance/ci-status.js:5
2026-10-04T14:50:41.9352626Z   if (failed.length) throw new Error('Required jobs did not succeed: ' + failed.map(([name, job]) => `${name}=${job?.result ?? 'missing'}`).join(', '));
2026-10-04T14:50:41.9354055Z                            ^
2026-10-04T14:50:41.9354427Z 
2026-10-04T14:50:41.9355837Z Error: Required jobs did not succeed: core=failure, core-platforms=skipped, build=skipped, packages=skipped, browser=skipped, native-il=skipped, native-msbuild=skipped, clr-wasm=skipped
2026-10-04T14:50:41.9357696Z     at checkStatus (file:///home/runner/work/SharpForge/SharpForge/scripts/conformance/ci-status.js:5:28)
2026-10-04T14:50:41.9358946Z     at file:///home/runner/work/SharpForge/SharpForge/scripts/conformance/ci-status.js:8:3
2026-10-04T14:50:41.9359939Z     at ModuleJob.run (node:internal/modules/esm/module_job:343:25)
2026-10-04T14:50:41.9360901Z     at async onImport.tracePromise.__proto__ (node:internal/modules/esm/loader:681:26)
2026-10-04T14:50:41.9362007Z     at async asyncRunEntryPointWithESMLoader (node:internal/modules/run_main:117:5)
2026-10-04T14:50:41.9362694Z 
2026-10-04T14:50:41.9363154Z Node.js v22.23.3
2026-10-04T14:50:41.9391963Z ##[error]Process completed with exit code 1.
2026-10-04T14:50:41.9534310Z Prepare all required actions
2026-10-04T14:50:41.9534868Z Getting action download info
2026-10-04T14:50:42.0504907Z Download action repository 'actions/upload-artifact@ea165f8d65b6e75b540449e92b4886f43607fa02' (SHA:ea165f8d65b6e75b540449e92b4886f43607fa02)
2026-10-04T14:50:42.2029787Z ##[group]Run ./.github/actions/qualification-evidence
2026-10-04T14:50:42.2030136Z with:
2026-10-04T14:50:42.2030332Z   name: ci-ok
2026-10-04T14:50:42.2030523Z env:
2026-10-04T14:50:42.2030737Z   SHARPFORGE_RESULTS_DIR: artifacts/results
2026-10-04T14:50:42.2031132Z   SHARPFORGE_STANDALONE_PATH: artifacts/SharpForge-standalone.html
2026-10-04T14:50:42.2031500Z   PYTHON: python
2026-10-04T14:50:42.2031785Z   pythonLocation: /opt/hostedtoolcache/Python/3.12.14/x64
2026-10-04T14:50:42.2032246Z   PKG_CONFIG_PATH: /opt/hostedtoolcache/Python/3.12.14/x64/lib/pkgconfig
2026-10-04T14:50:42.2032684Z   Python_ROOT_DIR: /opt/hostedtoolcache/Python/3.12.14/x64
2026-10-04T14:50:42.2033384Z   Python2_ROOT_DIR: /opt/hostedtoolcache/Python/3.12.14/x64
2026-10-04T14:50:42.2033785Z   Python3_ROOT_DIR: /opt/hostedtoolcache/Python/3.12.14/x64
2026-10-04T14:50:42.2034181Z   LD_LIBRARY_PATH: /opt/hostedtoolcache/Python/3.12.14/x64/lib
2026-10-04T14:50:42.2034510Z ##[endgroup]
2026-10-04T14:50:42.2101143Z ##[start-action display=Capture exact final environment;id=__self.__run]
2026-10-04T14:50:42.2158271Z ##[group]Run node scripts/conformance/env-report.js
2026-10-04T14:50:42.2158651Z [36;1mnode scripts/conformance/env-report.js[0m
2026-10-04T14:50:42.2233345Z shell: /usr/bin/bash --noprofile --norc -e -o pipefail {0}
2026-10-04T14:50:42.2233924Z env:
2026-10-04T14:50:42.2234283Z   SHARPFORGE_RESULTS_DIR: artifacts/results
2026-10-04T14:50:42.2234947Z   SHARPFORGE_STANDALONE_PATH: artifacts/SharpForge-standalone.html
2026-10-04T14:50:42.2235590Z   PYTHON: python
2026-10-04T14:50:42.2236052Z   pythonLocation: /opt/hostedtoolcache/Python/3.12.14/x64
2026-10-04T14:50:42.2236790Z   PKG_CONFIG_PATH: /opt/hostedtoolcache/Python/3.12.14/x64/lib/pkgconfig
2026-10-04T14:50:42.2237522Z   Python_ROOT_DIR: /opt/hostedtoolcache/Python/3.12.14/x64
2026-10-04T14:50:42.2238173Z   Python2_ROOT_DIR: /opt/hostedtoolcache/Python/3.12.14/x64
2026-10-04T14:50:42.2238824Z   Python3_ROOT_DIR: /opt/hostedtoolcache/Python/3.12.14/x64
2026-10-04T14:50:42.2239485Z   LD_LIBRARY_PATH: /opt/hostedtoolcache/Python/3.12.14/x64/lib
2026-10-04T14:50:42.2240032Z ##[endgroup]
2026-10-04T14:50:43.8101451Z /home/runner/work/SharpForge/SharpForge/artifacts/results/env.json
2026-10-04T14:50:43.8636336Z ##[end-action id=__self.__run;outcome=success;conclusion=success;duration_ms=1653]
2026-10-04T14:50:43.8640381Z ##[start-action display=Require a clean checkout;id=__self.__run_2]
2026-10-04T14:50:43.8660133Z ##[group]Run node scripts/conformance/clean-checkout.js
2026-10-04T14:50:43.8660550Z [36;1mnode scripts/conformance/clean-checkout.js[0m
2026-10-04T14:50:43.8724246Z shell: /usr/bin/bash --noprofile --norc -e -o pipefail {0}
2026-10-04T14:50:43.8724607Z env:
2026-10-04T14:50:43.8724846Z   SHARPFORGE_RESULTS_DIR: artifacts/results
2026-10-04T14:50:43.8725250Z   SHARPFORGE_STANDALONE_PATH: artifacts/SharpForge-standalone.html
2026-10-04T14:50:43.8725628Z   PYTHON: python
2026-10-04T14:50:43.8725913Z   pythonLocation: /opt/hostedtoolcache/Python/3.12.14/x64
2026-10-04T14:50:43.8726342Z   PKG_CONFIG_PATH: /opt/hostedtoolcache/Python/3.12.14/x64/lib/pkgconfig
2026-10-04T14:50:43.8726801Z   Python_ROOT_DIR: /opt/hostedtoolcache/Python/3.12.14/x64
2026-10-04T14:50:43.8727191Z   Python2_ROOT_DIR: /opt/hostedtoolcache/Python/3.12.14/x64
2026-10-04T14:50:43.8727581Z   Python3_ROOT_DIR: /opt/hostedtoolcache/Python/3.12.14/x64
2026-10-04T14:50:43.8727978Z   LD_LIBRARY_PATH: /opt/hostedtoolcache/Python/3.12.14/x64/lib
2026-10-04T14:50:43.8728315Z ##[endgroup]
2026-10-04T14:50:44.2306670Z Clean checkout: no tracked modifications or unignored outputs.
2026-10-04T14:50:44.2355347Z ##[end-action id=__self.__run_2;outcome=success;conclusion=success;duration_ms=371]
2026-10-04T14:50:44.2358535Z ##[start-action display=Run actions/upload-artifact@ea165f8d65b6e75b540449e92b4886f43607fa02;id=__self.__actions_upload-artifact]
2026-10-04T14:50:44.2397994Z ##[group]Run actions/upload-artifact@ea165f8d65b6e75b540449e92b4886f43607fa02
2026-10-04T14:50:44.2398388Z with:
2026-10-04T14:50:44.2398572Z   name: ci-ok
2026-10-04T14:50:44.2398775Z   path: artifacts/results/
2026-10-04T14:50:44.2399022Z   if-no-files-found: error
2026-10-04T14:50:44.2399251Z   compression-level: 6
2026-10-04T14:50:44.2399468Z   overwrite: false
2026-10-04T14:50:44.2399679Z   include-hidden-files: false
2026-10-04T14:50:44.2399915Z env:
2026-10-04T14:50:44.2400122Z   SHARPFORGE_RESULTS_DIR: artifacts/results
2026-10-04T14:50:44.2400516Z   SHARPFORGE_STANDALONE_PATH: artifacts/SharpForge-standalone.html
2026-10-04T14:50:44.2400899Z   PYTHON: python
2026-10-04T14:50:44.2401189Z   pythonLocation: /opt/hostedtoolcache/Python/3.12.14/x64
2026-10-04T14:50:44.2401632Z   PKG_CONFIG_PATH: /opt/hostedtoolcache/Python/3.12.14/x64/lib/pkgconfig
2026-10-04T14:50:44.2402066Z   Python_ROOT_DIR: /opt/hostedtoolcache/Python/3.12.14/x64
2026-10-04T14:50:44.2402449Z   Python2_ROOT_DIR: /opt/hostedtoolcache/Python/3.12.14/x64
2026-10-04T14:50:44.2403030Z   Python3_ROOT_DIR: /opt/hostedtoolcache/Python/3.12.14/x64
2026-10-04T14:50:44.2403425Z   LD_LIBRARY_PATH: /opt/hostedtoolcache/Python/3.12.14/x64/lib
2026-10-04T14:50:44.2403747Z ##[endgroup]
2026-10-04T14:50:44.4123192Z (node:2499) [DEP0040] DeprecationWarning: The `punycode` module is deprecated. Please use a userland alternative instead.
2026-10-04T14:50:44.4124358Z (Use `node --trace-deprecation ...` to show where the warning was created)
2026-10-04T14:50:44.4177060Z With the provided path, there will be 2 files uploaded
2026-10-04T14:50:44.4181819Z Artifact name is valid!
2026-10-04T14:50:44.4182683Z Root directory input is valid!
2026-10-04T14:50:44.6404709Z Beginning upload of artifact content to blob storage
2026-10-04T14:50:44.6614076Z (node:2499) [DEP0169] DeprecationWarning: `url.parse()` behavior is not standardized and prone to errors that have security implications. Use the WHATWG URL API instead. CVEs are not issued for `url.parse()` vulnerabilities.
2026-10-04T14:50:44.7035206Z Uploaded bytes 2010
2026-10-04T14:50:44.7216065Z Finished uploading artifact content to blob storage!
2026-10-04T14:50:44.7218893Z SHA256 digest of uploaded artifact zip is e72ca0095c0d292783f854532d56e51fbcc283a9f80d83cd1df7842fb14c0de4
2026-10-04T14:50:44.7221849Z Finalizing artifact upload
2026-10-04T14:50:44.9361100Z Artifact ci-ok.zip successfully finalized. Artifact ID 11306257677
2026-10-04T14:50:44.9362630Z Artifact ci-ok has been successfully uploaded! Final size is 2010 bytes. Artifact ID is 11306257677
2026-10-04T14:50:44.9367679Z Artifact download URL: https://github.com/wieslawsoltes/SharpForge/actions/runs/37210639599/artifacts/11306257677
2026-10-04T14:50:44.9457767Z ##[end-action id=__self.__actions_upload-artifact;outcome=success;conclusion=success;duration_ms=709]
2026-10-04T14:50:44.9567508Z Post job cleanup.
2026-10-04T14:50:45.0445783Z [command]/usr/bin/git version
2026-10-04T14:50:45.0482351Z git version 2.55.0
2026-10-04T14:50:45.0517742Z Temporarily overriding HOME='/home/runner/work/_temp/9e13675b-f642-4269-9d28-0ca147a25908' before making global git config changes
2026-10-04T14:50:45.0519233Z Adding repository directory to the temporary git global config as a safe directory
2026-10-04T14:50:45.0522340Z [command]/usr/bin/git config --global --add safe.directory /home/runner/work/SharpForge/SharpForge
2026-10-04T14:50:45.0552225Z Removing SSH command configuration
2026-10-04T14:50:45.0559015Z [command]/usr/bin/git config --local --name-only --get-regexp core\.sshCommand
2026-10-04T14:50:45.0592576Z [command]/usr/bin/git submodule foreach --recursive sh -c "git config --local --name-only --get-regexp 'core\.sshCommand' && git config --local --unset-all 'core.sshCommand' || :"
2026-10-04T14:50:45.0835951Z Removing HTTP extra header
2026-10-04T14:50:45.0842785Z [command]/usr/bin/git config --local --name-only --get-regexp http\.https\:\/\/github\.com\/\.extraheader
2026-10-04T14:50:45.0877350Z [command]/usr/bin/git submodule foreach --recursive sh -c "git config --local --name-only --get-regexp 'http\.https\:\/\/github\.com\/\.extraheader' && git config --local --unset-all 'http.https://github.com/.extraheader' || :"
2026-10-04T14:50:45.1116068Z Removing includeIf entries pointing to credentials config files
2026-10-04T14:50:45.1122306Z [command]/usr/bin/git config --local --name-only --get-regexp ^includeIf\.gitdir:
2026-10-04T14:50:45.1149999Z includeif.gitdir:/home/runner/work/SharpForge/SharpForge/.git.path
2026-10-04T14:50:45.1150720Z includeif.gitdir:/home/runner/work/SharpForge/SharpForge/.git/worktrees/*.path
2026-10-04T14:50:45.1157437Z includeif.gitdir:/github/workspace/.git.path
2026-10-04T14:50:45.1158754Z includeif.gitdir:/github/workspace/.git/worktrees/*.path
2026-10-04T14:50:45.1165732Z [command]/usr/bin/git config --local --get-all includeif.gitdir:/home/runner/work/SharpForge/SharpForge/.git.path
2026-10-04T14:50:45.1181062Z /home/runner/work/_temp/git-credentials-03317167-7ecc-48ee-8d1e-426cd1d9eed9.config
2026-10-04T14:50:45.1190584Z [command]/usr/bin/git config --local --unset includeif.gitdir:/home/runner/work/SharpForge/SharpForge/.git.path \/home\/runner\/work\/_temp\/git\-credentials\-03317167\-7ecc\-48ee\-8d1e\-426cd1d9eed9\.config
2026-10-04T14:50:45.1227559Z [command]/usr/bin/git config --local --get-all includeif.gitdir:/home/runner/work/SharpForge/SharpForge/.git/worktrees/*.path
2026-10-04T14:50:45.1256388Z /home/runner/work/_temp/git-credentials-03317167-7ecc-48ee-8d1e-426cd1d9eed9.config
2026-10-04T14:50:45.1265301Z [command]/usr/bin/git config --local --unset includeif.gitdir:/home/runner/work/SharpForge/SharpForge/.git/worktrees/*.path \/home\/runner\/work\/_temp\/git\-credentials\-03317167\-7ecc\-48ee\-8d1e\-426cd1d9eed9\.config
2026-10-04T14:50:45.1296842Z [command]/usr/bin/git config --local --get-all includeif.gitdir:/github/workspace/.git.path
2026-10-04T14:50:45.1317908Z /github/runner_temp/git-credentials-03317167-7ecc-48ee-8d1e-426cd1d9eed9.config
2026-10-04T14:50:45.1325008Z [command]/usr/bin/git config --local --unset includeif.gitdir:/github/workspace/.git.path \/github\/runner_temp\/git\-credentials\-03317167\-7ecc\-48ee\-8d1e\-426cd1d9eed9\.config
2026-10-04T14:50:45.1356537Z [command]/usr/bin/git config --local --get-all includeif.gitdir:/github/workspace/.git/worktrees/*.path
2026-10-04T14:50:45.1376960Z /github/runner_temp/git-credentials-03317167-7ecc-48ee-8d1e-426cd1d9eed9.config
2026-10-04T14:50:45.1385007Z [command]/usr/bin/git config --local --unset includeif.gitdir:/github/workspace/.git/worktrees/*.path \/github\/runner_temp\/git\-credentials\-03317167\-7ecc\-48ee\-8d1e\-426cd1d9eed9\.config
2026-10-04T14:50:45.1416811Z [command]/usr/bin/git submodule foreach --recursive git config --local --show-origin --name-only --get-regexp remote.origin.url
2026-10-04T14:50:45.1671664Z Removing credentials config '/home/runner/work/_temp/git-credentials-03317167-7ecc-48ee-8d1e-426cd1d9eed9.config'
2026-10-04T14:50:45.1825915Z Cleaning up orphan processes
2026-10-04T14:50:45.2114674Z ##[warning]Node.js 20 is deprecated. The following actions target Node.js 20 but are being forced to run on Node.js 24: actions/setup-node@49933ea5288caeca8642d1e84afbd3f7d6820020, actions/upload-artifact@ea165f8d65b6e75b540449e92b4886f43607fa02. For more information see: https://github.blog/changelog/2025-09-19-deprecation-of-node-20-on-github-actions-runners/
