Discovered 61 Node test files and 4 Python suites in 1 area manifests. Node reports executed test counts below.
▶ VS Code shortcuts apply independently specified text, caret, view and host results
  ✔ ArrowLeft (19.595269ms)
  ✔ Shift+ArrowLeft (2.528303ms)
  ✔ ArrowRight (1.723139ms)
  ✔ Shift+ArrowRight (3.918559ms)
  ✔ ArrowUp (1.422194ms)
  ✔ Shift+ArrowUp (1.206028ms)
  ✔ ArrowDown (1.702857ms)
  ✔ Shift+ArrowDown (1.721636ms)
  ✔ Home (2.038764ms)
  ✔ Shift+Home (3.086284ms)
  ✔ End (1.581204ms)
  ✔ Shift+End (1.288283ms)
  ✔ Mod+Home (1.161892ms)
  ✔ Mod+Shift+Home (1.152237ms)
  ✔ Mod+End (1.181632ms)
  ✔ Mod+Shift+End (1.109082ms)
  ✔ Mod+ArrowLeft (1.967968ms)
  ✔ Mod+Shift+ArrowLeft (0.745665ms)
  ✔ Mod+ArrowRight (0.898595ms)
  ✔ Mod+Shift+ArrowRight (0.857984ms)
  ✔ PageUp (0.682319ms)
  ✔ Shift+PageUp (0.61677ms)
  ✔ PageDown (1.382064ms)
  ✔ Shift+PageDown (0.707356ms)
  ✔ Backspace (2.841906ms)
  ✔ Delete (1.237646ms)
  ✔ Mod+Backspace (1.571339ms)
  ✔ Mod+Delete (1.297487ms)
  ✔ Enter (1.110585ms)
  ✔ Tab (1.207361ms)
  ✔ Shift+Tab (1.1669ms)
  ✔ Mod+A (0.76911ms)
  ✔ Mod+X (1.146108ms)
  ✔ Mod+V (1.356946ms)
  ✔ Mod+C (0.717852ms)
  ✔ Mod+Z (1.755056ms)
  ✔ Mod+Y (0.90168ms)
  ✔ Mod+Shift+Z (0.847688ms)
  ✔ Mod+D (2.364255ms)
  ✔ Mod+Shift+L (2.006205ms)
  ✔ Mod+Shift+K (1.653233ms)
  ✔ Mod+L (1.442465ms)
  ✔ Mod+Enter (1.775227ms)
  ✔ Mod+Shift+Enter (1.606142ms)
  ✔ Alt+Shift+ArrowUp (1.781055ms)
  ✔ Alt+Shift+ArrowDown (1.655337ms)
  ✔ Alt+ArrowUp (2.289232ms)
  ✔ Alt+ArrowDown (1.599021ms)
  ✔ Mod+Alt+ArrowUp (2.27445ms)
  ✔ Mod+Alt+ArrowDown (1.048761ms)
  ✔ Mod+Shift+\ (1.076773ms)
  ✔ Mod+] (1.143835ms)
  ✔ Mod+[ (1.251477ms)
  ✔ Mod+ArrowUp (1.075242ms)
  ✔ Mod+ArrowDown (1.269394ms)
  ✔ Mod+Shift+[ (1.558821ms)
  ✔ Mod+Shift+] (1.396516ms)
  ✔ Mod+K Mod+0 (1.4791ms)
  ✔ Mod+K Mod+J (1.360632ms)
  ✔ Mod+K Mod+C (2.165696ms)
  ✔ Mod+K Mod+U (9.757394ms)
  ✔ Mod+/ (2.812351ms)
  ✔ Alt+Z (1.18732ms)
  ✔ Escape (1.112758ms)
  ✔ Insert (1.099318ms)
  ✔ Mod+= (1.035181ms)
  ✔ Mod+- (1.076513ms)
  ✔ Mod+0 (1.059698ms)
  ✔ Mod+P (1.164857ms)
  ✔ Mod+Shift+P (0.968761ms)
  ✔ F1 (0.90807ms)
  ✔ Mod+, (0.907749ms)
  ✔ Mod+K Mod+S (0.961841ms)
  ✔ Mod+S (0.962511ms)
  ✔ Mod+Shift+S (2.088559ms)
  ✔ Mod+F4 (3.960662ms)
  ✔ Ctrl+F6 (1.162443ms)
  ✔ Ctrl+Shift+F6 (1.154811ms)
  ✔ Mod+Alt+N (1.427813ms)
  ✔ Mod+Alt+O (1.662171ms)
  ✔ Mod+\ (0.727747ms)
  ✔ Alt+ArrowLeft (0.79525ms)
  ✔ Alt+ArrowRight (0.743822ms)
  ✔ F12 (0.831323ms)
  ✔ Shift+F12 (0.69632ms)
  ✔ Mod+Shift+F (0.61015ms)
  ✔ Mod+Shift+H (0.588378ms)
  ✔ Mod+F (0.703691ms)
  ✔ Mod+H (4.458794ms)
  ✔ F3 (0.713335ms)
  ✔ Shift+F3 (0.622018ms)
  ✔ Mod+Space (3.679358ms)
  ✔ Mod+Shift+Space (0.694868ms)
  ✔ Mod+K Mod+I (0.798424ms)
  ✔ Mod+. (0.827097ms)
  ✔ F2 (0.595859ms)
  ✔ Alt+Shift+F (0.720246ms)
  ✔ Alt+Shift+ArrowRight (0.750041ms)
  ✔ Alt+Shift+ArrowLeft (0.608748ms)
✔ VS Code shortcuts apply independently specified text, caret, view and host results (174.657453ms)
✔ normalizes platform modifiers and real shifted punctuation without intercepting AltGraph or IME (0.866327ms)
✔ macOS profile editing uses Meta while physical Ctrl bindings remain distinct (1.248553ms)
✔ context expressions are bounded boolean predicates without evaluation side effects (1.364578ms)
✔ resolver honors scope, priority, predicates, disposal, and atomic replacement of invalid bindings (1.851683ms)
✔ chord cancellation, failure and timeout leave no stale pending input (3.584986ms)
✔ a higher-priority chord prefix suppresses a lower-priority destructive command even after timeout (0.289857ms)
✔ all shipped profile bindings have executable command registrations (1.08781ms)
✔ Visual Studio bindings and unbound known commands match the pinned inventory (35.243076ms)
✔ readonly commands and editing aliases preserve text/history while navigation remains available (1.45876ms)
✔ completion filter aliases call the implemented insight API with directions (0.807388ms)
✔ profile switches preserve the authoritative model, undo, primary selection, view and native state (22.051543ms)
✔ resuming Vim insert after a profile switch opens a new complete undo group (6.261251ms)
✔ Emacs mark extends motion, exchanges ends and kills the marked region with one undo (3.221569ms)
✔ Emacs successive kills append, yank cycles distinct entries, and unrelated commands end a yank chain (4.650994ms)
✔ Emacs ring bounds and marks stay independent between views and track document edits (3.477754ms)
✔ Sublime occurrences and split-line carets edit the actual model atomically (3.296301ms)
✔ native text edits preserve CRLF and deduplicate two carets on one copied line (2.144004ms)
✔ clipboard distributes multiline fragments, remembers line copy and undoes all caret pastes together (2.25478ms)
▶ denied and stale clipboard requests never mutate text, history or selections
  ✔ Edit.Cut (1.411478ms)
  ✔ Edit.Paste (1.540853ms)
  ✔ selection (1.820955ms)
  ✔ document (1.243014ms)
  ✔ dispose (0.971626ms)
  ✔ profile (1.199979ms)
  ✔ readonly (0.758484ms)
✔ denied and stale clipboard requests never mutate text, history or selections (10.044908ms)
✔ CodeMirror protocol is a live model projection with operation undo and savepoint cleanliness (1.674175ms)
✔ document marks follow edits, are cleared on model replacement, and dispose releases subscriptions (3.039654ms)
✔ instance receiver signature help includes its accessible instance overloads, not same-name unrelated methods (112.111597ms)
✔ this receiver uses its containing type, preserving private overloads accessible within that type (11.122708ms)
✔ type receivers use static overloads and scoped receiver variables use their bound types (18.896338ms)
✔ generic and inherited instance members display substituted parameter types (17.263996ms)
✔ incomplete invocation recovery retains the bound this receiver before arguments or closing delimiters exist (7.698215ms)
✔ nested delimiters and named argument mapping use actual syntax and the selected overload (12.898074ms)
✔ unresolved receivers and stale worker snapshots never return unrelated method tips (6.213988ms)
✔ worker uses syntax argument separators when a lexical hint counts a nested generic comma (7.419089ms)
✔ A20 pre-cancelled and queued-cancelled disk saves do not start a read or write (16.774177ms)
✔ A20 cancelling an acquired prepared baseline releases its private model and preserves the live source (6.917358ms)
✔ A20 cancellation during permission and stream acquisition prevents any committed write (11.418714ms)
✔ A20 a mid-stream cancellation aborts before close and retains the previous baseline/version (13.243846ms)
✔ A20 close is the per-file commit boundary; cancellation prevents later files and preserves exact partial written results (12.736305ms)
✔ A20 a cancellation after the final close starts does not falsely report an uncommitted file (7.772177ms)
✔ model benchmark measures all five actual operations and preserves source correctness (23.185052ms)
✔ model benchmark cancellation is explicit and produces no pretend successful report (0.926426ms)
✔ memory runner refuses unavailable GC and preserves signed deltas (0.59039ms)
✔ browser harness serves the real editor entry under a strict CSP and rejects malformed resource URLs (44.545694ms)
✔ 200 MiB qualification is explicitly accepted without growing defaults or allocating a large fixture (1.553432ms)
✔ browser readiness only uses evaluate and stops once the real API appears (3.63521ms)
✔ browser readiness has a deadline even when evaluate hangs, and propagates page errors or cancellation (11.165047ms)
✔ chunk boundaries preserve the shared matcher nonoverlap, case-fold and word-boundary semantics (18.398236ms)
✔ cooperative search is cancellable between slices and reports progress without publishing partial success (1.598449ms)
✔ persistent snapshots are read in bounded slices without materializing document text (14.167869ms)
✔ global match limits remain exact when each chunk contains rejected whole-word matches (64.479204ms)
✔ regex worker receives bounded chunks and cancellation terminates its isolated computation (9.001571ms)
✔ real paste source triggers bounded range formatting and its own undo transaction (6.535453ms)
✔ disabled paste/type/completion triggers and formatting recursion schedule no work (0.780436ms)
✔ on-type formatting uses the registered provider and read-only editors cannot commit it (0.606374ms)
✔ A20 shared-model locks update each pane, reject prepared edits, and preserve rollback and history (5.032987ms)
✔ A20 read-only construction and subscription disposal do not change document revisions (0.755178ms)
✔ A20 same-line offscreen edits reconcile wrap counts and zone mapping without visiting the line (7.330331ms)
✔ A20 wrap measurement stays chunked after a large same-line-count replacement (1.068561ms)
✔ A20 deleting a brace or region marker on one line refreshes the actual folding provider (6.46727ms)
✔ A20 real workspace configuration applies ancestor sections, per-language overlays and ordinary EOL preservation (3.258872ms)
✔ A20 EditorConfig input is bounded, model-aware, ordered, atomic and unaffected by unrelated root flags (0.84925ms)
✔ A20 multi-caret deletion retains blocked carets and merges overlapping word deletions in one undo step (8.978997ms)
✔ A20 invalid load chunk sizes reject before reading or replacing the document (1.258968ms)
✔ A20 overlapping whole-line expansions transform every selected line once (1.209864ms)
✔ A20 project/disk path-only records apply configuration without flattening source snapshots (0.37133ms)
✔ compiler contribution reuses real language endpoints with explicit client aliases (91.058709ms)
✔ diagnostic and semantic results are versioned, source faithful and reject stale snapshots (7.248678ms)
✔ signature request uses provider symbols for nested invocations and preserves active argument (17.731025ms)
✔ inlay hints share one bound implementation with the existing LSP contract (5.816288ms)
✔ rename and refactoring requests return versioned edits without committing source (36.320845ms)
✔ format selection/on-type adapt existing indentation edits and preserve unrelated lines (2.204163ms)
✔ generated peek targets retain their own URI/version and are explicitly read-only (0.565633ms)
✔ A20 shared-model locks update each pane, reject prepared edits, and preserve rollback and history (5.059918ms)
✔ A20 read-only construction and subscription disposal do not change document revisions (0.675168ms)
✔ A20 same-line offscreen edits reconcile wrap counts and zone mapping without visiting the line (7.467808ms)
✔ A20 wrap measurement stays chunked after a large same-line-count replacement (1.197045ms)
✔ A20 deleting a brace or region marker on one line refreshes the actual folding provider (7.331222ms)
✔ A20 multi-caret deletion retains blocked carets and merges overlapping word deletions in one undo step (11.749603ms)
✔ A20 invalid load chunk sizes reject before reading or replacing the document (1.623888ms)
✔ A20 overlapping whole-line expansions transform every selected line once (2.257804ms)
✔ nearest-rank percentiles preserve raw outliers and reject malformed samples (2.52741ms)
✔ 100MB fixture uses exact byte/code-unit size with one deterministic middle search target (412.437715ms)
✔ performance gate fails strictly above20percent p95 and passes exact20percent boundary (12.088164ms)
✔ retained memory budgets bound each real component and preserve signed measurement noise (0.680896ms)
✔ one regressed size/operation cannot be hidden by another faster row (0.481055ms)
✔ gate rejects missing browser evidence, changed runners, tampered percentiles and failed correctness (0.597581ms)
✔ zero baseline and missing/duplicate benchmark rows cannot silently pass (0.26547ms)
✔ regex replacement with numbered and named groups spans open documents atomically (9.103263ms)
✔ find selection scope retains the captured range, whole-word filters and preserve-case replacements (3.076338ms)
✔ selection search counts only its captured scope and restores original regex capture coordinates (8.362948ms)
✔ single-editor and selection snapshots stay lazy and reject replaced model identities (28.292963ms)
✔ a newer search supersedes pending matches and an invalid pattern cannot reuse an older result (13.228016ms)
✔ invalid regex and stale replace preview leave source unchanged and history stays bounded (1.08799ms)
✔ side-by-side and inline rows share hunks and preserve line alignment around insertion and deletion (1.662957ms)
✔ merge preserves unresolved conflict bytes until a chosen side, both or manual result is accepted (9.614374ms)
✔ independent merge changes are accepted automatically and adjacent conflict offsets track replacement length (0.852845ms)
✔ every declared service can be supplied by a standalone fake provider (2.451005ms)
✔ RPC adapter advertises only pure registered methods and passes cancellation through (0.25892ms)
✔ request generations reject older versions, edits at identical caret offsets and out-of-order results (0.880898ms)
✔ guard propagates errors, isolates feature channels and cancels on dispose (0.301605ms)
✔ guard retains persistent snapshot identities and compares target document versions independently (1.13461ms)
✔ three-document edits commit before any subscriber and undo in one step per document (3.947581ms)
✔ stale, overlapping, missing, readonly and invalid LSP edits fail before any mutation (0.840126ms)
✔ LSP document changes and captured versions require an explicit host for resource operations (0.545483ms)
✔ version change after preview blocks commit and an internal participant failure rolls back history (1.141651ms)
✔ rename preview updates source without publishing then cancel restores exact bytes and undo state (0.918605ms)
✔ diagnostic severities and semantic overlays are version checked and preserve lexical coverage (0.553284ms)
✔ snippet placeholders, forward mirrors, variables, choices and final stop use UTF-16 offsets (4.295346ms)
✔ nested snippet placeholders and escaped punctuation are retained (0.290758ms)
✔ invalid, recursive, excessive and transform snippets fail explicitly (2.782645ms)
✔ all builtin snippets expand and all required C# and surrounding templates are present (0.603049ms)
✔ snippet primary edits and synchronous linked mirrors undo together through editor edit hooks (4.204358ms)
✔ completion fuzzy matches prefer prefix, preserve match positions, support filters and use bounded MRU (0.447394ms)
✔ signature nesting counts only commas in the active call and ignores literals (2.145855ms)
✔ smart newline uses source EOL, indentation settings and a caret between empty braces (0.359061ms)
✔ ordinary model switches retain selections, folding and scroll without transferring model ownership (6.291734ms)
✔ a removed model cannot reinsert itself or overwrite folding state when its old view is disposed (0.697071ms)
✔ an externally replaced model keeps its registry entry and cache when the previous view saves state (0.767898ms)
✔ standalone explicit same-URI replacement discards state belonging to the previous model (0.688088ms)
✔ document/project/solution Fix All batch exactly one selected action equivalence family (109.64992ms)
✔ Fix All validates every source version and rejects forged, absent or ambiguous ownership (0.61626ms)
✔ implicit type batches preserve nonexact numeric conversions, const locals and comments (9.532084ms)
✔ solution Fix All uses real isolated compiler contexts, deduplicates shared source and does not commit (23.567508ms)
✔ project Fix All does not broaden to an unrelated project (8.927943ms)
✔ type rename reaches each dependent compiler context and returns one resource move (21.975508ms)
✔ workspace action rejects a source mutation or ownership change while providers are answering (9.364771ms)
✔ pre-cancelled solution action never returns a partial plan (1.380432ms)
✔ solution Fix All and rename reject new project membership during the final semantic validation (28.811065ms)
✔ conflicting shared edits or resources are refused before a preview can be committed (0.341144ms)
✔ incremental forward search begins at a large origin and repeats beyond 10000 matches before wrapping (10.542167ms)
✔ incremental reverse search selects the nearest preceding match and wraps from the actual caret (1.364388ms)
✔ extending and shortening an incremental query always returns to the opening origin (1.15359ms)
✔ cancel restores the opening range, while accepting preserves the selected match without edits (0.894669ms)
✔ an explicit navigation budget failure leaves the original selection and displays the limit (0.798164ms)
✔ an exhausted scope and an empty query display their result without moving the caret (2.622775ms)
✔ a delayed incremental result is discarded after edit (2.01576ms)
✔ a delayed incremental result is discarded after replace model (0.65638ms)
✔ a newer incremental query supersedes a delayed search without stale navigation or status (0.621887ms)
✔ close cancels a pending search and prevents subsequent late results (0.514747ms)
✔ dispose cancels a pending search and prevents subsequent late results (0.257238ms)
✔ host navigation failures are handled inside the incremental request and reported to the user (0.336057ms)
✔ closing during asynchronous host navigation passes cancellation and suppresses a stale status (0.337429ms)
✔ same-document insight navigation uses the host preview and awaits focus restoration (3.344102ms)
✔ cross-document insight navigation preserves host group options and restores focus after failure (0.831003ms)
✔ compilation semantic fallback retains diagnostics and bound trees without editor invocation records (87.080041ms)
✔ a first post-build signature query captures privately once without mutating compilation queries or diagnostics (10.664411ms)
✔ a source model created before compilation captures within its original bind and reuses it for signature help (10.739795ms)
✔ invalid post-build signature requests do not capture or mutate the reused analysis (5.902781ms)
✔ native editor chords use host receivers and preserve the real edit and undo result (20.651781ms)
✔ Escape cancels the host timer without executing the pending chord or a later timeout (0.783942ms)
✔ binding replacement cancels the old chord and the replacement still uses the host clock (0.587596ms)
✔ disposing a pending chord clears the host timer and prevents further scheduling (0.499884ms)
✔ default host timeout reports an incomplete chord and allows a fresh complete chord (1.135292ms)
✔ a deferred exact binding executes once when its default host timer expires (0.60981ms)
✔ injected clocks retain their own method receiver through replacement and disposal (0.598162ms)
✔ host availability refuses custom providers before invocation and announces its explicit reason without an error toast (4.689181ms)
✔ local document and project providers remain available when the host exempts them (14.875872ms)
✔ eligibility preserves cancellation and does not revive requests after editor disposal (0.687797ms)
✔ A20 disk defaults still reject source files or save text exceeding 2000000 bytes (8.776715ms)
✔ A20 explicit readDirectory limits permit >2MB source save and survive the read/write boundary (184.267267ms)
✔ A20 FileList limits propagate to DiskWorkspace and total encoded bytes preflight every write (12.622705ms)
✔ A20 UTF-16 limits count encoded bytes including BOM and retain encoding on save (2.535127ms)
✔ A20 serialized saves reject a queued stale version and permission-time conflicts before writing (5.030841ms)
✔ actual C# worker supplies invocation commit characters for source and intrinsic methods only (99.056862ms)
✔ typing a method invocation opener commits the selected real provider item and the opener in one undo step (8.857126ms)
✔ suggestion mode keeps an invocation opener available to typing and Escape preserves the prefix (4.211501ms)
✔ read-only completion does not consume a commit character or mutate the source (3.739779ms)
✔ preview has a visual root but publishes original source without undo entries or change events (4.76758ms)
✔ non-owner edits, history, checkpoint restores and competing previews reject without mutation (1.588054ms)
✔ preview ownership epochs reject old prepared commits and editor rebinding after exact-root restoration (0.656209ms)
✔ async preparation cannot cross a preview ownership cycle even when root and version are restored (1.160009ms)
✔ saved markers survive preview cancellation and no-op save captures the committed root (1.116614ms)
✔ ordinary atomic silent commits publish every root before the first model notification (1.227631ms)
✔ disposal restores the published source and invalidates delayed preview capabilities (0.509859ms)
✔ a low-level buffer mutation invalidates publication ownership without restoring over external text (0.655989ms)
✔ a borrowed buffer remains externally owned and stale preview disposal preserves its advanced root (0.57726ms)
✔ the preview owner cannot prepare a write over an independently advanced buffer (0.449217ms)
✔ committed notification ownership survives preview acquisition but cannot be forged or replayed (0.597972ms)
✔ preview restoration repaints every live view of its model and leaves different documents untouched (3.756735ms)
✔ A20 prefixWorkspace rebases persistent source identity and leaves the input model caller-owned (7.262692ms)
✔ A20 manifest extraction rebases source identities after validating all destination paths (9.235888ms)
✔ A20 unchanged source paths preserve descriptors and model ownership without a rebase provider (4.679356ms)
✔ A20 failed rebasing disposes only newly created models and preserves every original (3.957498ms)
✔ A20 invalid manifest settings reject before any prepared source is rebased (1.288463ms)
✔ A20 nested manifest rebasing keeps granted disk handles, source baselines and save versions aligned (13.05727ms)
✔ A20 rebased disk sessions serialize with pending original saves and reject their stale baseline (12.474261ms)
✔ A20 FileList→DiskWorkspace→ProjectSystem retains prepared descriptors and never reads lazy source text during discovery (10.529079ms)
✔ A20 failed and cancelled FileList reads dispose their own completed models and publish no partial batch (5.064363ms)
✔ A20 failed directory iteration disposes prepared models after traversal loses access (1.956007ms)
✔ A20 prepared utf-8 source saves captured snapshots in chunks, preserving BOM, pairs and disk versions (31.527697ms)
✔ A20 prepared utf-16le source saves captured snapshots in chunks, preserving BOM, pairs and disk versions (21.716259ms)
✔ A20 prepared utf-16be source saves captured snapshots in chunks, preserving BOM, pairs and disk versions (19.535829ms)
✔ A20 snapshot saves enforce encoded byte limits before write permission or stream creation (2.128979ms)
✔ A20 prepared baseline checks detect permission-time external changes before any stream opens (6.989329ms)
✔ A20 prepared save I/O failure aborts its stream and retains the prior baseline and disk version (8.256574ms)
✔ A20 invalid source reader records are rejected and cleaned up without a lazy text read (1.992754ms)
✔ A20 default binary-source handling remains intact while explicit reader limits reject before slicing (4.834706ms)
✔ A20 public source encoding shares exact BOM/byte bounds and leaves stream commit ownership with the caller (4.679002ms)
✔ ordinary diagnostics keep their immediate severity, range and empty-result behavior (3.117549ms)
✔ latest pending analysis is normalized against committed source and flushed by actual preview restoration (2.042217ms)
✔ an empty pending result clears earlier errors when the preview releases (0.79622ms)
✔ preview release repaints a secondary shared view and flushes its own pending diagnostics (0.929331ms)
✔ a replacement model with the same URI and version never receives a previous model pending result (0.977633ms)
✔ a source committed before deferred delivery invalidates the captured pending result (3.484581ms)
✔ a disposed presentation cannot flush or retain pending source diagnostics (0.649288ms)
✔ text and resource rename produce one immutable complete host plan without editing live models first (2.522121ms)
✔ workspace resource support is evaluated again when the host mode changes after preview (0.762159ms)
✔ stale targets, resource collisions, readonly source and host failure leave source unchanged (1.819893ms)
✔ unversioned and unsupported resource operations fail before the host receives any plan (0.581266ms)
✔ real bound type rename preview restores original source, selection and undo after changing options (103.13572ms)
✔ provider invalidation is scoped, explicitly disposable and does not fabricate source changes (0.908439ms)
✔ rename preview refuses a newer low-level buffer revision even when external edits reproduce its displayed bytes (1.074539ms)
✔ changing the active model restores only the captured rename preview and refuses another preview (0.422376ms)
✔ live rename option changes never publish preview source into the monotonic bound workspace (104.291362ms)
✔ committing an expanded preview publishes one atomic undo entry before background requests resume (10.585233ms)
✔ request suspension aborts pending providers and independent leases release idempotently (3.017278ms)
✔ disposing a visible rename restores exact source and releases provider ownership (5.809746ms)
✔ same-model secondary views remain suspended through restored-source rename request windows (5.129592ms)
✔ CodeLens commands and legacy references cannot dispatch from an active rename preview (5.731177ms)
✔ model switch before a delayed update closes the captured rename without querying the new document (4.342765ms)
✔ actual insights changed lifecycle cancels rename on same-URI model replacement (4.005907ms)
✔ removing workspace ownership closes rename even while its old editor still references the model (3.965297ms)
✔ a failed final commit closes the released capability and resumes normal requests (5.223012ms)
✔ async resource Apply forwards real cancellation and its old finally cannot close a newer rename (3.982593ms)
✔ ReSharper-like is a native profile with stable identity and preserves the Visual Studio default (13.737925ms)
✔ duplicate edits every selected range in one model transaction and undo restores primary direction (5.398496ms)
✔ line duplication and joining use native CRLF-aware commands (2.661932ms)
✔ line and shifted-punctuation block comment shortcuts change the real model and remain reversible (3.107874ms)
✔ ReSharper move-line gestures preserve the original line terminators and undo history (2.41502ms)
✔ language and selection gestures invoke the supported provider contract exactly once (2.299426ms)
✔ navigation and browser-alternative chords preserve query arguments, URI and caret at the host seam (2.40823ms)
✔ a language provider can complete formatting and rename through the same model and shared undo stack (2.973412ms)
✔ absent snippet providers report explicit unavailability and never edit the document (1.523927ms)
✔ read-only, composing, AltGraph and disposed views cannot perform ReSharper edits (1.185637ms)
✔ the portable Mac mapping uses Meta and retains browser chord alternatives (1.085977ms)
✔ profile switches preserve model identity, undo, selections, folds, bookmarks and modal state (5.210153ms)
✔ A20 Save As without a utf-8 BOM retains the encoding on both later baseline checks (26.496955ms)
✔ A20 utf-8 output refuses unpaired surrogates before closing or downloading (24.179502ms)
✔ A20 utf-8 disk preflight rejects lossy captured and legacy input before opening a stream (1.691219ms)
✔ A20 Save As without a utf-16le BOM retains the encoding on both later baseline checks (16.258314ms)
✔ A20 utf-16le output refuses unpaired surrogates before closing or downloading (23.361679ms)
✔ A20 utf-16le disk preflight rejects lossy captured and legacy input before opening a stream (2.103431ms)
✔ A20 Save As without a utf-16be BOM retains the encoding on both later baseline checks (16.60104ms)
✔ A20 utf-16be output refuses unpaired surrogates before closing or downloading (19.099686ms)
✔ A20 utf-16be disk preflight rejects lossy captured and legacy input before opening a stream (2.090421ms)
✔ A20 direct source output reports a boundary high surrogate and leaves abort/close ownership to its caller (0.717381ms)
✔ A20 the default disk reader retains an explicitly known no-BOM UTF-16 baseline (7.685333ms)
✔ A20 source output rejects NUL and an ambiguous leading BOM character without committing or downloading (1.600863ms)
✔ A20 rebasing retains the old encoded-byte baseline when the prepared source has changed (2.344183ms)
✔ A20 unchanged rebasing keeps a provably current byte baseline without reading text (1.629967ms)
✔ A20 a no-option save of an actual 200 MiB line is synchronous; enabled tail trim commits once without a whole-text view (1272.174863ms)
✔ A20 trailing-whitespace scans use bounded backward windows and yield before finishing a long logical line (478.811359ms)
✔ A20 save normalization matches terminator/trim semantics while preserving significant whitespace and one undo transaction (140.10977ms)
✔ A20 aborted normalization leaves source, selections, dirty marker and undo history untouched (2.153106ms)
✔ A20 changed source, replaced model and changed text options reject private normalization before commit (1.635526ms)
✔ A20 private preparation rejects invalid limits and excessive edits without applying a partial line batch (1.170685ms)
✔ A20 prepared commits use the latest view selections and the shared contribution transaction (13.647327ms)
✔ A20 trimming before a requested final newline retains a content-end caret before that new terminator (0.670551ms)
✔ A20 a shared read-only transition during preparation never changes the buffer (11.260289ms)
✔ A20 Save As starts the picker before asynchronous preparation and writes only its exact replacement capture (6.874605ms)
✔ A20 dismissing a picker never runs a normalization callback (0.662088ms)
✔ A20 cancellation or a preparation rejection cannot open a write stream or download (0.913016ms)
✔ A20 a replacement capture must retain URI and a current, consistent version before write acquisition (0.903793ms)
✔ A20 download fallback prepares exactly once and still cannot report a confirmed native save (3.388459ms)
✔ single-match navigation reaches forward and backward origins beyond 10000 earlier matches (2.959964ms)
✔ navigation finds nearest overlapping matches and wrapped spans crossing the original origin (0.614136ms)
✔ scalar matches survive chunk seams and origins inside UTF-16 pairs in either direction (5.45792ms)
✔ navigation retains literal case folding, Unicode word boundaries and merged selection exclusions (1.741617ms)
✔ a near-end origin in a virtual 200 MiB ASCII source requests only bounded nearby slices (0.691253ms)
✔ cooperative navigation holds an immutable source snapshot while the original buffer changes (2.48682ms)
✔ step and elapsed limits fail explicitly before an incomplete scan could report wrapping or no match (0.80271ms)
✔ navigation honors cancellation before scanning and between cooperative chunks (0.635978ms)
✔ navigation rejects invalid bounds and oversized exclusions without reading unbounded source text (1.020699ms)
✔ Add Next Occurrence advances after the primary range beyond 10000 matches and wraps around selected ranges (2.146126ms)
✔ Add Next Occurrence skips existing ranges and preserves the explicit 10000-selection capacity (15.208602ms)
✔ Add Next Occurrence excludes a candidate containing an existing empty caret (0.732084ms)
✔ source query model is cached per complete source/options revision (75.470007ms)
✔ namespace-qualified class bases, interfaces and members build distinct Class View branches (9.255296ms)
✔ bound reads, writes, declarations, compound updates and ref/out/in retain filterable metadata (33.977703ms)
✔ a written property does not classify its receiver as written (14.946567ms)
✔ tuple deconstruction writes are distinct from tuple reads (6.794756ms)
✔ partial generic type rename covers aliases, constructors, arrays, qualified names and typeof (37.195761ms)
✔ comment/string options use lexical spans and whole identifiers, including interpolation (18.202055ms)
✔ rename refuses collisions, captures, generated targets and existing resource destinations (10.05424ms)
✔ renaming Unicode source identifiers preserves UTF-16 offsets after an astral prefix (10.660514ms)
✔ parameter hints follow the selected overload and omit explicitly named arguments (6.903089ms)
✔ constructor and extension hints use parameter mapping without labeling the extension receiver (6.417036ms)
✔ worker and LSP preparation accept source types and return read/write highlights (12.350508ms)
✔ pure Outline worker routes the safe semantic reorder leaf and rejects stale versions (3.177015ms)
✔ framework hover carries a structured callable target for metadata navigation (3.731817ms)
✔ nameof and selected method-group conversions retain actual bound source references (14.373102ms)
✔ first and repeated signature queries retain their document owner in a shared source model (113.826773ms)
✔ exact opening lookup and caret lookup preserve nested-call boundaries through closing delimiters (9.14601ms)
✔ unresolved inner invocations hide an outer tip only while the caret belongs to the inner call (12.358806ms)
✔ a replacement source model has independent cached signatures while the captured revision remains readable (8.646908ms)
✔ A20 prepared utf-8 ingress retains BOM and streaming decoder state at byte boundaries (165.939546ms)
✔ A20 prepared utf-16le ingress retains BOM and streaming decoder state at byte boundaries (228.556084ms)
✔ A20 prepared utf-16be ingress retains BOM and streaming decoder state at byte boundaries (225.23453ms)
✔ A20 prepared empty and BOM-only files remain empty and editable without load history (10.978593ms)
✔ A20 Studio reads >2 MB File inputs in bounded slices and retains a stable original snapshot (26.678308ms)
✔ A20 source loading cancels before I/O and between chunks without returning a partial model (3.278563ms)
✔ A20 invalid chunk bounds and resource limits fail before a File read (0.655419ms)
✔ A20 malformed encodings, binary NUL, inconsistent chunks and I/O failures reject the staged load (11.669847ms)
✔ A20 CodeEditor large-file policy adopts only a complete decoded model and detects disposed loads (38.417267ms)
✔ Save As invokes the picker during the calling gesture before any source read (12.941022ms)
✔ Save As preserves utf-8, BOM, split surrogate pairs, and CRLF (6.448774ms)
✔ Save As preserves utf-16le, BOM, split surrogate pairs, and CRLF (7.900273ms)
✔ Save As preserves utf-16be, BOM, split surrogate pairs, and CRLF (6.468254ms)
✔ Save As writes the BOM for empty sources and supports captured legacy text data properties (3.205874ms)
✔ Save As streams an actual 200 MiB ASCII source without retaining or reading whole text (7240.459514ms)
✔ a cancelled native picker leaves the source unread and does not initiate an export (1.568465ms)
✔ pre-cancellation skips the picker and cancellation while acquiring a stream aborts it unread (0.752725ms)
✔ cancellation aborts a pending native write and never commits or writes a second chunk (1.47282ms)
✔ a native save is not confirmed until close completes; late cancellation does not undo a committed save (1.107299ms)
✔ a picker failure rejects, never exports, and aborts an acquired native stream (0.694768ms)
✔ a createWritable failure rejects, never exports, and aborts an acquired native stream (0.194764ms)
✔ a write failure rejects, never exports, and aborts an acquired native stream (0.247363ms)
✔ a close failure rejects, never exports, and aborts an acquired native stream (1.871832ms)
✔ encoded output caps, progress errors, and failed cleanup remain explicit failures (1.031365ms)
✔ a byte cap after a completed chunk aborts staged output and does not close the destination (1.209995ms)
✔ invalid native handles and streams report explicit errors, with cleanup when available (0.369187ms)
✔ download fallback with no picker preserves binary encoding but cannot confirm a save (1.662316ms)
✔ download fallback with read-only handle preserves binary encoding but cannot confirm a save (1.821176ms)
✔ download fallback with unsupported writable preserves binary encoding but cannot confirm a save (1.673794ms)
✔ download cancellation and unavailable hosts reject or cancel before falsely claiming an export (4.504241ms)
✔ the browser fallback uses a binary Blob URL and removes its temporary download link (1.901567ms)
✔ invalid source metadata and mutable or lazy-only sources fail before a picker opens (0.425341ms)
✔ suggested names use URI basenames, including Windows paths and empty trailing components (3.984868ms)
✔ a complete 501-file loose-source import stages without mutating existing sources (654.260657ms)
✔ failed later source reads leave every existing input untouched and enforce encoding/path policy (2.54698ms)
✔ legacy JSON project conversion retains settings and rejects invalid metadata before loading (1.009061ms)
✖ 200 MiB File reaches the actual Studio workspace model through chunked ingress with automatic work bounded (2724.241221ms)
✔ rejected settings and cancelled selection release new prepared models without changing the current workspace (12.57158ms)
✔ adding prepared files retains current projects, dirty models and private launch settings (9.906589ms)
✔ committed document callback errors still install matching project metadata and retain adopted models (4.194092ms)
✔ bulk Studio save passes captured roots and preserves newer edits after partial disk completion (2.582854ms)
✔ Save As download outcome retains dirty state and a replaced workspace cannot receive a late saved marker (3.452354ms)
✔ whole workspace limits count actual UTF-16 encoded bytes across imported files (11.352984ms)
✔ workspace budgets include binary file count and aggregate bytes (2.34809ms)
✔ edited source roots are counted again instead of trusting original encoded metadata (3.384783ms)
✔ empty binary recovery succeeds and recovery preflight errors are reported without escaping (6.007866ms)
✔ a saved project-file selection cannot become a source document active URI (16.313788ms)
✔ SF-A20-T25: region wrapping preserves LF body endings and does not indent later lines (4.976191ms)
✔ SF-A20-T25: block wrapping uses configured two-space indentation with LF (2.015238ms)
✔ SF-A20-T25: region wrapping preserves CRLF body endings and does not indent later lines (0.602518ms)
✔ SF-A20-T25: block wrapping uses configured two-space indentation with CRLF (0.498281ms)
✔ SF-A20-T25: region wrapping preserves CR body endings and does not indent later lines (0.519293ms)
✔ SF-A20-T25: block wrapping uses configured two-space indentation with CR (0.409367ms)
✔ SF-A20-T25: mixed body terminators are unchanged while new wrapper lines use configured EOL (0.496107ms)
✔ SF-A20-T25: region preserves existing body indentation with indentation excluded from the selection (0.679725ms)
✔ SF-A20-T25: block templates use tabs and preserve relative body tabs (0.57037ms)
✔ SF-A20-T25: each selected-text placeholder follows its own indentation context (0.631542ms)
✔ SF-A20-T25: selected snippet-looking text and empty lines remain literal (0.366633ms)
✔ SF-A20-T25: read-only surrounding does not modify text or history (0.236737ms)
✔ SF-A20-T25: template EOL adaptation includes CR and preserves the existing public literal-indent contract (0.245119ms)
✔ SF-A20-T25: contextual variable formatting preserves placeholder ranges and rejects invalid formatter output (0.521716ms)
✔ B01: Visual Studio Ctrl+K Ctrl+S reaches Surround With once and applies a production snippet in one undo (17.150353ms)
✔ B01: a missing Surround With provider reports its absence without opening code actions (1.967206ms)
✔ SF-A20-T41: untabify resets visual columns at every LF line (2.253206ms)
✔ SF-A20-T41: tabify converts every LF indentation without changing terminators (0.328144ms)
✔ SF-A20-T41: untabify resets visual columns at every CRLF line (0.208274ms)
✔ SF-A20-T41: tabify converts every CRLF indentation without changing terminators (0.107302ms)
✔ SF-A20-T41: untabify resets visual columns at every CR line (0.156616ms)
✔ SF-A20-T41: tabify converts every CR indentation without changing terminators (0.138419ms)
✔ SF-A20-T41: tab conversion preserves mixed EOL, blank lines and tab columns in mixed indentation (0.19201ms)
✔ SF-A20-T41: disjoint multiline selections convert in one undo transaction and restore selection state (4.696109ms)
✔ SF-A20-T41: read-only tab conversion leaves the model and history unchanged (0.495397ms)
✔ source-indexed lenses are unresolved and lazy, ordered, project-owned and never materialize document text (2.988274ms)
✔ actual editor service command runs only the selected registry test through TaskCenter and refreshes real status (2.478036ms)
✔ real failed and skipped outcomes resolve with their observed state and do not fabricate timing (0.929381ms)
✔ forged or stale source, span, test and project identities cannot resolve or execute (1.548524ms)
✔ linked documents require exact stable project ownership; a display label never selects a project (0.696691ms)
✔ discovery invalidates moved locations and captures omitted versions only on actual rediscovery (0.633556ms)
✔ cancelling a lens run preserves an independent Test Explorer run and reports actual cancellation (0.96832ms)
✔ unregistering a real provider aborts its run, invalidates lenses and cannot leave a clickable old action (0.84871ms)
✔ disposing CodeLens cancels only its runs, removes refresh listeners and rejects later requests (0.928369ms)
✔ an optional operation wrapper cannot bypass provider execution or reuse its delayed run after completion (0.513764ms)
✔ deferred execution revalidates source and discovery ownership before starting the test (0.45783ms)
✔ provider errors still emit final invalidation and resolve to the actual failed registry state (0.471241ms)
✔ pre-aborted requests and malformed commands fail before starting provider work (0.555117ms)
✔ document bounds and the editor lens cap reject unusable or excessive discoveries explicitly (12.866426ms)
✔ A20 multi-caret editing commits one undo group and grapheme delete preserves boundaries (4.336197ms)
✔ A20 deletion boundaries and smart newline at EOF are valid no-ops or atomic edits (1.066668ms)
✔ A20 overtype never replaces a newline and virtual space is materialized only by typing (0.658192ms)
✔ A20 advanced transforms preserve multi-caret atomicity and Unicode case expansion (1.370496ms)
✔ A20 editorconfig precedence changes indentation per path and save applies EOL trim/final newline (2.047877ms)
✔ A20 clipboard ring bounds entries and drag move preserves one undo transaction (0.529849ms)
✔ A20 bookmarks and unsaved/saved/reverted change marks follow undo (0.874207ms)
✔ A20 chunk loading commits once and cancellation or malformed UTF-8 keeps original model (13.240189ms)
✔ A20 advanced caret transforms and disjoint line moves preserve EOLs and undo selections (3.662992ms)
✔ A20 advanced sorting preserves CRLF and read-only rejects transforms (0.658382ms)
✔ A20 incremental syntax reconverges within 200 lines in a 100000-line document (588.624576ms)
✔ A20 incremental syntax matches full lexing after multiline literal and comment edits (4.437519ms)
✔ A20 folding validates nesting and expands edits in hidden ranges (0.735439ms)
✔ A20 folding state persists per document and fallback handles regions comments usings (2.288259ms)
✔ A20 folding ignores stale and disposed language responses (0.594857ms)
✔ A20 typed folding provider cancels older requests and restores saved collapsed state after discovery (0.439763ms)
✔ A20 native clipboard retains per-caret fragments, line-copy metadata and malformed payload fallback (4.746725ms)
✔ A20 view model adapter follows document switches and keeps view selections independent (0.348025ms)
✔ A20 synthetic composition commits once, cancels safely and cannot cross document identity (0.798734ms)
✔ A20 rename preview refreshes token/layout caches without publishing or recording edits (1.789958ms)
✔ A20 line layout round trips grapheme offsets, tabs, CJK and emoji (3.273865ms)
✔ A20 visual line map handles 500000 lines with wraps, hidden intervals and inverse lookup (6.53466ms)
✔ A20 wrap covers source without splitting extended graphemes (0.673075ms)
✔ A20 viewport bounds materialized rows and folds preserve logical line numbering (32.086002ms)
✔ A20 whitespace changes only decoration data and overview endpoints are exact (0.465332ms)
✔ A20 leading and inline zones retain row mapping through repeated layout resets (1.221251ms)
✔ A20 long-line fragments clamp stale horizontal scroll and use bounded text reads (1.571039ms)
✔ Vim block deletion uses display columns across partial tabs, wide graphemes, combining text and short lines (29.050773ms)
✔ Vim block change types on every selected row and retains virtual space in one history group (5.87799ms)
▶ Vim block insert, append and end-of-line append honor their distinct short-line behavior
  ✔ I ! Escape (3.138131ms)
  ✔ A ! Escape (3.626407ms)
  ✔ $ A ! Escape (2.314358ms)
  ✔ D (1.939754ms)
  ✔ C ! Escape (2.468902ms)
✔ Vim block insert, append and end-of-line append honor their distinct short-line behavior (14.649894ms)
✔ Vim block registers preserve rows on counted normal puts, visual puts and puts beyond the final line (4.545822ms)
✔ Vim asynchronous clipboard keeps block metadata only while clipboard text still matches (2.705619ms)
✔ Vim visual replacement splits tabs and fills virtual cells without splitting surrogate pairs (4.605402ms)
▶ Vim block shifts use the left boundary, count, shift width and tab policy
  ✔ 2 > spaces=true (2.091113ms)
  ✔ < spaces=true (1.483186ms)
  ✔ 2 > spaces=false (1.437437ms)
✔ Vim block shifts use the left boundary, count, shift width and tab policy (5.570257ms)
✔ Vim normal vertical moves preserve display column and block corner switches preserve the selected rectangle (2.072143ms)
▶ Vim visual aliases operate on the selected text rather than normal-mode single-character ranges
  ✔ x (1.39287ms)
  ✔ U (1.697279ms)
  ✔ u (0.683149ms)
  ✔ ~ (0.836261ms)
  ✔ r# (0.865224ms)
✔ Vim visual aliases operate on the selected text rather than normal-mode single-character ranges (6.380418ms)
✔ Vim block edits reject malformed metadata, excessive virtual replacement and locked models before mutation (1.149023ms)
✔ selection normalization deterministically merges overlap and preserves primary direction and head alias (2.4616ms)
✔ model stores operation undo independent of a 500 KB document and restores save points (69.515751ms)
✔ five-caret typing is one undo step with exact selection restore; time/command coalescing has explicit boundaries (1.52538ms)
✔ random operations undo and redo against retained string oracles (37.17972ms)
✔ model prepares atomic workspace participants and rollback preserves document/history/selection/scroll (0.937042ms)
✔ multi-caret commands add occurrences, remove newest and insert line-end carets (10.250262ms)
✔ box typing splits partial tabs, uses wide visual columns and inserts virtual spaces (2.476403ms)
✔ multicaret clipboard round-trips N fragments and rectangular pastes grow missing lines atomically (1.604689ms)
✔ box deletion avoids manufacturing virtual spaces and insertion budgets reject before any model edit (0.600295ms)
✔ explicit nested groups override per-command stops and selection jumps while preserving saved state identity (0.583891ms)
▶ Vim counts multiply operators, motions and line ranges and each edit undoes as one operation
  ✔ 2d2w (18.346135ms)
  ✔ 2dd (1.962839ms)
  ✔ Gdd (1.804811ms)
  ✔ de (1.571289ms)
  ✔ dw (2.471846ms)
  ✔ D (0.997403ms)
  ✔ J (1.023293ms)
  ✔ gJ (1.30694ms)
✔ Vim counts multiply operators, motions and line ranges and each edit undoes as one operation (30.930446ms)
✔ Vim normal movements, finds and character deletes stay at grapheme and CRLF line boundaries (5.456775ms)
▶ Vim word-end, backward-end, find/till, paragraph, line and document motions have expected offsets
  ✔ 2w at 0 (0.807717ms)
  ✔ ge at 8 (1.620973ms)
  ✔ 2ge at 8 (0.545453ms)
  ✔ 2e at 0 (0.608647ms)
  ✔ W at 0 (1.100479ms)
  ✔ fc at 0 (0.693686ms)
  ✔ tc at 0 (0.567075ms)
  ✔ Fa at 6 (0.602078ms)
  ✔ tB at 0 (0.55715ms)
  ✔ } at 0 (0.456318ms)
  ✔ ^ at 5 (1.235202ms)
  ✔ 0 at 6 (0.538361ms)
  ✔ G at 0 (0.520475ms)
  ✔ gg at 12 (0.514736ms)
  ✔ 2G at 0 (0.514656ms)
✔ Vim word-end, backward-end, find/till, paragraph, line and document motions have expected offsets (12.024947ms)
▶ Vim change, insert, replace and open-line sessions share one explicit history group
  ✔ c w N E W Escape (2.046144ms)
  ✔ i a b c Escape (0.783611ms)
  ✔ R X Y Escape (0.783481ms)
  ✔ r 😀 (0.701327ms)
  ✔ o X Escape (1.588635ms)
  ✔ O X Escape (0.719435ms)
  ✔ c c X Escape (0.798604ms)
✔ Vim change, insert, replace and open-line sessions share one explicit history group (8.098979ms)
▶ Vim text objects use half-open word, quote, nested bracket, sentence and paragraph ranges
  ✔ diw (0.793837ms)
  ✔ daw (0.734958ms)
  ✔ di" (0.605773ms)
  ✔ di( (0.671342ms)
  ✔ 2da( (0.604221ms)
  ✔ dis (0.621957ms)
  ✔ dip (1.79779ms)
✔ Vim text objects use half-open word, quote, nested bracket, sentence and paragraph ranges (6.482743ms)
✔ Vim visual character, line and block operators edit the real multi-selection model (4.204388ms)
✔ Vim visual put replaces the selected range instead of inserting beside it (1.084785ms)
✔ Vim indent, case operators, matching pairs and repeated find use their native command ranges (3.921181ms)
✔ Vim named, appended, yank, numbered and black-hole registers preserve their contracts (1.20788ms)
✔ Vim marks track buffer edits, retain profile state and route cross-document jumps through the host (2.279827ms)
✔ Vim macros, repeated changes and insertion replay use one undo group per replay (3.099623ms)
✔ Vim search uses bounded regex with wraparound, counts and reverse direction (29.733371ms)
✔ Ex substitution captures, line scopes, flags and bounded failures are atomic (6.722308ms)
✔ Ex settings and workspace requests use the common host and honor failed saves (1.920856ms)
✔ Vim denied system-register delete and paste leave the model unchanged (1.209814ms)
✔ Vim delayed clipboard and prompt responses reject stale or disposed editor state (1.69865ms)
✔ Vim read-only mode and browser composition preserve the text and undo state (1.2071ms)
﹣ Unsupported target: shell commands and external filters (0.082785ms) # The browser editor has no shell or process-execution authority.
﹣ Unsupported target: Vimscript and plugin loading (0.046841ms) # The native modal adapter is not a Vimscript interpreter or plugin runtime.
﹣ Unsupported target: terminal buffers (0.031187ms) # Terminal emulation is outside the editor document and keymap scope.
﹣ Unsupported target: native Vim regex extensions (0.062574ms) # Search uses the documented bounded regex engine rather than Vim magic expressions.
﹣ Unsupported target: operating-system primary selection (0.039139ms) # The injected asynchronous clipboard API exposes ordinary clipboard text.
﹣ Unsupported target: unlimited recursive macros (0.032429ms) # Native macros have explicit recursion, key-count and register-memory budgets.
﹣ Unsupported target: desktop Vim executable parity (0.025428ms) # Node fixtures qualify this native model; no installed desktop Vim is used as an oracle.
﹣ Unsupported target: browser key interception and assistive technology (0.0268ms) # Operating-system/browser key delivery and screen readers need browser/manual qualification.
✔ 0.5 refactor: introduce whole initializer preserves side effects once (132.325746ms)
✔ 0.5 refactor: introduce return expression stays inside block (17.50338ms)
✔ 0.5 refactor: introduce local avoids existing names (10.735045ms)
✔ 0.5 refactor: no extraction from conditional branch or call argument (7.817767ms)
✔ 0.5 refactor: no extraction from a for initializer (6.269232ms)
✔ 0.5 refactor: inline immutable literal preserves type and all references (8.818386ms)
✔ 0.5 refactor: mutable local is not offered for inline (5.063625ms)
✔ 0.5 refactor: overload-affecting literal widening is not inlined (4.038038ms)
✔ 0.5 refactor: invert if keeps one condition evaluation (16.88667ms)
✔ 0.5 refactor: expand initialized auto-property preserves get/set execution (28.877689ms)
✔ 0.5 refactor: expansion preserves static initializer and private setter (23.345898ms)
✔ 0.5 refactor: getter-only constructor property is not expanded unsafely (4.32452ms)
✔ 0.5 refactor: stale structural edit fails atomically (2.286277ms)
✔ 0.5 editor: bracket pairs ignore comments and escaped string punctuation (0.724562ms)
✔ 0.5 editor: unmatched delimiters are not paired across mismatch (0.140923ms)
✔ 0.5 editor: lexical insertion contexts include EOF comments and incomplete strings (0.504771ms)
✔ 0.5 editor: literal replacement honors UTF-16, word and case constraints (1.51917ms)
✔ 0.5 editor: search text is literal rather than regex (0.259511ms)
✔ 0.5 editor: replacement preflights result and match limits (8.690372ms)
✔ 0.5 editor: duplicate selected whole lines excludes trailing newline (0.239962ms)
✔ 0.5 editor: duplicate last line upward and validate ranges (1.298758ms)
✔ 0.6 highlight: indexed source preserves all UTF-16 and trivia characters (3.952048ms)
✔ 0.6 highlight: scrolling large files renders a bounded line window (759.688885ms)
✔ 0.6 highlight: lexical fallback still renders only the viewport (0.631352ms)
✔ 0.6 highlight: huge-line token budget preserves text without thousands of nodes (93.913018ms)
✔ 0.6 highlight: multiline comment clipping remains classified as comment (0.541787ms)
✔ 0.6 highlight: invalid viewport arguments fail without loops (0.756441ms)
✔ 0.6 selection: nesting strictly grows and retains UTF-16 positions (7.030029ms)
✔ 0.6 refactoring: make int const (124.730925ms)
✔ 0.6 refactoring: make var const (20.127525ms)
✔ 0.6 refactoring: make string const (14.427561ms)
✔ 0.6 refactoring: conditional return evaluation (37.360101ms)
✔ 0.6 refactoring: conditional return CRLF (20.58779ms)
✔ 0.6 refactoring: expression body method (31.811355ms)
✔ 0.6 refactoring: expression body void (13.127782ms)
✔ 0.6 refactoring: scoped using (25.656851ms)
✔ 0.6 refactoring: scoped using names remain bounded (23.8918ms)
✔ 0.6 refactoring: mutable/nonexact/already const no make-const int x=1;x++;Console.WriteLine(x); (5.18001ms)
✔ 0.6 refactoring: mutable/nonexact/already const no make-const int x=1;x+=2;Console.WriteLine(x); (3.000283ms)
✔ 0.6 refactoring: mutable/nonexact/already const no make-const int x=1;x=2;Console.WriteLine(x); (3.869133ms)
✔ 0.6 refactoring: mutable/nonexact/already const no make-const double x=1;Console.WriteLine(x); (2.69283ms)
✔ 0.6 refactoring: mutable/nonexact/already const no make-const const int x=1;Console.WriteLine(x); (1.860435ms)
✔ 0.6 refactoring: does not delete comments Use expression-bodied (2.319557ms)
✔ 0.6 refactoring: does not delete comments Use conditional return (2.903227ms)
✔ 0.6 refactoring: does not delete comments Use scoped using (4.163978ms)
✔ 0.6 refactoring: make-const stale edit is rejected atomically (2.157763ms)
✔ 0.6 navigation: bidirectional document locations preserve selections (0.376228ms)
✔ 0.6 navigation: origin cursor refresh does not create phantom jumps (0.177017ms)
✔ 0.6 navigation: new jump truncates forward history and deduplicates (0.963743ms)
✔ 0.6 navigation: retained history is bounded and immutable (0.198229ms)
✔ 0.6 navigation: invalid locations and limits rejected (0.225119ms)
✔ piece table: 100000 deterministic mixed-EOL/UTF-16 edits match a string oracle (495.076754ms)
✔ piece table: reading a 100 MB buffer boundary materializes only the requested slice (779.758849ms)
✔ line index: CRLF seams, CR/LF splits and all coordinate boundaries remain exact (1.840875ms)
✔ text buffer: multi-edits are one immutable version with inverse coordinates and exact ranges (1.063473ms)
✔ text buffer: prepare/commit is atomic; overlap, stale versions and disposed changes fail explicitly (0.560925ms)
✔ text buffer: indexed EOL metadata and UTF encodings preserve BOM, mixed endings and final newline (1.034149ms)
✔ text buffer: start/middle/end edits in one million lines remain indexed and below a 2 ms p95 budget (96.508211ms)
ℹ [{"region":"start","median":0.006329000000050655,"p95":0.009765000000015789},{"region":"middle","median":0.00796200000013414,"p95":0.01173800000015035},{"region":"end","median":0.004447000000027401,"p95":0.015903999999864027}]
✔ cooperative preparation matches synchronous UTF-16 ranges and publishes only at its explicit commit (16.128355ms)
✔ cooperative large inverse construction yields while retaining one model undo operation (145.231182ms)
✔ cooperative preparation honors cancellation, disposal and snapshot identity without publishing partial changes (3.224341ms)
✔ cooperative ordered edit input validates bounds, ordering, edit count and chunk controls (0.764543ms)
✔ cooperative insertion normalizes CRLF across single-unit windows and keeps the one-version contract (41.820345ms)
✔ adjacent deletions and a replacement retain an unambiguous inverse transaction (1.814446ms)
✔ prepared model binding enforces ownership, current revisions and read-only state (0.869811ms)
✔ Myers diff: randomized scripts round-trip and match the dynamic-programming minimum (33.079783ms)
✔ line diff retains CRLF offsets and bounded character/word refinement (1.274993ms)
✔ diff limits return an exact replacement fallback and cancellation remains explicit (0.922671ms)
✔ merge3 automatically combines independent edits and identical changes (6.774323ms)
✔ merge3 conflicts carry exact stable branch/base/result ranges and preserve dominant EOL (1.104255ms)
✔ bounded regex matches the native safe-fixture oracle: a+/ (3.076538ms)
✔ bounded regex matches the native safe-fixture oracle: a+?/ (0.415076ms)
✔ bounded regex matches the native safe-fixture oracle: a{2,4}/ (0.35767ms)
✔ bounded regex matches the native safe-fixture oracle: (?:ab|a)+/ (0.596699ms)
✔ bounded regex matches the native safe-fixture oracle: (a|b)\1/ (0.505442ms)
✔ bounded regex matches the native safe-fixture oracle: (?<word>\w+):(?<number>\d+)/ (0.481757ms)
✔ bounded regex matches the native safe-fixture oracle: foo(?=bar)/ (0.2186ms)
✔ bounded regex matches the native safe-fixture oracle: foo(?!bar)/ (0.329206ms)
✔ bounded regex matches the native safe-fixture oracle: (?<=foo)bar/ (0.436007ms)
✔ bounded regex matches the native safe-fixture oracle: (?<!foo)bar/ (0.472973ms)
✔ bounded regex matches the native safe-fixture oracle: ^(\w+)\r?$/m (0.42402ms)
✔ bounded regex matches the native safe-fixture oracle: a.*b/s (0.267293ms)
✔ bounded regex matches the native safe-fixture oracle: [a-z]+/i (0.498432ms)
✔ bounded regex matches the native safe-fixture oracle: [^0-9]+/ (1.26016ms)
✔ bounded regex matches the native safe-fixture oracle: a*/ (0.227734ms)
✔ bounded regex matches the native safe-fixture oracle: (?=(aa))/ (0.198379ms)
✔ bounded regex matches the native safe-fixture oracle: (a?)*/ (0.212901ms)
✔ bounded regex matches the native safe-fixture oracle: \p{L}+/ (1.292539ms)
✔ bounded regex matches the native safe-fixture oracle: \u{1F600}/ (0.229867ms)
✔ bounded regex matches the native safe-fixture oracle: \bfoo\b/ (0.297708ms)
✔ bounded regex matches the native safe-fixture oracle: (a(b)?)+/ (0.156046ms)
✔ literal search preserves Unicode folding, UTF-16 spans and whole-word semantics (1.765581ms)
✔ regex replacement expands captures, names, escapes and multiline patterns atomically (0.974419ms)
✔ invalid/unsupported patterns report stable positions instead of native engine errors (0.469177ms)
✔ pathological regex is interrupted inside the interpreter and a process watchdog remains a second boundary (101.614378ms)
✔ search cancellation, result limits and empty-match advancement are bounded (0.783501ms)
✔ grapheme movement keeps clusters intact: "áb" (2.218294ms)
✔ grapheme movement keeps clusters intact: "👩‍👩‍👧‍👦!" (0.618673ms)
✔ grapheme movement keeps clusters intact: "🇵🇱🇯🇵x" (0.294835ms)
✔ grapheme movement keeps clusters intact: "👍🏽👍" (0.142905ms)
✔ grapheme movement keeps clusters intact: "\r\nX" (0.17883ms)
✔ grapheme movement keeps clusters intact: "각각" (0.203858ms)
✔ grapheme movement keeps clusters intact: "क्‍ष" (0.27223ms)
✔ word/subword navigation handles acronym humps, digits, underscores and CJK (11.043439ms)
✔ visual columns distinguish UTF-16 characters, graphemes, tabs, wide characters and virtual space (1.789047ms)
✔ pinned segmentation passes every Unicode 16.0 extended-grapheme conformance row (13.735338ms)
﹣ default and explicit native segmentation retain Unicode 16.0 host compatibility (0.32484ms) # The native comparison is pinned to a Unicode 16.0 Intl runtime
✔ existing editor grapheme fixtures agree with the actual host Intl segmenter (9.106148ms)
✔ chunked columns agree at every UTF-16 position, including split graphemes, pairs, tabs and CRLF (37.123399ms)
✔ a 200 MiB single line yields, stays chunk bounded, and supports exact subsequent cached lookups (2442.757251ms)
✔ an unfinished multi-megabyte combining cluster retains only numeric state across chunks (80.542839ms)
✔ edits reuse the indexed prefix and invalidate changed answers, including surrogate and combining seams (357.301202ms)
✔ unaffected line checkpoints relocate across earlier edits and joined or split lines never reuse wrong columns (1.493893ms)
✔ model columns survive undo/redo, invalidate silent rollback, and retain shared read-only behavior (2.625278ms)
✔ cancel, stale text and disposal reject promptly and release pending work (2.529654ms)
✔ checkpoint, result, line and pending budgets are enforced without a document-length cutoff (3.646448ms)
ℹ tests 722
ℹ suites 0
ℹ pass 712
ℹ fail 1
ℹ cancelled 0
ℹ skipped 9
ℹ todo 0
ℹ duration_ms 39960.53517

✖ failing tests:

test at tests/a20-studio-streamed-workspace.test.js:16:1
✖ 200 MiB File reaches the actual Studio workspace model through chunked ingress with automatic work bounded (2724.241221ms)
  AssertionError [ERR_ASSERTION]: The expression evaluated to a falsy value:
  
    assert(calls.statuses.includes('Large file mode — automatic build disabled'))
  
      at TestContext.<anonymous> (file:///workspace/scratch/6b99131ca908/p16-integration/tests/a20-studio-streamed-workspace.test.js:36:3)
      at async Test.run (node:internal/test_runner/test:1389:7)
      at async startSubtestAfterBootstrap (node:internal/test_runner/harness:387:3) {
    generatedMessage: true,
    code: 'ERR_ASSERTION',
    actual: false,
    expected: true,
    operator: '==',
    diff: 'simple'
  }
