(node:5) [UNDICI-EHPA] Warning: EnvHttpProxyAgent is experimental, expect them to change at any time.
(Use `node --trace-warnings ...` to show where the warning was created)
(node:13) [UNDICI-EHPA] Warning: EnvHttpProxyAgent is experimental, expect them to change at any time.
(Use `node --trace-warnings ...` to show where the warning was created)

> sharpforge@0.14.0 check
> node scripts/run.js check

(node:26) [UNDICI-EHPA] Warning: EnvHttpProxyAgent is experimental, expect them to change at any time.
(Use `node --trace-warnings ...` to show where the warning was created)
(node:38) [UNDICI-EHPA] Warning: EnvHttpProxyAgent is experimental, expect them to change at any time.
(Use `node --trace-warnings ...` to show where the warning was created)
{
  "areas": 30,
  "nodeFiles": 519,
  "browserScripts": 29,
  "unassigned": 0,
  "duplicate": 0
}
(node:50) [UNDICI-EHPA] Warning: EnvHttpProxyAgent is experimental, expect them to change at any time.
(Use `node --trace-warnings ...` to show where the warning was created)
Checked 2172 JavaScript modules; 0 syntax errors.
(node:70) [UNDICI-EHPA] Warning: EnvHttpProxyAgent is experimental, expect them to change at any time.
(Use `node --trace-warnings ...` to show where the warning was created)
{
  "passed": false,
  "inspected": 2168,
  "modules": 2168,
  "errors": [
    {
      "path": "packages/msbuild/src/testing/portable/managed-runtime.js",
      "operation": "dynamic-import",
      "sha256": "54ce8b963ed44a3f204c03409e4a27e75f35387980bd1559045f5a87b38edf65",
      "count": 2,
      "lines": [
        7,
        8
      ],
      "message": "Unreviewed dynamic-code use or changed file"
    },
    {
      "path": "packages/msbuild/src/testing/portable/runtime-data.js",
      "operation": "dynamic-import",
      "sha256": "23d815e243df7943c1952cd1d638ea8d90ae194307a50c697729b6aa3694ffff",
      "count": 2,
      "lines": [
        36,
        44
      ],
      "message": "Unreviewed dynamic-code use or changed file"
    },
    {
      "path": "packages/msbuild/src/testing/portable/source-symbols.js",
      "operation": "dynamic-import",
      "sha256": "b59b8dbaca8c2a9d6a1c921c4b00e1a1e8bcdf4bdd28312ec07659241581e0fa",
      "count": 1,
      "lines": [
        124
      ],
      "message": "Unreviewed dynamic-code use or changed file"
    },
    {
      "path": "packages/project-system/examples/archive-benchmark.mjs",
      "operation": "dynamic-import",
      "sha256": "dcc153e0bcfba418d32f0bb1050824e5d302fa7ab9d6562db4ec3458ed873f99",
      "count": 1,
      "lines": [
        34
      ],
      "message": "Unreviewed dynamic-code use or changed file"
    },
    {
      "path": "packages/workspace/src/vfs/fsa.js",
      "operation": "dynamic-import",
      "sha256": "14d80f2e335390dd109041820f61c362cb7e8214adc3e70904f13c951ffb86aa",
      "count": 1,
      "lines": [
        247
      ],
      "message": "Unreviewed dynamic-code use or changed file"
    },
    {
      "path": "scripts/benchmark-a24-integrity.js",
      "operation": "dynamic-import",
      "sha256": "24bdeba232a89dc616313a351335d799943616ff9f70119ad6fc2aed7de3518a",
      "count": 1,
      "lines": [
        18
      ],
      "message": "Unreviewed dynamic-code use or changed file"
    },
    {
      "path": "tests/a23-native-policy.test.js",
      "operation": "dynamic-import",
      "sha256": "e4eef9974561b6a54b4a79f7602932b045481d0c034e160dfac9410632b06808",
      "count": 1,
      "lines": [
        80
      ],
      "message": "Unreviewed dynamic-code use or changed file"
    },
    {
      "path": "tests/support/a23-native-ui.js",
      "operation": "dynamic-import",
      "sha256": "f554c85f517cd1ac7ab90c8d8a8ad0af323da97d9d65d5e8edbf9991468051b2",
      "count": 3,
      "lines": [
        2,
        3,
        4
      ],
      "message": "Unreviewed dynamic-code use or changed file"
    },
    {
      "path": "tests/support/a24-browser-ui.js",
      "operation": "dynamic-import",
      "sha256": "5bdf69c0e3136d987910f7c816f32f3c7d181f628a03f654badf49f73b6030d8",
      "count": 4,
      "lines": [
        2,
        3,
        4,
        5
      ],
      "message": "Unreviewed dynamic-code use or changed file"
    },
    {
      "path": "tests/support/a24-large-explorer.js",
      "operation": "dynamic-import",
      "sha256": "c8dba0b13dbba415a62292473cae17c9ed4e52740e55943d67bc2978f7d93379",
      "count": 2,
      "lines": [
        2,
        3
      ],
      "message": "Unreviewed dynamic-code use or changed file"
    }
  ]
}
