✔ A23 T11 host seam collects actual report files and exposes only retained session artifacts (17.335866ms)
✔ A23 T11 nonblocking service sessions cancel the host and leave unexecuted tests not-run (6.893265ms)
✔ A23 T11 adapters reject untrusted requests and never turn a missing TRX into passing tests (4.243653ms)
✔ A23 T11 service discovery preserves HTTP source metadata and rejects oversized metadata before execution (3.437307ms)
✔ A23 T11 TRX parses actual per-test outcomes, durations, output and attachment records (3.170724ms)
✔ A23 T11 TRX rejects malformed documents, excessive results and unknown outcome success assumptions (0.941691ms)
✔ A23 T11 filter arguments stay atomic and MTP has explicit TRX capability requirements (0.531692ms)
✔ A23 T11 cancellation leaves remaining tests not-run, bounds progress and reports debugger PID (0.813758ms)
✔ A23 T11 Cobertura retains covered/uncovered lines, branch counts and diagnostics for outside-workspace files (0.781989ms)
✔ A23 T35 native and portable TestCase identities agree after source metadata enrichment (2.358208ms)
✔ A23 T35 rejects duplicate identities, malformed records, invalid durations and incomplete adapters (0.747658ms)
✔ A23 T36 source constant ClassData remains executable without compiling discovery-only iterator declarations (609.517672ms)
✔ A23 T36 cil constant ClassData remains executable without compiling discovery-only iterator declarations (133.100018ms)
✔ A23 T36 providers used by executable code or declaring state remain in the managed source (3.105114ms)
✔ A23 T39 source executes three frameworks with real assertions, per-test instances and one-time fixtures (639.63304ms)
✔ A23 T39 cil executes three frameworks with real assertions, per-test instances and one-time fixtures (201.501085ms)
✔ A23 T39 unsupported APIs are not-runnable while supported neighboring tests execute (103.363764ms)
✔ A23 T39 disposed adapters reject work and cancellation reports remaining tests not-run (3.76486ms)
✔ native connection is read-only and context hydration requires trust before any evaluation (2.997532ms)
✔ active native context supplies exact source set, generated documents and metadata compiler options (2.270976ms)
✔ source read failure and cancellation never activate a partially hydrated native context (0.874409ms)
✔ native metadata validates identity, count, byte budgets, encoding, size and SHA-256 (4.862506ms)
✔ context application preserves edits made while reads are in flight and keeps generated source immutable (0.363999ms)
✔ launch and publish profiles are listed and selected without trust, target execution or saves (4.464145ms)
✔ selected launch profile preserves quoted arguments, environment, URLs, cwd and active native context (2.599943ms)
✔ explicit publish executes only the chosen profile and preserves build output monitoring (0.88198ms)
✔ invalid JSON keeps a located profile diagnostic and prevents native launch (0.744904ms)
✔ native client starts, streams and retains explicit TRX-derived results and artifacts (4.429193ms)
✔ native cancel issued as soon as session id is known preserves remaining not-run records (0.555648ms)
✔ test explorer enforces discovery, source versions, selected ids and failure details (2.354723ms)
✔ native VSTest selection groups theory rows at the supported method filter boundary (0.274705ms)
✔ native Test Explorer forwards framework selection and server-side discovery records through real controller (2.228242ms)
✔ structured asynchronous test input keeps hydrated source, compiler options and context revision together (0.632684ms)
✔ native discovery cannot run against a different project framework or property set (1.127171ms)
✔ portable worker protocol discovers and executes isolated source sessions (351.398764ms)
✔ portable worker protocol discovers and executes isolated cil sessions (198.196219ms)
✔ portable worker cancellation propagates without losing the response channel (1.726916ms)
✔ worker service rejects malformed, overlapping and oversized discovery requests (0.678624ms)
✔ portable discovery and execution preserve project constants while the harness owns its entry point (52.014703ms)
✔ Test Explorer has a unique dockable tool registration and build layout placement (1.024336ms)
✔ native automation preserves established methods and exposes controller context/profile/test operations (4.483014ms)
✔ legacy MSBuild facade shrinks and the original source selectors remain in extracted views (5.186596ms)
✔ MSBuild contract supports build (1.730181ms)
✔ MSBuild contract supports rebuild (0.316757ms)
✔ MSBuild contract supports clean (0.131438ms)
✔ MSBuild contract supports restore (0.113391ms)
✔ MSBuild contract supports pack (0.153382ms)
✔ MSBuild contract supports publish (0.15906ms)
✔ MSBuild contract supports test (0.207193ms)
✔ MSBuild contract supports target (0.088553ms)
✔ MSBuild contract supports evaluate (0.108804ms)
✔ MSBuild contract supports preprocess (0.135024ms)
✔ MSBuild contract supports targets (0.083506ms)
✔ MSBuild rejects invalid workspace path "../outside.csproj" (0.250588ms)
✔ MSBuild rejects invalid workspace path "/tmp/X.csproj" (0.050436ms)
✔ MSBuild rejects invalid workspace path "C:\\X.csproj" (0.036845ms)
✔ MSBuild rejects invalid workspace path "a/../X.csproj" (0.03304ms)
✔ MSBuild rejects invalid workspace path "a//X.csproj" (0.032619ms)
✔ MSBuild rejects invalid workspace path "a/./X.csproj" (0.028022ms)
✔ MSBuild rejects invalid workspace path "-something.csproj" (0.025909ms)
✔ MSBuild rejects invalid workspace path "https://x.csproj" (0.024197ms)
✔ MSBuild rejects invalid workspace path "a\u0000.csproj" (0.057106ms)
✔ MSBuild rejects invalid workspace path "" (0.03346ms)
✔ MSBuild request rejects {"action":"exec"} (0.069855ms)
✔ MSBuild request rejects {"project":"input.cs"} (0.040791ms)
✔ MSBuild request rejects {"properties":[]} (0.033811ms)
✔ MSBuild request rejects {"maxNodes":0} (0.051858ms)
✔ MSBuild request rejects {"maxNodes":65} (0.096856ms)
✔ MSBuild request rejects {"maxNodes":1.2} (0.12611ms)
✔ MSBuild request rejects {"verbosity":"verbose"} (0.203327ms)
✔ MSBuild request rejects {"arguments":["not-a-switch"]} (0.126942ms)
✔ MSBuild request rejects {"arguments":["-p:X=a\nb"]} (0.055864ms)
✔ MSBuild request rejects {"targets":["x;Build"]} (0.064257ms)
✔ MSBuild request rejects {"propertyNames":["A,B"]} (0.076876ms)
✔ MSBuild request rejects {"itemNames":["*"]} (0.07305ms)
✔ MSBuild request rejects {"trusted":"true"} (0.088173ms)
✔ MSBuild request rejects {"restore":1} (0.074283ms)
✔ MSBuild request rejects {"action":"target"} (0.038147ms)
✔ MSBuild request rejects {"properties":{"A":"1","a":"2"}} (0.101993ms)
✔ Global property parser preserves equals, spaces, Unicode, no shell interpretation (1.410739ms)
✔ Properties escape all MSBuild special characters without shell quoting (0.150026ms)
✔ Node invocation preserves actual engine and project path; build flags global properties (0.506825ms)
✔ MSBuild.exe engine omits dotnet subcommand and forwards advanced switches separately (0.318371ms)
✔ Evaluation emits JSON queries without targets, restore or graph execution by default (0.162245ms)
✔ Native build calls Build (0.243438ms)
✔ Native rebuild calls Rebuild (0.143757ms)
✔ Native restore calls Restore (0.076906ms)
✔ Native pack calls Pack (0.045128ms)
✔ Native publish calls Publish (0.063285ms)
✔ Native clean calls Clean (0.058508ms)
✔ Native test calls VSTest (0.041703ms)
✔ custom targets and requested target results are explicit (0.09299ms)
✔ preprocessed and target listing files use the owner-provided job directory (0.15952ms)
✔ Parses diagnostic 1>C:\Code Dir\App.cs(12,7): error CS1002: ; expected [C:\Code Dir\App.csproj] (0.745605ms)
✔ Parses diagnostic /tmp/A.cs(3,4,3,8): warning CS0168: unused [/tmp/App.csproj] (0.235085ms)
✔ Parses diagnostic MSBUILD : error MSB1001: Unknown switch. (0.068003ms)
✔ Parses diagnostic App.csproj : error NU1101: Package unavailable (0.059399ms)
✔ Parses diagnostic CSC : warning CS2008: No source files specified. (0.042834ms)
✔ Non-diagnostic output is never promoted to an error (0.149295ms)
✔ MSBuild JSON parsing tolerates startup banner but rejects malformed/trailing logs (0.256447ms)
✔ Browser client uses same-origin bearer requests; token is not persisted in request URL (0.687558ms)
✔ Browser client strips only the fragment token and retains unrelated hash data (0.280413ms)
✔ Browser client propagates disk conflicts and rejects foreign endpoint origins (0.394656ms)
✔ Native UI reconciles earlier writes after a multi-file save failure (1.91576ms)
✔ Native UI preserves changes typed while a save is in flight (0.419082ms)
✔ Native UI passes target result requests without shell parsing (0.415797ms)
ℹ tests 106
ℹ suites 0
ℹ pass 106
ℹ fail 0
ℹ cancelled 0
ℹ skipped 0
ℹ todo 0
ℹ duration_ms 6879.430234
