npm warn Unknown env config "http-proxy". This will stop working in the next major version of npm. See `npm help npmrc` for supported config options.

> sharpforge@0.14.0 check
> node scripts/run.js check

{
  "areas": 30,
  "nodeFiles": 809,
  "browserScripts": 33,
  "unassigned": 0,
  "duplicate": 0
}
Checked 3274 JavaScript modules; 0 syntax errors.
{
  "passed": false,
  "inspected": 3270,
  "modules": 3270,
  "errors": [
    {
      "path": "planning/evidence/project18/project-runtime/inspect-benchmark.mjs",
      "operation": "dynamic-import",
      "sha256": "4d0579cb8dd77085ce8164e701263807a133b91fb7a0f308faeee7387e0b40ee",
      "count": 2,
      "lines": [
        9,
        10
      ],
      "message": "Unreviewed dynamic-code use or changed file"
    },
    {
      "path": "tests/support/a24-browser-ui.js",
      "operation": "dynamic-import",
      "sha256": "362f70790e2de6266b667fd3d9baee8369522ec185f33bdf1f6ec4f29970c6f8",
      "count": 4,
      "lines": [
        2,
        3,
        4,
        5
      ],
      "message": "Unreviewed dynamic-code use or changed file"
    },
    {
      "path": "tests/support/a24-integrity-components.js",
      "operation": "dynamic-import",
      "sha256": "a2921105830fd2a64df311330c34ad211f389133f1a862d5712b99113cad5da6",
      "count": 9,
      "lines": [
        3,
        4,
        5,
        6,
        7,
        8,
        9,
        10,
        11
      ],
      "message": "Unreviewed dynamic-code use or changed file"
    },
    {
      "path": "tests/support/a24-browser-ui.js",
      "operation": "dynamic-import",
      "message": "Stale or mismatched allow-list entry"
    },
    {
      "path": "tests/support/a24-integrity-components.js",
      "operation": "dynamic-import",
      "message": "Stale or mismatched allow-list entry"
    }
  ]
}
