✔ pe-loader: self-authored seeds are deterministic, owned and accepted (85.059864ms)
✔ pe-loader: input boundary and pre-cancellation are controlled (6.355643ms)
✔ pe-loader: malformed bytes are controlled; harness contract misuse throws (0.560735ms)
✔ bytecode-image: self-authored seeds are deterministic, owned and accepted (3.772635ms)
✔ bytecode-image: input boundary and pre-cancellation are controlled (0.754319ms)
✔ bytecode-image: malformed bytes are controlled; harness contract misuse throws (0.138894ms)
✔ portable-pdb: self-authored seeds are deterministic, owned and accepted (4.766497ms)
✔ portable-pdb: input boundary and pre-cancellation are controlled (0.785915ms)
✔ portable-pdb: malformed bytes are controlled; harness contract misuse throws (0.281053ms)
✔ zip-archive: self-authored seeds are deterministic, owned and accepted (2.094418ms)
✔ zip-archive: input boundary and pre-cancellation are controlled (0.216919ms)
✔ zip-archive: malformed bytes are controlled; harness contract misuse throws (0.166464ms)
✔ PE: malformed magic and truncated extents reach the loader error boundary (9.791153ms)
✔ PE: invalid metadata list ranges reject before loader list expansion (17.257428ms)
✔ PE: invalid optional debug UTF-8 is a controlled metadata rejection (18.380287ms)
✔ bytecode: serialization errors and verifier diagnostics stay separate (0.454749ms)
✔ bytecode: typed-array expansion and recursive reviver work are bounded before deserialization (0.242556ms)
✔ bytecode: a verified scalar loop reaches the fixed instruction budget (5.070544ms)
✔ bytecode: verified host-call and library profiles are explicit unsupported cases (0.421399ms)
✔ Portable PDB: out-of-range document references retain SymbolError validation (1.224821ms)
✔ Portable PDB: compressed sources respect small decode budgets and unsupported formats stay explicit (0.614664ms)
✔ ZIP: traversal is rejected without filesystem extraction (0.388361ms)
✔ ZIP: duplicate paths and symlink records are rejected as data (0.366699ms)
✔ ZIP: stored and deflated payloads enforce actual small output budgets (0.338167ms)
✔ ZIP: bad checksums and malformed compression are controlled validations (0.41484ms)
✔ binary parser errors preserve unknown exceptions as findings (0.26574ms)
✔ campaign CLI resolves only reviewed targets and bounded exact integer budgets (1.935325ms)
✔ campaign CLI rejects unknown execution targets, missing output and unbounded budgets before effects (1.304637ms)
✔ passing adapter evidence requires stable clean source and complete unique target membership (0.774548ms)
✔ failed, cancelled, incomplete and unsupported reports retain distinct nonpassing exit status (0.292971ms)
✔ campaign evidence is byte-hashed and refuses overwrite and path traversal (7.911179ms)
✔ corpus deduplicates exact records and retains original limits and literal bytes (11.438544ms)
✔ finding attribution cannot be switched to another input or source revision (1.408881ms)
✔ finding persistence retains observed budgets and rejects explicit widening or narrowing (5.322393ms)
✔ corrupted record content and unexpected filenames fail before parser replay (5.520545ms)
✔ recomputed record checksums cannot bless a different input digest or findings as expected outcomes (6.331196ms)
✔ concurrent writers cannot exceed a one-record corpus quota (2.78243ms)
✔ empty corpus is incomplete and ignored entries cannot evade the directory scan budget (5.129611ms)
✔ corpus symlinks are rejected rather than followed (1.875387ms)
✔ fixed self-checks distinguish acceptance, controlled rejection and unexpected exceptions (105.180209ms)
✔ finite deadline and 4 MiB allocation probes are detected and saved with their exact input (98.158378ms)
✔ output overflow and an undisposed finite timer remain findings (110.002698ms)
✔ pre-launch and active cancellation remain cancellation rather than acceptance (52.748808ms)
✔ ambient Node options cannot inject arguments into the fixed child (31.30667ms)
✔ normal campaigns cannot select self-checks, arbitrary modules, or bypass low-level caps (0.905881ms)
✔ offline budgets reject unknown, fractional, nonfinite and widened limits (2.050624ms)
✔ fixture PRNG preserves its documented sequence and rejects invalid seeds (0.245641ms)
✔ seeded byte variations are repeatable, isolated and always honor the input ceiling (1.368341ms)
﹣ every reviewed retained input is replayed by the normal A29 Node manifest (5.590158ms) # No reviewed production crash inputs have been promoted; this is not target qualification.
✔ protocol: local seeds are bounded, deterministic and independently owned (1.931921ms)
✔ protocol: rejects an input over the configured or hard byte ceiling (0.226593ms)
✔ protocol: cancellation and invalid caller contracts propagate (0.431213ms)
✔ il-document: local seeds are bounded, deterministic and independently owned (12.501988ms)
✔ il-document: rejects an input over the configured or hard byte ceiling (0.262246ms)
✔ il-document: cancellation and invalid caller contracts propagate (0.120957ms)
✔ msbuild-xml: local seeds are bounded, deterministic and independently owned (0.205272ms)
✔ msbuild-xml: rejects an input over the configured or hard byte ceiling (0.284087ms)
✔ msbuild-xml: cancellation and invalid caller contracts propagate (0.147447ms)
✔ network: local seeds are bounded, deterministic and independently owned (0.39407ms)
✔ network: rejects an input over the configured or hard byte ceiling (0.187245ms)
✔ network: cancellation and invalid caller contracts propagate (0.169889ms)
✔ protocol: accepts LSP, DAP, Unicode and coalesced frames under incremental parsing (1.180005ms)
✔ protocol: diagnoses malformed framing, JSON, UTF-8 and incomplete bodies (0.682974ms)
✔ protocol: encoded messages respect the output byte budget (0.203359ms)
✔ IL document: canonical roundtrips preserve visible methods and literals containing comment text (9.301173ms)
✔ IL document: generated-input failures propagate outside the first assembly validation boundary (0.369773ms)
✔ IL document: reports syntax/scaffold failures and constrains rebuilt output (5.209478ms)
✔ MSBuild XML: parses data and evaluates attributes or standalone conditions without filesystem access (1.922076ms)
✔ MSBuild XML: rejects malformed XML and unsupported data grammar (0.494997ms)
✔ network: exact grants, URL normalization and request headers use pure policy APIs (1.824372ms)
✔ network: malformed local input and output limits remain controlled failures (0.575516ms)
✔ network: unavailable native host policy surfaces are explicitly unsupported (0.137622ms)
✔ text targets: error classifiers preserve unexpected failures instead of counting them as rejected inputs (0.232112ms)
✔ text targets: cancellation observed during a parse is not an input rejection (0.284589ms)
ℹ tests 74
ℹ suites 0
ℹ pass 73
ℹ fail 0
ℹ cancelled 0
ℹ skipped 1
ℹ todo 0
ℹ duration_ms 2484.490653
