**********************
PowerShell transcript start
Start time: 20261004183541
Username: runnervmfi6oq\runneradmin
RunAs User: runnervmfi6oq\runneradmin
Configuration Name: 
Machine: runnervmfi6oq (Microsoft Windows NT 10.0.26100.0)
Host Application: C:\Program Files\PowerShell\7\pwsh.dll -command . 'D:\a\_temp\aa21247c-337f-45d4-80f3-3e15e234156f.ps1'
Process ID: 1696
PSVersion: 7.6.6
PSEdition: Core
GitCommitId: 7.6.6
OS: Microsoft Windows 10.0.26100
Platform: Win32NT
PSCompatibleVersions: 1.0, 2.0, 3.0, 4.0, 5.0, 5.1, 6.0, 7.0
PSRemotingProtocolVersion: 2.4
SerializationVersion: 1.1.0.1
WSManStackVersion: 3.0
**********************
Transcript started, output file is D:\a\SharpForge\SharpForge\artifacts\a05-native-width\installation.log

Security Warning: Script Execution Risk
Invoke-WebRequest parses the content of the web page. Script code in the web page might be run when the page is
parsed.
      RECOMMENDED ACTION:
      Use the -UseBasicParsing switch to avoid script code execution.

      Do you want to continue?

[Y] Yes  [A] Yes to All  [N] No  [L] No to All  [S] Suspend  [?] Help (default is "N"):
**********************
PowerShell transcript end
End time: 20261004183625
**********************
