✔ callback frame index source, precise=false: nested callbacks keep parent addresses and GC roots (115.731004ms)
✔ callback frame index source, precise=true: nested callbacks keep parent addresses and GC roots (15.789002ms)
✔ callback frame index cil, precise=false: nested callbacks keep parent addresses and GC roots (29.228729ms)
✔ callback frame index cil, precise=true: nested callbacks keep parent addresses and GC roots (14.290739ms)
✔ callback frame index retains disabled-scheduler storage and drops released scope membership (0.439285ms)
✔ CIL: parked frames remain live until natural return (31.948357ms)
✔ CIL: parked frames remain live until cancellation (5.680301ms)
✔ CIL: retirement clears late fields and stop preserves fatal inspection until disposal (2.192603ms)
✔ source: exception unwinding releases callee roots before reuse (100.772998ms)
✔ cil: exception unwinding releases callee roots before reuse (20.428872ms)
✔ source: warmed calls reuse owned storage with fresh frame identities (96.279291ms)
✔ source: disabling retention and small budgets preserve output (22.309558ms)
✔ source: snapshot replay drops derived pools only after accepted restore (13.200887ms)
✔ source: recursion and finally returns preserve distinct live storage (10.595096ms)
✔ reload: warmed calls reuse owned storage with fresh frame identities (16.825976ms)
✔ reload: disabling retention and small budgets preserve output (25.612974ms)
✔ reload: snapshot replay drops derived pools only after accepted restore (8.629246ms)
✔ reload: recursion and finally returns preserve distinct live storage (9.261065ms)
✔ cil: warmed calls reuse owned storage with fresh frame identities (31.356607ms)
✔ cil: disabling retention and small budgets preserve output (45.561136ms)
✔ cil: snapshot replay drops derived pools only after accepted restore (17.358669ms)
✔ cil: recursion and finally returns preserve distinct live storage (13.673852ms)
✔ CIL: a stale managed address cannot bind to a reused frame (2.857892ms)
✔ invalid frame budgets fail before admission (28.85917ms)
✔ heap collection accepts visitor and legacy iterable providers with pins, extras and handles (3.209128ms)
✔ the declared scalar proof never hides a handle or byref embedded in a numeric-looking carrier (14.674954ms)
✔ source preciseRoots=true: live slots, owned addresses and host edits retain the same graph (2.362043ms)
✔ source preciseRoots=true: parked contexts and resumed faults retain their references (0.716073ms)
✔ source preciseRoots=true: EH continuations and retired frames stay live until released (0.690706ms)
✔ source preciseRoots=true: snapshot restore rebuilds live roots without storing visitor functions (5.832575ms)
✔ source preciseRoots=false: live slots, owned addresses and host edits retain the same graph (0.597588ms)
✔ source preciseRoots=false: parked contexts and resumed faults retain their references (0.479314ms)
✔ source preciseRoots=false: EH continuations and retired frames stay live until released (0.396833ms)
✔ source preciseRoots=false: snapshot restore rebuilds live roots without storing visitor functions (1.057535ms)
✔ source: visitor and iterable wrappers preserve the same ordered managed-reference inventory (0.501698ms)
✔ source: global platform, metadata, static, string and fault roots remain reachable (0.430994ms)
✔ source: canonical scalar slots are omitted while the reference slot still survives collection (0.714781ms)
✔ source: later host root overrides continue to participate in collection (0.393889ms)
✔ cil preciseRoots=true: live slots, owned addresses and host edits retain the same graph (2.259342ms)
✔ cil preciseRoots=true: parked contexts and resumed faults retain their references (1.836319ms)
✔ cil preciseRoots=true: EH continuations and retired frames stay live until released (1.5775ms)
✔ cil preciseRoots=true: snapshot restore rebuilds live roots without storing visitor functions (5.204041ms)
✔ cil preciseRoots=false: live slots, owned addresses and host edits retain the same graph (1.585331ms)
✔ cil preciseRoots=false: parked contexts and resumed faults retain their references (1.385377ms)
✔ cil preciseRoots=false: EH continuations and retired frames stay live until released (1.137092ms)
✔ cil preciseRoots=false: snapshot restore rebuilds live roots without storing visitor functions (1.909287ms)
✔ cil: visitor and iterable wrappers preserve the same ordered managed-reference inventory (1.292931ms)
✔ cil: global platform, metadata, static, string and fault roots remain reachable (0.988423ms)
✔ cil: canonical scalar slots are omitted while the reference slot still survives collection (4.219473ms)
✔ cil: later host root overrides continue to participate in collection (1.143161ms)
✔ source, emitted CIL and reloaded source retain allocated strings through an explicit collection (99.63221ms)
✔ source: indexed lookup does not enumerate active frames or logical contexts (85.710093ms)
✔ source: logical retirement expires identity before deferred clearing and pool reuse (1.235566ms)
✔ source: provisional enqueue preserves parent roots and atomically discards admitted children (4.238842ms)
✔ source: queued contexts keep both frame sets live across activation and cancellation (1.035312ms)
✔ source: parked frame identity survives freeze and restore, and expires at cancellation (5.152475ms)
✔ source: terminal context disposal retires active storage before another context can run (0.47628ms)
✔ source: detached host-edited arrays cannot keep expired frames addressable (0.302665ms)
✔ source: malformed identity restores leave frames, pools and lookup unchanged (1.36072ms)
✔ source: exhausted identity sequences reject calls without admitting an unsafe integer (0.481859ms)
✔ reload: indexed lookup does not enumerate active frames or logical contexts (11.349795ms)
✔ reload: logical retirement expires identity before deferred clearing and pool reuse (3.970407ms)
✔ reload: provisional enqueue preserves parent roots and atomically discards admitted children (3.478724ms)
✔ reload: queued contexts keep both frame sets live across activation and cancellation (3.070003ms)
✔ reload: parked frame identity survives freeze and restore, and expires at cancellation (3.28554ms)
✔ reload: terminal context disposal retires active storage before another context can run (2.789481ms)
✔ reload: detached host-edited arrays cannot keep expired frames addressable (2.343175ms)
✔ reload: malformed identity restores leave frames, pools and lookup unchanged (3.005047ms)
✔ reload: exhausted identity sequences reject calls without admitting an unsafe integer (2.549508ms)
✔ cil: indexed lookup does not enumerate active frames or logical contexts (10.995815ms)
✔ cil: logical retirement expires identity before deferred clearing and pool reuse (1.495008ms)
✔ cil: provisional enqueue preserves parent roots and atomically discards admitted children (2.02704ms)
✔ cil: queued contexts keep both frame sets live across activation and cancellation (1.650487ms)
✔ cil: parked frame identity survives freeze and restore, and expires at cancellation (3.942326ms)
✔ cil: terminal context disposal retires active storage before another context can run (2.103933ms)
✔ cil: detached host-edited arrays cannot keep expired frames addressable (1.031446ms)
✔ cil: malformed identity restores leave frames, pools and lookup unchanged (2.434028ms)
✔ cil: exhausted identity sequences reject calls without admitting an unsafe integer (1.630277ms)
✔ CIL managed byrefs retain ownership and resolve restored frames instead of abandoned storage (5.325329ms)
✔ captured context identities reject aliasing, sequence violations and divergent current stacks (0.475629ms)
✔ invalid managed sequence values do not mutate the sequence (0.18373ms)
✔ an inherited source call adapter retains ordinary calls and instruction state (6.887043ms)
✔ an inherited source binary adapter retains ordinary calls and instruction state (1.404945ms)
✔ an inherited source transfer adapter retains ordinary calls and instruction state (0.767748ms)
✔ an inherited source constant adapter retains ordinary calls and instruction state (0.815769ms)
✔ an inherited source notifyWrite adapter retains ordinary calls and instruction state (0.831072ms)
✔ a prototype adapter installed before construction remains visible to fused source execution (0.944799ms)
✔ one bounded source batch crosses real managed calls and returns with cleared retired storage (16.124563ms)
✔ source batches retain exact intermediate frames and quotas at every call/return boundary (27.262285ms)
✔ a fault in a later batched callee retains its executing method, frame, PC and partial stack (3.422761ms)
✔ a batched exception exits before a protected caller resumes catch and finally work (159.998373ms)
✔ unprepared calls end a batch before the callee body even when its blocks are eligible (0.446837ms)
✔ bounded batches preserve live caller stack roots across an allocating callee constant (3.485093ms)
✔ decoded integer operations share unsigned, shift, overflow and division fault semantics (102.728286ms)
✔ decoded integer specialization defers carrier and noncanonical values to ordinary arithmetic (10.54471ms)
✔ a decoded block preserves every small slice and sequence location through a call and return (3.815539ms)
✔ source blocks preserve custom write transactions by declining fusion (0.675043ms)
✔ source blocks preserve host arithmetic and transfer adapters by declining fusion (1.16983ms)
✔ source fusion preserves every bounded slice, retained store value and local write count (10.684596ms)
✔ faulting fused loads and arithmetic preserve the failing PC, partial stack and charge (8.247593ms)
✔ source fusion neither crosses the instruction limit nor suppresses stack admission (10.156109ms)
✔ source fusion cannot skip the 256-instruction wall-clock polling boundary (1.895136ms)
✔ a branch entering a candidate interior prevents its fusion (0.273231ms)
✔ preparation reports real work, remains private and follows code/owner/epoch replacement and stop (2.12904ms)
✔ source fusion resumes after ordinary in-memory snapshot replay without serializing a plan (5.536418ms)
✔ debugger, writes, runtime events, profiler and cooperative contexts retain individual dispatch (4.98625ms)
✔ current typed source arithmetic retains scalar width, IEEE bits, Decimal scale and store identity (3.188478ms)
✔ source execution preserves output and exact sequence stops (133.355748ms)
✔ reloaded execution preserves output and exact sequence stops (36.885806ms)
✔ prepared recursive calls preserve frame identities at every slice, reload=false (140.252646ms)
✔ prepared calls preserve failed depth and stack-byte admission, reload=false (11.684666ms)
✔ prepared recursive calls preserve frame identities at every slice, reload=true (33.55188ms)
✔ prepared calls preserve failed depth and stack-byte admission, reload=true (17.681056ms)
✔ prepared call descriptors invalidate when a callee storage shape is replaced (7.99341ms)
✔ aggregate targets retain ordinary call preparation (75.515815ms)
✔ prepared frame authority cannot be forged or used with another source image (6.477862ms)
✔ shared prepared metadata binds to separate VM-owned storage (0.869899ms)
✔ changed method shape and a discarded pool cannot reuse prepared storage (0.582997ms)
✔ prepared retirement preserves temporary roots, revokes leases and clears every late own field (3.920413ms)
✔ prepared cleanup skips inherited getters and allocates no Object.keys array (0.969344ms)
✔ prepared cleanup preserves ordinary deleted and nonenumerable factory-field behavior (0.666961ms)
✔ prepared storage keeps ordinary retention budgets and statistics (0.876749ms)
ℹ tests 122
ℹ suites 0
ℹ pass 122
ℹ fail 0
ℹ cancelled 0
ℹ skipped 0
ℹ todo 0
ℹ duration_ms 11657.174487
