TAP version 13
# Subtest: Generated configuration files are consumed by their native SDK and Git commands
ok 1 - Generated configuration files are consumed by their native SDK and Git commands
  ---
  duration_ms: 5813.631436
  type: 'test'
  ...
# {"target":"native-dotnet","sdk":"10.0.401","commands":["dotnet","dotnet nuget","dotnet tool","dotnet sln","NativeMSBuild","dotnet run","git check-ignore","git check-attr"],"windowsManifest":"Requires Windows qualification"}
# Subtest: Generated observable model and RelayCommand execute property and command notifications on native .NET
ok 2 - Generated observable model and RelayCommand execute property and command notifications on native .NET
  ---
  duration_ms: 3623.473927
  type: 'test'
  ...
# {"target":"native-dotnet","model":"INotifyPropertyChanged","command":"ICommand","platform":"linux","windowsXamlBindings":"Requires separate Windows UI qualification"}
1..2
# tests 2
# suites 0
# pass 2
# fail 0
# cancelled 0
# skipped 0
# todo 0
# duration_ms 9581.495668
