TAP version 13
# Selected verbatim subtest blocks; original numbering retained.
# Subtest: two independent tools start and a failed third batch restores the container
ok 1 - two independent tools start and a failed third batch restores the container
  ---
  duration_ms: 1.750299
  type: 'test'
  ...
# Subtest: container preflights duplicates, reports disposal errors and rolls back cancellation
ok 2 - container preflights duplicates, reports disposal errors and rolls back cancellation
  ---
  duration_ms: 0.341865
  type: 'test'
  ...
# Subtest: commands preserve handler behavior and reject duplicate registrations
ok 3 - commands preserve handler behavior and reject duplicate registrations
  ---
  duration_ms: 1.958303
  type: 'test'
  ...
# Subtest: tools append menu items without global state or editing Studio
ok 4 - tools append menu items without global state or editing Studio
  ---
  duration_ms: 0.695008
  type: 'test'
  ...
# Subtest: each mount has independent state and DOM, and failed render cleans up
ok 5 - each mount has independent state and DOM, and failed render cleans up
  ---
  duration_ms: 0.430629
  type: 'test'
  ...
# Subtest: automation contributions preserve the complete pre-extraction key surface
ok 6 - automation contributions preserve the complete pre-extraction key surface
  ---
  duration_ms: 7.706429
  type: 'test'
  ...
# Subtest: automation duplicate batches roll back and namespaces dispose cleanly
ok 7 - automation duplicate batches roll back and namespaces dispose cleanly
  ---
  duration_ms: 0.458031
  type: 'test'
  ...
# Subtest: storage preserves v1 payloads, versions and quota failures
ok 8 - storage preserves v1 payloads, versions and quota failures
  ---
  duration_ms: 0.577811
  type: 'test'
  ...
# Subtest: every worker message has a handler seam and unknown messages fail structurally
ok 9 - every worker message has a handler seam and unknown messages fail structurally
  ---
  duration_ms: 1.005075
  type: 'test'
  ...
# Subtest: Studio has no command branches, direct persistence or inline automation literal
ok 10 - Studio has no command branches, direct persistence or inline automation literal
  ---
  duration_ms: 6.604257
  type: 'test'
  ...
# Subtest: real compiler and runtime workers dispatch known requests and return structured unknown errors
ok 11 - real compiler and runtime workers dispatch known requests and return structured unknown errors
  ---
  duration_ms: 1122.895759
  type: 'test'
  ...
