Collecting attrs==26.1.0 (from -r tests/requirements.txt (line 3))
  Downloading attrs-26.1.0-py3-none-any.whl (67 kB)
Collecting greenlet==3.5.6 (from -r tests/requirements.txt (line 5))
  Using cached greenlet-3.5.6-cp314-cp314-macosx_11_0_universal2.whl (295 kB)
Collecting jsonschema==4.26.0 (from -r tests/requirements.txt (line 84))
  Downloading jsonschema-4.26.0-py3-none-any.whl (90 kB)
Collecting jsonschema-specifications==2025.9.1 (from -r tests/requirements.txt (line 86))
  Downloading jsonschema_specifications-2025.9.1-py3-none-any.whl (18 kB)
Collecting playwright==1.57.0 (from -r tests/requirements.txt (line 88))
  Using cached playwright-1.57.0-py3-none-macosx_11_0_arm64.whl (40.8 MB)
Collecting pyee==13.0.1 (from -r tests/requirements.txt (line 97))
  Using cached pyee-13.0.1-py3-none-any.whl (15 kB)
Collecting PyYAML==6.0.3 (from -r tests/requirements.txt (line 99))
  Downloading pyyaml-6.0.3-cp314-cp314-macosx_11_0_arm64.whl (173 kB)
Collecting referencing==0.37.0 (from -r tests/requirements.txt (line 172))
  Downloading referencing-0.37.0-py3-none-any.whl (26 kB)
Collecting rpds-py==2026.6.3 (from -r tests/requirements.txt (line 174))
  Downloading rpds_py-2026.6.3-cp314-cp314-macosx_11_0_arm64.whl (339 kB)
Collecting typing_extensions==4.16.0 (from -r tests/requirements.txt (line 290))
  Using cached typing_extensions-4.16.0-py3-none-any.whl (45 kB)
Installing collected packages: typing_extensions, rpds-py, PyYAML, greenlet, attrs, referencing, pyee, playwright, jsonschema-specifications, jsonschema

Successfully installed PyYAML-6.0.3 attrs-26.1.0 greenlet-3.5.6 jsonschema-4.26.0 jsonschema-specifications-2025.9.1 playwright-1.57.0 pyee-13.0.1 referencing-0.37.0 rpds-py-2026.6.3 typing_extensions-4.16.0
