
> sharpforge@0.14.0 check:structure
> node scripts/quality/check-structure.js

Structure gate: 100 problem(s)
packages/bytecode/src/builtins.js: new file exceeds lineLength 412 > 160
packages/compiler/smoke.mjs: new file exceeds lineLength 230 > 160
packages/compute/smoke.mjs: new file exceeds lineLength 277 > 160
packages/debugger/smoke.mjs: new file exceeds lineLength 537 > 160
packages/designer/smoke.mjs: new file exceeds lineLength 509 > 160
packages/extensions/smoke.mjs: new file exceeds lineLength 282 > 160
packages/framework/src/contributions/core-controls-12.js: new file exceeds lineLength 295 > 160
packages/framework/src/contributions/core-controls.js: new file exceeds lineLength 407 > 160
packages/framework/src/contributions/core-system.js: new file exceeds lineLength 413 > 160
packages/framework/src/contributions/core-xaml.js: new file exceeds lineLength 436 > 160
packages/framework/src/registry-validation.js: new file exceeds lineLength 246 > 160
packages/framework/src/registry.js: new file exceeds lineLength 319 > 160
packages/network/smoke.mjs: new file exceeds lineLength 695 > 160
packages/protocol/smoke.mjs: new file exceeds lineLength 258 > 160
packages/runtime/smoke.mjs: new file exceeds lineLength 216 > 160
packages/winui/smoke.mjs: new file exceeds lineLength 445 > 160
apps/studio/automation-api.js: new file exceeds lineLength 341 > 160
apps/studio/commands/core.js: new file exceeds lineLength 2081 > 160
apps/studio/dialogs/about.js: new file exceeds lineLength 4588 > 160
apps/studio/icons.js: new file exceeds lineLength 1917 > 160
apps/studio/menus/context.js: new file exceeds lineLength 2461 > 160
apps/studio/menus/core.js: new file exceeds lineLength 3948 > 160
apps/studio/menus/registry.js: new file exceeds lineLength 426 > 160
apps/studio/runtime.worker.js: lineLength grew 315 -> 391 (legacy file may only shrink)
apps/studio/services/registry.js: new file exceeds lineLength 596 > 160
apps/studio/settings/storage.js: new file exceeds lineLength 333 > 160
apps/studio/tools/core.js: new file exceeds lineLength 1952 > 160
apps/studio/tools/debugger-automation.js: new file exceeds lineLength 187 > 160
apps/studio/tools/definitions.js: new file exceeds lineLength 1161 > 160
apps/studio/tools/designer-automation.js: new file exceeds lineLength 1557 > 160
apps/studio/tools/docking-automation.js: new file exceeds lineLength 593 > 160
apps/studio/tools/msbuild-automation.js: new file exceeds lineLength 425 > 160
apps/studio/tools/registry.js: new file exceeds lineLength 682 > 160
apps/studio/tools/workspace-automation.js: new file exceeds lineLength 324 > 160
apps/studio/workers/protocol.js: new file exceeds lineLength 546 > 160
scripts/conformance/env-report.js: new file exceeds lineLength 307 > 160
scripts/conformance/oracle/clr-run.js: new file exceeds lineLength 229 > 160
scripts/conformance/oracle/fixtures.js: new file exceeds lineLength 268 > 160
scripts/conformance/oracle/process.js: new file exceeds lineLength 245 > 160
scripts/conformance/oracle/qualify.js: new file exceeds lineLength 274 > 160
scripts/conformance/oracle/roslyn-compile.js: new file exceeds lineLength 631 > 160
scripts/conformance/oracle/store.js: new file exceeds lineLength 240 > 160
scripts/conformance/oracle/toolchain.js: new file exceeds lineLength 335 > 160
scripts/conformance/oracle/winui-run.js: new file exceeds lineLength 281 > 160
scripts/conformance/record-skips.js: new file exceeds lineLength 176 > 160
scripts/conformance/source-manifest.js: new file exceeds lineLength 203 > 160
scripts/planning/abi/benchmark.js: new file exceeds lineLength 1095 > 160
scripts/planning/abi/check-versions.js: new file exceeds lineLength 375 > 160
scripts/planning/abi/example.js: new file exceeds lineLength 209 > 160
scripts/planning/abi/gen-value-fixtures.js: new file exceeds lineLength 650 > 160
scripts/planning/abi/value-codec.js: new file exceeds lineLength 407 > 160
scripts/planning/audit.js: new file exceeds lineLength 285 > 160
scripts/planning/benchmark-registries.js: new file exceeds lineLength 600 > 160
scripts/planning/bootstrap-project.js: new file exceeds lineLength 292 > 160
scripts/planning/capture-evidence.js: new file exceeds lineLength 206 > 160
scripts/planning/check-contract-change.js: new file exceeds lineLength 272 > 160
scripts/planning/check-contract-implementations.js: new file exceeds lineLength 521 > 160
scripts/planning/check-ownership.js: new file exceeds lineLength 397 > 160
scripts/planning/check-path-collisions.js: new file exceeds lineLength 253 > 160
scripts/planning/check-root-providers.js: new file exceeds lineLength 642 > 160
scripts/planning/check-test-manifests.js: new file exceeds lineLength 206 > 160
scripts/planning/dag-export.js: new file exceeds lineLength 436 > 160
scripts/planning/dag.js: new file exceeds lineLength 200 > 160
scripts/planning/gen-codeowners.js: new file exceeds lineLength 383 > 160
scripts/planning/gen-ownership.js: new file exceeds lineLength 216 > 160
scripts/planning/gen-schema-fixtures.js: new file exceeds lineLength 1232 > 160
scripts/planning/handoff.js: new file exceeds lineLength 325 > 160
scripts/planning/impacted-tests.js: new file exceeds lineLength 175 > 160
scripts/planning/inventory-values.js: new file exceeds lineLength 2176 > 160
scripts/planning/lib/claim-cli.js: new file exceeds lineLength 368 > 160
scripts/planning/lib/claims.js: new file exceeds lineLength 291 > 160
scripts/planning/lib/deps-parse.js: new file exceeds lineLength 172 > 160
scripts/planning/lib/evidence.js: new file exceeds lineLength 229 > 160
scripts/planning/lib/gh-retry.js: new file exceeds lineLength 212 > 160
scripts/planning/lib/github-project.js: new file exceeds lineLength 643 > 160
scripts/planning/lib/io.js: new file exceeds lineLength 211 > 160
scripts/planning/lib/paths.js: new file exceeds lineLength 223 > 160
scripts/planning/lint-backlog.js: new file exceeds lineLength 207 > 160
scripts/planning/readiness.js: new file exceeds lineLength 193 > 160
scripts/planning/ready.js: new file exceeds lineLength 299 > 160
scripts/planning/resume.js: new file exceeds lineLength 259 > 160
scripts/planning/rollup-invalidation.js: new file exceeds lineLength 171 > 160
scripts/planning/rollup-publish.js: new file exceeds lineLength 464 > 160
scripts/planning/rollup.js: new file exceeds lineLength 417 > 160
scripts/planning/run-safepoint-fixtures.js: new file exceeds lineLength 337 > 160
scripts/planning/run-tests.js: new file exceeds lineLength 226 > 160
scripts/planning/schema/adapters.js: new file exceeds lineLength 1377 > 160
scripts/planning/schema/benchmark-lowering.js: new file exceeds lineLength 389 > 160
scripts/planning/schema/example-coverage.js: new file exceeds lineLength 1101 > 160
scripts/planning/schema/lower-method-body.js: new file exceeds lineLength 855 > 160
scripts/planning/schema/qualify-rust.js: new file exceeds lineLength 1965 > 160
scripts/planning/schema/rust/src/main.rs: new file exceeds lineLength 717 > 160
scripts/planning/schema/validate.js: new file exceeds lineLength 506 > 160
scripts/planning/snapshot-backlog.js: new file exceeds lineLength 787 > 160
scripts/planning/snapshot-contract-ids.js: new file exceeds lineLength 510 > 160
scripts/planning/sync-ready.js: new file exceeds lineLength 286 > 160
scripts/planning/testing/fake-github.js: new file exceeds lineLength 388 > 160
scripts/planning/validate-dag.js: new file exceeds lineLength 204 > 160
scripts/run.js: new file exceeds lineLength 232 > 160
scripts/standalone.js: lineLength grew 237 -> 266 (legacy file may only shrink)
