TAP version 13
# Subtest: comment IDs order releases and reclaims sharing one timestamp without comparing generation sequences
ok 1 - comment IDs order releases and reclaims sharing one timestamp without comparing generation sequences
  ---
  duration_ms: 3.578048
  type: 'test'
  ...
# Subtest: actual fake API release/reclaim comments preserve their owner at a fixed clock
ok 2 - actual fake API release/reclaim comments preserve their owner at a fixed clock
  ---
  duration_ms: 10.432482
  type: 'test'
  ...
# Subtest: same-generation histories without IDs retain sequence ordering and quiet-heartbeat gaps
ok 3 - same-generation histories without IDs retain sequence ordering and quiet-heartbeat gaps
  ---
  duration_ms: 0.475959
  type: 'test'
  ...
# Subtest: different generations with distinct timestamps can be ordered without comment IDs
ok 4 - different generations with distinct timestamps can be ordered without comment IDs
  ---
  duration_ms: 0.27222
  type: 'test'
  ...
# Subtest: mixed-generation ties without complete IDs preserve input order and report ambiguity
ok 5 - mixed-generation ties without complete IDs preserve input order and report ambiguity
  ---
  duration_ms: 0.476811
  type: 'test'
  ...
# Subtest: chronological string IDs retain integer precision and invalid or duplicate IDs stay incomplete
ok 6 - chronological string IDs retain integer precision and invalid or duplicate IDs stay incomplete
  ---
  duration_ms: 0.859012
  type: 'test'
  ...
# Subtest: malformed structured records remain visible and never clear established ownership
ok 7 - malformed structured records remain visible and never clear established ownership
  ---
  duration_ms: 2.931659
  type: 'test'
  ...
# Subtest: malformed JSON and unsupported markers are recorded while ordinary discussion is ignored
ok 8 - malformed JSON and unsupported markers are recorded while ordinary discussion is ignored
  ---
  duration_ms: 0.373028
  type: 'test'
  ...
# Subtest: mismatched generation and agent events cannot change current owner or locks
ok 9 - mismatched generation and agent events cannot change current owner or locks
  ---
  duration_ms: 0.560474
  type: 'test'
  ...
# Subtest: overlapping and reused claims are rejected without adopting their owner or dropping locks
ok 10 - overlapping and reused claims are rejected without adopting their owner or dropping locks
  ---
  duration_ms: 0.509669
  type: 'test'
  ...
# Subtest: duplicate or backwards sequences and unrecorded unlocks preserve the established lock set
ok 11 - duplicate or backwards sequences and unrecorded unlocks preserve the established lock set
  ---
  duration_ms: 0.442921
  type: 'test'
  ...
# Subtest: a copied event from another task or issue cannot release the current claim
ok 12 - a copied event from another task or issue cannot release the current claim
  ---
  duration_ms: 0.194426
  type: 'test'
  ...
# Subtest: field history remains informational even when its data resembles claim or release events
ok 13 - field history remains informational even when its data resembles claim or release events
  ---
  duration_ms: 0.411605
  type: 'test'
  ...
# Subtest: malformed field history and comment containers fail visibly without throwing or inventing owners
ok 14 - malformed field history and comment containers fail visibly without throwing or inventing owners
  ---
  duration_ms: 0.507926
  type: 'test'
  ...
# Subtest: a stale explicit reconciler cannot release a replacement agent or its locks
ok 15 - a stale explicit reconciler cannot release a replacement agent or its locks
  ---
  duration_ms: 9.666646
  type: 'test'
  ...
# Subtest: a stale heartbeat cannot mutate a new generation reusing the same agent ID
ok 16 - a stale heartbeat cannot mutate a new generation reusing the same agent ID
  ---
  duration_ms: 3.454356
  type: 'test'
  ...
# Subtest: a stale lock cannot mutate a new generation reusing the same agent ID
ok 17 - a stale lock cannot mutate a new generation reusing the same agent ID
  ---
  duration_ms: 3.391314
  type: 'test'
  ...
# Subtest: a stale unlock cannot mutate a new generation reusing the same agent ID
ok 18 - a stale unlock cannot mutate a new generation reusing the same agent ID
  ---
  duration_ms: 1.772505
  type: 'test'
  ...
# Subtest: a stale release cannot mutate a new generation reusing the same agent ID
ok 19 - a stale release cannot mutate a new generation reusing the same agent ID
  ---
  duration_ms: 1.688992
  type: 'test'
  ...
# Subtest: a disappeared claim reports stale ownership and removes only the temporary operation mutex
ok 20 - a disappeared claim reports stale ownership and removes only the temporary operation mutex
  ---
  duration_ms: 1.529939
  type: 'test'
  ...
# Subtest: an expired-lease reaper cannot label or report a replacement generation
ok 21 - an expired-lease reaper cannot label or report a replacement generation
  ---
  duration_ms: 1.89865
  type: 'test'
  ...
# Subtest: a same-generation heartbeat between inspection and mutex acquisition remains valid
ok 22 - a same-generation heartbeat between inspection and mutex acquisition remains valid
  ---
  duration_ms: 1.382421
  type: 'test'
  ...
# Subtest: a task identity change cannot redirect an operation to an unrelated mutex namespace
ok 23 - a task identity change cannot redirect an operation to an unrelated mutex namespace
  ---
  duration_ms: 0.793777
  type: 'test'
  ...
# Subtest: missing claim generation fails before acquiring a mutex or invoking the action
ok 24 - missing claim generation fails before acquiring a mutex or invoking the action
  ---
  duration_ms: 0.786396
  type: 'test'
  ...
# Subtest: default IL-document body encoding preserves explicit widths, flags and EH fields
ok 25 - default IL-document body encoding preserves explicit widths, flags and EH fields
  ---
  duration_ms: 16.822064
  type: 'test'
  ...
# Subtest: opt-in layout widens edited short branches and preserves native/direct CIL behavior
ok 26 - opt-in layout widens edited short branches and preserves native/direct CIL behavior
  ---
  duration_ms: 40.85987
  type: 'test'
  ...
# Subtest: layout remaps catch/filter starts, ends and handler endpoints with both shrinking and widening
ok 27 - layout remaps catch/filter starts, ends and handler endpoints with both shrinking and widening
  ---
  duration_ms: 8.272058
  type: 'test'
  ...
# Subtest: switch targets and implicit method-end EH labels survive explicit layout
ok 28 - switch targets and implicit method-end EH labels survive explicit layout
  ---
  duration_ms: 6.045464
  type: 'test'
  ...
# Subtest: document layout rejects invalid options and unresolved or end branch labels
ok 29 - document layout rejects invalid options and unresolved or end branch labels
  ---
  duration_ms: 1.845973
  type: 'test'
  ...
# Subtest: new ldstr literal and long loop assemble through shared layout and match native execution
ok 30 - new ldstr literal and long loop assemble through shared layout and match native execution
  ---
  duration_ms: 47.004672
  type: 'test'
  ...
# Subtest: append-only heap preserves old tokens, deduplicates additions and keeps existing metadata rows
ok 31 - append-only heap preserves old tokens, deduplicates additions and keeps existing metadata rows
  ---
  duration_ms: 8.548423
  type: 'test'
  ...
# Subtest: JSON literal escaping preserves UTF-16 including comments, controls and lone surrogates
ok 32 - JSON literal escaping preserves UTF-16 including comments, controls and lone surrogates
  ---
  duration_ms: 44.185434
  type: 'test'
  ...
# Subtest: numeric-token documents keep the previous metadata root and need no \#US growth budget
ok 33 - numeric-token documents keep the previous metadata root and need no \#US growth budget
  ---
  duration_ms: 1.686909
  type: 'test'
  ...
# Subtest: missing \#US, unknown streams and uncompressed table streams survive literal insertion
ok 34 - missing \#US, unknown streams and uncompressed table streams survive literal insertion
  ---
  duration_ms: 2.983445
  type: 'test'
  ...
# Subtest: heap preflight rejects oversized additions and malformed JSON with CilError
ok 35 - heap preflight rejects oversized additions and malformed JSON with CilError
  ---
  duration_ms: 5.870087
  type: 'test'
  ...
# Subtest: literal edits invalidate the original \#SF profile and run through ordinary CIL
ok 36 - literal edits invalidate the original \#SF profile and run through ordinary CIL
  ---
  duration_ms: 65.944968
  type: 'test'
  ...
# Subtest: IL floating negative zero retains its sign through formatting, assembly and the exact fuzz oracle
ok 37 - IL floating negative zero retains its sign through formatting, assembly and the exact fuzz oracle
  ---
  duration_ms: 21.22212
  type: 'test'
  ...
# Subtest: IL floating NaN instructions preserve original signaling, quiet, sign and payload bits in both layout modes
ok 38 - IL floating NaN instructions preserve original signaling, quiet, sign and payload bits in both layout modes
  ---
  duration_ms: 12.191718
  type: 'test'
  ...
# Subtest: IL NaN-to-finite edits at the original instruction label always replace the payload
ok 39 - IL NaN-to-finite edits at the original instruction label always replace the payload
  ---
  duration_ms: 9.821835
  type: 'test'
  ...
# Subtest: IL changing a NaN opcode width or label uses normal new-operand encoding
ok 40 - IL changing a NaN opcode width or label uses normal new-operand encoding
  ---
  duration_ms: 2.692588
  type: 'test'
  ...
# Subtest: IL an inserted branch relocates the original NaN label without changing its payload
ok 41 - IL an inserted branch relocates the original NaN label without changing its payload
  ---
  duration_ms: 15.180531
  type: 'test'
  ...
# Subtest: IL original NaN context cannot bypass malformed operand validation
ok 42 - IL original NaN context cannot bypass malformed operand validation
  ---
  duration_ms: 1.601774
  type: 'test'
  ...
# Subtest: IL no-change images retain fat bodies, padding, checksum and empty method inventories exactly
ok 43 - IL no-change images retain fat bodies, padding, checksum and empty method inventories exactly
  ---
  duration_ms: 15.582551
  type: 'test'
  ...
# Subtest: IL no-change images retain tiny headers rather than replacing them with equivalent fat headers
ok 44 - IL no-change images retain tiny headers rather than replacing them with equivalent fat headers
  ---
  duration_ms: 2.791803
  type: 'test'
  ...
# Subtest: IL no-change images retain small exception sections and their untouched trailing bytes
ok 45 - IL no-change images retain small exception sections and their untouched trailing bytes
  ---
  duration_ms: 3.445354
  type: 'test'
  ...
# Subtest: IL no-change public-sign and debug-profile images preserve identity and both JavaScript execution routes
ok 46 - IL no-change public-sign and debug-profile images preserve identity and both JavaScript execution routes
  ---
  duration_ms: 97.496354
  type: 'test'
  ...
# Subtest: IL actual edits clear signature reservations and stale debug data, then become byte-stable
ok 47 - IL actual edits clear signature reservations and stale debug data, then become byte-stable
  ---
  duration_ms: 9.418933
  type: 'test'
  ...
# Subtest: IL partial edits retain unchanged method RVAs while replacing the edited body
ok 48 - IL partial edits retain unchanged method RVAs while replacing the edited body
  ---
  duration_ms: 2.70773
  type: 'test'
  ...
# Subtest: IL stack, locals, initialization and exception-clause changes cannot take the no-change path
ok 49 - IL stack, locals, initialization and exception-clause changes cannot take the no-change path
  ---
  duration_ms: 10.003793
  type: 'test'
  ...
# Subtest: IL no-change candidate still validates all methods, locals, options, alignment and exception ranges
ok 50 - IL no-change candidate still validates all methods, locals, options, alignment and exception ranges
  ---
  duration_ms: 2.489349
  type: 'test'
  ...
# Subtest: public CIL text preserves Unicode, exact BufferSource views, initial BOM handling and empty input
ok 51 - public CIL text preserves Unicode, exact BufferSource views, initial BOM handling and empty input
  ---
  duration_ms: 1.493345
  type: 'test'
  ...
# Subtest: public CIL text reports only native invalid-encoding failures as CilError
ok 52 - public CIL text reports only native invalid-encoding failures as CilError
  ---
  duration_ms: 1.83707
  type: 'test'
  ...
# Subtest: public CIL text preserves native detached-buffer behavior without relabeling argument errors
ok 53 - public CIL text preserves native detached-buffer behavior without relabeling argument errors
  ---
  duration_ms: 0.281493
  type: 'test'
  ...
# Subtest: public metadata reading rejects both retained malformed version fields before table decoding
ok 54 - public metadata reading rejects both retained malformed version fields before table decoding
  ---
  duration_ms: 3.072095
  type: 'test'
  ...
# Subtest: public PE reader, inspector and loader reject invalid metadata UTF-8 through the same CilError contract
ok 55 - public PE reader, inspector and loader reject invalid metadata UTF-8 through the same CilError contract
  ---
  duration_ms: 72.388072
  type: 'test'
  ...
# Subtest: public metadata string access rejects invalid UTF-8 without caching replacement characters
ok 56 - public metadata string access rejects invalid UTF-8 without caching replacement characters
  ---
  duration_ms: 0.575065
  type: 'test'
  ...
# Subtest: optional SharpForge debug metadata keeps inspector diagnostics and loader validation behavior
ok 57 - optional SharpForge debug metadata keeps inspector diagnostics and loader validation behavior
  ---
  duration_ms: 3.595875
  type: 'test'
  ...
# Subtest: public Portable PDB reader reports malformed embedded DEFLATE through SymbolError
ok 58 - public Portable PDB reader reports malformed embedded DEFLATE through SymbolError
  ---
  duration_ms: 7.536036
  type: 'test'
  ...
# Subtest: public symbol DEFLATE retains positive output, offset views and existing byte limits
ok 59 - public symbol DEFLATE retains positive output, offset views and existing byte limits
  ---
  duration_ms: 1.516959
  type: 'test'
  ...
# Subtest: public symbol decoder preserves unknown errors and unexpected classes even with familiar messages
ok 60 - public symbol decoder preserves unknown errors and unexpected classes even with familiar messages
  ---
  duration_ms: 0.284128
  type: 'test'
  ...
# Subtest: embedded source shrinks and independent platform decompression preserves bytes
ok 61 - embedded source shrinks and independent platform decompression preserves bytes
  ---
  duration_ms: 7.793985
  type: 'test'
  ...
# Subtest: embedded PDB compresses and remains bound to its assembly identity
ok 62 - embedded PDB compresses and remains bound to its assembly identity
  ---
  duration_ms: 5.882876
  type: 'test'
  ...
# Subtest: short embedded sources remain raw and byte limits reject decompression early
ok 63 - short embedded sources remain raw and byte limits reject decompression early
  ---
  duration_ms: 2.536968
  type: 'test'
  ...
# Subtest: LSP initialize explicitly rejects malformed parameter containers
ok 64 - LSP initialize explicitly rejects malformed parameter containers
  ---
  duration_ms: 1.886683
  type: 'test'
  ...
# Subtest: LSP workspace/symbol explicitly rejects malformed parameter containers
ok 65 - LSP workspace/symbol explicitly rejects malformed parameter containers
  ---
  duration_ms: 0.220344
  type: 'test'
  ...
# Subtest: LSP textDocument/hover explicitly rejects malformed parameter containers
ok 66 - LSP textDocument/hover explicitly rejects malformed parameter containers
  ---
  duration_ms: 0.194556
  type: 'test'
  ...
# Subtest: LSP callHierarchy/incomingCalls explicitly rejects malformed parameter containers
ok 67 - LSP callHierarchy/incomingCalls explicitly rejects malformed parameter containers
  ---
  duration_ms: 0.156159
  type: 'test'
  ...
# Subtest: LSP textDocument/hover explicitly requires the textDocument container
ok 68 - LSP textDocument/hover explicitly requires the textDocument container
  ---
  duration_ms: 0.34736
  type: 'test'
  ...
# Subtest: LSP textDocument/formatting explicitly requires the textDocument container
ok 69 - LSP textDocument/formatting explicitly requires the textDocument container
  ---
  duration_ms: 0.2111
  type: 'test'
  ...
# Subtest: LSP textDocument/semanticTokens/full explicitly requires the textDocument container
ok 70 - LSP textDocument/semanticTokens/full explicitly requires the textDocument container
  ---
  duration_ms: 0.255886
  type: 'test'
  ...
# Subtest: LSP requires a non-empty string document URI before document lookup
ok 71 - LSP requires a non-empty string document URI before document lookup
  ---
  duration_ms: 0.283857
  type: 'test'
  ...
# Subtest: LSP malformed document notifications produce no response or document mutation
ok 72 - LSP malformed document notifications produce no response or document mutation
  ---
  duration_ms: 52.230022
  type: 'test'
  ...
# Subtest: LSP optional params and unknown methods preserve their existing public behavior
ok 73 - LSP optional params and unknown methods preserve their existing public behavior
  ---
  duration_ms: 0.543899
  type: 'test'
  ...
# Subtest: LSP shutdown and notification handling take precedence over parameter validation
ok 74 - LSP shutdown and notification handling take precedence over parameter validation
  ---
  duration_ms: 0.255415
  type: 'test'
  ...
# Subtest: pe-loader: self-authored seeds are deterministic, owned and accepted
ok 75 - pe-loader: self-authored seeds are deterministic, owned and accepted
  ---
  duration_ms: 86.66125
  type: 'test'
  ...
# Subtest: pe-loader: input boundary and pre-cancellation are controlled
ok 76 - pe-loader: input boundary and pre-cancellation are controlled
  ---
  duration_ms: 7.375871
  type: 'test'
  ...
# Subtest: pe-loader: malformed bytes are controlled; harness contract misuse throws
ok 77 - pe-loader: malformed bytes are controlled; harness contract misuse throws
  ---
  duration_ms: 0.832704
  type: 'test'
  ...
# Subtest: bytecode-image: self-authored seeds are deterministic, owned and accepted
ok 78 - bytecode-image: self-authored seeds are deterministic, owned and accepted
  ---
  duration_ms: 13.429167
  type: 'test'
  ...
# Subtest: bytecode-image: input boundary and pre-cancellation are controlled
ok 79 - bytecode-image: input boundary and pre-cancellation are controlled
  ---
  duration_ms: 0.792254
  type: 'test'
  ...
# Subtest: bytecode-image: malformed bytes are controlled; harness contract misuse throws
ok 80 - bytecode-image: malformed bytes are controlled; harness contract misuse throws
  ---
  duration_ms: 0.228926
  type: 'test'
  ...
# Subtest: portable-pdb: self-authored seeds are deterministic, owned and accepted
ok 81 - portable-pdb: self-authored seeds are deterministic, owned and accepted
  ---
  duration_ms: 7.860543
  type: 'test'
  ...
# Subtest: portable-pdb: input boundary and pre-cancellation are controlled
ok 82 - portable-pdb: input boundary and pre-cancellation are controlled
  ---
  duration_ms: 1.02116
  type: 'test'
  ...
# Subtest: portable-pdb: malformed bytes are controlled; harness contract misuse throws
ok 83 - portable-pdb: malformed bytes are controlled; harness contract misuse throws
  ---
  duration_ms: 0.391516
  type: 'test'
  ...
# Subtest: zip-archive: self-authored seeds are deterministic, owned and accepted
ok 84 - zip-archive: self-authored seeds are deterministic, owned and accepted
  ---
  duration_ms: 8.780024
  type: 'test'
  ...
# Subtest: zip-archive: input boundary and pre-cancellation are controlled
ok 85 - zip-archive: input boundary and pre-cancellation are controlled
  ---
  duration_ms: 0.689053
  type: 'test'
  ...
# Subtest: zip-archive: malformed bytes are controlled; harness contract misuse throws
ok 86 - zip-archive: malformed bytes are controlled; harness contract misuse throws
  ---
  duration_ms: 0.202838
  type: 'test'
  ...
# Subtest: PE: malformed magic and truncated extents reach the loader error boundary
ok 87 - PE: malformed magic and truncated extents reach the loader error boundary
  ---
  duration_ms: 4.534324
  type: 'test'
  ...
# Subtest: PE: invalid metadata list ranges reject before loader list expansion
ok 88 - PE: invalid metadata list ranges reject before loader list expansion
  ---
  duration_ms: 4.655732
  type: 'test'
  ...
# Subtest: PE: invalid optional debug UTF-8 is a controlled metadata rejection
ok 89 - PE: invalid optional debug UTF-8 is a controlled metadata rejection
  ---
  duration_ms: 3.514675
  type: 'test'
  ...
# Subtest: bytecode: serialization errors and verifier diagnostics stay separate
ok 90 - bytecode: serialization errors and verifier diagnostics stay separate
  ---
  duration_ms: 0.621744
  type: 'test'
  ...
# Subtest: bytecode: typed-array expansion and recursive reviver work are bounded before deserialization
ok 91 - bytecode: typed-array expansion and recursive reviver work are bounded before deserialization
  ---
  duration_ms: 0.546042
  type: 'test'
  ...
# Subtest: bytecode: a verified scalar loop reaches the fixed instruction budget
ok 92 - bytecode: a verified scalar loop reaches the fixed instruction budget
  ---
  duration_ms: 3.401219
  type: 'test'
  ...
# Subtest: bytecode: verified host-call and library profiles are explicit unsupported cases
ok 93 - bytecode: verified host-call and library profiles are explicit unsupported cases
  ---
  duration_ms: 0.558341
  type: 'test'
  ...
# Subtest: Portable PDB: out-of-range document references retain SymbolError validation
ok 94 - Portable PDB: out-of-range document references retain SymbolError validation
  ---
  duration_ms: 1.352458
  type: 'test'
  ...
# Subtest: Portable PDB: compressed sources respect small decode budgets and unsupported formats stay explicit
ok 95 - Portable PDB: compressed sources respect small decode budgets and unsupported formats stay explicit
  ---
  duration_ms: 0.91176
  type: 'test'
  ...
# Subtest: ZIP: traversal is rejected without filesystem extraction
ok 96 - ZIP: traversal is rejected without filesystem extraction
  ---
  duration_ms: 0.645109
  type: 'test'
  ...
# Subtest: ZIP: duplicate paths and symlink records are rejected as data
ok 97 - ZIP: duplicate paths and symlink records are rejected as data
  ---
  duration_ms: 0.584519
  type: 'test'
  ...
# Subtest: ZIP: stored and deflated payloads enforce actual small output budgets
ok 98 - ZIP: stored and deflated payloads enforce actual small output budgets
  ---
  duration_ms: 1.219833
  type: 'test'
  ...
# Subtest: ZIP: bad checksums and malformed compression are controlled validations
ok 99 - ZIP: bad checksums and malformed compression are controlled validations
  ---
  duration_ms: 0.885962
  type: 'test'
  ...
# Subtest: binary parser errors preserve unknown exceptions as findings
ok 100 - binary parser errors preserve unknown exceptions as findings
  ---
  duration_ms: 0.287112
  type: 'test'
  ...
# Subtest: bytecode profile: original scalar seed bytes are preserved
ok 101 - bytecode profile: original scalar seed bytes are preserved
  ---
  duration_ms: 1.84402
  type: 'test'
  ...
# Subtest: bytecode profile: owned seeds exercise actual managed calls, storage, objects and arrays
ok 102 - bytecode profile: owned seeds exercise actual managed calls, storage, objects and arrays
  ---
  duration_ms: 16.959205
  type: 'test'
  ...
# Subtest: bytecode profile: four helper arguments, sixteen locals and combined code admission boundaries
ok 103 - bytecode profile: four helper arguments, sixteen locals and combined code admission boundaries
  ---
  duration_ms: 3.758654
  type: 'test'
  ...
# Subtest: bytecode profile: method and constant counts cannot exceed the closed metadata budgets
ok 104 - bytecode profile: method and constant counts cannot exceed the closed metadata budgets
  ---
  duration_ms: 1.001972
  type: 'test'
  ...
# Subtest: bytecode profile: the fourth int static and fourth fixed field are executable; extra slots are excluded
ok 105 - bytecode profile: the fourth int static and fourth fixed field are executable; extra slots are excluded
  ---
  duration_ms: 1.620842
  type: 'test'
  ...
# Subtest: bytecode profile: array admission reaches exactly 8 KiB and rejects the next finite element
ok 106 - bytecode profile: array admission reaches exactly 8 KiB and rejects the next finite element
  ---
  duration_ms: 2.101118
  type: 'test'
  ...
# Subtest: bytecode profile: positive fourth call frame and recursive fifth-frame rejection share fixed limits
ok 107 - bytecode profile: positive fourth call frame and recursive fifth-frame rejection share fixed limits
  ---
  duration_ms: 1.194335
  type: 'test'
  ...
# Subtest: bytecode profile: aggregate stack bytes can reject before the fourth frame is allocated
ok 108 - bytecode profile: aggregate stack bytes can reject before the fourth frame is allocated
  ---
  duration_ms: 3.440717
  type: 'test'
  ...
# Subtest: bytecode profile: scans include unreachable host instructions and negative field operands
ok 109 - bytecode profile: scans include unreachable host instructions and negative field operands
  ---
  duration_ms: 2.859593
  type: 'test'
  ...
# Subtest: bytecode profile: closed metadata blocks foreign, generic and non-integer construction paths
ok 110 - bytecode profile: closed metadata blocks foreign, generic and non-integer construction paths
  ---
  duration_ms: 3.078324
  type: 'test'
  ...
# Subtest: bytecode profile: string arithmetic, exception handlers and mismatched parameter slots remain excluded
ok 111 - bytecode profile: string arithmetic, exception handlers and mismatched parameter slots remain excluded
  ---
  duration_ms: 0.721751
  type: 'test'
  ...
# Subtest: bytecode profile: errors cannot become successes through the managed-fault wrapper
ok 112 - bytecode profile: errors cannot become successes through the managed-fault wrapper
  ---
  duration_ms: 1.72123
  type: 'test'
  ...
# Subtest: bytecode profile: pre-cancellation and direct executor admission fail closed
ok 113 - bytecode profile: pre-cancellation and direct executor admission fail closed
  ---
  duration_ms: 0.41526
  type: 'test'
  ...
# Subtest: campaign CLI resolves only reviewed targets and bounded exact integer budgets
ok 114 - campaign CLI resolves only reviewed targets and bounded exact integer budgets
  ---
  duration_ms: 2.057795
  type: 'test'
  ...
# Subtest: campaign CLI rejects unknown execution targets, missing output and unbounded budgets before effects
ok 115 - campaign CLI rejects unknown execution targets, missing output and unbounded budgets before effects
  ---
  duration_ms: 1.83011
  type: 'test'
  ...
# Subtest: reproduction argv retains seed, effective CLI budgets, reviewed target and literal paths
ok 116 - reproduction argv retains seed, effective CLI budgets, reviewed target and literal paths
  ---
  duration_ms: 0.604148
  type: 'test'
  ...
# Subtest: passing adapter evidence requires stable clean source and complete unique target membership
ok 117 - passing adapter evidence requires stable clean source and complete unique target membership
  ---
  duration_ms: 0.991337
  type: 'test'
  ...
# Subtest: failed, cancelled, incomplete and unsupported reports retain distinct nonpassing exit status
ok 118 - failed, cancelled, incomplete and unsupported reports retain distinct nonpassing exit status
  ---
  duration_ms: 0.263337
  type: 'test'
  ...
# Subtest: campaign evidence is byte-hashed and refuses overwrite and path traversal
ok 119 - campaign evidence is byte-hashed and refuses overwrite and path traversal
  ---
  duration_ms: 7.693477
  type: 'test'
  ...
# Subtest: corpus deduplicates exact records and retains original limits and literal bytes
ok 120 - corpus deduplicates exact records and retains original limits and literal bytes
  ---
  duration_ms: 11.856285
  type: 'test'
  ...
# Subtest: finding attribution cannot be switched to another input or source revision
ok 121 - finding attribution cannot be switched to another input or source revision
  ---
  duration_ms: 1.421079
  type: 'test'
  ...
# Subtest: finding persistence retains observed budgets and rejects explicit widening or narrowing
ok 122 - finding persistence retains observed budgets and rejects explicit widening or narrowing
  ---
  duration_ms: 5.529927
  type: 'test'
  ...
# Subtest: corrupted record content and unexpected filenames fail before parser replay
ok 123 - corrupted record content and unexpected filenames fail before parser replay
  ---
  duration_ms: 5.782748
  type: 'test'
  ...
# Subtest: recomputed record checksums cannot bless a different input digest or findings as expected outcomes
ok 124 - recomputed record checksums cannot bless a different input digest or findings as expected outcomes
  ---
  duration_ms: 5.529387
  type: 'test'
  ...
# Subtest: concurrent writers cannot exceed a one-record corpus quota
ok 125 - concurrent writers cannot exceed a one-record corpus quota
  ---
  duration_ms: 2.560953
  type: 'test'
  ...
# Subtest: empty corpus is incomplete and ignored entries cannot evade the directory scan budget
ok 126 - empty corpus is incomplete and ignored entries cannot evade the directory scan budget
  ---
  duration_ms: 3.827435
  type: 'test'
  ...
# Subtest: corpus symlinks are rejected rather than followed
ok 127 - corpus symlinks are rejected rather than followed
  ---
  duration_ms: 2.50435
  type: 'test'
  ...
# Subtest: HTTP target rejects caller-provided authority and open-ended request configuration before effects
ok 128 - HTTP target rejects caller-provided authority and open-ended request configuration before effects
  ---
  duration_ms: 1.987421
  type: 'test'
  ...
# Subtest: HTTP seeds own their small deterministic inputs and only select the closed request profiles
ok 129 - HTTP seeds own their small deterministic inputs and only select the closed request profiles
  ---
  duration_ms: 0.410203
  type: 'test'
  ...
# Subtest: HTTP fixture limits can narrow but cannot exceed its tiny hard ceilings
ok 130 - HTTP fixture limits can narrow but cannot exceed its tiny hard ceilings
  ---
  duration_ms: 0.5308
  type: 'test'
  ...
# Subtest: public HttpTransport preserves the exact response byte boundary and disposes actual owned connections
ok 131 - public HttpTransport preserves the exact response byte boundary and disposes actual owned connections
  ---
  duration_ms: 32.364916
  type: 'test'
  ...
# Subtest: public HttpTransport reconstructs streamed text across an actual split UTF-8 scalar
ok 132 - public HttpTransport reconstructs streamed text across an actual split UTF-8 scalar
  ---
  duration_ms: 21.281076
  type: 'test'
  ...
# Subtest: public HttpTransport retains success and failure HTTP status while filtering the fixture Set-Cookie header
ok 133 - public HttpTransport retains success and failure HTTP status while filtering the fixture Set-Cookie header
  ---
  duration_ms: 9.749439
  type: 'test'
  ...
# Subtest: announced overflow is refused after headers before the fixture writes or returns any body bytes
ok 134 - announced overflow is refused after headers before the fixture writes or returns any body bytes
  ---
  duration_ms: 5.2258
  type: 'test'
  ...
# Subtest: chunked overflow crosses a tiny response boundary without returning a partial result
ok 135 - chunked overflow crosses a tiny response boundary without returning a partial result
  ---
  duration_ms: 9.012476
  type: 'test'
  ...
# Subtest: exact request bytes arrive unchanged and one extra byte is refused before any challenge request is sent
ok 136 - exact request bytes arrive unchanged and one extra byte is refused before any challenge request is sent
  ---
  duration_ms: 6.251648
  type: 'test'
  ...
# Subtest: real in-flight HTTP cancellation retains its exact reason and disposes sockets and response timers
ok 137 - real in-flight HTTP cancellation retains its exact reason and disposes sockets and response timers
  ---
  duration_ms: 3.544229
  type: 'test'
  ...
# Subtest: real HTTP deadline remains distinct from cancellation and closes the delayed fixture response
ok 138 - real HTTP deadline remains distinct from cancellation and closes the delayed fixture response
  ---
  duration_ms: 33.977251
  type: 'test'
  ...
# Subtest: outer cancellation is never counted as the fixture cancellation or a permitted parser error
ok 139 - outer cancellation is never counted as the fixture cancellation or a permitted parser error
  ---
  duration_ms: 0.938389
  type: 'test'
  ...
# Subtest: the expected-error boundary preserves unknown, wrong-profile and programmer failures as findings
ok 140 - the expected-error boundary preserves unknown, wrong-profile and programmer failures as findings
  ---
  duration_ms: 0.321543
  type: 'test'
  ...
# Subtest: fixed self-checks distinguish acceptance, controlled rejection and unexpected exceptions
ok 141 - fixed self-checks distinguish acceptance, controlled rejection and unexpected exceptions
  ---
  duration_ms: 116.394955
  type: 'test'
  ...
# Subtest: finite deadline and 4 MiB allocation probes are detected and saved with their exact input
ok 142 - finite deadline and 4 MiB allocation probes are detected and saved with their exact input
  ---
  duration_ms: 119.454826
  type: 'test'
  ...
# Subtest: output overflow and an undisposed finite timer remain findings
ok 143 - output overflow and an undisposed finite timer remain findings
  ---
  duration_ms: 93.004642
  type: 'test'
  ...
# Subtest: pre-launch and active cancellation remain cancellation rather than acceptance
ok 144 - pre-launch and active cancellation remain cancellation rather than acceptance
  ---
  duration_ms: 51.78683
  type: 'test'
  ...
# Subtest: ambient Node options cannot inject arguments into the fixed child
ok 145 - ambient Node options cannot inject arguments into the fixed child
  ---
  duration_ms: 32.337081
  type: 'test'
  ...
# Subtest: normal campaigns cannot select self-checks, arbitrary modules, or bypass low-level caps
ok 146 - normal campaigns cannot select self-checks, arbitrary modules, or bypass low-level caps
  ---
  duration_ms: 0.879913
  type: 'test'
  ...
# Subtest: native host target rejects transport and filesystem authority in input before effects
ok 147 - native host target rejects transport and filesystem authority in input before effects
  ---
  duration_ms: 2.030464
  type: 'test'
  ...
# Subtest: native host target retains actual allowed-read status, closed resources and effective response cap
ok 148 - native host target retains actual allowed-read status, closed resources and effective response cap
  ---
  duration_ms: 31.991714
  type: 'test'
  ...
# Subtest: native host rejects missing, same-length wrong and short tokens over actual loopback HTTP
ok 149 - native host rejects missing, same-length wrong and short tokens over actual loopback HTTP
  ---
  duration_ms: 15.403412
  type: 'test'
  ...
# Subtest: native host rejects foreign or opaque Origin, raw Host and both cross-site metadata values
ok 150 - native host rejects foreign or opaque Origin, raw Host and both cross-site metadata values
  ---
  duration_ms: 22.891449
  type: 'test'
  ...
# Subtest: native host refuses relative, absolute, encoded and reserved paths without returning its owned sibling sentinel
ok 151 - native host refuses relative, absolute, encoded and reserved paths without returning its owned sibling sentinel
  ---
  duration_ms: 27.944299
  type: 'test'
  ...
# Subtest: native response overflow propagates as a finding candidate rather than controlled policy rejection
ok 152 - native response overflow propagates as a finding candidate rather than controlled policy rejection
  ---
  duration_ms: 3.63323
  type: 'test'
  ...
# Subtest: native denial proof detects JSON-escaped leaked bytes even inside an error envelope
ok 153 - native denial proof detects JSON-escaped leaked bytes even inside an error envelope
  ---
  duration_ms: 0.427869
  type: 'test'
  ...
# Subtest: active native HTTP cancellation preserves its reason and closes the request before returning
ok 154 - active native HTTP cancellation preserves its reason and closes the request before returning
  ---
  duration_ms: 4.543117
  type: 'test'
  ...
# Subtest: native client refuses a third HTTP request even when every earlier request completed
ok 155 - native client refuses a third HTTP request even when every earlier request completed
  ---
  duration_ms: 3.839643
  type: 'test'
  ...
# Subtest: Portable PDB target includes the unchanged licensed .NET runtime document fixture
ok 156 - Portable PDB target includes the unchanged licensed .NET runtime document fixture
  ---
  duration_ms: 6.937135
  type: 'test'
  ...
# Subtest: Portable PDB pin rejects changed size/content and supports offset views without sharing writable data
ok 157 - Portable PDB pin rejects changed size/content and supports offset views without sharing writable data
  ---
  duration_ms: 1.455579
  type: 'test'
  ...
# Subtest: Portable PDB boundary cases are deterministic independent copies below one KiB
ok 158 - Portable PDB boundary cases are deterministic independent copies below one KiB
  ---
  duration_ms: 2.655543
  type: 'test'
  ...
# Subtest: Portable PDB row-index and compression-size failures are controlled under existing process budgets
ok 159 - Portable PDB row-index and compression-size failures are controlled under existing process budgets
  ---
  duration_ms: 1332.845883
  type: 'test'
  ...
# Subtest: Portable PDB reserved DEFLATE errors are controlled rejections after the symbol contract fix
ok 160 - Portable PDB reserved DEFLATE errors are controlled rejections after the symbol contract fix
  ---
  duration_ms: 666.363781
  type: 'test'
  ...
# Subtest: offline budgets reject unknown, fractional, nonfinite and widened limits
ok 161 - offline budgets reject unknown, fractional, nonfinite and widened limits
  ---
  duration_ms: 2.404564
  type: 'test'
  ...
# Subtest: fixture PRNG preserves its documented sequence and rejects invalid seeds
ok 162 - fixture PRNG preserves its documented sequence and rejects invalid seeds
  ---
  duration_ms: 0.279081
  type: 'test'
  ...
# Subtest: seeded byte variations are repeatable, isolated and always honor the input ceiling
ok 163 - seeded byte variations are repeatable, isolated and always honor the input ceiling
  ---
  duration_ms: 1.498102
  type: 'test'
  ...
# Subtest: protocol sequences: seeds are deterministic and the byte prefix preserves existing framing mode
ok 164 - protocol sequences: seeds are deterministic and the byte prefix preserves existing framing mode
  ---
  duration_ms: 1.720238
  type: 'test'
  ...
# Subtest: protocol sequences: shipped cases exercise actual handlers and controlled negative responses
ok 165 - protocol sequences: shipped cases exercise actual handlers and controlled negative responses
  ---
  duration_ms: 104.197859
  type: 'test'
  ...
# Subtest: LSP sequences: edits, queries, close and shutdown preserve protocol state and correlation
ok 166 - LSP sequences: edits, queries, close and shutdown preserve protocol state and correlation
  ---
  duration_ms: 18.295098
  type: 'test'
  ...
# Subtest: LSP sequences: owned source variants include diagnostic-producing text without growing document state
ok 167 - LSP sequences: owned source variants include diagnostic-producing text without growing document state
  ---
  duration_ms: 7.20522
  type: 'test'
  ...
# Subtest: DAP sequences: fixed IL launch, stepping, bounded inspection, restart and disposal work in memory
ok 168 - DAP sequences: fixed IL launch, stepping, bounded inspection, restart and disposal work in memory
  ---
  duration_ms: 16.431039
  type: 'test'
  ...
# Subtest: DAP sequences: missing state and malformed owned argument shapes produce explicit error responses
ok 169 - DAP sequences: missing state and malformed owned argument shapes produce explicit error responses
  ---
  duration_ms: 0.539462
  type: 'test'
  ...
# Subtest: DAP sequences: the current null-envelope product defect is surfaced as a finding, never a rejected input
ok 170 - DAP sequences: the current null-envelope product defect is surfaced as a finding, never a rejected input
  ---
  duration_ms: 1.026268
  type: 'test'
  ...
# Subtest: LSP sequences: malformed parameters require explicit validation diagnostics
ok 171 - LSP sequences: malformed parameters require explicit validation diagnostics
  ---
  duration_ms: 0.320942
  type: 'test'
  ...
# Subtest: LSP sequences: missing methods require the precise correlated Invalid Request diagnostic
ok 172 - LSP sequences: missing methods require the precise correlated Invalid Request diagnostic
  ---
  duration_ms: 0.536168
  type: 'test'
  ...
# Subtest: DAP sequences: caught native exceptions from malformed parameters remain findings
ok 173 - DAP sequences: caught native exceptions from malformed parameters remain findings
  ---
  duration_ms: 0.70056
  type: 'test'
  ...
# Subtest: protocol sequences: only precise owned diagnostics qualify as expected negative responses
ok 174 - protocol sequences: only precise owned diagnostics qualify as expected negative responses
  ---
  duration_ms: 0.418135
  type: 'test'
  ...
# Subtest: protocol sequences: unknown profiles, empty programs and excessive operation counts remain bounded
ok 175 - protocol sequences: unknown profiles, empty programs and excessive operation counts remain bounded
  ---
  duration_ms: 0.629215
  type: 'test'
  ...
# Subtest: protocol sequences: byte and output caps are enforced before growing a transcript
ok 176 - protocol sequences: byte and output caps are enforced before growing a transcript
  ---
  duration_ms: 0.3135
  type: 'test'
  ...
# Subtest: protocol sequences: cancellation propagates before and between awaited handlers
ok 177 - protocol sequences: cancellation propagates before and between awaited handlers
  ---
  duration_ms: 0.309855
  type: 'test'
  ...
# Subtest: protocol sequences: malformed server responses and unexpected internal error responses become findings
ok 178 - protocol sequences: malformed server responses and unexpected internal error responses become findings
  ---
  duration_ms: 0.273742
  type: 'test'
  ...
# Subtest: protocol sequences: output callback failures are rethrown after the server error boundary
ok 179 - protocol sequences: output callback failures are rethrown after the server error boundary
  ---
  duration_ms: 0.161668
  type: 'test'
  ...
# Subtest: protocol sequences: event count is capped even when every individual event is small
ok 180 - protocol sequences: event count is capped even when every individual event is small
  ---
  duration_ms: 0.426627
  type: 'test'
  ...
# Subtest: every reviewed retained input is replayed by the normal A29 Node manifest
ok 181 - every reviewed retained input is replayed by the normal A29 Node manifest
  ---
  duration_ms: 1994.781783
  type: 'test'
  ...
# Subtest: protocol: local seeds are bounded, deterministic and independently owned
ok 182 - protocol: local seeds are bounded, deterministic and independently owned
  ---
  duration_ms: 1.890479
  type: 'test'
  ...
# Subtest: protocol: rejects an input over the configured or hard byte ceiling
ok 183 - protocol: rejects an input over the configured or hard byte ceiling
  ---
  duration_ms: 0.335533
  type: 'test'
  ...
# Subtest: protocol: cancellation and invalid caller contracts propagate
ok 184 - protocol: cancellation and invalid caller contracts propagate
  ---
  duration_ms: 0.443992
  type: 'test'
  ...
# Subtest: il-document: local seeds are bounded, deterministic and independently owned
ok 185 - il-document: local seeds are bounded, deterministic and independently owned
  ---
  duration_ms: 13.868621
  type: 'test'
  ...
# Subtest: il-document: rejects an input over the configured or hard byte ceiling
ok 186 - il-document: rejects an input over the configured or hard byte ceiling
  ---
  duration_ms: 0.20441
  type: 'test'
  ...
# Subtest: il-document: cancellation and invalid caller contracts propagate
ok 187 - il-document: cancellation and invalid caller contracts propagate
  ---
  duration_ms: 0.108499
  type: 'test'
  ...
# Subtest: msbuild-xml: local seeds are bounded, deterministic and independently owned
ok 188 - msbuild-xml: local seeds are bounded, deterministic and independently owned
  ---
  duration_ms: 0.191181
  type: 'test'
  ...
# Subtest: msbuild-xml: rejects an input over the configured or hard byte ceiling
ok 189 - msbuild-xml: rejects an input over the configured or hard byte ceiling
  ---
  duration_ms: 0.140347
  type: 'test'
  ...
# Subtest: msbuild-xml: cancellation and invalid caller contracts propagate
ok 190 - msbuild-xml: cancellation and invalid caller contracts propagate
  ---
  duration_ms: 0.166144
  type: 'test'
  ...
# Subtest: network: local seeds are bounded, deterministic and independently owned
ok 191 - network: local seeds are bounded, deterministic and independently owned
  ---
  duration_ms: 0.542808
  type: 'test'
  ...
# Subtest: network: rejects an input over the configured or hard byte ceiling
ok 192 - network: rejects an input over the configured or hard byte ceiling
  ---
  duration_ms: 0.121879
  type: 'test'
  ...
# Subtest: network: cancellation and invalid caller contracts propagate
ok 193 - network: cancellation and invalid caller contracts propagate
  ---
  duration_ms: 0.147947
  type: 'test'
  ...
# Subtest: protocol: accepts LSP, DAP, Unicode and coalesced frames under incremental parsing
ok 194 - protocol: accepts LSP, DAP, Unicode and coalesced frames under incremental parsing
  ---
  duration_ms: 1.215136
  type: 'test'
  ...
# Subtest: protocol: diagnoses malformed framing, JSON, UTF-8 and incomplete bodies
ok 195 - protocol: diagnoses malformed framing, JSON, UTF-8 and incomplete bodies
  ---
  duration_ms: 0.588495
  type: 'test'
  ...
# Subtest: protocol: encoded messages respect the output byte budget
ok 196 - protocol: encoded messages respect the output byte budget
  ---
  duration_ms: 0.209258
  type: 'test'
  ...
# Subtest: IL document: canonical roundtrips preserve the complete image and literals containing comment text
ok 197 - IL document: canonical roundtrips preserve the complete image and literals containing comment text
  ---
  duration_ms: 12.502995
  type: 'test'
  ...
# Subtest: IL document: generated-input failures propagate outside the first assembly validation boundary
ok 198 - IL document: generated-input failures propagate outside the first assembly validation boundary
  ---
  duration_ms: 0.192813
  type: 'test'
  ...
# Subtest: IL document: reports syntax/scaffold failures and constrains rebuilt output
ok 199 - IL document: reports syntax/scaffold failures and constrains rebuilt output
  ---
  duration_ms: 6.383592
  type: 'test'
  ...
# Subtest: MSBuild XML: parses data and evaluates attributes or standalone conditions without filesystem access
ok 200 - MSBuild XML: parses data and evaluates attributes or standalone conditions without filesystem access
  ---
  duration_ms: 1.780147
  type: 'test'
  ...
# Subtest: MSBuild XML: rejects malformed XML and unsupported data grammar
ok 201 - MSBuild XML: rejects malformed XML and unsupported data grammar
  ---
  duration_ms: 0.507185
  type: 'test'
  ...
# Subtest: network: exact grants, URL normalization and request headers use pure policy APIs
ok 202 - network: exact grants, URL normalization and request headers use pure policy APIs
  ---
  duration_ms: 5.838861
  type: 'test'
  ...
# Subtest: network: malformed local input and output limits remain controlled failures
ok 203 - network: malformed local input and output limits remain controlled failures
  ---
  duration_ms: 0.566883
  type: 'test'
  ...
# Subtest: network: unavailable native host policy surfaces are explicitly unsupported
ok 204 - network: unavailable native host policy surfaces are explicitly unsupported
  ---
  duration_ms: 0.138964
  type: 'test'
  ...
# Subtest: text targets: error classifiers preserve unexpected failures instead of counting them as rejected inputs
ok 205 - text targets: error classifiers preserve unexpected failures instead of counting them as rejected inputs
  ---
  duration_ms: 0.419998
  type: 'test'
  ...
# Subtest: text targets: cancellation observed during a parse is not an input rejection
ok 206 - text targets: cancellation observed during a parse is not an input rejection
  ---
  duration_ms: 0.131804
  type: 'test'
  ...
# Subtest: worker completion rejects swallowed local cancellation independently of the parent watchdog
ok 207 - worker completion rejects swallowed local cancellation independently of the parent watchdog
  ---
  duration_ms: 0.774869
  type: 'test'
  ...
# Subtest: measured synchronous overrun wins even when the local abort callback could not run
ok 208 - measured synchronous overrun wins even when the local abort callback could not run
  ---
  duration_ms: 0.169489
  type: 'test'
  ...
# Subtest: seed collection observes the same deadline and ordinary bounded outcomes remain unchanged
ok 209 - seed collection observes the same deadline and ordinary bounded outcomes remain unchanged
  ---
  duration_ms: 0.814968
  type: 'test'
  ...
# Subtest: the fixed finite cancellation-rejection fixture remains a finding through process isolation
ok 210 - the fixed finite cancellation-rejection fixture remains a finding through process isolation
  ---
  duration_ms: 70.067043
  type: 'test'
  ...
# Subtest: workspace ZIP import and actual destination writer preserve source, binary, UTF-16 and manifest root
ok 211 - workspace ZIP import and actual destination writer preserve source, binary, UTF-16 and manifest root
  ---
  duration_ms: 11.684383
  type: 'test'
  ...
# Subtest: workspace ZIP target awaits actual import/write completion and preserves cancellation
ok 212 - workspace ZIP target awaits actual import/write completion and preserves cancellation
  ---
  duration_ms: 2.312949
  type: 'test'
  ...
# Subtest: workspace ZIP rejects ambiguous manifests and files outside the selected manifest root
ok 213 - workspace ZIP rejects ambiguous manifests and files outside the selected manifest root
  ---
  duration_ms: 0.635464
  type: 'test'
  ...
# Subtest: workspace manifest parsing distinguishes malformed JSON, UTF-8 and settings validation
ok 214 - workspace manifest parsing distinguishes malformed JSON, UTF-8 and settings validation
  ---
  duration_ms: 1.560403
  type: 'test'
  ...
# Subtest: workspace manifest traversal is bounded before recursive settings projection
ok 215 - workspace manifest traversal is bounded before recursive settings projection
  ---
  duration_ms: 0.316224
  type: 'test'
  ...
# Subtest: tiny compressed input with an oversized declaration rejects before destination creation
ok 216 - tiny compressed input with an oversized declaration rejects before destination creation
  ---
  duration_ms: 0.962705
  type: 'test'
  ...
# Subtest: workspace ZIP enforces aggregate decode bytes, entry count and path depth
ok 217 - workspace ZIP enforces aggregate decode bytes, entry count and path depth
  ---
  duration_ms: 0.611679
  type: 'test'
  ...
# Subtest: actual destination writer rejects traversal and colliding plans before mutating its memory root
ok 218 - actual destination writer rejects traversal and colliding plans before mutating its memory root
  ---
  duration_ms: 0.844692
  type: 'test'
  ...
# Subtest: memory destination exposes only child handles and independently bounds actual writer output
ok 219 - memory destination exposes only child handles and independently bounds actual writer output
  ---
  duration_ms: 0.827717
  type: 'test'
  ...
# Subtest: memory destination verifies non-atomic writer failure and owns committed bytes
ok 220 - memory destination verifies non-atomic writer failure and owns committed bytes
  ---
  duration_ms: 0.510851
  type: 'test'
  ...
# Subtest: workspace import preserves unknown parser and destination exceptions as findings
ok 221 - workspace import preserves unknown parser and destination exceptions as findings
  ---
  duration_ms: 0.385096
  type: 'test'
  ...
# Subtest: session I/O evidence keeps broader release obligations blocked after complete component records
ok 222 - session I/O evidence keeps broader release obligations blocked after complete component records
  ---
  duration_ms: 2.397503
  type: 'test'
  ...
# Subtest: session I/O rejects incomplete, reordered, duplicated and failed product phases
ok 223 - session I/O rejects incomplete, reordered, duplicated and failed product phases
  ---
  duration_ms: 1.075901
  type: 'test'
  ...
# Subtest: session I/O rejects absent worker provenance, stale builds and changed fixture bytes
ok 224 - session I/O rejects absent worker provenance, stale builds and changed fixture bytes
  ---
  duration_ms: 0.708371
  type: 'test'
  ...
# Subtest: session I/O rejects credential leakage, sequential HTTP, wrong targets and incomplete cancellation
ok 225 - session I/O rejects credential leakage, sequential HTTP, wrong targets and incomplete cancellation
  ---
  duration_ms: 1.126465
  type: 'test'
  ...
# Subtest: production build qualification requires an unchanged clean source revision
ok 226 - production build qualification requires an unchanged clean source revision
  ---
  duration_ms: 0.431744
  type: 'test'
  ...
# Subtest: session I/O waits for browser teardown after the close acknowledgement
ok 227 - session I/O waits for browser teardown after the close acknowledgement
  ---
  duration_ms: 0.509199
  type: 'test'
  ...
# Subtest: session I/O preserves missing-browser, teardown-exit and timeout failures
ok 228 - session I/O preserves missing-browser, teardown-exit and timeout failures
  ---
  duration_ms: 5.555996
  type: 'test'
  ...
# Subtest: session I/O requires the retained final browser identity and clean CSP/teardown record
ok 229 - session I/O requires the retained final browser identity and clean CSP/teardown record
  ---
  duration_ms: 0.33969
  type: 'test'
  ...
# Subtest: Managed DLL without \#SF: int output
ok 230 - Managed DLL without \#SF: int output
  ---
  duration_ms: 84.318032
  type: 'test'
  ...
# Subtest: Managed DLL without \#SF: double
ok 231 - Managed DLL without \#SF: double
  ---
  duration_ms: 10.126162
  type: 'test'
  ...
# Subtest: Managed DLL without \#SF: loop
ok 232 - Managed DLL without \#SF: loop
  ---
  duration_ms: 11.504759
  type: 'test'
  ...
# Subtest: Managed DLL without \#SF: call
ok 233 - Managed DLL without \#SF: call
  ---
  duration_ms: 8.751483
  type: 'test'
  ...
# Subtest: Managed DLL without \#SF: object
ok 234 - Managed DLL without \#SF: object
  ---
  duration_ms: 15.818448
  type: 'test'
  ...
# Subtest: Managed DLL without \#SF: array
ok 235 - Managed DLL without \#SF: array
  ---
  duration_ms: 10.478971
  type: 'test'
  ...
# Subtest: Managed DLL without \#SF: throw catch
ok 236 - Managed DLL without \#SF: throw catch
  ---
  duration_ms: 15.06803
  type: 'test'
  ...
# Subtest: Managed DLL without \#SF: null catch
ok 237 - Managed DLL without \#SF: null catch
  ---
  duration_ms: 15.095491
  type: 'test'
  ...
# Subtest: Managed DLL without \#SF: bool boxing
ok 238 - Managed DLL without \#SF: bool boxing
  ---
  duration_ms: 6.332136
  type: 'test'
  ...
# Subtest: Managed DLL without \#SF: empty catch
ok 239 - Managed DLL without \#SF: empty catch
  ---
  duration_ms: 5.366698
  type: 'test'
  ...
# Subtest: Managed DLL without \#SF: string ops
ok 240 - Managed DLL without \#SF: string ops
  ---
  duration_ms: 5.897237
  type: 'test'
  ...
# Subtest: Managed DLL without \#SF: ceil
ok 241 - Managed DLL without \#SF: ceil
  ---
  duration_ms: 4.236246
  type: 'test'
  ...
# Subtest: Independent managed DLL: methods can be invoked without an entry point
ok 242 - Independent managed DLL: methods can be invoked without an entry point
  ---
  duration_ms: 4.004025
  type: 'test'
  ...
# Subtest: Independent managed DLL: 64-bit arithmetic stays exact
ok 243 - Independent managed DLL: 64-bit arithmetic stays exact
  ---
  duration_ms: 1.044916
  type: 'test'
  ...
# Subtest: Independent managed DLL: short floating literal and conversion
ok 244 - Independent managed DLL: short floating literal and conversion
  ---
  duration_ms: 0.982564
  type: 'test'
  ...
# Subtest: Independent managed DLL: switch table dispatch
ok 245 - Independent managed DLL: switch table dispatch
  ---
  duration_ms: 2.567424
  type: 'test'
  ...
# Subtest: Independent managed DLL: managed address into local
ok 246 - Independent managed DLL: managed address into local
  ---
  duration_ms: 1.143721
  type: 'test'
  ...
# Subtest: Independent managed DLL: static initializer executes exactly once
ok 247 - Independent managed DLL: static initializer executes exactly once
  ---
  duration_ms: 1.720309
  type: 'test'
  ...
# Subtest: Independent managed DLL: finally executes on leave
ok 248 - Independent managed DLL: finally executes on leave
  ---
  duration_ms: 2.059692
  type: 'test'
  ...
# Subtest: Independent managed DLL: checked overflow becomes a managed fault
ok 249 - Independent managed DLL: checked overflow becomes a managed fault
  ---
  duration_ms: 1.550388
  type: 'test'
  ...
# Subtest: Independent managed DLL: unsigned division uses unsigned operands
ok 250 - Independent managed DLL: unsigned division uses unsigned operands
  ---
  duration_ms: 0.899632
  type: 'test'
  ...
# Subtest: Direct CIL: hard instruction limit
ok 251 - Direct CIL: hard instruction limit
  ---
  duration_ms: 0.851562
  type: 'test'
  ...
# Subtest: Direct CIL: hard output limit
ok 252 - Direct CIL: hard output limit
  ---
  duration_ms: 4.78991
  type: 'test'
  ...
# Subtest: Direct CIL: unknown external method is refused before output
ok 253 - Direct CIL: unknown external method is refused before output
  ---
  duration_ms: 3.69814
  type: 'test'
  ...
# Subtest: Direct CIL: native pointer instructions remain inspectable, not executable
ok 254 - Direct CIL: native pointer instructions remain inspectable, not executable
  ---
  duration_ms: 0.798423
  type: 'test'
  ...
# Subtest: Direct CIL: invalid local slot and stack underflow rejected
ok 255 - Direct CIL: invalid local slot and stack underflow rejected
  ---
  duration_ms: 1.043053
  type: 'test'
  ...
# Subtest: Direct CIL: host arguments use strict declared types and arity
ok 256 - Direct CIL: host arguments use strict declared types and arity
  ---
  duration_ms: 2.071645
  type: 'test'
  ...
# Subtest: IL text: every method rebuilt; changed constants actually execute
ok 257 - IL text: every method rebuilt; changed constants actually execute
  ---
  duration_ms: 3.267302
  type: 'test'
  ...
# Subtest: IL text: changed bodies invalidate stale debug-profile metadata
ok 258 - IL text: changed bodies invalidate stale debug-profile metadata
  ---
  duration_ms: 5.779093
  type: 'test'
  ...
# Subtest: IL text: long, branch and switch round trips
ok 259 - IL text: long, branch and switch round trips
  ---
  duration_ms: 1.200164
  type: 'test'
  ...
# Subtest: IL text: catches round trip
ok 260 - IL text: catches round trip
  ---
  duration_ms: 5.990505
  type: 'test'
  ...
# Subtest: IL text: omitted or duplicate methods are never read from image fallback
ok 261 - IL text: omitted or duplicate methods are never read from image fallback
  ---
  duration_ms: 0.851972
  type: 'test'
  ...
# Subtest: IL text: undefined labels and invalid opcodes are rejected
ok 262 - IL text: undefined labels and invalid opcodes are rejected
  ---
  duration_ms: 1.003474
  type: 'test'
  ...
# Subtest: Decompiler: simple independently authored Add is reconstructable C\#
ok 263 - Decompiler: simple independently authored Add is reconstructable C\#
  ---
  duration_ms: 6.570857
  type: 'test'
  ...
# Subtest: Decompiler: mutable local loads captured before writes
ok 264 - Decompiler: mutable local loads captured before writes
  ---
  duration_ms: 1.414639
  type: 'test'
  ...
# Subtest: Decompiler: EH returns full IL and explicit fallback, not fake C\#
ok 265 - Decompiler: EH returns full IL and explicit fallback, not fake C\#
  ---
  duration_ms: 4.618959
  type: 'test'
  ...
# Subtest: Decoder: i64, r4 and standard two-byte operations
ok 266 - Decoder: i64, r4 and standard two-byte operations
  ---
  duration_ms: 0.115911
  type: 'test'
  ...
# Subtest: Decoder: branch into operand rejected
ok 267 - Decoder: branch into operand rejected
  ---
  duration_ms: 0.207464
  type: 'test'
  ...
# Subtest: Metadata: generic method spec signature uses its blob column
ok 268 - Metadata: generic method spec signature uses its blob column
  ---
  duration_ms: 0.985529
  type: 'test'
  ...
# Subtest: Metadata: generic variables, arrays, byrefs and function pointers inspect
ok 269 - Metadata: generic variables, arrays, byrefs and function pointers inspect
  ---
  duration_ms: 0.286611
  type: 'test'
  ...
# Subtest: PE: inspection rejects malformed and truncated user DLLs
ok 270 - PE: inspection rejects malformed and truncated user DLLs
  ---
  duration_ms: 0.478093
  type: 'test'
  ...
# Subtest: GC: strong handles retain; weak handles clear after strong release
ok 271 - GC: strong handles retain; weak handles clear after strong release
  ---
  duration_ms: 0.663986
  type: 'test'
  ...
# Subtest: GC: scratch marks reused; foreign handles rejected
ok 272 - GC: scratch marks reused; foreign handles rejected
  ---
  duration_ms: 0.583388
  type: 'test'
  ...
# Subtest: CLI: inspect, invoke, decompile, editable IL, assemble, exec ordinary DLL
ok 273 - CLI: inspect, invoke, decompile, editable IL, assemble, exec ordinary DLL
  ---
  duration_ms: 4013.148167
  type: 'test'
  ...
# Subtest: Direct CIL storage: byte local truncates and extends
ok 274 - Direct CIL storage: byte local truncates and extends
  ---
  duration_ms: 1.948104
  type: 'test'
  ...
# Subtest: Direct CIL storage: sbyte local truncates and extends
ok 275 - Direct CIL storage: sbyte local truncates and extends
  ---
  duration_ms: 1.113367
  type: 'test'
  ...
# Subtest: Direct CIL storage: ushort local truncates and extends
ok 276 - Direct CIL storage: ushort local truncates and extends
  ---
  duration_ms: 0.874175
  type: 'test'
  ...
# Subtest: Direct CIL storage: short local truncates and extends
ok 277 - Direct CIL storage: short local truncates and extends
  ---
  duration_ms: 0.846845
  type: 'test'
  ...
# Subtest: Direct CIL storage: ldelem.u1 array extends correctly
ok 278 - Direct CIL storage: ldelem.u1 array extends correctly
  ---
  duration_ms: 1.08878
  type: 'test'
  ...
# Subtest: Direct CIL storage: ldelem.i1 array extends correctly
ok 279 - Direct CIL storage: ldelem.i1 array extends correctly
  ---
  duration_ms: 1.055872
  type: 'test'
  ...
# Subtest: Direct CIL storage: indirect byte store truncates before unsigned load
ok 280 - Direct CIL storage: indirect byte store truncates before unsigned load
  ---
  duration_ms: 0.910798
  type: 'test'
  ...
# Subtest: Direct CIL host result keeps uint identity
ok 281 - Direct CIL host result keeps uint identity
  ---
  duration_ms: 0.72113
  type: 'test'
  ...
# Subtest: Direct CIL host result keeps ulong identity
ok 282 - Direct CIL host result keeps ulong identity
  ---
  duration_ms: 0.651918
  type: 'test'
  ...
# Subtest: Direct CIL host result keeps bool identity
ok 283 - Direct CIL host result keeps bool identity
  ---
  duration_ms: 0.68712
  type: 'test'
  ...
# Subtest: Direct CIL: string[] Main defaults to an empty argument array
ok 284 - Direct CIL: string[] Main defaults to an empty argument array
  ---
  duration_ms: 7.513923
  type: 'test'
  ...
# Subtest: CLI: no dummy arguments required for method decompilation or string[] entry point
ok 285 - CLI: no dummy arguments required for method decompilation or string[] entry point
  ---
  duration_ms: 1257.911938
  type: 'test'
  ...
# Subtest: LSP rejects the null envelope with a stable Invalid Request response
ok 286 - LSP rejects the null envelope with a stable Invalid Request response
  ---
  duration_ms: 1.87127
  type: 'test'
  ...
# Subtest: LSP rejects the undefined envelope with a stable Invalid Request response
ok 287 - LSP rejects the undefined envelope with a stable Invalid Request response
  ---
  duration_ms: 0.138984
  type: 'test'
  ...
# Subtest: LSP rejects the string envelope with a stable Invalid Request response
ok 288 - LSP rejects the string envelope with a stable Invalid Request response
  ---
  duration_ms: 0.133907
  type: 'test'
  ...
# Subtest: LSP rejects the empty string envelope with a stable Invalid Request response
ok 289 - LSP rejects the empty string envelope with a stable Invalid Request response
  ---
  duration_ms: 0.111354
  type: 'test'
  ...
# Subtest: LSP rejects the number envelope with a stable Invalid Request response
ok 290 - LSP rejects the number envelope with a stable Invalid Request response
  ---
  duration_ms: 0.189298
  type: 'test'
  ...
# Subtest: LSP rejects the zero envelope with a stable Invalid Request response
ok 291 - LSP rejects the zero envelope with a stable Invalid Request response
  ---
  duration_ms: 0.12927
  type: 'test'
  ...
# Subtest: LSP rejects the NaN envelope with a stable Invalid Request response
ok 292 - LSP rejects the NaN envelope with a stable Invalid Request response
  ---
  duration_ms: 0.104424
  type: 'test'
  ...
# Subtest: LSP rejects the true envelope with a stable Invalid Request response
ok 293 - LSP rejects the true envelope with a stable Invalid Request response
  ---
  duration_ms: 0.080558
  type: 'test'
  ...
# Subtest: LSP rejects the false envelope with a stable Invalid Request response
ok 294 - LSP rejects the false envelope with a stable Invalid Request response
  ---
  duration_ms: 0.150361
  type: 'test'
  ...
# Subtest: LSP rejects the bigint envelope with a stable Invalid Request response
ok 295 - LSP rejects the bigint envelope with a stable Invalid Request response
  ---
  duration_ms: 0.185062
  type: 'test'
  ...
# Subtest: LSP rejects the symbol envelope with a stable Invalid Request response
ok 296 - LSP rejects the symbol envelope with a stable Invalid Request response
  ---
  duration_ms: 0.118945
  type: 'test'
  ...
# Subtest: LSP rejects the function envelope with a stable Invalid Request response
ok 297 - LSP rejects the function envelope with a stable Invalid Request response
  ---
  duration_ms: 0.152874
  type: 'test'
  ...
# Subtest: LSP rejects the empty array envelope with a stable Invalid Request response
ok 298 - LSP rejects the empty array envelope with a stable Invalid Request response
  ---
  duration_ms: 0.103211
  type: 'test'
  ...
# Subtest: LSP rejects the batch array envelope with a stable Invalid Request response
ok 299 - LSP rejects the batch array envelope with a stable Invalid Request response
  ---
  duration_ms: 0.055802
  type: 'test'
  ...
# Subtest: LSP rejects arrays carrying request properties before any dispatch side effect
ok 300 - LSP rejects arrays carrying request properties before any dispatch side effect
  ---
  duration_ms: 0.159504
  type: 'test'
  ...
# Subtest: LSP preserves request IDs and the optional jsonrpc field at the public adapter boundary
ok 301 - LSP preserves request IDs and the optional jsonrpc field at the public adapter boundary
  ---
  duration_ms: 0.322634
  type: 'test'
  ...
# Subtest: LSP rejects missing, non-string and empty method names while preserving request correlation
ok 302 - LSP rejects missing, non-string and empty method names while preserving request correlation
  ---
  duration_ms: 0.517881
  type: 'test'
  ...
# Subtest: LSP malformed methods are invalid requests even without an ID or after shutdown
ok 303 - LSP malformed methods are invalid requests even without an ID or after shutdown
  ---
  duration_ms: 0.157812
  type: 'test'
  ...
# Subtest: LSP retains initialization capabilities and the semantic token wire legend
ok 304 - LSP retains initialization capabilities and the semantic token wire legend
  ---
  duration_ms: 0.189218
  type: 'test'
  ...
# Subtest: LSP still dispatches document notifications and publishes diagnostics after a rejected envelope
ok 305 - LSP still dispatches document notifications and publishes diagnostics after a rejected envelope
  ---
  duration_ms: 50.218808
  type: 'test'
  ...
# Subtest: LSP still omits responses to notifications and preserves lifecycle errors
ok 306 - LSP still omits responses to notifications and preserves lifecycle errors
  ---
  duration_ms: 0.238861
  type: 'test'
  ...
# Subtest: LSP: initialization advertises implemented UTF-16 capabilities
ok 307 - LSP: initialization advertises implemented UTF-16 capabilities
  ---
  duration_ms: 1.456541
  type: 'test'
  ...
# Subtest: LSP: versioned diagnostics publish on open and edit
ok 308 - LSP: versioned diagnostics publish on open and edit
  ---
  duration_ms: 66.827627
  type: 'test'
  ...
# Subtest: LSP: completion, rename and semantic tokens return protocol shapes
ok 309 - LSP: completion, rename and semantic tokens return protocol shapes
  ---
  duration_ms: 16.230475
  type: 'test'
  ...
# Subtest: LSP: unknown methods return method-not-found
ok 310 - LSP: unknown methods return method-not-found
  ---
  duration_ms: 0.352398
  type: 'test'
  ...
# Subtest: DAP: launch, stepping, inspection and repeated stopped events
ok 311 - DAP: launch, stepping, inspection and repeated stopped events
  ---
  duration_ms: 12.858568
  type: 'test'
  ...
# Subtest: DAP: unsupported requests fail explicitly
ok 312 - DAP: unsupported requests fail explicitly
  ---
  duration_ms: 0.214776
  type: 'test'
  ...
# Subtest: DAP: breakpoints can be configured before launch
ok 313 - DAP: breakpoints can be configured before launch
  ---
  duration_ms: 3.723613
  type: 'test'
  ...
# Subtest: DAP: IL launch from Uint8Array retains source stepping and IL frame coordinates
ok 314 - DAP: IL launch from Uint8Array retains source stepping and IL frame coordinates
  ---
  duration_ms: 25.694604
  type: 'test'
  ...
# Subtest: DAP: IL launch from ArrayBuffer retains source stepping and IL frame coordinates
ok 315 - DAP: IL launch from ArrayBuffer retains source stepping and IL frame coordinates
  ---
  duration_ms: 14.81928
  type: 'test'
  ...
# Subtest: DAP: IL launch from JSON byte array retains source stepping and IL frame coordinates
ok 316 - DAP: IL launch from JSON byte array retains source stepping and IL frame coordinates
  ---
  duration_ms: 7.322702
  type: 'test'
  ...
# Subtest: DAP: malformed assembly transport bytes are rejected rather than coerced
ok 317 - DAP: malformed assembly transport bytes are rejected rather than coerced
  ---
  duration_ms: 0.389843
  type: 'test'
  ...
1..317
# tests 317
# suites 0
# pass 317
# fail 0
# cancelled 0
# skipped 0
# todo 0
# duration_ms 22280.722643
