✔ new ldstr literal and long loop assemble through shared layout and match native execution (32.466071ms)
✔ append-only heap preserves old tokens, deduplicates additions and keeps existing metadata rows (3.839523ms)
✔ JSON literal escaping preserves UTF-16 including comments, controls and lone surrogates (22.88138ms)
✔ numeric-token documents keep the previous metadata root and need no #US growth budget (1.69434ms)
✔ missing #US, unknown streams and uncompressed table streams survive literal insertion (3.63373ms)
✔ heap preflight rejects oversized additions and malformed JSON with CilError (6.557738ms)
✔ literal edits invalidate the original #SF profile and run through ordinary CIL (69.95782ms)
✔ real field receivers, stores, accessibility and nominal flow use pinned CoreLib canonical authority (48.567112ms)
✔ field type confusion, visibility and init-only stores have precise rejected diagnostics (9.521935ms)
✔ missing authority, same-module and absent module facts never turn unknown ancestry into rejection (1.568084ms)
✔ normal instances are verified but instance constructors and malformed constructor lookalikes are not (4.083652ms)
✔ nominal signatures require actual class/value categories and preserve unsupported normalization (3.21857ms)
✔ malformed field operands reject and unsupported storage/layout never qualifies (4.057704ms)
✔ nominal local stores compose existing definite assignment without constructor or alias shortcuts (2.738995ms)
✔ metadata, graph, stack and cancellation budgets remain explicit unknowns through field verification (4.419696ms)
✔ indirect opcodes check primitive storage, loaded results and stored values through the public verifier (35.096963ms)
✔ unresolved storage shapes are distinct from impossible stack or reference kinds (3.493896ms)
✔ indirect addresses must be managed pointers and underflow retains precise instruction offsets (1.868826ms)
✔ registered memory policy accepts readonly loads and rejects readonly stores without forging stack values (1.062873ms)
✔ canonical slot reuse excludes lookalike primitive nodes and unresolved nominal pointees (0.167416ms)
✔ indirect operations compose with definite assignment without inventing initialization through aliases (1.128539ms)
✔ unsupported pointer lifetimes and prefixes remain unknown and existing cancellation/budgets apply (2.035923ms)
✔ native observations retain exact inputs and declared policy differences without qualifying unknown shapes (8.745935ms)
✔ typed numeric corpus follows ECMA operand, storage and branch tables (38.697466ms)
✔ type confusion is rejected independently of the existing height-only admission (3.730519ms)
✔ slot, underflow, maxstack and return diagnostics are explicit (3.025286ms)
✔ unsupported metadata, bodies and opcodes cannot produce a typed proof (4.553512ms)
✔ a local signature token cannot name a method StandAloneSig (0.594704ms)
✔ bounded typed propagation checks cancellation, state-copy work and all dataflow limits (4.134006ms)
✔ bytecode after a reachable terminator remains unsupported when its policy is missing (0.493385ms)
✔ unreachable branches still require an instruction-boundary target (0.527295ms)
✔ primitive storage addresses retain declared element identity and reject double addresses (1.200745ms)
✔ all native observations retain exact bytes and explicit predeclared ILVerify differences (17.68406ms)
✔ literal count and byte limits have explicit defaults, zero boundaries and hard ceilings (25.816463ms)
✔ repeated loads of one token consume one record while distinct tokens consume distinct work (4.861665ms)
✔ per-invocation literal budgets apply again after a successful cached-inspector verification (0.915766ms)
✔ byte-work limits stop before scanning oversized text and before block propagation (23.26912ms)
✔ pre-cancellation and cancellation during a long terminal-marker scan never qualify a method (0.97318ms)
✔ ldstr requires a nonzero #US token and an in-range record start (15.531017ms)
✔ empty, even-length, truncated and reserved compressed #US records reject (6.928413ms)
✔ missing #US rejects only when a String literal actually needs the heap (2.128078ms)
✔ every single-byte character follows the ECMA terminal-marker categories (134.367876ms)
✔ high bytes and paired or lone surrogates preserve exact UTF-16 units (2.338087ms)
✔ compressed length boundaries charge the complete one-, two- and four-byte record (2.239812ms)
✔ only addressed records are inspected, including unreachable literal operands (0.640712ms)
✔ pinned ILVerify String observations retain exact bytes, tool versions and policy boundaries (18.811619ms)
✔ string transfers compose primitive storage, reference branches and field policies (31.713801ms)
✔ literal preparation requires no nominal type authority or unrelated metadata budget (1.214755ms)
✔ mixed field preparation keeps literal errors, offsets and limits independent of metadata authority (2.512402ms)
✔ String stores retain definite-assignment rules and diagnose incompatible storage (1.716062ms)
✔ literal peak stack and rejected IL offsets follow the actual transfer (1.314542ms)
✔ raw verification avoids String display decoding and preserves later public cache identity (2.498492ms)
✔ preexisting display decoding does not bypass later heap validation or literal budgets (0.708692ms)
✔ unsupported object operations remain explicit even when preceded by a valid literal (0.461038ms)
✔ numeric typed verification skips operand display and needs no resource preparation context (11.214152ms)
✔ unreachable field operands retain strict canonical token checks after display decoding is omitted (8.508094ms)
✔ missing policies stop before inspector-backed preparation is requested (1.037355ms)
ℹ tests 57
ℹ suites 0
ℹ pass 57
ℹ fail 0
ℹ cancelled 0
ℹ skipped 0
ℹ todo 0
ℹ duration_ms 3488.841791
