console.log: speedscope v1.24.0
console.warning: [JavaScript Warning: "Failed to create WebGL context: WebGL creation failed: 
* WebglAllowWindowsNativeGl:false restricts context creation on this system. ()
* Exhausted GL driver options. (FEATURE_FAILURE_WEBGL_EXHAUSTED_DRIVERS)" {file: "http://127.0.0.1:42061/speedscope/speedscope-432XE7GS.js" line: 4}]
pageerror: Setup failure
failure: Traceback (most recent call last):
  File "/home/runner/work/SharpForge/SharpForge/tests/conformance/browser/launch.py", line 193, in launch_browser
    yield session
  File "/home/runner/work/SharpForge/SharpForge/tests/fixtures/a05-browser/qualify.py", line 131, in speedscope_case
    result = import_file(page, ui_url, output / exported['file'], exported, output / name)
             ^^^^^^^^^^^^^^^^^^^^^^^^^^^^^^^^^^^^^^^^^^^^^^^^^^^^^^^^^^^^^^^^^^^^^^^^^^^^^
  File "/home/runner/work/SharpForge/SharpForge/tests/fixtures/a05-browser/speedscope.py", line 110, in import_file
    page.wait_for_function('(name) => document.title === name + " - speedscope"', arg=expected['name'])
  File "/opt/hostedtoolcache/Python/3.12.14/x64/lib/python3.12/site-packages/playwright/sync_api/_generated.py", line 12809, in wait_for_function
    self._sync(
  File "/opt/hostedtoolcache/Python/3.12.14/x64/lib/python3.12/site-packages/playwright/_impl/_sync_base.py", line 115, in _sync
    return task.result()
           ^^^^^^^^^^^^^
  File "/opt/hostedtoolcache/Python/3.12.14/x64/lib/python3.12/site-packages/playwright/_impl/_page.py", line 1153, in wait_for_function
    return await self._main_frame.wait_for_function(**locals_to_params(locals()))
           ^^^^^^^^^^^^^^^^^^^^^^^^^^^^^^^^^^^^^^^^^^^^^^^^^^^^^^^^^^^^^^^^^^^^^^
  File "/opt/hostedtoolcache/Python/3.12.14/x64/lib/python3.12/site-packages/playwright/_impl/_frame.py", line 941, in wait_for_function
    await self._channel.send("waitForFunction", self._timeout, params)
  File "/opt/hostedtoolcache/Python/3.12.14/x64/lib/python3.12/site-packages/playwright/_impl/_connection.py", line 76, in send
    return await self._connection.wrap_api_call(
           ^^^^^^^^^^^^^^^^^^^^^^^^^^^^^^^^^^^^^
  File "/opt/hostedtoolcache/Python/3.12.14/x64/lib/python3.12/site-packages/playwright/_impl/_connection.py", line 632, in wrap_api_call
    raise rewrite_error(error, f"{parsed_st['apiName']}: {error}") from None
playwright._impl._errors.TimeoutError: Page.wait_for_function: Timeout 15000ms exceeded.

