✔ build plan keeps project assemblies, sources, references and internal visibility isolated (9.769755ms)
✔ build plan does not grant internal visibility without an explicit friend assembly (1.156625ms)
✔ ReferenceOutputAssembly=false retains build order but is excluded from metadata references (1.502406ms)
✔ build plans reject project cycles and unavailable sources (1.307552ms)
✔ string and primitive resx values round-trip through the .resources binary reader (7.931923ms)
✔ unsupported or invalid resources are rejected (0.245961ms)
✔ unsupported or invalid resources are rejected (0.128994ms)
✔ unsupported or invalid resources are rejected (0.147403ms)
✔ unsupported or invalid resources are rejected (0.150036ms)
✔ unsupported or invalid resources are rejected (0.203387ms)
✔ manifest resource identity Strings.resx{} (1.094901ms)
✔ manifest resource identity folder/Strings.resx{} (0.53733ms)
✔ manifest resource identity Strings.fr.resx{} (0.422788ms)
✔ manifest resource identity Strings.pl-PL.resx{} (0.405972ms)
✔ manifest resource identity Strings.resx{"LogicalName":"Exact.Name"} (0.940608ms)
✔ manifest resource identity Strings.resx{"ManifestResourceName":"Override.Name"} (0.515227ms)
✔ manifest resource identity Strings.resx{"Link":"linked/Strings.resx"} (0.455727ms)
✔ manifest resource identity Strings.fr.resx{"WithCulture":"false"} (0.301825ms)
✔ manifest resource identity Payload.txt{} (0.328686ms)
✔ manifest resource identity Payload.bin{"LogicalName":"bytes"} (0.257087ms)
✔ manifest resource identity Name.resx{"DependentUpon":"Types.cs"} (0.496168ms)
✔ manifest resource identity Name.fr.resx{"DependentUpon":"Types.cs"} (0.365281ms)
✔ resx file references resolve only within the supplied virtual workspace (0.628388ms)
✔ output layout includes copied content, links, publish policy and referenced project files (0.852375ms)
✔ output layout rejects traversal and conflicting destinations (1.663018ms)
✔ launch settings accept comments/trailing commas and select the requested run context (1.008742ms)
✔ invalid launch settings are located diagnostics and unknown profiles are rejected (0.449177ms)
✔ shared JSONC parser preserves Unicode, comments, strings, trailing commas and safe object keys (0.390449ms)
✔ B05 mixed slnx projects remain visible as explicit unloaded nodes (0.526985ms)
✔ lazy file records participate in evaluation but must hydrate before compilation (0.90149ms)
✔ resource file references and dependent source naming reject unhydrated records (0.47674ms)
✔ inner evaluations isolate framework-conditioned sources, properties, items and generated documents (9.440239ms)
✔ inactive context diagnostics are labeled and cannot block the selected build context (6.226481ms)
✔ active context changes re-evaluate configuration/runtime and invalidate stale identities (5.12532ms)
✔ ProjectReference selects nearest compatible framework independently of the explorer active context (3.059414ms)
✔ diamond dependencies retain two independently compiled contexts of the same library (1.413853ms)
✔ portable targets update only the requested framework context and preserve the selected context (3.108649ms)
✔ context graphs reject incompatible references and context-budget overflow explicitly (0.929011ms)
✔ shared native/portable selection removes obsolete contexts on replacement (0.258851ms)
✔ selected contexts expose metadata-only paths before hydration and preserve available assembly bytes (0.704683ms)
✔ resource input discovery expands after resx hydration and never loads unrelated compile files (1.840606ms)
✔ B01 tokenizes before expansion, preserving injected quotes, operators and empty values (3.225174ms)
✔ scanner handles adjacent references, nested static/string calls and encoded references (1.249865ms)
✔ string property member Length (0.169756ms)
✔ string property member Substring(1) (0.259652ms)
✔ string property member Substring(1,2) (2.363685ms)
✔ string property member Replace('a','X') (0.153883ms)
✔ string property member ToUpper() (0.198299ms)
✔ string property member ToUpperInvariant() (0.091317ms)
✔ string property member ToLower() (0.180633ms)
✔ string property member ToLowerInvariant() (0.170117ms)
✔ string property member Contains('bab') (0.282647ms)
✔ string property member StartsWith('AB', 'OrdinalIgnoreCase') (0.170166ms)
✔ string property member EndsWith('BA', 'OrdinalIgnoreCase') (0.11958ms)
✔ string property member IndexOf('ba') (0.153371ms)
✔ string property member LastIndexOf('ba') (0.125509ms)
✔ string property member Split('b')[1] (0.244159ms)
✔ string property member PadLeft(7,'0') (0.143947ms)
✔ string property member PadRight(7,'0') (0.147683ms)
✔ string property member Equals('ABABA', 'OrdinalIgnoreCase') (0.103035ms)
✔ string property member [2] (0.11954ms)
✔ string property member Trim('a') (0.085519ms)
✔ string property member TrimStart('a') (0.075694ms)
✔ string property member TrimEnd('a') (0.064958ms)
✔ B02 malformed or disallowed expression is diagnostic: $(A.BadMember) (5.785476ms)
✔ B02 malformed or disallowed expression is diagnostic: $(A.Replace('', 'x')) (0.690311ms)
✔ B02 malformed or disallowed expression is diagnostic: $(A.Substring(-1)) (0.646856ms)
✔ B02 malformed or disallowed expression is diagnostic: $(A[100]) (0.541717ms)
✔ B02 malformed or disallowed expression is diagnostic: $(Unterminated (0.468636ms)
✔ B02 malformed or disallowed expression is diagnostic: $([System.String]::Copy('missing)) (0.661989ms)
✔ B02 malformed or disallowed expression is diagnostic: $([System.IO.File]::ReadAllText(x)) (0.612423ms)
✔ B02 malformed or disallowed expression is diagnostic: $([System.Text.RegularExpressions.Regex]::IsM (0.580756ms)
✔ B03 item and metadata conditions evaluate with context and fail explicitly without it (2.690118ms)
✔ allow-listed static function $([System.String]::Concat('a','b')) (0.114683ms)
✔ allow-listed static function $([System.String]::Format('{0}-{1}','a','b')) (0.211559ms)
✔ allow-listed static function $([System.String]::IsNullOrWhiteSpace('  ')) (0.153141ms)
✔ allow-listed static function $([System.Math]::Round(2.5)) (0.216316ms)
✔ allow-listed static function $([System.Math]::Round(3.5)) (0.135023ms)
✔ allow-listed static function $([System.Math]::Max(2,8)) (0.124598ms)
✔ allow-listed static function $([System.Version]::Parse('1.2.3').Major) (0.227143ms)
✔ allow-listed static function $([System.Convert]::ToInt32('FF',16)) (0.141604ms)
✔ allow-listed static function $([System.Char]::IsDigit('4')) (0.476799ms)
✔ allow-listed static function $([System.Guid]::Empty) (0.08658ms)
✔ allow-listed static function $([System.Text.RegularExpressions.Regex]::Replace('abc123','[0-9]+','x')) (0.361465ms)
✔ static path/environment/time calls use only the explicit virtual context (1.595566ms)
✔ MSBuild intrinsic Add(2,3) (0.128223ms)
✔ MSBuild intrinsic Subtract(8,3) (0.07258ms)
✔ MSBuild intrinsic Multiply(2,3) (0.067411ms)
✔ MSBuild intrinsic Divide(8,2) (0.069595ms)
✔ MSBuild intrinsic Modulo(8,3) (0.096305ms)
✔ MSBuild intrinsic BitwiseOr(1,2) (0.073642ms)
✔ MSBuild intrinsic BitwiseAnd(3,2) (0.063346ms)
✔ MSBuild intrinsic BitwiseXor(3,2) (0.095414ms)
✔ MSBuild intrinsic BitwiseNot(0) (0.064797ms)
✔ MSBuild intrinsic ValueOrDefault('', 'fallback') (0.072129ms)
✔ MSBuild intrinsic EnsureTrailingSlash('src') (0.091888ms)
✔ MSBuild intrinsic VersionGreaterThan('v2.0-preview','1.9.9') (0.256367ms)
✔ MSBuild intrinsic VersionEquals('1.0','1.0.0.0') (0.120402ms)
✔ MSBuild intrinsic VersionLessThanOrEquals('1.0', '2.0') (0.081924ms)
✔ MSBuild intrinsic GetTargetFrameworkIdentifier('net8.0') (0.286752ms)
✔ MSBuild intrinsic GetTargetFrameworkVersion('net48') (0.148714ms)
✔ MSBuild intrinsic GetTargetPlatformIdentifier('net8.0-windows10.0.19041') (0.090086ms)
✔ MSBuild intrinsic IsTargetFrameworkCompatible('net8.0','netstandard2.1') (0.216166ms)
✔ MSBuild intrinsic AreFeaturesEnabled('17.0') (0.127002ms)
✔ indexed Exists performs bounded directory lookup across 20000 workspace files (62.525355ms)
✔ 100 evaluated projects share a path trie over 20000 source files (166.391062ms)
✔ TFM parsing and nearest compatible framework selection is deterministic (0.330598ms)
✔ expression and condition budgets reject excessive input and nesting (0.355696ms)
✖ 47 TFM parsing rows, all compatibility pairs and nearest assets match native NuGet.Frameworks (961.065272ms)
✔ unsupported frameworks are explicit and do not become compatible fallback assets (0.2589ms)
✔ generic custom items preserve source order, default metadata, update and removal (9.707612ms)
✔ escaped separators remain literal item identities (0.85518ms)
✔ Include Exclude Update Remove obey declaration order for absent and future items (0.967118ms)
✔ KeepDuplicates compares identity and custom metadata (0.572143ms)
✔ KeepMetadata and RemoveMetadata filter copied custom metadata (0.641788ms)
✔ MatchOnMetadata removes matching copied items with explicit comparison modes (0.792966ms)
✔ item metadata expansion observes previous metadata and the current item (0.592764ms)
✔ well-known metadata describes imported definitions relative to the project (5.955513ms)
✔ transforms generate new paths and preserve source metadata over nested transforms (6.549909ms)
✔ item expression function @(X, '|') (0.82899ms)
✔ item expression function @(X->Count()) (0.634878ms)
✔ item expression function @(X->Distinct()) (0.413093ms)
✔ item expression function @(X->DistinctWithCase()) (0.611912ms)
✔ item expression function @(X->Reverse()) (0.323017ms)
✔ item expression function @(X->AnyHaveMetadataValue('M','YES')) (1.979596ms)
✔ item expression function @(X->HasMetadata('M')) (0.443399ms)
✔ item expression function @(X->WithMetadataValue('M','yes')) (0.473134ms)
✔ item expression function @(X->WithoutMetadataValue('M','yes')) (0.375867ms)
✔ item expression function @(X->Metadata('M')) (1.67044ms)
✔ item expression function @(X->ClearMetadata()->HasMetadata('M')) (0.468147ms)
✔ item expression function @(X->ToUpper()) (0.500455ms)
✔ Exists item function keeps only granted workspace files (0.546965ms)
✔ item conditions see final properties and per-item metadata (1.307552ms)
✔ invalid item operation is diagnosed: <X/> (3.457516ms)
✔ invalid item operation is diagnosed: <X Include="a" Remove="b"/> (0.931194ms)
✔ invalid item operation is diagnosed: <X Include="a" KeepMetadata="A" RemoveMetadata="B"/> (0.370428ms)
✔ invalid item operation is diagnosed: <X Include="a" KeepDuplicates="perhaps"/> (0.216075ms)
✔ invalid item operation is diagnosed: <X Remove="a" MatchOnMetadata="M"/> (0.246252ms)
✔ invalid item operation is diagnosed: <X Include="a"/><X Remove="@(X)" MatchOnMetadata="M" MatchOnMetadataOptions="Random"/> (0.252971ms)
✔ invalid item operation is diagnosed: <X Include="@(X->UnknownMethod())"/> (0.251239ms)
✔ invalid item operation is diagnosed: <X Include="../../escape"/> (0.20524ms)
✔ item expansion and cancellation budgets stop evaluation (0.67633ms)
✔ portable string members match the installed native MSBuild expression evaluator (285.562103ms)
✔ portable static functions and intrinsic arithmetic match native MSBuild (181.46001ms)
✔ portable SDK defaults match 25 native properties and default item membership (428.287784ms)
✔ portable generic item transforms, metadata and operations match native MSBuild (234.388882ms)
✔ 30 ordered item-evaluation fixtures match native MSBuild (256.923416ms)
✔ portable generated file target matches native WriteLinesToFile and Compile membership (256.271027ms)
✔ 12 resource identities match native CreateManifestResourceNames including culture and dependent sources (493.05063ms)
✔ portable resources are readable by the native CLR and native string resources round-trip (669.119322ms)
✔ native satellite assembly retains the culture-qualified manifest resource name (3280.952618ms)
✔ reserved, environment and TreatAsLocalProperty values have distinct precedence (7.073349ms)
✔ per-project global mappings override solution defaults (0.524981ms)
✔ SDK default properties cover configuration, framework, compilation and output layout (2.497317ms)
✔ SDK default Compile, EmbeddedResource and None globs are disjoint and respect exclusions (2.563776ms)
✔ SDK default items can be disabled independently (0.785034ms)
✔ explicit SDK imports evaluate the same key defaults as the SDK attribute (1.391219ms)
✔ SDK declarations and caller resolvers are explicit and unknown SDKs block evaluation (2.598079ms)
✔ Directory.Build import switches, overrides and label provenance are retained (0.996974ms)
✔ GetPathOfFileAbove composes nested Directory.Build.props with its parent (0.807618ms)
✔ central package versions and explicit overrides flow into PackageReference metadata (1.351098ms)
✔ implicit global usings honor Using Remove, aliases and static metadata (1.166739ms)
✔ assembly info sources include versions, company and friend assemblies with escaping (0.664663ms)
✔ B04 evaluated Debug/Release symbols actually reach compiler preprocessing and execution (67.792419ms)
✔ implicit usings compile Console and List without user using declarations on both browser engines (19.21426ms)
✔ portable target graph retains dependencies, hooks, incremental declarations and initial/default targets (13.189153ms)
✔ target policy blocks each native-only task by name while allowing portable tasks (2.147689ms)
✔ target execution writes generated source, adds Compile and makes it available to the build plan (4.073975ms)
✔ portable tasks honor Condition and do not mutate a workspace when apply=false (1.040209ms)
✔ Copy outputs, in-target properties/items, read lines and directory existence work together (3.095538ms)
✔ task metadata batching groups values and exposes each item bucket (2.229483ms)
✔ target batching writes one output per metadata bucket (1.422946ms)
✔ ContinueOnError obeys warning/continuation semantics and default failure rolls back virtual changes (2.111965ms)
✔ CallTarget executes a target at most once and rejects recursive invocation (1.268113ms)
✔ Delete and RemoveDir update virtual existence without host file access (1.118827ms)
✔ portable target execution enforces steps, output bytes and cancellation (1.008711ms)
✔ data-only condition: '10' > '2' (1.961108ms)
✔ data-only condition: '-3' < '2' (0.150787ms)
✔ data-only condition: '0x10' >= '16' (0.183276ms)
✔ data-only condition: '17.10.0.0' > '17.9.0.0' (0.178379ms)
✔ data-only condition: '1.0.0.0' == '1.0' (0.127502ms)
✔ data-only condition: 'Debug' == 'debug' (0.090166ms)
✔ data-only condition: true Or false And false (0.210197ms)
✔ data-only condition: (true Or false) And false (0.18625ms)
✔ data-only condition: !false (0.135004ms)
✔ data-only condition: HasTrailingSlash('a\') (0.193302ms)
✔ data-only condition: '2' <= '1' (0.098018ms)
✔ data-only condition refuses 'cat' < 'dog' (3.967003ms)
✔ data-only condition refuses $([System.IO.File]::ReadAllText('x' (0.63019ms)
✔ data-only condition refuses true junk (0.161994ms)
✔ data-only condition refuses 'unterminated (0.070787ms)
✔ data-only condition refuses ((((((((((((((((((((((((((((((((((( (0.136295ms)
✔ imports apply in order and retain import origins (5.113433ms)
✔ nested imports resolve from imported file, Compile items from project directory (3.751168ms)
✔ intrinsic directories work for root and nested imports, items, and Exists (1.503378ms)
✔ wildcard imports use sorted order and unmatched wildcard is empty (0.54368ms)
✔ missing unconditional import is diagnostic; false conditioned missing import is skipped (0.447776ms)
✔ duplicate and cyclic imports have bounded evaluation with a warning (2.359068ms)
✔ Choose executes only first matched branch and supports nested choices (0.637662ms)
✔ Choose Otherwise applies when no When matched (0.501957ms)
✔ item group conditions see final properties and item definitions are defaults (0.972487ms)
✔ explicit metadata overrides definitions and is expanded (0.44468ms)
✔ global properties cannot be overwritten by project or imported properties (0.343649ms)
✔ targets, tasks, packages and property functions remain explicit native requirements (0.858195ms)
✔ inherited props are before project and inherited targets are after (0.341485ms)
✔ XML parses quoted >, namespaces, numeric entities, comments and CDATA (3.177672ms)
✔ reject malformed or unsafe XML <!DOCTYPE x><x/> (0.451691ms)
✔ reject malformed or unsafe XML <!ENTITY x "hi"><x/> (0.160442ms)
✔ reject malformed or unsafe XML <x>&evil;</x> (0.229206ms)
✔ reject malformed or unsafe XML <x>&oops</x> (0.204178ms)
✔ reject malformed or unsafe XML <x a="1" a="2"/> (1.979085ms)
✔ reject malformed or unsafe XML <x></y> (0.156256ms)
✔ reject malformed or unsafe XML <x/><y/> (0.121003ms)
✔ reject malformed or unsafe XML <x> (0.40449ms)
✔ reject malformed or unsafe XML <x a="<"/> (0.281534ms)
✔ reject malformed or unsafe XML <x>&#0;</x> (0.270529ms)
✔ XML structural limits (0.792736ms)
✔ workspace paths normalize separators and internal parents (0.475838ms)
✔ reject unsafe workspace path "../../out" (0.244268ms)
✔ reject unsafe workspace path "/tmp/x" (0.123206ms)
✔ reject unsafe workspace path "C:\\x" (0.11245ms)
✔ reject unsafe workspace path "https://example/a" (0.067401ms)
✔ reject unsafe workspace path ".." (0.122635ms)
✔ reject unsafe workspace path "\u0000" (0.068343ms)
✔ glob matches zero or multiple directories, not partial filenames (0.451931ms)
✔ condition grammar implements comparison, boolean precedence and Exists (2.690719ms)
✔ SDK globs exclude bin obj hidden and files outside project (6.544862ms)
✔ Compile include exclude remove update links and disabled defaults (2.542535ms)
✔ duplicate implicit/explicit compile is a build error (1.149324ms)
✔ conditions use configuration globals and inherited properties (2.133428ms)
✔ SLNX folders preserve solution-relative paths and references in dependency order (2.27385ms)
✔ missing sibling project diagnostics explain folder granting (1.115993ms)
✔ project cycles are diagnosed and traversal terminates (0.916332ms)
✔ missing compile files and external root traversal are errors (0.956402ms)
✔ packages binaries analyzers and target execution are explicitly blocked (2.284536ms)
✔ unsupported condition is not treated as true (0.66268ms)
✔ create csproj and slnx round trip quoted names (1.181903ms)
✔ file input reads binary and preserves directory paths (6.2918ms)
✔ disk save checks every baseline before any write (1.227922ms)
✔ disk save writes explicit changes and updates baseline (0.958115ms)
✔ disk save partial I/O failure reports already-written files (0.774728ms)
✔ directory traversal retains handles and skips .git (0.62298ms)
ℹ tests 242
ℹ suites 0
ℹ pass 241
ℹ fail 1
ℹ cancelled 0
ℹ skipped 0
ℹ todo 0
ℹ duration_ms 6379.854935

✖ failing tests:

test at tests/project-evaluation-frameworks.test.js:60:1
✖ 47 TFM parsing rows, all compatibility pairs and nearest assets match native NuGet.Frameworks (961.065272ms)
  AssertionError [ERR_ASSERTION]: Expected values to be strictly deep-equal:
  + actual - expected
  
    [
      'net6.0',
      'net472',
  +   'net7.0-windows7.0',
  +   'net8.0-windows10.0.19041.0',
  -   'net8.0',
  -   'net8.0-windows10.0.19041',
      null,
      'netstandard1.6'
    ]
  
      at TestContext.<anonymous> (file:///workspace/scratch/3e16369943fd/p18-evaluator/tests/project-evaluation-frameworks.test.js:88:12)
      at Test.runInAsyncScope (node:async_hooks:227:14)
      at Test.run (node:internal/test_runner/test:1382:25)
      at Test.start (node:internal/test_runner/test:1242:17)
      at startSubtestAfterBootstrap (node:internal/test_runner/harness:387:17) {
    generatedMessage: true,
    code: 'ERR_ASSERTION',
    actual: [ 'net6.0', 'net472', 'net7.0-windows7.0', 'net8.0-windows10.0.19041.0', null, 'netstandard1.6' ],
    expected: [ 'net6.0', 'net472', 'net8.0', 'net8.0-windows10.0.19041', null, 'netstandard1.6' ],
    operator: 'deepStrictEqual',
    diff: 'simple'
  }
