(node:60) [UNDICI-EHPA] Warning: EnvHttpProxyAgent is experimental, expect them to change at any time.
(Use `node --trace-warnings ...` to show where the warning was created)
(node:68) [UNDICI-EHPA] Warning: EnvHttpProxyAgent is experimental, expect them to change at any time.
(Use `node --trace-warnings ...` to show where the warning was created)
TAP version 13
# (node:75) [UNDICI-EHPA] Warning: EnvHttpProxyAgent is experimental, expect them to change at any time.
# (Use `node --trace-warnings ...` to show where the warning was created)
# Subtest: successful sibling artifacts survive replacement of the latest analysis result and carry the emitted runtime profile
ok 1 - successful sibling artifacts survive replacement of the latest analysis result and carry the emitted runtime profile
  ---
  duration_ms: 86.300288
  type: 'test'
  ...
# Subtest: startup changes retain valid dependency metadata; dependency source, options and context changes invalidate it
ok 2 - startup changes retain valid dependency metadata; dependency source, options and context changes invalidate it
  ---
  duration_ms: 65.981672
  type: 'test'
  ...
# Subtest: a later failed dependency build clears previously emitted cache entries
ok 3 - a later failed dependency build clears previously emitted cache entries
  ---
  duration_ms: 17.253762
  type: 'test'
  ...
# Subtest: external HintPath references preserve case-insensitive aliases without an emitted sibling profile
ok 4 - external HintPath references preserve case-insensitive aliases without an emitted sibling profile
  ---
  duration_ms: 11.841356
  type: 'test'
  ...
# (node:83) [UNDICI-EHPA] Warning: EnvHttpProxyAgent is experimental, expect them to change at any time.
# (Use `node --trace-warnings ...` to show where the warning was created)
# Subtest: dependency after-build outputs feed consumer preparation before its separate worker compilation
ok 5 - dependency after-build outputs feed consumer preparation before its separate worker compilation
  ---
  duration_ms: 115.649339
  type: 'test'
  ...
# Subtest: failed dependency compilation or after targets prevent consumer preparation and lazy reads
ok 6 - failed dependency compilation or after targets prevent consumer preparation and lazy reads
  ---
  duration_ms: 13.545938
  type: 'test'
  ...
# Subtest: buildUnit materializes only one prepared context and refuses unloaded or unknown requested contexts
ok 7 - buildUnit materializes only one prepared context and refuses unloaded or unknown requested contexts
  ---
  duration_ms: 2.110594
  type: 'test'
  ...
# Subtest: cancellation while a dependency compiles runs no after hooks or consumer requests
ok 8 - cancellation while a dependency compiles runs no after hooks or consumer requests
  ---
  duration_ms: 5.371444
  type: 'test'
  ...
# (node:91) [UNDICI-EHPA] Warning: EnvHttpProxyAgent is experimental, expect them to change at any time.
# (Use `node --trace-warnings ...` to show where the warning was created)
# Subtest: application compiler requests hydrate lazy inputs, retain generated usings and use current editor buffers
ok 9 - application compiler requests hydrate lazy inputs, retain generated usings and use current editor buffers
  ---
  duration_ms: 15.381566
  type: 'test'
  ...
# Subtest: generated AssemblyInfo becomes genuine metadata while the SDK project builds through the worker handler
ok 10 - generated AssemblyInfo becomes genuine metadata while the SDK project builds through the worker handler
  ---
  duration_ms: 89.547007
  type: 'test'
  ...
# Subtest: dependency units keep separate source sets and suppress non-output references
ok 11 - dependency units keep separate source sets and suppress non-output references
  ---
  duration_ms: 0.757883
  type: 'test'
  ...
# Subtest: failed dependencies block consumers and do not publish a partial startup assembly
ok 12 - failed dependencies block consumers and do not publish a partial startup assembly
  ---
  duration_ms: 0.268846
  type: 'test'
  ...
# Subtest: a project built for two target contexts produces distinct dependency artifacts
ok 13 - a project built for two target contexts produces distinct dependency artifacts
  ---
  duration_ms: 0.659675
  type: 'test'
  ...
# Subtest: standalone worker builds handle a cold artifact cache and retain the subsequent cached assembly
ok 14 - standalone worker builds handle a cold artifact cache and retain the subsequent cached assembly
  ---
  duration_ms: 4.603466
  type: 'test'
  ...
# Subtest: application file search delegates options to the streaming disk index without compiling the workspace
ok 15 - application file search delegates options to the streaming disk index without compiling the workspace
  ---
  duration_ms: 0.271029
  type: 'test'
  ...
# Subtest: culture resources produce satellite assemblies instead of disappearing from successful builds
ok 16 - culture resources produce satellite assemblies instead of disappearing from successful builds
  ---
  duration_ms: 7.94056
  type: 'test'
  ...
# Subtest: launch profiles carry explicit browser arguments and environment; executable profiles require native execution
ok 17 - launch profiles carry explicit browser arguments and environment; executable profiles require native execution
  ---
  duration_ms: 1.994219
  type: 'test'
  ...
# Subtest: lazy export and cancelled or stale hydration never substitute empty file contents
ok 18 - lazy export and cancelled or stale hydration never substitute empty file contents
  ---
  duration_ms: 1.699574
  type: 'test'
  ...
# (node:99) [UNDICI-EHPA] Warning: EnvHttpProxyAgent is experimental, expect them to change at any time.
# (Use `node --trace-warnings ...` to show where the warning was created)
# Subtest: application build runs all preparation hooks and finalizes genuine compiler bytes after the worker returns
ok 19 - application build runs all preparation hooks and finalizes genuine compiler bytes after the worker returns
  ---
  duration_ms: 83.983423
  type: 'test'
  ...
# Subtest: failed compilation never publishes an output assembly or executes after targets
ok 20 - failed compilation never publishes an output assembly or executes after targets
  ---
  duration_ms: 15.306444
  type: 'test'
  ...
# Subtest: the same generated source path stays isolated in a two-framework diamond build and on rebuild
ok 21 - the same generated source path stays isolated in a two-framework diamond build and on rebuild
  ---
  duration_ms: 64.968914
  type: 'test'
  ...
# Subtest: lazy pre-compile and after-compile target inputs hydrate and retry atomically in the requested context
ok 22 - lazy pre-compile and after-compile target inputs hydrate and retry atomically in the requested context
  ---
  duration_ms: 7.744735
  type: 'test'
  ...
# Subtest: after-target errors fail the build and do not publish the phase partial writes
ok 23 - after-target errors fail the build and do not publish the phase partial writes
  ---
  duration_ms: 3.721624
  type: 'test'
  ...
# Subtest: cancelled, stale, superseded and malformed worker results cannot execute post-compilation targets
ok 24 - cancelled, stale, superseded and malformed worker results cannot execute post-compilation targets
  ---
  duration_ms: 19.042432
  type: 'test'
  ...
# Subtest: native-only property and task diagnostics survive target preparation without publishing partial writes
ok 25 - native-only property and task diagnostics survive target preparation without publishing partial writes
  ---
  duration_ms: 2.768597
  type: 'test'
  ...
# Subtest: native semantic requests use the explicitly selected native context and skip portable targets
ok 26 - native semantic requests use the explicitly selected native context and skip portable targets
  ---
  duration_ms: 0.405793
  type: 'test'
  ...
# Subtest: disk, epoch, startup and native-mode changes cannot publish an awaited project source hydration
ok 27 - disk, epoch, startup and native-mode changes cannot publish an awaited project source hydration
  ---
  duration_ms: 2.222533
  type: 'test'
  ...
# (node:107) [UNDICI-EHPA] Warning: EnvHttpProxyAgent is experimental, expect them to change at any time.
# (Use `node --trace-warnings ...` to show where the warning was created)
# Subtest: a real 300-file folder builds and analyzes all closed C\# sources while keeping one editor buffer
ok 28 - a real 300-file folder builds and analyzes all closed C\# sources while keeping one editor buffer
  ---
  duration_ms: 372.670999
  type: 'test'
  ...
# Subtest: folder membership remains authoritative after a virtual deletion even when disk still has the original file
ok 29 - folder membership remains authoritative after a virtual deletion even when disk still has the original file
  ---
  duration_ms: 1.356978
  type: 'test'
  ...
# Subtest: folder hydration refuses missing, binary, oversized or excessive inputs without fabricating empty text
ok 30 - folder hydration refuses missing, binary, oversized or excessive inputs without fabricating empty text
  ---
  duration_ms: 7.850625
  type: 'test'
  ...
# Subtest: cancelled and replaced folder hydrations retain the original unopened membership
ok 31 - cancelled and replaced folder hydrations retain the original unopened membership
  ---
  duration_ms: 0.824715
  type: 'test'
  ...
# (node:119) [UNDICI-EHPA] Warning: EnvHttpProxyAgent is experimental, expect them to change at any time.
# (Use `node --trace-warnings ...` to show where the warning was created)
# Subtest: reserved, environment and TreatAsLocalProperty values have distinct precedence
ok 32 - reserved, environment and TreatAsLocalProperty values have distinct precedence
  ---
  duration_ms: 7.716944
  type: 'test'
  ...
# Subtest: per-project global mappings override solution defaults
ok 33 - per-project global mappings override solution defaults
  ---
  duration_ms: 0.540315
  type: 'test'
  ...
# Subtest: SDK default properties cover configuration, framework, compilation and output layout
ok 34 - SDK default properties cover configuration, framework, compilation and output layout
  ---
  duration_ms: 3.133988
  type: 'test'
  ...
# Subtest: SDK default Compile, EmbeddedResource and None globs are disjoint and respect exclusions
ok 35 - SDK default Compile, EmbeddedResource and None globs are disjoint and respect exclusions
  ---
  duration_ms: 2.055993
  type: 'test'
  ...
# Subtest: SDK default items can be disabled independently
ok 36 - SDK default items can be disabled independently
  ---
  duration_ms: 1.096985
  type: 'test'
  ...
# Subtest: explicit SDK imports evaluate the same key defaults as the SDK attribute
ok 37 - explicit SDK imports evaluate the same key defaults as the SDK attribute
  ---
  duration_ms: 2.002531
  type: 'test'
  ...
# Subtest: SDK declarations and caller resolvers are explicit and unknown SDKs block evaluation
ok 38 - SDK declarations and caller resolvers are explicit and unknown SDKs block evaluation
  ---
  duration_ms: 3.024052
  type: 'test'
  ...
# Subtest: Directory.Build import switches, overrides and label provenance are retained
ok 39 - Directory.Build import switches, overrides and label provenance are retained
  ---
  duration_ms: 0.935682
  type: 'test'
  ...
# Subtest: GetPathOfFileAbove composes nested Directory.Build.props with its parent
ok 40 - GetPathOfFileAbove composes nested Directory.Build.props with its parent
  ---
  duration_ms: 1.006298
  type: 'test'
  ...
# Subtest: central package versions and explicit overrides flow into PackageReference metadata
ok 41 - central package versions and explicit overrides flow into PackageReference metadata
  ---
  duration_ms: 1.574976
  type: 'test'
  ...
# Subtest: implicit global usings honor Using Remove, aliases and static metadata
ok 42 - implicit global usings honor Using Remove, aliases and static metadata
  ---
  duration_ms: 1.081571
  type: 'test'
  ...
# Subtest: global using qualification preserves predefined alias types and avoids duplicate global prefixes
not ok 43 - global using qualification preserves predefined alias types and avoids duplicate global prefixes
  ---
  duration_ms: 1.917533
  type: 'test'
  location: '/workspace/scratch/3e16369943fd/p18-evaluator/tests/project-evaluation-sdk.test.js:143:1'
  failureType: 'testCodeFailure'
  error: |-
    Expected values to be strictly deep-equal:
    + actual - expected
    
    + [
    +   {
    +     code: 'MSB0001',
    +     contextId: '["App/App.csproj","Debug","AnyCPU","net10.0",""]',
    +     file: 'App/App.csproj',
    +     length: 0,
    +     message: 'Path is outside the granted virtual workspace.',
    +     path: 'App/App.csproj',
    +     project: 'App/App.csproj',
    +     runtimeIdentifier: '',
    +     severity: 'error',
    +     start: 204,
    +     targetFramework: 'net10.0'
    +   }
    + ]
    - []
    
  code: 'ERR_ASSERTION'
  name: 'AssertionError'
  expected:
  actual:
    0:
      path: 'App/App.csproj'
      message: 'Path is outside the granted virtual workspace.'
      severity: 'error'
      code: 'MSB0001'
      file: 'App/App.csproj'
      start: 204
      length: 0
      project: 'App/App.csproj'
      contextId: '["App/App.csproj","Debug","AnyCPU","net10.0",""]'
      targetFramework: 'net10.0'
      runtimeIdentifier: ''
  operator: 'deepStrictEqual'
  stack: |-
    noErrors (file:///workspace/scratch/3e16369943fd/p18-evaluator/tests/helpers/project-evaluation.js:18:10)
    TestContext.<anonymous> (file:///workspace/scratch/3e16369943fd/p18-evaluator/tests/project-evaluation-sdk.test.js:147:3)
    Test.runInAsyncScope (node:async_hooks:214:14)
    Test.run (node:internal/test_runner/test:1047:25)
    Test.processPendingSubtests (node:internal/test_runner/test:744:18)
    Test.postRun (node:internal/test_runner/test:1173:19)
    Test.run (node:internal/test_runner/test:1101:12)
    process.processTicksAndRejections (node:internal/process/task_queues:103:5)
    async Test.processPendingSubtests (node:internal/test_runner/test:744:7)
  ...
# Subtest: assembly info sources include versions, company and friend assemblies with escaping
ok 44 - assembly info sources include versions, company and friend assemblies with escaping
  ---
  duration_ms: 0.798745
  type: 'test'
  ...
# Subtest: B04 evaluated Debug/Release symbols actually reach compiler preprocessing and execution
ok 45 - B04 evaluated Debug/Release symbols actually reach compiler preprocessing and execution
  ---
  duration_ms: 82.08605
  type: 'test'
  ...
# Subtest: implicit usings compile Console and List without user using declarations on both browser engines
ok 46 - implicit usings compile Console and List without user using declarations on both browser engines
  ---
  duration_ms: 23.531664
  type: 'test'
  ...
1..46
# tests 46
# suites 0
# pass 45
# fail 1
# cancelled 0
# skipped 0
# todo 0
# duration_ms 4311.829706
