✔ equal worker serials stay partitioned by app and launch identity (2.390826ms)
✔ strict capture validation rejects missing sequences, wrong identities and invalid measurements atomically (0.853287ms)
✔ bounded history gaps are explicit and malformed replies block only their current launch (0.770071ms)
✔ late replies after replacement cannot attach measurements to the replacement capture (0.335947ms)
✔ pausing and disposal cancel outstanding waits without clearing retained launch history (0.596851ms)
✔ disposed and removed sessions cannot create new capture work (0.220753ms)
✔ timeline retains bounded descriptors and partitions heap snapshots by launch (1.552481ms)
✔ heap snapshots reject late replacement and malformed census data (0.325641ms)
✔ CPU graph uses actual time, bounded percent and weighted intervals with accessible event detail (11.662499ms)
✔ execution occupancy measures actual intervals and separate synchronous categories (1.613533ms)
✔ nested work counts once and a close inside the operation includes its complete final interval (0.237879ms)
✔ measurement preserves synchronous exceptions and rejects asynchronous waiting (0.510199ms)
✔ bounded sequence windows report lost history and replacement clears the previous launch (0.362727ms)
✔ occupancy validates bounds, clock monotonicity and replacement outside measured work (0.403748ms)
✔ runtime pumping closes the actual final interval and cancels idle sampling after termination (0.619224ms)
✔ paused runtimes sample genuine idle intervals and freeze automatic animations (0.306783ms)
✔ retired launch timer callbacks cannot clear or execute replacement timers (0.316658ms)
✔ request measurements exclude inspection and count UI/debug actions without changing their results (0.352041ms)
✔ runtime pump failures keep a paused capture and report the original error (0.376587ms)
✔ real source worker exposes actual execution intervals and preserves program output (440.113839ms)
✔ real source workers isolate captures, pause, stop and replacement despite equal raw serials (589.385803ms)
✔ real direct CIL worker exposes actual execution intervals and preserves program output (345.413644ms)
✔ real direct CIL workers isolate captures, pause, stop and replacement despite equal raw serials (2324.951385ms)
✔ PE metadata exposes actual generic List members, names, parameter signatures, properties and namespaces (12.825614ms)
✔ metadata source carries the exact PE identity, source version and matching overload selection (4.553338ms)
✔ metadata versions never collapse same-name assemblies or infer an ambiguous owner (2.020577ms)
✖ framework member caret resolves Console.WriteLine rather than treating it as a type name (11.909102ms)
✔ reference sources use authorized HintPath bytes, transitive project visibility and no source text getters (14.938661ms)
✔ unavailable, ambiguous and invalid PE references return explicit Object Browser diagnostic rows (28.562709ms)
✔ metadata inspection rejects byte and declaration limits before returning a partial model (1.476707ms)
✔ catalog cancellation terminates its dedicated metadata worker and does not cache late replies (5.912918ms)
✖ Code Definition reads only a bounded caret fragment and prioritizes structured bound owners (4.255018ms)
✔ Code Definition source definitions bypass metadata and retain exact selection (0.349558ms)
✔ Outline host passes exact URI/project/version and applies one provider edit before navigation (1.609928ms)
✔ Outline rejects stale version after provider completion (0.503229ms)
✔ Outline rejects stale project after provider completion (0.167933ms)
✔ Outline rejects stale workspace after provider completion (0.191599ms)
✔ Outline rejects stale document after provider completion (0.264849ms)
✔ Outline cancellation and disposal stop a waiting provider without applying its late result (0.560205ms)
✔ Outline rejects read-only and mismatched provider edits (0.275726ms)
✔ Outline leaf drops retain before/after position and refuse cross-tree payloads (0.557371ms)
✔ Outline moves a complete CRLF member with XML docs and trailing comments, without changing the workspace (9.034627ms)
✔ Outline moves a callable across fields without changing field initialization order or either runtime result (75.027539ms)
✔ Outline accepts storage-free declaration: int Value => 1; (1.365149ms)
✔ Outline accepts storage-free declaration: int Value { get { return 1; } set { } } (0.999638ms)
✔ Outline accepts storage-free declaration: C() { } (0.73601ms)
✔ Outline accepts storage-free declaration: int this[int i] { get { return i; } } (1.276115ms)
✔ Outline rejects order-sensitive or hidden-storage declaration: int value = 1; (1.293741ms)
✔ Outline rejects order-sensitive or hidden-storage declaration: int Value { get; set; } (0.547236ms)
✔ Outline rejects order-sensitive or hidden-storage declaration: int Value { get; } = 1; (0.573616ms)
✔ Outline rejects order-sensitive or hidden-storage declaration: [ModuleInitializer] static void Init() {} (0.939797ms)
✔ Outline rejects order-sensitive or hidden-storage declaration: [Alias] static void Init() {} (0.478141ms)
✔ Outline rejects different containers, stale/read-only versions and invalid offsets without partial mutation (0.619464ms)
✔ Outline rejects crossing region/directive trivia and malformed source members (1.888919ms)
✔ Outline returns a stable no-op for the same member and preserves same-line separators for real moves (0.900598ms)
✔ real source worker consumes a complete launch profile (364.130688ms)
✔ real source workers isolate argv, environment and stop commands despite equal local serials (331.320767ms)
✔ real source worker rejects malformed replacement settings without retiring its paused session (291.934882ms)
✔ real direct CIL worker consumes a complete launch profile (257.008662ms)
✔ real direct CIL workers isolate argv, environment and stop commands despite equal local serials (304.450652ms)
✔ real direct CIL worker rejects malformed replacement settings without retiring its paused session (267.011719ms)
✔ Task List scans real C# comment trivia and ignores literal task words (57.303342ms)
✔ class hierarchy attaches members to their actual project and namespace (0.555368ms)
✔ Object Browser uses actual registered List metadata and method signatures (19.34119ms)
✔ test provider subset runs emit incremental states and produce hierarchical results (2.00902ms)
✔ test cancellation signals only its current provider operation and preserves terminal results (0.585784ms)
✔ call hierarchy expands lazily and rejects changed source versions (0.626715ms)
✔ diagnostic session timelines remain separate and heap diffs use actual census data (1.335394ms)
✔ toolbox providers select the actual active document kind (0.469218ms)
✔ Animation source: sampling and Stop restore changed base (11.470929ms)
✔ Animation reload: sampling and Stop restore changed base (8.286127ms)
✔ Animation cil: sampling and Stop restore changed base (10.323349ms)
✔ Animation reassembled: sampling and Stop restore changed base (9.918529ms)
✔ Animation source: deferred BeginTime runs before first active frame (2.238817ms)
✔ Animation reload: deferred BeginTime runs before first active frame (5.095485ms)
✔ Animation cil: deferred BeginTime runs before first active frame (3.843166ms)
✔ Animation reassembled: deferred BeginTime runs before first active frame (5.951775ms)
✔ Animation source: pause resume and seek (3.306597ms)
✔ Animation reload: pause resume and seek (6.272359ms)
✔ Animation cil: pause resume and seek (3.731428ms)
✔ Animation reassembled: pause resume and seek (5.619365ms)
✔ Animation source: zero duration fills immediately (4.392244ms)
✔ Animation reload: zero duration fills immediately (3.563825ms)
✔ Animation cil: zero duration fills immediately (2.467191ms)
✔ Animation reassembled: zero duration fills immediately (4.055246ms)
✔ Animation source: repeat and auto reverse (1.646814ms)
✔ Animation reload: repeat and auto reverse (5.056076ms)
✔ Animation cil: repeat and auto reverse (4.696753ms)
✔ Animation reassembled: repeat and auto reverse (4.806719ms)
✔ Animation source: stop fill restores unmodified local (1.83628ms)
✔ Animation reload: stop fill restores unmodified local (4.1175ms)
✔ Animation cil: stop fill restores unmodified local (3.709074ms)
✔ Animation reassembled: stop fill restores unmodified local (6.052338ms)
✔ Animation source: nested storyboard speed and offset (2.046006ms)
✔ Animation reload: nested storyboard speed and offset (3.988245ms)
✔ Animation cil: nested storyboard speed and offset (3.318985ms)
✔ Animation reassembled: nested storyboard speed and offset (5.300604ms)
✔ Animation source: quadratic ease in (1.758622ms)
✔ Animation reload: quadratic ease in (6.679274ms)
✔ Animation cil: quadratic ease in (3.080666ms)
✔ Animation reassembled: quadratic ease in (4.233484ms)
✔ Animation source: transform target path (1.119989ms)
✔ Animation reload: transform target path (2.657698ms)
✔ Animation cil: transform target path (2.093828ms)
✔ Animation reassembled: transform target path (3.370363ms)
✔ Animation source: attached canvas target (1.035442ms)
✔ Animation reload: attached canvas target (2.477827ms)
✔ Animation cil: attached canvas target (2.230003ms)
✔ Animation reassembled: attached canvas target (3.54766ms)
✔ Animation source: name binding requires unique live target (2.050803ms)
✔ Animation reload: name binding requires unique live target (2.947515ms)
✔ Animation cil: name binding requires unique live target (1.963461ms)
✔ Animation reassembled: name binding requires unique live target (4.334317ms)
✔ Animation source: based-on style mutation while animated restores latest base (2.371367ms)
✔ Animation reload: based-on style mutation while animated restores latest base (6.463017ms)
✔ Animation cil: based-on style mutation while animated restores latest base (4.013864ms)
✔ Animation reassembled: based-on style mutation while animated restores latest base (4.317742ms)
✔ Animation source: garbage collection keeps active timelines/targets (2.431387ms)
✔ Animation reload: garbage collection keeps active timelines/targets (3.196992ms)
✔ Animation cil: garbage collection keeps active timelines/targets (2.313369ms)
✔ Animation reassembled: garbage collection keeps active timelines/targets (3.362381ms)
✔ Animation source: invalid target does not replace running animation (2.229543ms)
✔ Animation reload: invalid target does not replace running animation (3.170471ms)
✔ Animation cil: invalid target does not replace running animation (4.012732ms)
✔ Animation reassembled: invalid target does not replace running animation (4.239834ms)
✔ Animation source: wrap panel contracts and attached spans (1.092898ms)
✔ Animation reload: wrap panel contracts and attached spans (2.187709ms)
✔ Animation cil: wrap panel contracts and attached spans (2.319859ms)
✔ Animation reassembled: wrap panel contracts and attached spans (2.842647ms)
✔ AnimationClock pending root BeginTime still drives the clock (0.23177ms)
✔ AnimationClock snapshot restores all clocks, bases and completion state (0.867969ms)
✔ AnimationClock latest storyboard takes precedence; stopping reveals earlier clock then base (0.141613ms)
✔ AnimationClock Begin validation leaves previous state untouched (4.617734ms)
✔ AnimationClock rejects cycles, huge trees, and invalid speed (0.248905ms)
✔ AnimationClock repeat-duration and fractional repeats keep correct final value (0.197437ms)
✔ Easing symmetry and endpoints across all supported families (0.230738ms)
ℹ tests 136
ℹ suites 0
ℹ pass 134
ℹ fail 2
ℹ cancelled 0
ℹ skipped 0
ℹ todo 0
ℹ duration_ms 8817.091615

✖ failing tests:

test at tests/a19-metadata-providers.test.js:61:1
✖ framework member caret resolves Console.WriteLine rather than treating it as a type name (11.909102ms)
  AssertionError [ERR_ASSERTION]: The expression evaluated to a falsy value:
  
    assert(result)
  
      at TestContext.<anonymous> (file:///workspace/scratch/6b99131ca908/p16-shell/tests/a19-metadata-providers.test.js:63:3)
      at async Test.run (node:internal/test_runner/test:1389:7)
      at async Test.processPendingSubtests (node:internal/test_runner/test:960:7) {
    generatedMessage: true,
    code: 'ERR_ASSERTION',
    actual: null,
    expected: true,
    operator: '==',
    diff: 'simple'
  }

test at tests/a19-metadata-providers.test.js:135:1
✖ Code Definition reads only a bounded caret fragment and prioritizes structured bound owners (4.255018ms)
  TypeError: Cannot read properties of null (reading 'target')
      at TestContext.<anonymous> (file:///workspace/scratch/6b99131ca908/p16-shell/tests/a19-metadata-providers.test.js:148:23)
      at async Test.run (node:internal/test_runner/test:1389:7)
      at async Test.processPendingSubtests (node:internal/test_runner/test:960:7)
