✔ debug directory checksum agrees with platform SHA256 (9.302228ms)
✔ debug directory checksum agrees with platform SHA384 (3.988745ms)
✔ debug directory checksum agrees with platform SHA512 (2.322094ms)
✔ attach replaces symbols while preserving unknown directory payloads and an overlay (2.398967ms)
✔ embedded PDB inflation is lazy, cached and checked against the caller budget (2.099376ms)
✔ path limit is one documented boundary and reproducible/checksum entries are optional (1.408972ms)
✔ source sha384 hashing matches platform at length 0 (0.995584ms)
✔ source sha512 hashing matches platform at length 0 (0.946142ms)
✔ source sha384 hashing matches platform at length 1 (1.134378ms)
✔ source sha512 hashing matches platform at length 1 (1.248886ms)
✔ source sha384 hashing matches platform at length 111 (1.034632ms)
✔ source sha512 hashing matches platform at length 111 (1.000532ms)
✔ source sha384 hashing matches platform at length 112 (7.033051ms)
✔ source sha512 hashing matches platform at length 112 (6.949118ms)
✔ source sha384 hashing matches platform at length 127 (5.363115ms)
✔ source sha512 hashing matches platform at length 127 (1.31296ms)
✔ source sha384 hashing matches platform at length 128 (1.02047ms)
✔ source sha512 hashing matches platform at length 128 (1.076413ms)
✔ source sha384 hashing matches platform at length 129 (8.785097ms)
✔ source sha512 hashing matches platform at length 129 (1.166154ms)
✔ source sha384 hashing matches platform at length 1000 (5.262938ms)
✔ source sha512 hashing matches platform at length 1000 (3.151704ms)
✔ Node Buffer inputs retain their identities across repeated checksum verification and attachment (5.744066ms)
✔ attachment honors nondefault PE alignments and only counts section growth as code (2.235637ms)
✔ embedded source shrinks and independent platform decompression preserves bytes (8.789984ms)
✔ embedded PDB compresses and remains bound to its assembly identity (6.967194ms)
✔ short embedded sources remain raw and byte limits reject decompression early (2.454629ms)
✔ public header-only reader returns owned tiny/fat facts without decoding exception sections (12.387203ms)
✔ header reader rejects raw token, RVA, short header and code extent boundaries (8.73228ms)
✔ bound slots without LocalVariable rows expose null names and declared types without invented scopes (4.238622ms)
✔ recorded declarations and hidden flags are preserved while reused slots never choose an invented name (1.854627ms)
✔ an empty tiny-method signature differs from missing method metadata and invalid query tokens (2.932451ms)
✔ slot method/aggregate bounds and cancellation precede slot materialization (4.404336ms)
✔ unnamed-slot inspection validates method-header signature tokens before dereferencing rows (1.236529ms)
✔ Release CLR slot types and SRM declarations match without reconstructing eliminated variables (10.712021ms)
✔ CLI headers are authoritative when in-range PDB signatures disagree or bodies are absent (3.765717ms)
✔ 20k-method pages decode exactly requested physical tokens and return owned results (115.559949ms)
✔ definition-only and empty pages decode no methods, including the exact end boundary (2.117513ms)
✔ pages use physical MethodDef order while legacy summaries retain MethodPtr owner order (1.303808ms)
✔ pagination rejects malformed limits, offsets, aggregate body bytes and cancellation before decoding (2.029565ms)
✔ legacy summary retains complete inventory, definition-only mode and per-method diagnostics (2.31906ms)
✔ metadata URIs cover every declared row and user strings, surviving an inspector reload (1.829039ms)
✔ URI parsing rejects raw token coercion, bad heap extents, other modules and noncanonical components (1.189999ms)
✔ retained native Roslyn PE resolves method URIs after reload and preserves page/default descriptors (18.932367ms)
✔ four instruction relations resolve exact local aliases and preserve occurrence order (16.950193ms)
✔ external targets stay explicit instead of binding to guessed display names (2.515549ms)
✔ owned pages and scalar indexes survive destruction of caller PE and metadata (1.943157ms)
✔ aggregate body, instruction and occurrence budgets reject exact excess before expansion (2.464083ms)
✔ invalid options/tokens, cancellation and metadata budget boundaries remain explicit (1.934795ms)
✔ malformed IL or operand kinds reject; native method bodies are explicit incomplete input (3.104945ms)
✔ legacy callGraph keeps exact calls, per-method errors and normal cache behavior (3.408372ms)
✔ native reflection IL/token observations agree with all four usage relations (4.151965ms)
✔ raw debug entries retain unknown kinds, independent RVAs and overlay payloads as owned bytes (7.847438ms)
✔ symbols reuses raw record extraction while retaining CodeView semantic decoding and error type (2.649375ms)
✔ raw debug entry and aggregate payload limits admit exact bounds and reject excess (2.189069ms)
✔ debug payload truncation and cancellation reject before exposing partial output (1.079547ms)
✔ method implementation classification separates code kind from method optimization flags (0.997797ms)
✔ native, OPTIL, Runtime and unmanaged IL RVAs never reach the CIL header decoder (10.881259ms)
✔ authored R2R markers retain actual CIL bodies even when ILOnly is unset (2.976968ms)
✔ authored image indicators distinguish IL-only, mixed mode, other managed-native and native entry points (4.000332ms)
✔ absent managed and runtime bodies remain metadata facts without fabricated empty IL bodies (0.889307ms)
✔ eligible but unreadable CIL retains failure facts instead of a successful empty body (1.636646ms)
✔ bound PDB local slots preserve unsupported-method diagnostics for all non-CIL kinds (5.024958ms)
✔ independent PEReader/SRM capture pins exact sources and cache-only reference bytes (2.536229ms)
✔ recorded real R2R and mixed-mode image facts cover actual non-ILOnly and native method cases (0.285941ms)
✔ owned PE32 headers, sections and directories expose exact scalar facts (13.048812ms)
✔ owned PE32+ headers, sections and directories expose exact scalar facts (2.112196ms)
✔ all UInt64 optional-header values retain exact bits beyond Number precision (2.327272ms)
✔ CorFlags retain unknown bits and signing facts do not claim signature verification (2.558512ms)
✔ extra advertised directories survive and unmapped unused directories are explicit (2.519174ms)
✔ fifteen advertised directories preserve reader compatibility without inventing a sixteenth output entry (1.543319ms)
✔ unmapped signing reservations remain explicit and large bounded scans check cancellation (2.825906ms)
✔ PE snapshots are opt-in on full and paged summaries; outer signals take precedence (6.103825ms)
✔ invalid PE input, byte budgets, truncated optional headers and cancellation reject deterministically (2.446046ms)
✔ Managed DLL without #SF: int output (107.876205ms)
✔ Managed DLL without #SF: double (10.284354ms)
✔ Managed DLL without #SF: loop (12.204707ms)
✔ Managed DLL without #SF: call (16.810109ms)
✔ Managed DLL without #SF: object (24.275837ms)
✔ Managed DLL without #SF: array (16.053036ms)
✔ Managed DLL without #SF: throw catch (10.876404ms)
✔ Managed DLL without #SF: null catch (6.618062ms)
✔ Managed DLL without #SF: bool boxing (6.111297ms)
✔ Managed DLL without #SF: empty catch (8.237012ms)
✔ Managed DLL without #SF: string ops (10.740063ms)
✔ Managed DLL without #SF: ceil (17.041168ms)
✔ Independent managed DLL: methods can be invoked without an entry point (6.886386ms)
✔ Independent managed DLL: 64-bit arithmetic stays exact (1.274734ms)
✔ Independent managed DLL: short floating literal and conversion (1.159596ms)
✔ Independent managed DLL: switch table dispatch (3.103364ms)
✔ Independent managed DLL: managed address into local (1.372568ms)
✔ Independent managed DLL: static initializer executes exactly once (1.80171ms)
✔ Independent managed DLL: finally executes on leave (1.684246ms)
✔ Independent managed DLL: checked overflow becomes a managed fault (1.060389ms)
✔ Independent managed DLL: unsigned division uses unsigned operands (1.003606ms)
✔ Direct CIL: hard instruction limit (1.899844ms)
✔ Direct CIL: hard output limit (4.59711ms)
✔ Direct CIL: unknown external method is refused before output (2.360511ms)
✔ Direct CIL: native pointer instructions remain inspectable, not executable (1.070985ms)
✔ Direct CIL: invalid local slot and stack underflow rejected (3.281706ms)
✔ Direct CIL: host arguments use strict declared types and arity (4.516251ms)
✔ IL text: every method rebuilt; changed constants actually execute (3.708333ms)
✔ IL text: changed bodies invalidate stale debug-profile metadata (10.346154ms)
✔ IL text: long, branch and switch round trips (1.379769ms)
✔ IL text: catches round trip (8.877013ms)
✔ IL text: omitted or duplicate methods are never read from image fallback (1.316216ms)
✔ IL text: undefined labels and invalid opcodes are rejected (7.62341ms)
✔ Decompiler: simple independently authored Add is reconstructable C# (12.19999ms)
✔ Decompiler: mutable local loads captured before writes (3.786928ms)
✔ Decompiler: EH returns full IL and explicit fallback, not fake C# (16.266225ms)
✔ Decoder: i64, r4 and standard two-byte operations (0.145584ms)
✔ Decoder: branch into operand rejected (0.214185ms)
✔ Metadata: generic method spec signature uses its blob column (1.229628ms)
✔ Metadata: generic variables, arrays, byrefs and function pointers inspect (0.361932ms)
✔ PE: inspection rejects malformed and truncated user DLLs (0.511382ms)
✔ GC: strong handles retain; weak handles clear after strong release (0.982344ms)
✔ GC: scratch marks reused; foreign handles rejected (3.450143ms)
✔ CLI: inspect, invoke, decompile, editable IL, assemble, exec ordinary DLL (4882.830423ms)
✔ Direct CIL storage: byte local truncates and extends (2.804083ms)
✔ Direct CIL storage: sbyte local truncates and extends (4.323868ms)
✔ Direct CIL storage: ushort local truncates and extends (0.889167ms)
✔ Direct CIL storage: short local truncates and extends (0.757574ms)
✔ Direct CIL storage: ldelem.u1 array extends correctly (1.17598ms)
✔ Direct CIL storage: ldelem.i1 array extends correctly (1.005448ms)
✔ Direct CIL storage: indirect byte store truncates before unsigned load (0.825835ms)
✔ Direct CIL host result keeps uint identity (0.741531ms)
✔ Direct CIL host result keeps ulong identity (0.586483ms)
✔ Direct CIL host result keeps bool identity (0.827888ms)
✔ Direct CIL: string[] Main defaults to an empty argument array (5.309046ms)
✔ CLI: no dummy arguments required for method decompilation or string[] entry point (1390.207363ms)
ℹ tests 130
ℹ suites 0
ℹ pass 130
ℹ fail 0
ℹ cancelled 0
ℹ skipped 0
ℹ todo 0
ℹ duration_ms 11749.540637
