Waiting for a free run slot: 1 heavy runs are allowed at once (SHARPFORGE_MAX_PARALLEL_RUNS).
✔ native SRM accepts the captured generated delta, with compact methods, scopes, constants and opaque CDI (5.389742ms)
✔ generation-bound snapshots preserve exact native Roslyn method maps across two real updates (8.2185ms)
✔ delta emission round-trips changed methods, scopes, constants, imports and CDI with local/aggregate handles (12.050963ms)
✔ delta output is deterministic and method ordering does not change aggregate identities (5.424798ms)
✔ writer rejects silent omission and coercion of invalid method and point inputs (3.957768ms)
✔ unchanged method references, malformed CDI, invalid scopes and incorrect delta counts fail explicitly (3.125283ms)
✔ writer rejects malformed state-machine records and token coercion before bit operations (12.68142ms)
✔ writer cancellation and budgets reject before returning any delta (2.487106ms)
✔ old snapshots preserve old points after updates and expose immutable generation/revision identities (8.304806ms)
✔ a revision triple must match the selected generation and baseline exactly (2.523459ms)
✔ snapshots retain owned maps after the generation provider is disposed (1.146495ms)
✔ shared method-revision maps charge points once and release cache budgets with the last lease (0.713158ms)
✔ snapshot count, documents, invalid limits and cancellation reject atomically (0.873444ms)
✔ scalar revision and point-only queries return independent facts without unrelated scope or CDI records (1.57779ms)
✔ snapshot document identity avoids embedded source copies and hidden sequence points remain barriers (3.049462ms)
✔ symbols: SHA-1/SHA-256 independent crypto comparison (0 bytes) (1.930938ms)
✔ symbols: SHA-1/SHA-256 independent crypto comparison (1 bytes) (0.337295ms)
✔ symbols: SHA-1/SHA-256 independent crypto comparison (55 bytes) (0.191191ms)
✔ symbols: SHA-1/SHA-256 independent crypto comparison (56 bytes) (0.168557ms)
✔ symbols: SHA-1/SHA-256 independent crypto comparison (63 bytes) (0.226883ms)
✔ symbols: SHA-1/SHA-256 independent crypto comparison (64 bytes) (0.168678ms)
✔ symbols: SHA-1/SHA-256 independent crypto comparison (65 bytes) (0.244048ms)
✔ symbols: SHA-1/SHA-256 independent crypto comparison (127 bytes) (0.29253ms)
✔ symbols: SHA-1/SHA-256 independent crypto comparison (128 bytes) (0.327702ms)
✔ symbols: SHA-1/SHA-256 independent crypto comparison (100000 bytes) (11.040688ms)
✔ symbols: platform DEFLATE interoperability 0/0 (2.552832ms)
✔ symbols: platform DEFLATE interoperability 0/37 (0.758365ms)
✔ symbols: platform DEFLATE interoperability 0/70000 (5.838942ms)
✔ symbols: platform DEFLATE interoperability 4/0 (1.515348ms)
✔ symbols: platform DEFLATE interoperability 4/37 (0.78238ms)
✔ symbols: platform DEFLATE interoperability 4/70000 (8.702631ms)
✔ symbols: platform DEFLATE interoperability 2/0 (0.399357ms)
✔ symbols: platform DEFLATE interoperability 2/37 (0.241855ms)
✔ symbols: platform DEFLATE interoperability 2/70000 (12.462378ms)
✔ symbols: decompression size, trailing data and reserved blocks are rejected (0.479475ms)
✔ symbols: Microsoft fixture decodes thirteen case-sensitive documents and hidden points (4.581024ms)
✔ symbols: GUID mixed-endian layout agrees with standard C# GUID (0.259071ms)
✔ symbols: hidden, multi-document, negative and large sequence deltas round trip (0.477201ms)
✔ symbols: deterministic sidecar matches exact PE and canonical IL loader (84.577606ms)
✔ symbols: embedded PDB executes and debugs without any #SF stream (27.906328ms)
✔ symbols: explicit sidecar load and ArrayBuffer offsets validate source identities (12.922505ms)
✔ symbols: PDB tampering is rejected by checksum independently of identity (16.028649ms)
✔ symbols: missing symbols do not silently become trusted source (5.383002ms)
✔ symbols: imported SDK text checksum supports SHA-384/SHA-512 asynchronously (11.176803ms)
✔ symbols: scoped locals disappear after lexical scope and distinct names bind reused slots (18.966777ms)
✔ symbols: Source Link is explicit, escaped and credential-free HTTPS only (3.635975ms)
✔ symbols: all eight standard debug tables and unknown CDI are retained (1.072937ms)
✔ symbols: large external row indices and string/blob heaps are encoded with wide indices (8.198741ms)
ℹ tests 48
ℹ suites 0
ℹ pass 48
ℹ fail 0
ℹ cancelled 0
ℹ skipped 0
ℹ todo 0
ℹ duration_ms 2328.157305
