✔ legacy renderer, metrics and settling automation borrows only the active application host (6.324537ms)
✔ scene responses cannot cross selected sessions with equal runtime serials or matching node IDs (4.460557ms)
✔ active worker restart invalidates pending visual inspection even when its runtime serial repeats (2.344226ms)
✔ background UI never changes the selected host and active inspection never reapplies scene commands (1.205508ms)
✔ stopping or removing the selected app clears visual state and reports a missing window explicitly (2.170413ms)
✔ disposing inspection aborts pending queries and releases subscriptions without disposing application windows (1.143364ms)
✔ standalone construction without a SessionManager retains one owned WinUI host (1.196324ms)
✔ released runtime builtin identity and sparse registry copies remain stable (7.516615ms)
✔ copying sparse extension registries preserves holes instead of allocating placeholder entries (2.677698ms)
✔ environment registration uses the existing A07 reserved block without changing released slots (0.432132ms)
✔ public builtin metadata retains actual owners, source receivers and operand categories (21.937965ms)
✔ shared builtin metadata preserves binding and both emitted runtime artifacts (69.437288ms)
✔ non-startup URI routes every lazy expansion and navigation through its actual compiler owner (90.027721ms)
✔ preparation captures the version before waiting and never installs an outdated root (7.831922ms)
✔ expansion and navigation reject a source edited after preparation (7.516986ms)
✔ disposal cancels an outstanding compiler operation and prevents late tree publication (6.048952ms)
✔ worker rejects a call item from a different project or document even at the same revision (5.937955ms)
✔ project configuration changes invalidate prepared call items without requiring a source edit (4.756934ms)
✔ public shell entry prepares the real model before opening and invalidating its shared tool (4.348528ms)
✔ document model edits and event delivery retain lazy snapshots for a one-megabyte source (25.368603ms)
✔ split views share the real model and undo without text-copy callbacks or shared view positions (1.312079ms)
✔ legacy document text setters apply undoable edits while the version remains model-owned (1.475195ms)
✔ save preparation runs before capture and a later edit never inherits that saved marker (1.357056ms)
✔ model factories validate replacement before disposing the current workspace and retain the shared map identity (1.434013ms)
✔ project locks cover unopened models and update linked-source membership without locking unrelated projects (3.26339ms)
✔ model events invalidate only owning builds without materializing text until compilation requests a snapshot (2.715444ms)
✔ ordered workbench events preserve lazy getters even during reentrant dispatch (0.547065ms)
✔ real source worker exposes actual execution intervals and preserves program output (492.82057ms)
✔ real source workers isolate captures, pause, stop and replacement despite equal raw serials (763.025179ms)
✔ real direct CIL worker exposes actual execution intervals and preserves program output (495.070036ms)
✔ real direct CIL workers isolate captures, pause, stop and replacement despite equal raw serials (2597.157173ms)
✖ first-run visual-studio applies theme, global navigation and actual editor shortcuts (20.199432ms)
✖ first-run vscode applies theme, global navigation and actual editor shortcuts (4.385223ms)
✖ first-run resharper applies theme, global navigation and actual editor shortcuts (8.150271ms)
✖ global ReSharper navigation retains file/member/symbol/recent arguments without an active editor (11.267102ms)
✔ projected query prefixes use the real workbench search filters and source navigation (1.977272ms)
✖ cancelled first-run selection has no effect, completed setup is skipped, and reselect preserves documents (6.186529ms)
✖ profile changes keep custom bindings and one effective copy of each common global shortcut (3.151292ms)
✖ choosing a user scheme clears only supplied current-workspace overrides and persists across reload (3.018812ms)
✔ invalid scheme and persistence failure reject the complete first-run transaction before changing shortcuts (4.485495ms)
✖ Options selects ReSharper after setup and commits only edited keys over a workspace override (4.103608ms)
✖ Import and Export Settings applies a previewed scheme to both scopes without changing editor data (4.229769ms)
✖ settings profile rejects invalid imports, exports selected categories and can reopen first-run choices (6.940987ms)
✖ resetting selected categories restores the default scheme while retaining unrelated settings and undo (3.128718ms)
✔ reset validates categories and remains atomic on storage failure, including the empty boundary (0.968661ms)
✖ changing schemes cancels an in-progress native and global chord before the next keystroke (4.710414ms)
✔ completed build identity deterministically binds actual bytes and source revision/tree (175.894873ms)
✔ changed or added local output cannot reuse a completed build identity (117.397066ms)
fatal: not a git repository (or any of the parent directories): .git
fatal: not a git repository (or any of the parent directories): .git
✔ archive builds without Git metadata keep identical distribution bytes and explicit unknown provenance (91.104635ms)
✔ exact-source claim rejects unknown, dirty, stale-commit and stale-tree identities (0.675689ms)
✔ actual HTTP assets match the completed artifact with the explicit production HTML transformation (88.330836ms)
✔ a server returning stale application bytes fails closed against the local completed build (68.919965ms)
✔ changed local HTML is rejected before its production transformation can authorize different served bytes (70.413287ms)
✔ extracted production path rewrite preserves root, nested, quote and non-JavaScript behavior (66.895526ms)
✔ the final verification detects an application replaced after the initial verification (71.304811ms)
✔ whole workload gates strictly below one percent, retaining positive and negative observations (35.064489ms)
✔ individual operation regressions remain diagnostic while the identical aggregate determines acceptance (4.374597ms)
✔ assessment rejects missing pairs, wrong order, altered counts, nonfinite data and incomplete effects (44.091512ms)
✔ driver rejects non-HTTP or remote application origins without starting a server (0.640546ms)
✔ assessment recomputes product p50/p95/p99 and rejects absent or active disabled instrumentation (10.220112ms)
✔ clock-quantized zero operation spans are preserved but a zero aggregate denominator is rejected (7.203903ms)
✔ pre-navigation storage states differ only by explicit tracing mode; workload and order are deterministic (0.376818ms)
✔ tracing defaults on, persists per workspace, and rejects non-boolean preferences (3.09679ms)
✔ real shells resolve saved settings before their first mark and keep live changes instance-local (8.588763ms)
✔ explicit embedding booleans override saved and subsequent settings in both directions (2.956338ms)
✔ Environment General exposes a working tracing checkbox with the stored preference (1.419321ms)
✔ disabled instruments read no clock and retain no marks, including input observation (1.132077ms)
✔ disabling rejects in-flight marks without clock reads, including after re-enabling (0.250528ms)
✔ unchanged enabled values preserve current marks; marks are single-use and instance-owned (0.221393ms)
✔ a real shell settings change invalidates an outstanding asynchronous operation mark (1.30684ms)
✔ PE metadata exposes actual generic List members, names, parameter signatures, properties and namespaces (12.031685ms)
✔ metadata source carries the exact PE identity, source version and matching overload selection (8.548581ms)
✔ metadata versions never collapse same-name assemblies or infer an ambiguous owner (2.96429ms)
✔ framework member caret resolves Console.WriteLine rather than treating it as a type name (16.763259ms)
✔ core intrinsic metadata uses accepted arities, canonical owners, instance parameters and property shape (8.905489ms)
✔ bound assembly simple identity selects actual PE metadata and rejects multiple matching versions (10.083958ms)
✔ reference sources use authorized HintPath bytes, transitive project visibility and no source text getters (17.238587ms)
✔ unavailable, ambiguous and invalid PE references return explicit Object Browser diagnostic rows (9.410531ms)
✔ metadata inspection rejects byte and declaration limits before returning a partial model (0.987889ms)
✔ catalog cancellation terminates its dedicated metadata worker and does not cache late replies (6.346511ms)
✔ Code Definition reads only a bounded caret fragment and prioritizes structured bound owners (3.894944ms)
✔ Code Definition source definitions bypass metadata and retain exact selection (0.162245ms)
✔ Studio multi-session C# fixture preserves WinUI, argv, environment and stop isolation in source VM (826.12584ms)
✔ Studio multi-session C# fixture preserves WinUI, argv, environment and stop isolation in direct CIL (711.685275ms)
✔ Outline moves a complete CRLF member with XML docs and trailing comments, without changing the workspace (8.514623ms)
✔ Outline moves a callable across fields without changing field initialization order or either runtime result (87.003891ms)
✔ Outline accepts storage-free declaration: int Value => 1; (1.426212ms)
✔ Outline accepts storage-free declaration: int Value { get { return 1; } set { } } (1.071136ms)
✔ Outline accepts storage-free declaration: C() { } (0.854379ms)
✔ Outline accepts storage-free declaration: int this[int i] { get { return i; } } (1.225839ms)
✔ Outline rejects order-sensitive or hidden-storage declaration: int value = 1; (1.163735ms)
✔ Outline rejects order-sensitive or hidden-storage declaration: int Value { get; set; } (0.891996ms)
✔ Outline rejects order-sensitive or hidden-storage declaration: int Value { get; } = 1; (0.624402ms)
✔ Outline rejects order-sensitive or hidden-storage declaration: [ModuleInitializer] static void Init() {} (0.909111ms)
✔ Outline rejects order-sensitive or hidden-storage declaration: [Alias] static void Init() {} (0.433885ms)
✔ Outline rejects different containers, stale/read-only versions and invalid offsets without partial mutation (0.650572ms)
✔ Outline rejects crossing region/directive trivia and malformed source members (1.953987ms)
✔ Outline returns a stable no-op for the same member and preserves same-line separators for real moves (0.836832ms)
✔ startup target switching preserves each project selected profile and starts that target (13.178446ms)
✔ current-selection startup and new-instance commands honor the current project selected profile (2.008129ms)
✔ changing a startup profile preserves its start-without-debugging action (1.143946ms)
✔ deleting a project in the same workspace clears only its profiles and persists a consistent startup snapshot (9.509723ms)
✔ removing a virtual-default profile selection clears it without requiring a materialized profile map (0.214954ms)
✔ source Main(string[]) receives flat program argv and defaults to an empty array (80.666408ms)
✔ source a parameterless entry accepts process argv without injecting method parameters (4.557894ms)
✔ source top-level args are forwarded through the generated startup wrapper (5.139962ms)
✔ source module initializers run once before argv forwarding into Main (35.22655ms)
✔ source async Main retains argv and its integer exit code across an await (23.472111ms)
✔ source argument arrays survive collection and caller mutation after construction (10.106994ms)
✔ cil Main(string[]) receives flat program argv and defaults to an empty array (23.969691ms)
✔ cil a parameterless entry accepts process argv without injecting method parameters (4.544544ms)
✔ cil top-level args are forwarded through the generated startup wrapper (4.444263ms)
✔ cil module initializers run once before argv forwarding into Main (12.174181ms)
✔ cil async Main retains argv and its integer exit code across an await (11.743603ms)
✔ cil argument arrays survive collection and caller mutation after construction (29.903981ms)
✔ raw CIL methodToken invocations retain their numeric parameter contract (4.596543ms)
✔ independently authored CIL string-array entry receives argv without a compiler-specific payload (3.775604ms)
✔ source reads only its explicit environment, preserving empty values and case-sensitive names (81.710067ms)
✔ source separate runtimes copy environment values and never observe another application (7.157004ms)
✔ source a null environment variable name raises a managed ArgumentNullException (4.192713ms)
✔ cil reads only its explicit environment, preserving empty values and case-sensitive names (18.712423ms)
✔ cil separate runtimes copy environment values and never observe another application (10.009746ms)
✔ cil a null environment variable name raises a managed ArgumentNullException (4.658846ms)
✔ environment mutation and OS target overloads report unsupported source members (13.822057ms)
✔ independent managed CIL resolves the registered process environment signature and refuses mutation (3.515592ms)
✔ program argument normalization copies and freezes strings including empty and Unicode values (1.694255ms)
✔ argument count, individual size, total size, primitive type and null bytes have explicit limits (0.627486ms)
✔ environment normalization has private storage and never inherits host or prototype entries (0.373022ms)
✔ environment names, types, prototypes, per-entry and total sizes reject before launch (1.987617ms)
✔ process argv cannot replace raw parameters of an explicitly selected method (0.425802ms)
✔ launch profiles use the same bounds and advertise only the implemented environment capability (0.516139ms)
✔ injected RuntimeTools keeps existing profile grants and target launches do not inherit the active app settings (9.376039ms)
✔ profile settings apply to the next project launch only without rebuilding or mutating existing apps (3.588472ms)
✔ session settings remain scoped through active-app switches and only take effect on that app restart (2.42712ms)
✔ profile and session revocation stop only the explicitly associated applications (3.834282ms)
✔ settings requests capture the chosen app and do not fall back to a foreign active session (2.18874ms)
✔ late metrics cannot repaint a newly selected settings target (7.035369ms)
✔ target selector values are stable and invalid settings do not change any target (1.514343ms)
✔ only an actual loose-source language change schedules its project compilation (0.879947ms)
✔ legacy hosts retain the RuntimeTools API with explicitly isolated default settings (0.403849ms)
✔ real source worker consumes a complete launch profile (451.745949ms)
✔ real source workers isolate argv, environment and stop commands despite equal local serials (541.159125ms)
✔ real source worker rejects malformed replacement settings without retiring its paused session (402.394169ms)
✔ real direct CIL worker consumes a complete launch profile (367.59222ms)
✔ real direct CIL workers isolate argv, environment and stop commands despite equal local serials (377.551415ms)
✔ real direct CIL worker rejects malformed replacement settings without retiring its paused session (328.29077ms)
✔ session recovery exports only deterministic startup and non-executable profile metadata (13.36042ms)
✔ ZIP and extracted-folder manifests retain metadata while dropping hostile executable fields (4.836695ms)
✔ invalid recovery projects, libraries, selections and profile references fail before either live owner changes (2.226849ms)
✔ recovery staging is immutable, single-use and notifies observers only after both owners commit (1.431489ms)
✔ prospective recovery validates before workspace replacement and commits only to that loaded project set (1.577278ms)
✔ legacy records without session metadata are no-ops, while malformed versions, paths and bounds are rejected (2.873764ms)
✔ Processes row controls affect only that row across active-application changes (13.976539ms)
✔ Debug Location process/thread/frame selection owns its locals and does not navigate a background app (3.212345ms)
✔ status and title announce a meaning change once and ignore repeated output/state events (1.512501ms)
✔ workbench inventory matches every registered shell window and command (17.215514ms)
✔ performance budget comparison fails absolute and twenty-percent p95 regressions (1.487002ms)
✔ performance comparison rejects absent, duplicate and unreported metric obligations (0.62965ms)
✔ performance comparison rejects invalid or fabricated statistics and mismatched captures (1.280591ms)
✔ capture-only performance assessment never invents a relative regression verdict (0.481295ms)
✔ Task List scans real C# comment trivia and ignores literal task words (59.995003ms)
✔ class hierarchy attaches members to their actual project and namespace (0.414645ms)
✔ Object Browser uses actual registered List metadata and method signatures (50.509947ms)
✔ test provider subset runs emit incremental states and produce hierarchical results (1.464289ms)
✔ test cancellation signals only its current provider operation and preserves terminal results (0.329727ms)
✔ call hierarchy expands lazily and rejects changed source versions (0.922091ms)
✔ diagnostic session timelines remain separate and heap diffs use actual census data (0.824934ms)
✔ toolbox providers select the actual active document kind (0.368686ms)
✔ both main menu surfaces expose startup configuration, a new instance, and Stop All (3.957509ms)
✔ configuration aliases and auxiliary session commands reuse their registered host actions (1.335414ms)
✔ explicit project invocation overrides ambient selection without changing startup or launch profiles (0.962391ms)
✔ a host without an execution override still launches the explicit project using its selected profile (0.654226ms)
✔ library, missing and empty targets cannot silently fall back to the startup project (1.527674ms)
✔ new-instance availability refreshes native, Hot Reload and pending-launch explanations (0.759936ms)
✔ Stop All is enabled for live sessions or pending launches and uses the host cancellation path (0.667006ms)
✔ startup configuration is disabled when no projects remain (0.596289ms)
✔ Explorer solution and project menus route the exact selected node through the public aliases (2.191595ms)
✔ Explorer uses current registry reasons and preserves native build, restore and evaluate availability (0.663841ms)
✔ aborted invocations do not start and disposal restores a previously registered command (0.600626ms)
✔ startup modes validate libraries/unknown projects and serialize in deterministic order (2.338167ms)
✔ profiles isolate project settings, return copies and exclude grants/environment from exported preferences (0.98129ms)
✔ startup builds dependencies once, preserves configured order and starts independent roots after one failure (6.746184ms)
✔ two successful startup roots keep independent session resources and restart commands use explicit context (3.468271ms)
✔ workbench disposal terminates every owned worker without closing another workbench (1.933476ms)
✔ default build snapshots use current shared document revisions without changing source descriptors (1.17368ms)
✔ source and managed IL profiles forward program argv separately from method parameters (4.838076ms)
✔ an explicitly restricted external launch target refuses unsupported profile capabilities (1.051686ms)
✔ concurrent starts queue one shared project build and keep independent application instances (1.138227ms)
✔ failed startup preference storage leaves the previous configuration intact (0.36495ms)
✔ Set as Startup Project preserves both selected profiles and the toolbar agrees with the next F5 launch (16.619686ms)
✔ Set as Startup Project uses the real default profile when no per-project choice exists (2.849007ms)
✔ invalid or library startup targets leave the selected project and profile unchanged (2.452079ms)
✔ startup toolbar selection changes the explicit compiler project while background work retains it (16.035514ms)
✔ Studio routes language requests by document membership without selecting background projects (2.526441ms)
✔ workspace replacement clears former project memberships, sessions and launch profiles (5.428998ms)
✔ Studio language providers preserve originating versions and resolve the requested target document (2.617387ms)
✔ workspace record metadata does not read source text and explicit reads retain the captured snapshot (3.733671ms)
✔ partial disk saves acknowledge only written snapshots and keep edits made during I/O dirty (3.995215ms)
✔ start new instance keeps existing applications and launches the selected profile (4.896555ms)
✔ silent Studio builds leave large documents available without sending them to the compiler (48.281386ms)
✔ Studio source policy admits 501 files and a 200 MiB buffer and rejects bounded overflow (0.986077ms)
✔ launch fields preserve literal arguments and equals signs and reject invalid or duplicate environment entries (0.605544ms)
✔ breakpoint remapping applies several ordered source changes against their captured versions (2.442563ms)
✔ actual project loading publishes warnings into Error List without failing a build or leaking to project B (10.05193ms)
✔ loader errors block only their project and appear once under their producer; reevaluation removes only obsolete entries (8.707843ms)
✔ real designer source synchronization publishes protected-expression warnings and errors under the captured source owner (19.404414ms)
✔ source edits, project removal and disposal invalidate designer reports without erasing other producers (3.035268ms)
✔ an asynchronous designer failure cannot replace a new link or attribute the old failure to its new project (15.708011ms)
✔ actual Explorer rows expose multiple startup, running, paused and building states with descriptive accessible names (22.367864ms)
✔ background session changes preserve tree selection and unchanged statistics do not redraw rows or read source records (4.779638ms)
✔ a normal Explorer tree rebuild retains current badges and disposing the adapter releases every subscription (3.054697ms)
✔ current-selection startup decorations follow the actual active document membership without selecting another project (2.167098ms)
✔ recycled ordinary tree rows remove a former project accessible label (1.852684ms)
✔ an Explorer host commit retains unchanged models and their saved baselines, including unsaved siblings (29.451818ms)
✔ dirty Explorer rename and undo preserve source roots, baseline history, active tabs and breakpoints (13.452339ms)
✔ document reset subscribers observe the same project XML, membership and active source as the Explorer commit (7.630337ms)
✔ Explorer opening guard preserves edits made during asynchronous workspace preflight (11.657632ms)
✔ Explorer host rejects a superseding workspace revision before adopting its staged source models (5.791104ms)
✔ a cancelled late JSON file read cannot acquire a newer ticket or replace the succeeding workspace (15.586618ms)
✔ bundle import retains source overrides, encoding/BOM, folders and zero-length binary entries (5.316458ms)
✔ sample reset observers see the matching source, workspace metadata and cleared old artifacts (3.260798ms)
✔ stale assembly completion cannot replace a workspace opened during compiler import (4.295868ms)
✔ successful assembly reset never pairs imported documents with previous build artifacts (2.363114ms)
✔ metadata reads use the captured browser handle or native client and return actual bounded bytes (1.480743ms)
✔ a browser metadata read rejects after its owning disk changes while getFile is pending (1.050284ms)
✔ pending native metadata rejects a change to native client (1.146529ms)
✔ pending native metadata rejects a change to backend mode (0.93487ms)
✔ pending native metadata rejects a change to workspace epoch (0.894349ms)
✔ metadata cancellation and advertised byte limits stop before consuming an oversized file (0.969873ms)
✔ Studio direct ownership excludes dependency-only membership and retains genuine linked-file owners (11.932787ms)
✔ composed project Fix All changes owned sources through real compiler validation without editing a dependency (118.397288ms)
✔ composed solution Fix All deduplicates linked sources and preserves preview-only ownership (28.893656ms)
✔ reference and test lenses compose while test resolve/run use the actual owning provider and TaskCenter (7.96303ms)
✔ explicit linked-file context runs only its selected test owner, while ambiguous inferred ownership remains hidden (5.505323ms)
✔ non-test lens commands forward the real host command and its argument without running a test (1.560153ms)
✔ cancelling pending semantic lenses prevents the test provider from publishing combined results (10.05891ms)
✔ removed test providers and changed direct ownership cannot execute retained CodeLens commands (4.83381ms)
✔ actual view disposal and shell listeners preserve replacement model ownership at New.cs (30.066012ms)
✔ actual view disposal and shell listeners preserve replacement model ownership at Old.cs (13.778379ms)
✔ a genuine membership listener failure remains observable after the view ownership correction (3.46836ms)
✔ background build failure never reveals a tool or changes user intent (7.628334ms)
✔ an explicit build reveals its errors only while the initiating navigation remains current (8.647381ms)
✔ an explicit build cannot reveal results for a project that is no longer selected (1.627525ms)
✔ late launch completion and stop-on-entry navigation respect a newer tool selection (4.950085ms)
✔ a pending new-instance launch cannot replace an explicitly selected existing application (2.575674ms)
✔ a current launch may reveal its source and application without invalidating its own ticket (1.950011ms)
✔ faults, exits and verified-symbol source cannot override later user navigation (1.990632ms)
✔ current active-session faults may reveal output while foreign owners and worker serials are rejected (2.157353ms)
✔ continuing after navigation captures a new action without reviving earlier paused events (1.791822ms)
✔ restart follows the new epoch while the previous worker identity remains unable to reveal (2.035039ms)
✔ registered debug commands refresh follow intent; cancelled or unavailable commands do not authorize reveals (1.927376ms)
✔ main and detached document navigation invalidate pending reveals and listeners are disposed (0.88176ms)
✔ an explicit target starts even when the selected build project is a library (1.258178ms)
✔ stopping a pending launch revokes its later reveal without leaving an activation callback in worker options (3.123601ms)
✔ Studio bulk save follows the successful Save As handle and leaves the original file untouched (24.044601ms)
✔ bulk I/O cannot reconcile a replacement document with the same URI and version (8.671237ms)
✔ disposing StudioSave cancels an outstanding picker without retaining targets or refreshing documents (2.010713ms)
✔ native workspaces reject browser Save As before asking for a destination (1.553894ms)
✔ document save acquires its picker synchronously and commits the exact asynchronously normalized capture (3.059774ms)
✔ file picker opens synchronously exactly once and passes its original ticket into real workspace adoption (16.57696ms)
✔ a superseded picker late change cannot invoke import or acquire a newer ticket (6.424018ms)
✔ an uncancellable late reader keeps the original ticket and cannot replace a newer workspace (5.041653ms)
✔ cancel removes the abort listener, releases an owned ticket, and permits a new picker (4.155757ms)
✔ cancelling a borrowed ticket leaves ownership with the caller and creates no duplicate picker ticket (1.375214ms)
✔ disposal rejects an open picker and removes all input and ticket listeners before late events (1.744722ms)
✔ a direct nonempty input change begins once without opening a second native picker (8.733245ms)
✔ an empty unsolicited change cannot supersede an independent pending workspace operation (1.281973ms)
✔ read-only ownership rejects before opening the browser picker (2.429874ms)
✔ consumer failure reports the actual error and releases its ticket without changing documents (1.593153ms)
✔ Watch 2 is an executable user command with independent expressions/results and explicit application scope (13.465758ms)
✔ Watch controls add, scope and remove expressions while asynchronous values retain the input node (7.808606ms)
✔ pending application/frame results are aborted and never replace a newer window scope (5.880393ms)
✔ hidden Watch windows do no evaluation or DOM writes for background output (92.015176ms)
✔ factory registration before restore recreates exact Watch identity, layout and saved expressions (3.672017ms)
✔ closing retains the controller and explicit unregister/dispose releases it before reopening (1.765273ms)
✔ corrupt, oversized, duplicate and failed persisted writes are explicit and atomic (0.407755ms)
✔ instance receiver signature help includes its accessible instance overloads, not same-name unrelated methods (94.634597ms)
✔ this receiver uses its containing type, preserving private overloads accessible within that type (12.794275ms)
✔ type receivers use static overloads and scoped receiver variables use their bound types (14.031781ms)
✔ generic and inherited instance members display substituted parameter types (11.04063ms)
✔ incomplete invocation recovery retains the bound this receiver before arguments or closing delimiters exist (5.577011ms)
✔ nested delimiters and named argument mapping use actual syntax and the selected overload (10.931516ms)
✔ unresolved receivers and stale worker snapshots never return unrelated method tips (5.743151ms)
✔ worker uses syntax argument separators when a lexical hint counts a nested generic comma (6.595111ms)
✔ compiler contribution reuses real language endpoints with explicit client aliases (88.084163ms)
✔ diagnostic and semantic results are versioned, source faithful and reject stale snapshots (8.555392ms)
✔ signature request uses provider symbols for nested invocations and preserves active argument (14.063669ms)
✔ inlay hints share one bound implementation with the existing LSP contract (5.916302ms)
✔ rename and refactoring requests return versioned edits without committing source (34.811889ms)
✔ format selection/on-type adapt existing indentation edits and preserve unrelated lines (2.062972ms)
✔ generated peek targets retain their own URI/version and are explicitly read-only (0.421846ms)
✔ document/project/solution Fix All batch exactly one selected action equivalence family (101.577508ms)
✔ Fix All validates every source version and rejects forged, absent or ambiguous ownership (0.542649ms)
✔ implicit type batches preserve nonexact numeric conversions, const locals and comments (8.389482ms)
✔ solution Fix All uses real isolated compiler contexts, deduplicates shared source and does not commit (17.860335ms)
✔ project Fix All does not broaden to an unrelated project (6.594255ms)
✔ type rename reaches each dependent compiler context and returns one resource move (19.319716ms)
✔ workspace action rejects a source mutation or ownership change while providers are answering (13.231029ms)
✔ pre-cancelled solution action never returns a partial plan (1.654676ms)
✔ solution Fix All and rename reject new project membership during the final semantic validation (23.820994ms)
✔ conflicting shared edits or resources are refused before a preview can be committed (0.414476ms)
✔ compilation semantic fallback retains diagnostics and bound trees without editor invocation records (90.58487ms)
✔ a first post-build signature query captures privately once without mutating compilation queries or diagnostics (10.704633ms)
✔ a source model created before compilation captures within its original bind and reuses it for signature help (4.23685ms)
✔ invalid post-build signature requests do not capture or mutate the reused analysis (5.923373ms)
✔ actual C# worker supplies invocation commit characters for source and intrinsic methods only (98.454338ms)
✔ typing a method invocation opener commits the selected real provider item and the opener in one undo step (7.856088ms)
✔ suggestion mode keeps an invocation opener available to typing and Escape preserves the prefix (4.372785ms)
✔ read-only completion does not consume a commit character or mutate the source (3.910237ms)
✔ text and resource rename produce one immutable complete host plan without editing live models first (2.535734ms)
✔ workspace resource support is evaluated again when the host mode changes after preview (0.667757ms)
✔ stale targets, resource collisions, readonly source and host failure leave source unchanged (2.040747ms)
✔ unversioned and unsupported resource operations fail before the host receives any plan (0.44485ms)
✔ real bound type rename preview restores original source, selection and undo after changing options (100.728733ms)
✔ provider invalidation is scoped, explicitly disposable and does not fabricate source changes (1.089083ms)
✔ rename preview refuses a newer source revision even when external edits reproduce its displayed bytes (0.744713ms)
✔ changing the active model restores only the captured rename preview and refuses another preview (0.359722ms)
✔ live rename option changes never publish preview source into the monotonic bound workspace (111.188512ms)
✔ committing an expanded preview publishes one atomic undo entry before background requests resume (12.954566ms)
✔ request suspension aborts pending providers and independent leases release idempotently (3.231524ms)
✔ disposing a visible rename restores exact source and releases provider ownership (7.713302ms)
✔ source query model is cached per complete source/options revision (67.840138ms)
✔ namespace-qualified class bases, interfaces and members build distinct Class View branches (8.577756ms)
✔ bound reads, writes, declarations, compound updates and ref/out/in retain filterable metadata (28.949108ms)
✔ a written property does not classify its receiver as written (11.859004ms)
✔ tuple deconstruction writes are distinct from tuple reads (6.515035ms)
✔ partial generic type rename covers aliases, constructors, arrays, qualified names and typeof (31.506404ms)
✔ comment/string options use lexical spans and whole identifiers, including interpolation (15.707748ms)
✔ rename refuses collisions, captures, generated targets and existing resource destinations (9.399225ms)
✔ renaming Unicode source identifiers preserves UTF-16 offsets after an astral prefix (7.312418ms)
✔ parameter hints follow the selected overload and omit explicitly named arguments (6.220471ms)
✔ constructor and extension hints use parameter mapping without labeling the extension receiver (5.217899ms)
✔ worker and LSP preparation accept source types and return read/write highlights (3.147837ms)
✔ pure Outline worker routes the safe semantic reorder leaf and rejects stale versions (0.984504ms)
✔ framework hover carries a structured callable target for metadata navigation (2.302102ms)
✔ nameof and selected method-group conversions retain actual bound source references (15.507046ms)
✔ first and repeated signature queries retain their document owner in a shared source model (93.042356ms)
✔ exact opening lookup and caret lookup preserve nested-call boundaries through closing delimiters (6.940236ms)
✔ unresolved inner invocations hide an outer tip only while the caret belongs to the inner call (9.58173ms)
✔ a replacement source model has independent cached signatures while the captured revision remains readable (12.421352ms)
✔ 200 MiB File reaches the actual Studio workspace model through chunked ingress with automatic work bounded (1923.520498ms)
✔ rejected settings and cancelled selection release new prepared models without changing the current workspace (7.79115ms)
✔ adding prepared files retains current projects, dirty models and private launch settings (8.981464ms)
✔ committed document callback errors still install matching project metadata and retain adopted models (4.116509ms)
✔ bulk Studio save passes captured roots and preserves newer edits after partial disk completion (2.65918ms)
✔ Save As download outcome retains dirty state and a replaced workspace cannot receive a late saved marker (1.930892ms)
✔ whole workspace limits count actual UTF-16 encoded bytes across imported files (9.775503ms)
✔ workspace budgets include binary file count and aggregate bytes (2.193634ms)
✔ edited source roots are counted again instead of trusting original encoded metadata (2.083462ms)
✔ empty binary recovery succeeds and recovery preflight errors are reported without escaping (5.885806ms)
✔ a saved project-file selection cannot become a source document active URI (12.766753ms)
✔ 0.5 refactor: introduce whole initializer preserves side effects once (91.825349ms)
✔ 0.5 refactor: introduce return expression stays inside block (12.051045ms)
✔ 0.5 refactor: introduce local avoids existing names (8.151924ms)
✔ 0.5 refactor: no extraction from conditional branch or call argument (6.738563ms)
✔ 0.5 refactor: no extraction from a for initializer (5.325952ms)
✔ 0.5 refactor: inline immutable literal preserves type and all references (7.00872ms)
✔ 0.5 refactor: mutable local is not offered for inline (2.490956ms)
✔ 0.5 refactor: overload-affecting literal widening is not inlined (2.769316ms)
✔ 0.5 refactor: invert if keeps one condition evaluation (10.042676ms)
✔ 0.5 refactor: expand initialized auto-property preserves get/set execution (26.190457ms)
✔ 0.5 refactor: expansion preserves static initializer and private setter (12.364026ms)
✔ 0.5 refactor: getter-only constructor property is not expanded unsafely (4.656713ms)
✔ 0.5 refactor: stale structural edit fails atomically (2.966383ms)
✔ 0.5 editor: bracket pairs ignore comments and escaped string punctuation (0.765794ms)
✔ 0.5 editor: unmatched delimiters are not paired across mismatch (0.167773ms)
✔ 0.5 editor: lexical insertion contexts include EOF comments and incomplete strings (0.541727ms)
✔ 0.5 editor: literal replacement honors UTF-16, word and case constraints (1.715502ms)
✔ 0.5 editor: search text is literal rather than regex (0.245661ms)
✔ 0.5 editor: replacement preflights result and match limits (23.671258ms)
✔ 0.5 editor: duplicate selected whole lines excludes trailing newline (0.35133ms)
✔ 0.5 editor: duplicate last line upward and validate ranges (0.121143ms)
✔ 0.6 highlight: indexed source preserves all UTF-16 and trivia characters (3.93208ms)
✔ 0.6 highlight: scrolling large files renders a bounded line window (483.138595ms)
✔ 0.6 highlight: lexical fallback still renders only the viewport (0.402446ms)
✔ 0.6 highlight: huge-line token budget preserves text without thousands of nodes (51.204941ms)
✔ 0.6 highlight: multiline comment clipping remains classified as comment (0.433604ms)
✔ 0.6 highlight: invalid viewport arguments fail without loops (0.657201ms)
✔ 0.6 selection: nesting strictly grows and retains UTF-16 positions (5.87447ms)
✔ 0.6 refactoring: make int const (104.526474ms)
✔ 0.6 refactoring: make var const (14.566748ms)
✔ 0.6 refactoring: make string const (12.479039ms)
✔ 0.6 refactoring: conditional return evaluation (28.55309ms)
✔ 0.6 refactoring: conditional return CRLF (14.296881ms)
✔ 0.6 refactoring: expression body method (23.014878ms)
✔ 0.6 refactoring: expression body void (13.854794ms)
✔ 0.6 refactoring: scoped using (24.715192ms)
✔ 0.6 refactoring: scoped using names remain bounded (17.617529ms)
✔ 0.6 refactoring: mutable/nonexact/already const no make-const int x=1;x++;Console.WriteLine(x); (4.547688ms)
✔ 0.6 refactoring: mutable/nonexact/already const no make-const int x=1;x+=2;Console.WriteLine(x); (2.583727ms)
✔ 0.6 refactoring: mutable/nonexact/already const no make-const int x=1;x=2;Console.WriteLine(x); (2.411477ms)
✔ 0.6 refactoring: mutable/nonexact/already const no make-const double x=1;Console.WriteLine(x); (1.885333ms)
✔ 0.6 refactoring: mutable/nonexact/already const no make-const const int x=1;Console.WriteLine(x); (2.417907ms)
✔ 0.6 refactoring: does not delete comments Use expression-bodied (2.071223ms)
✔ 0.6 refactoring: does not delete comments Use conditional return (2.565028ms)
✔ 0.6 refactoring: does not delete comments Use scoped using (3.268189ms)
✔ 0.6 refactoring: make-const stale edit is rejected atomically (1.617279ms)
✔ 0.6 navigation: bidirectional document locations preserve selections (0.267473ms)
✔ 0.6 navigation: origin cursor refresh does not create phantom jumps (0.110657ms)
✔ 0.6 navigation: new jump truncates forward history and deduplicates (0.682169ms)
✔ 0.6 navigation: retained history is bounded and immutable (0.125369ms)
✔ 0.6 navigation: invalid locations and limits rejected (0.265921ms)
ℹ tests 402
ℹ suites 0
ℹ pass 390
ℹ fail 12
ℹ cancelled 0
ℹ skipped 0
ℹ todo 0
ℹ duration_ms 38237.370377

✖ failing tests:

test at tests/a19-first-run-schemes.test.js:93:3
✖ first-run visual-studio applies theme, global navigation and actual editor shortcuts (20.199432ms)
  Error [AggregateError]: Workbench event listener failed
      at SettingsStore.emit (file:///workspace/scratch/6b99131ca908/p16-integration/apps/studio/workbench/events.js:19:30)
      at SettingsStore.apply (file:///workspace/scratch/6b99131ca908/p16-integration/apps/studio/workbench/settings-store.js:197:10)
      at Object.run (file:///workspace/scratch/6b99131ca908/p16-integration/apps/studio/workbench/first-run.js:17:14)
      at Object.run (file:///workspace/scratch/6b99131ca908/p16-integration/tests/support/settings-dialog-fixture.js:89:38)
      at Object.selectProfile (file:///workspace/scratch/6b99131ca908/p16-integration/tests/a19-first-run-schemes.test.js:60:20)
      at TestContext.<anonymous> (file:///workspace/scratch/6b99131ca908/p16-integration/tests/a19-first-run-schemes.test.js:95:19)
      at Test.runInAsyncScope (node:async_hooks:227:14)
      at Test.run (node:internal/test_runner/test:1382:25)
      at Test.start (node:internal/test_runner/test:1242:17)
      at startSubtestAfterBootstrap (node:internal/test_runner/harness:387:17) {
    [errors]: [
      TypeError: Cannot set properties of undefined (setting 'enabled')
          at Object.applySettings (file:///workspace/scratch/6b99131ca908/p16-integration/apps/studio/workbench/shell.js:258:26)
          at Object.applySettings (file:///workspace/scratch/6b99131ca908/p16-integration/tests/a19-first-run-schemes.test.js:45:67)
          at file:///workspace/scratch/6b99131ca908/p16-integration/apps/studio/workbench/shell-events.js:58:41
          at SettingsStore.emit (file:///workspace/scratch/6b99131ca908/p16-integration/apps/studio/workbench/events.js:17:13)
          at SettingsStore.apply (file:///workspace/scratch/6b99131ca908/p16-integration/apps/studio/workbench/settings-store.js:197:10)
          at Object.run (file:///workspace/scratch/6b99131ca908/p16-integration/apps/studio/workbench/first-run.js:17:14)
          at Object.run (file:///workspace/scratch/6b99131ca908/p16-integration/tests/support/settings-dialog-fixture.js:89:38)
          at Object.selectProfile (file:///workspace/scratch/6b99131ca908/p16-integration/tests/a19-first-run-schemes.test.js:60:20)
          at TestContext.<anonymous> (file:///workspace/scratch/6b99131ca908/p16-integration/tests/a19-first-run-schemes.test.js:95:19)
          at Test.runInAsyncScope (node:async_hooks:227:14)
    ]
  }

test at tests/a19-first-run-schemes.test.js:93:3
✖ first-run vscode applies theme, global navigation and actual editor shortcuts (4.385223ms)
  Error [AggregateError]: Workbench event listener failed
      at SettingsStore.emit (file:///workspace/scratch/6b99131ca908/p16-integration/apps/studio/workbench/events.js:19:30)
      at SettingsStore.apply (file:///workspace/scratch/6b99131ca908/p16-integration/apps/studio/workbench/settings-store.js:197:10)
      at Object.run (file:///workspace/scratch/6b99131ca908/p16-integration/apps/studio/workbench/first-run.js:17:14)
      at Object.run (file:///workspace/scratch/6b99131ca908/p16-integration/tests/support/settings-dialog-fixture.js:89:38)
      at Object.selectProfile (file:///workspace/scratch/6b99131ca908/p16-integration/tests/a19-first-run-schemes.test.js:60:20)
      at TestContext.<anonymous> (file:///workspace/scratch/6b99131ca908/p16-integration/tests/a19-first-run-schemes.test.js:95:19)
      at Test.runInAsyncScope (node:async_hooks:227:14)
      at Test.run (node:internal/test_runner/test:1382:25)
      at Test.processPendingSubtests (node:internal/test_runner/test:960:18)
      at Test.postRun (node:internal/test_runner/test:1522:19) {
    [errors]: [
      TypeError: Cannot set properties of undefined (setting 'enabled')
          at Object.applySettings (file:///workspace/scratch/6b99131ca908/p16-integration/apps/studio/workbench/shell.js:258:26)
          at Object.applySettings (file:///workspace/scratch/6b99131ca908/p16-integration/tests/a19-first-run-schemes.test.js:45:67)
          at file:///workspace/scratch/6b99131ca908/p16-integration/apps/studio/workbench/shell-events.js:58:41
          at SettingsStore.emit (file:///workspace/scratch/6b99131ca908/p16-integration/apps/studio/workbench/events.js:17:13)
          at SettingsStore.apply (file:///workspace/scratch/6b99131ca908/p16-integration/apps/studio/workbench/settings-store.js:197:10)
          at Object.run (file:///workspace/scratch/6b99131ca908/p16-integration/apps/studio/workbench/first-run.js:17:14)
          at Object.run (file:///workspace/scratch/6b99131ca908/p16-integration/tests/support/settings-dialog-fixture.js:89:38)
          at Object.selectProfile (file:///workspace/scratch/6b99131ca908/p16-integration/tests/a19-first-run-schemes.test.js:60:20)
          at TestContext.<anonymous> (file:///workspace/scratch/6b99131ca908/p16-integration/tests/a19-first-run-schemes.test.js:95:19)
          at Test.runInAsyncScope (node:async_hooks:227:14)
    ]
  }

test at tests/a19-first-run-schemes.test.js:93:3
✖ first-run resharper applies theme, global navigation and actual editor shortcuts (8.150271ms)
  Error [AggregateError]: Workbench event listener failed
      at SettingsStore.emit (file:///workspace/scratch/6b99131ca908/p16-integration/apps/studio/workbench/events.js:19:30)
      at SettingsStore.apply (file:///workspace/scratch/6b99131ca908/p16-integration/apps/studio/workbench/settings-store.js:197:10)
      at Object.run (file:///workspace/scratch/6b99131ca908/p16-integration/apps/studio/workbench/first-run.js:17:14)
      at Object.run (file:///workspace/scratch/6b99131ca908/p16-integration/tests/support/settings-dialog-fixture.js:89:38)
      at Object.selectProfile (file:///workspace/scratch/6b99131ca908/p16-integration/tests/a19-first-run-schemes.test.js:60:20)
      at TestContext.<anonymous> (file:///workspace/scratch/6b99131ca908/p16-integration/tests/a19-first-run-schemes.test.js:95:19)
      at Test.runInAsyncScope (node:async_hooks:227:14)
      at Test.run (node:internal/test_runner/test:1382:25)
      at Test.processPendingSubtests (node:internal/test_runner/test:960:18)
      at Test.postRun (node:internal/test_runner/test:1522:19) {
    [errors]: [
      TypeError: Cannot set properties of undefined (setting 'enabled')
          at Object.applySettings (file:///workspace/scratch/6b99131ca908/p16-integration/apps/studio/workbench/shell.js:258:26)
          at Object.applySettings (file:///workspace/scratch/6b99131ca908/p16-integration/tests/a19-first-run-schemes.test.js:45:67)
          at file:///workspace/scratch/6b99131ca908/p16-integration/apps/studio/workbench/shell-events.js:58:41
          at SettingsStore.emit (file:///workspace/scratch/6b99131ca908/p16-integration/apps/studio/workbench/events.js:17:13)
          at SettingsStore.apply (file:///workspace/scratch/6b99131ca908/p16-integration/apps/studio/workbench/settings-store.js:197:10)
          at Object.run (file:///workspace/scratch/6b99131ca908/p16-integration/apps/studio/workbench/first-run.js:17:14)
          at Object.run (file:///workspace/scratch/6b99131ca908/p16-integration/tests/support/settings-dialog-fixture.js:89:38)
          at Object.selectProfile (file:///workspace/scratch/6b99131ca908/p16-integration/tests/a19-first-run-schemes.test.js:60:20)
          at TestContext.<anonymous> (file:///workspace/scratch/6b99131ca908/p16-integration/tests/a19-first-run-schemes.test.js:95:19)
          at Test.runInAsyncScope (node:async_hooks:227:14)
    ]
  }

test at tests/a19-first-run-schemes.test.js:111:1
✖ global ReSharper navigation retains file/member/symbol/recent arguments without an active editor (11.267102ms)
  Error [AggregateError]: Workbench event listener failed
      at SettingsStore.emit (file:///workspace/scratch/6b99131ca908/p16-integration/apps/studio/workbench/events.js:19:30)
      at SettingsStore.apply (file:///workspace/scratch/6b99131ca908/p16-integration/apps/studio/workbench/settings-store.js:197:10)
      at Object.run (file:///workspace/scratch/6b99131ca908/p16-integration/apps/studio/workbench/first-run.js:17:14)
      at Object.run (file:///workspace/scratch/6b99131ca908/p16-integration/tests/support/settings-dialog-fixture.js:89:38)
      at Object.selectProfile (file:///workspace/scratch/6b99131ca908/p16-integration/tests/a19-first-run-schemes.test.js:60:20)
      at TestContext.<anonymous> (file:///workspace/scratch/6b99131ca908/p16-integration/tests/a19-first-run-schemes.test.js:113:17)
      at Test.runInAsyncScope (node:async_hooks:227:14)
      at Test.run (node:internal/test_runner/test:1382:25)
      at Test.processPendingSubtests (node:internal/test_runner/test:960:18)
      at Test.postRun (node:internal/test_runner/test:1522:19) {
    [errors]: [
      TypeError: Cannot set properties of undefined (setting 'enabled')
          at Object.applySettings (file:///workspace/scratch/6b99131ca908/p16-integration/apps/studio/workbench/shell.js:258:26)
          at Object.applySettings (file:///workspace/scratch/6b99131ca908/p16-integration/tests/a19-first-run-schemes.test.js:45:67)
          at file:///workspace/scratch/6b99131ca908/p16-integration/apps/studio/workbench/shell-events.js:58:41
          at SettingsStore.emit (file:///workspace/scratch/6b99131ca908/p16-integration/apps/studio/workbench/events.js:17:13)
          at SettingsStore.apply (file:///workspace/scratch/6b99131ca908/p16-integration/apps/studio/workbench/settings-store.js:197:10)
          at Object.run (file:///workspace/scratch/6b99131ca908/p16-integration/apps/studio/workbench/first-run.js:17:14)
          at Object.run (file:///workspace/scratch/6b99131ca908/p16-integration/tests/support/settings-dialog-fixture.js:89:38)
          at Object.selectProfile (file:///workspace/scratch/6b99131ca908/p16-integration/tests/a19-first-run-schemes.test.js:60:20)
          at TestContext.<anonymous> (file:///workspace/scratch/6b99131ca908/p16-integration/tests/a19-first-run-schemes.test.js:113:17)
          at Test.runInAsyncScope (node:async_hooks:227:14)
    ]
  }

test at tests/a19-first-run-schemes.test.js:150:1
✖ cancelled first-run selection has no effect, completed setup is skipped, and reselect preserves documents (6.186529ms)
  Error [AggregateError]: Workbench event listener failed
      at SettingsStore.emit (file:///workspace/scratch/6b99131ca908/p16-integration/apps/studio/workbench/events.js:19:30)
      at SettingsStore.apply (file:///workspace/scratch/6b99131ca908/p16-integration/apps/studio/workbench/settings-store.js:197:10)
      at Object.run (file:///workspace/scratch/6b99131ca908/p16-integration/apps/studio/workbench/first-run.js:17:14)
      at Object.run (file:///workspace/scratch/6b99131ca908/p16-integration/tests/support/settings-dialog-fixture.js:89:38)
      at Object.selectProfile (file:///workspace/scratch/6b99131ca908/p16-integration/tests/a19-first-run-schemes.test.js:60:20)
      at TestContext.<anonymous> (file:///workspace/scratch/6b99131ca908/p16-integration/tests/a19-first-run-schemes.test.js:160:17)
      at Test.runInAsyncScope (node:async_hooks:227:14)
      at Test.run (node:internal/test_runner/test:1382:25)
      at Test.processPendingSubtests (node:internal/test_runner/test:960:18)
      at Test.postRun (node:internal/test_runner/test:1522:19) {
    [errors]: [
      TypeError: Cannot set properties of undefined (setting 'enabled')
          at Object.applySettings (file:///workspace/scratch/6b99131ca908/p16-integration/apps/studio/workbench/shell.js:258:26)
          at Object.applySettings (file:///workspace/scratch/6b99131ca908/p16-integration/tests/a19-first-run-schemes.test.js:45:67)
          at file:///workspace/scratch/6b99131ca908/p16-integration/apps/studio/workbench/shell-events.js:58:41
          at SettingsStore.emit (file:///workspace/scratch/6b99131ca908/p16-integration/apps/studio/workbench/events.js:17:13)
          at SettingsStore.apply (file:///workspace/scratch/6b99131ca908/p16-integration/apps/studio/workbench/settings-store.js:197:10)
          at Object.run (file:///workspace/scratch/6b99131ca908/p16-integration/apps/studio/workbench/first-run.js:17:14)
          at Object.run (file:///workspace/scratch/6b99131ca908/p16-integration/tests/support/settings-dialog-fixture.js:89:38)
          at Object.selectProfile (file:///workspace/scratch/6b99131ca908/p16-integration/tests/a19-first-run-schemes.test.js:60:20)
          at TestContext.<anonymous> (file:///workspace/scratch/6b99131ca908/p16-integration/tests/a19-first-run-schemes.test.js:160:17)
          at Test.runInAsyncScope (node:async_hooks:227:14)
    ]
  }

test at tests/a19-first-run-schemes.test.js:169:1
✖ profile changes keep custom bindings and one effective copy of each common global shortcut (3.151292ms)
  Error [AggregateError]: Workbench event listener failed
      at SettingsStore.emit (file:///workspace/scratch/6b99131ca908/p16-integration/apps/studio/workbench/events.js:19:30)
      at SettingsStore.apply (file:///workspace/scratch/6b99131ca908/p16-integration/apps/studio/workbench/settings-store.js:197:10)
      at TestContext.<anonymous> (file:///workspace/scratch/6b99131ca908/p16-integration/tests/a19-first-run-schemes.test.js:171:20)
      at Test.runInAsyncScope (node:async_hooks:227:14)
      at Test.run (node:internal/test_runner/test:1382:25)
      at Test.processPendingSubtests (node:internal/test_runner/test:960:18)
      at Test.postRun (node:internal/test_runner/test:1522:19)
      at Test.run (node:internal/test_runner/test:1447:12)
      at async Test.processPendingSubtests (node:internal/test_runner/test:960:7) {
    [errors]: [
      TypeError: Cannot set properties of undefined (setting 'enabled')
          at Object.applySettings (file:///workspace/scratch/6b99131ca908/p16-integration/apps/studio/workbench/shell.js:258:26)
          at Object.applySettings (file:///workspace/scratch/6b99131ca908/p16-integration/tests/a19-first-run-schemes.test.js:45:67)
          at file:///workspace/scratch/6b99131ca908/p16-integration/apps/studio/workbench/shell-events.js:58:41
          at SettingsStore.emit (file:///workspace/scratch/6b99131ca908/p16-integration/apps/studio/workbench/events.js:17:13)
          at SettingsStore.apply (file:///workspace/scratch/6b99131ca908/p16-integration/apps/studio/workbench/settings-store.js:197:10)
          at TestContext.<anonymous> (file:///workspace/scratch/6b99131ca908/p16-integration/tests/a19-first-run-schemes.test.js:171:20)
          at Test.runInAsyncScope (node:async_hooks:227:14)
          at Test.run (node:internal/test_runner/test:1382:25)
          at Test.processPendingSubtests (node:internal/test_runner/test:960:18)
          at Test.postRun (node:internal/test_runner/test:1522:19)
    ]
  }

test at tests/a19-first-run-schemes.test.js:185:1
✖ choosing a user scheme clears only supplied current-workspace overrides and persists across reload (3.018812ms)
  Error [AggregateError]: Workbench event listener failed
      at SettingsStore.emit (file:///workspace/scratch/6b99131ca908/p16-integration/apps/studio/workbench/events.js:19:30)
      at SettingsStore.apply (file:///workspace/scratch/6b99131ca908/p16-integration/apps/studio/workbench/settings-store.js:197:10)
      at TestContext.<anonymous> (file:///workspace/scratch/6b99131ca908/p16-integration/tests/a19-first-run-schemes.test.js:187:20)
      at Test.runInAsyncScope (node:async_hooks:227:14)
      at Test.run (node:internal/test_runner/test:1382:25)
      at Test.processPendingSubtests (node:internal/test_runner/test:960:18)
      at Test.postRun (node:internal/test_runner/test:1522:19)
      at Test.run (node:internal/test_runner/test:1447:12)
      at async Test.processPendingSubtests (node:internal/test_runner/test:960:7) {
    [errors]: [
      TypeError: Cannot set properties of undefined (setting 'enabled')
          at Object.applySettings (file:///workspace/scratch/6b99131ca908/p16-integration/apps/studio/workbench/shell.js:258:26)
          at Object.applySettings (file:///workspace/scratch/6b99131ca908/p16-integration/tests/a19-first-run-schemes.test.js:45:67)
          at file:///workspace/scratch/6b99131ca908/p16-integration/apps/studio/workbench/shell-events.js:58:41
          at SettingsStore.emit (file:///workspace/scratch/6b99131ca908/p16-integration/apps/studio/workbench/events.js:17:13)
          at SettingsStore.apply (file:///workspace/scratch/6b99131ca908/p16-integration/apps/studio/workbench/settings-store.js:197:10)
          at TestContext.<anonymous> (file:///workspace/scratch/6b99131ca908/p16-integration/tests/a19-first-run-schemes.test.js:187:20)
          at Test.runInAsyncScope (node:async_hooks:227:14)
          at Test.run (node:internal/test_runner/test:1382:25)
          at Test.processPendingSubtests (node:internal/test_runner/test:960:18)
          at Test.postRun (node:internal/test_runner/test:1522:19)
    ]
  }

test at tests/a19-first-run-schemes.test.js:220:1
✖ Options selects ReSharper after setup and commits only edited keys over a workspace override (4.103608ms)
  Error [AggregateError]: Workbench event listener failed
      at SettingsStore.emit (file:///workspace/scratch/6b99131ca908/p16-integration/apps/studio/workbench/events.js:19:30)
      at SettingsStore.apply (file:///workspace/scratch/6b99131ca908/p16-integration/apps/studio/workbench/settings-store.js:197:10)
      at TestContext.<anonymous> (file:///workspace/scratch/6b99131ca908/p16-integration/tests/a19-first-run-schemes.test.js:222:20)
      at Test.runInAsyncScope (node:async_hooks:227:14)
      at Test.run (node:internal/test_runner/test:1382:25)
      at Test.processPendingSubtests (node:internal/test_runner/test:960:18)
      at Test.postRun (node:internal/test_runner/test:1522:19)
      at Test.run (node:internal/test_runner/test:1447:12)
      at async Test.processPendingSubtests (node:internal/test_runner/test:960:7) {
    [errors]: [
      TypeError: Cannot set properties of undefined (setting 'enabled')
          at Object.applySettings (file:///workspace/scratch/6b99131ca908/p16-integration/apps/studio/workbench/shell.js:258:26)
          at Object.applySettings (file:///workspace/scratch/6b99131ca908/p16-integration/tests/a19-first-run-schemes.test.js:45:67)
          at file:///workspace/scratch/6b99131ca908/p16-integration/apps/studio/workbench/shell-events.js:58:41
          at SettingsStore.emit (file:///workspace/scratch/6b99131ca908/p16-integration/apps/studio/workbench/events.js:17:13)
          at SettingsStore.apply (file:///workspace/scratch/6b99131ca908/p16-integration/apps/studio/workbench/settings-store.js:197:10)
          at TestContext.<anonymous> (file:///workspace/scratch/6b99131ca908/p16-integration/tests/a19-first-run-schemes.test.js:222:20)
          at Test.runInAsyncScope (node:async_hooks:227:14)
          at Test.run (node:internal/test_runner/test:1382:25)
          at Test.processPendingSubtests (node:internal/test_runner/test:960:18)
          at Test.postRun (node:internal/test_runner/test:1522:19)
    ]
  }

test at tests/a19-first-run-schemes.test.js:257:1
✖ Import and Export Settings applies a previewed scheme to both scopes without changing editor data (4.229769ms)
  Error [AggregateError]: Workbench event listener failed
      at SettingsStore.emit (file:///workspace/scratch/6b99131ca908/p16-integration/apps/studio/workbench/events.js:19:30)
      at SettingsStore.apply (file:///workspace/scratch/6b99131ca908/p16-integration/apps/studio/workbench/settings-store.js:197:10)
      at TestContext.<anonymous> (file:///workspace/scratch/6b99131ca908/p16-integration/tests/a19-first-run-schemes.test.js:259:20)
      at Test.runInAsyncScope (node:async_hooks:227:14)
      at Test.run (node:internal/test_runner/test:1382:25)
      at Test.processPendingSubtests (node:internal/test_runner/test:960:18)
      at Test.postRun (node:internal/test_runner/test:1522:19)
      at Test.run (node:internal/test_runner/test:1447:12)
      at async Test.processPendingSubtests (node:internal/test_runner/test:960:7) {
    [errors]: [
      TypeError: Cannot set properties of undefined (setting 'enabled')
          at Object.applySettings (file:///workspace/scratch/6b99131ca908/p16-integration/apps/studio/workbench/shell.js:258:26)
          at Object.applySettings (file:///workspace/scratch/6b99131ca908/p16-integration/tests/a19-first-run-schemes.test.js:45:67)
          at file:///workspace/scratch/6b99131ca908/p16-integration/apps/studio/workbench/shell-events.js:58:41
          at SettingsStore.emit (file:///workspace/scratch/6b99131ca908/p16-integration/apps/studio/workbench/events.js:17:13)
          at SettingsStore.apply (file:///workspace/scratch/6b99131ca908/p16-integration/apps/studio/workbench/settings-store.js:197:10)
          at TestContext.<anonymous> (file:///workspace/scratch/6b99131ca908/p16-integration/tests/a19-first-run-schemes.test.js:259:20)
          at Test.runInAsyncScope (node:async_hooks:227:14)
          at Test.run (node:internal/test_runner/test:1382:25)
          at Test.processPendingSubtests (node:internal/test_runner/test:960:18)
          at Test.postRun (node:internal/test_runner/test:1522:19)
    ]
  }

test at tests/a19-first-run-schemes.test.js:277:1
✖ settings profile rejects invalid imports, exports selected categories and can reopen first-run choices (6.940987ms)
  Error [AggregateError]: Workbench event listener failed
      at SettingsStore.emit (file:///workspace/scratch/6b99131ca908/p16-integration/apps/studio/workbench/events.js:19:30)
      at SettingsStore.apply (file:///workspace/scratch/6b99131ca908/p16-integration/apps/studio/workbench/settings-store.js:197:10)
      at Object.run (file:///workspace/scratch/6b99131ca908/p16-integration/apps/studio/workbench/first-run.js:17:14)
      at Object.run (file:///workspace/scratch/6b99131ca908/p16-integration/tests/support/settings-dialog-fixture.js:89:38)
      at Object.selectProfile (file:///workspace/scratch/6b99131ca908/p16-integration/tests/a19-first-run-schemes.test.js:60:20)
      at TestContext.<anonymous> (file:///workspace/scratch/6b99131ca908/p16-integration/tests/a19-first-run-schemes.test.js:279:17)
      at Test.runInAsyncScope (node:async_hooks:227:14)
      at Test.run (node:internal/test_runner/test:1382:25)
      at Test.processPendingSubtests (node:internal/test_runner/test:960:18)
      at Test.postRun (node:internal/test_runner/test:1522:19) {
    [errors]: [
      TypeError: Cannot set properties of undefined (setting 'enabled')
          at Object.applySettings (file:///workspace/scratch/6b99131ca908/p16-integration/apps/studio/workbench/shell.js:258:26)
          at Object.applySettings (file:///workspace/scratch/6b99131ca908/p16-integration/tests/a19-first-run-schemes.test.js:45:67)
          at file:///workspace/scratch/6b99131ca908/p16-integration/apps/studio/workbench/shell-events.js:58:41
          at SettingsStore.emit (file:///workspace/scratch/6b99131ca908/p16-integration/apps/studio/workbench/events.js:17:13)
          at SettingsStore.apply (file:///workspace/scratch/6b99131ca908/p16-integration/apps/studio/workbench/settings-store.js:197:10)
          at Object.run (file:///workspace/scratch/6b99131ca908/p16-integration/apps/studio/workbench/first-run.js:17:14)
          at Object.run (file:///workspace/scratch/6b99131ca908/p16-integration/tests/support/settings-dialog-fixture.js:89:38)
          at Object.selectProfile (file:///workspace/scratch/6b99131ca908/p16-integration/tests/a19-first-run-schemes.test.js:60:20)
          at TestContext.<anonymous> (file:///workspace/scratch/6b99131ca908/p16-integration/tests/a19-first-run-schemes.test.js:279:17)
          at Test.runInAsyncScope (node:async_hooks:227:14)
    ]
  }

test at tests/a19-first-run-schemes.test.js:300:1
✖ resetting selected categories restores the default scheme while retaining unrelated settings and undo (3.128718ms)
  Error [AggregateError]: Workbench event listener failed
      at SettingsStore.emit (file:///workspace/scratch/6b99131ca908/p16-integration/apps/studio/workbench/events.js:19:30)
      at SettingsStore.apply (file:///workspace/scratch/6b99131ca908/p16-integration/apps/studio/workbench/settings-store.js:197:10)
      at Object.run (file:///workspace/scratch/6b99131ca908/p16-integration/apps/studio/workbench/first-run.js:17:14)
      at Object.run (file:///workspace/scratch/6b99131ca908/p16-integration/tests/support/settings-dialog-fixture.js:89:38)
      at Object.selectProfile (file:///workspace/scratch/6b99131ca908/p16-integration/tests/a19-first-run-schemes.test.js:60:20)
      at TestContext.<anonymous> (file:///workspace/scratch/6b99131ca908/p16-integration/tests/a19-first-run-schemes.test.js:302:17)
      at Test.runInAsyncScope (node:async_hooks:227:14)
      at Test.run (node:internal/test_runner/test:1382:25)
      at Test.processPendingSubtests (node:internal/test_runner/test:960:18)
      at Test.postRun (node:internal/test_runner/test:1522:19) {
    [errors]: [
      TypeError: Cannot set properties of undefined (setting 'enabled')
          at Object.applySettings (file:///workspace/scratch/6b99131ca908/p16-integration/apps/studio/workbench/shell.js:258:26)
          at Object.applySettings (file:///workspace/scratch/6b99131ca908/p16-integration/tests/a19-first-run-schemes.test.js:45:67)
          at file:///workspace/scratch/6b99131ca908/p16-integration/apps/studio/workbench/shell-events.js:58:41
          at SettingsStore.emit (file:///workspace/scratch/6b99131ca908/p16-integration/apps/studio/workbench/events.js:17:13)
          at SettingsStore.apply (file:///workspace/scratch/6b99131ca908/p16-integration/apps/studio/workbench/settings-store.js:197:10)
          at Object.run (file:///workspace/scratch/6b99131ca908/p16-integration/apps/studio/workbench/first-run.js:17:14)
          at Object.run (file:///workspace/scratch/6b99131ca908/p16-integration/tests/support/settings-dialog-fixture.js:89:38)
          at Object.selectProfile (file:///workspace/scratch/6b99131ca908/p16-integration/tests/a19-first-run-schemes.test.js:60:20)
          at TestContext.<anonymous> (file:///workspace/scratch/6b99131ca908/p16-integration/tests/a19-first-run-schemes.test.js:302:17)
          at Test.runInAsyncScope (node:async_hooks:227:14)
    ]
  }

test at tests/a19-first-run-schemes.test.js:343:1
✖ changing schemes cancels an in-progress native and global chord before the next keystroke (4.710414ms)
  Error [AggregateError]: Workbench event listener failed
      at SettingsStore.emit (file:///workspace/scratch/6b99131ca908/p16-integration/apps/studio/workbench/events.js:19:30)
      at SettingsStore.apply (file:///workspace/scratch/6b99131ca908/p16-integration/apps/studio/workbench/settings-store.js:197:10)
      at Object.run (file:///workspace/scratch/6b99131ca908/p16-integration/apps/studio/workbench/first-run.js:17:14)
      at Object.run (file:///workspace/scratch/6b99131ca908/p16-integration/tests/support/settings-dialog-fixture.js:89:38)
      at Object.selectProfile (file:///workspace/scratch/6b99131ca908/p16-integration/tests/a19-first-run-schemes.test.js:60:20)
      at TestContext.<anonymous> (file:///workspace/scratch/6b99131ca908/p16-integration/tests/a19-first-run-schemes.test.js:345:17)
      at Test.runInAsyncScope (node:async_hooks:227:14)
      at Test.run (node:internal/test_runner/test:1382:25)
      at Test.processPendingSubtests (node:internal/test_runner/test:960:18)
      at Test.postRun (node:internal/test_runner/test:1522:19) {
    [errors]: [
      TypeError: Cannot set properties of undefined (setting 'enabled')
          at Object.applySettings (file:///workspace/scratch/6b99131ca908/p16-integration/apps/studio/workbench/shell.js:258:26)
          at Object.applySettings (file:///workspace/scratch/6b99131ca908/p16-integration/tests/a19-first-run-schemes.test.js:45:67)
          at file:///workspace/scratch/6b99131ca908/p16-integration/apps/studio/workbench/shell-events.js:58:41
          at SettingsStore.emit (file:///workspace/scratch/6b99131ca908/p16-integration/apps/studio/workbench/events.js:17:13)
          at SettingsStore.apply (file:///workspace/scratch/6b99131ca908/p16-integration/apps/studio/workbench/settings-store.js:197:10)
          at Object.run (file:///workspace/scratch/6b99131ca908/p16-integration/apps/studio/workbench/first-run.js:17:14)
          at Object.run (file:///workspace/scratch/6b99131ca908/p16-integration/tests/support/settings-dialog-fixture.js:89:38)
          at Object.selectProfile (file:///workspace/scratch/6b99131ca908/p16-integration/tests/a19-first-run-schemes.test.js:60:20)
          at TestContext.<anonymous> (file:///workspace/scratch/6b99131ca908/p16-integration/tests/a19-first-run-schemes.test.js:345:17)
          at Test.runInAsyncScope (node:async_hooks:227:14)
    ]
  }
