✔ prepared CIL storage authority is opaque, owned by metadata, and isolated between VM pools (32.187639ms)
✔ prepared CIL storage rejects stale shape, code owner and discarded pools (3.910342ms)
✔ prepared CIL retirement revokes memory leases and preserves deferred roots until scrub (5.078962ms)
✔ a new local shape discards cached storage and prevents late retirement into the old bucket (3.525659ms)
✔ prepared CIL scrub matches ordinary deletion, nonenumerability, inherited getters and setter order (2.978659ms)
✔ prepared CIL buckets preserve retention budgets and follow current stack capacity (17.573394ms)
✔ invalid stack byte limit 0 is rejected at admission (10.992084ms)
✔ invalid stack byte limit 15 is rejected at admission (1.520746ms)
✔ invalid stack byte limit -1 is rejected at admission (1.282878ms)
✔ invalid stack byte limit 1.5 is rejected at admission (1.155681ms)
✔ invalid stack byte limit NaN is rejected at admission (1.236238ms)
✔ invalid stack byte limit Infinity is rejected at admission (0.971472ms)
✔ invalid stack byte limit 24 is rejected at admission (0.996909ms)
✔ invalid stack byte limit null is rejected at admission (0.78616ms)
✔ zero-peak frames fit sixteen bytes, a single evaluation slot requires twenty-four (15.586997ms)
✔ byte accounting follows reserved verified capacity, including inflated CLI headers (2.018343ms)
✔ rejected recursive call allocates no frame and leaves the caller inspectable (3.958612ms)
✔ argument normalization failure rolls back its provisional reservation (3.031616ms)
✔ Decimal, native integers and managed addresses use metadata storage widths (32-bit ABI) (3.99055ms)
✔ Decimal, native integers and managed addresses use metadata storage widths (64-bit ABI) (2.58327ms)
✔ concrete instantiated signatures determine Decimal argument and local charges (2.322107ms)
✔ lowered and invalid live limits reject before dispatch or direct push (2.236933ms)
✔ turning on a byte limit accounts existing frames; removing it restores default admission (1.318589ms)
✔ snapshot rejection precedes heap/frame mutation, and successful replay reconstructs live charges (9.138997ms)
✔ parked contexts count against the VM total and parked snapshots are preflighted (19.459464ms)
✔ replaced unverified bodies reserve their checked fallback rather than stale verified capacity (1.221037ms)
✔ exception unwind releases a callee before the next call uses the same byte budget (8.376286ms)
✔ admission while enqueue switches frame arrays still accounts the parent context (2.470815ms)
✔ host replacement of locals triggers byte admission before the next instruction (1.41491ms)
✔ host replacement of signature triggers byte admission before the next instruction (1.17561ms)
✔ host replacement of parameters triggers byte admission before the next instruction (12.088138ms)
✔ CIL: parked frames remain live until natural return (37.491458ms)
✔ CIL: parked frames remain live until cancellation (5.673402ms)
✔ CIL: retirement clears late fields and stop preserves fatal inspection until disposal (2.319684ms)
✔ source: exception unwinding releases callee roots before reuse (95.597191ms)
✔ cil: exception unwinding releases callee roots before reuse (19.148719ms)
✔ source: indexed lookup does not enumerate active frames or logical contexts (110.030967ms)
✔ source: logical retirement expires identity before deferred clearing and pool reuse (1.787695ms)
✔ source: provisional enqueue preserves parent roots and atomically discards admitted children (8.358972ms)
✔ source: queued contexts keep both frame sets live across activation and cancellation (2.899803ms)
✔ source: parked frame identity survives freeze and restore, and expires at cancellation (6.559658ms)
✔ source: terminal context disposal retires active storage before another context can run (0.767433ms)
✔ source: detached host-edited arrays cannot keep expired frames addressable (0.453634ms)
✔ source: malformed identity restores leave frames, pools and lookup unchanged (1.443882ms)
✔ source: exhausted identity sequences reject calls without admitting an unsafe integer (0.871385ms)
✔ reload: indexed lookup does not enumerate active frames or logical contexts (13.445283ms)
✔ reload: logical retirement expires identity before deferred clearing and pool reuse (4.641322ms)
✔ reload: provisional enqueue preserves parent roots and atomically discards admitted children (4.221728ms)
✔ reload: queued contexts keep both frame sets live across activation and cancellation (3.54692ms)
✔ reload: parked frame identity survives freeze and restore, and expires at cancellation (4.304329ms)
✔ reload: terminal context disposal retires active storage before another context can run (3.088969ms)
✔ reload: detached host-edited arrays cannot keep expired frames addressable (2.752868ms)
✔ reload: malformed identity restores leave frames, pools and lookup unchanged (4.013383ms)
✔ reload: exhausted identity sequences reject calls without admitting an unsafe integer (3.409729ms)
✔ cil: indexed lookup does not enumerate active frames or logical contexts (13.786003ms)
✔ cil: logical retirement expires identity before deferred clearing and pool reuse (2.559755ms)
✔ cil: provisional enqueue preserves parent roots and atomically discards admitted children (3.233211ms)
✔ cil: queued contexts keep both frame sets live across activation and cancellation (2.301388ms)
✔ cil: parked frame identity survives freeze and restore, and expires at cancellation (3.64305ms)
✔ cil: terminal context disposal retires active storage before another context can run (1.323907ms)
✔ cil: detached host-edited arrays cannot keep expired frames addressable (1.434389ms)
✔ cil: malformed identity restores leave frames, pools and lookup unchanged (1.880973ms)
✔ cil: exhausted identity sequences reject calls without admitting an unsafe integer (1.326751ms)
✔ CIL managed byrefs retain ownership and resolve restored frames instead of abandoned storage (6.474704ms)
✔ captured context identities reject aliasing, sequence violations and divergent current stacks (0.347829ms)
✔ invalid managed sequence values do not mutate the sequence (0.256656ms)
✔ constant elision or argument normalization fallback preserves execution: null (39.007012ms)
✔ constant elision or argument normalization fallback preserves execution: -17 (13.17675ms)
✔ constant elision or argument normalization fallback preserves execution: 2147483647 (10.590757ms)
✔ warm calls remain eligible after a pristine physical leaf has returned (11.766087ms)
✔ logical admission preserves quota/identity failures at the call instruction (11.651769ms)
✔ logical admission preserves quota/identity failures at the call instruction (7.256879ms)
✔ logical admission preserves quota/identity failures at the call instruction (8.103928ms)
✔ logical admission preserves quota/identity failures at the call instruction (5.22815ms)
✔ instruction quota preserves partial leaf frames with 0 instructions left (6.14407ms)
✔ instruction quota preserves partial leaf frames with 1 instructions left (5.599554ms)
✔ instruction quota preserves partial leaf frames with 2 instructions left (4.566562ms)
✔ instruction quota preserves partial leaf frames with 3 instructions left (5.717336ms)
✔ one-instruction slices expose every leaf instruction and restore keeps ordinary execution (26.132578ms)
✔ observed or non-raw execution stays on the physical path: {"profile":true} (8.574527ms)
✔ observed or non-raw execution stays on the physical path: {"runtimeEvents":true} (7.258982ms)
✔ observed or non-raw execution stays on the physical path: {"gcStress":"instruction"} (10.194157ms)
✔ observed or non-raw execution stays on the physical path: {"typedNumericStack":true} (10.141229ms)
✔ observed or non-raw execution stays on the physical path: {"preparedLeafCalls":false} (6.742446ms)
✔ a host call override prevents physical-frame elision (7.333821ms)
✔ a host step override prevents physical-frame elision (7.222228ms)
✔ a host push override prevents physical-frame elision (4.360901ms)
✔ a host pop override prevents physical-frame elision (4.513535ms)
✔ a host storage override prevents physical-frame elision (3.93616ms)
✔ a host slotType override prevents physical-frame elision (3.281151ms)
✔ a host ensureInitialized override prevents physical-frame elision (5.028397ms)
✔ turning an observer off does not skip setters on a retained physical frame (7.697313ms)
✔ edited metadata, inspector adapters and execution epochs invalidate the original leaf proof (22.751546ms)
✔ pool proof is read-only, remains warm with scratch buffers, and rejects retained storage customization (2.872734ms)
✔ inherited quota getters and exposed identity-map adapters retain the physical call path (18.382779ms)
✔ a stale private prepared binding cannot authenticate a replacement public bucket (2.512777ms)
✔ leaf opt-out and code invalidation discard eligibility without fabricating physical counters (7.99632ms)
✔ retained exposed identity records keep their registration and retirement callbacks (12.966853ms)
✔ receiver callbacks cannot borrow or reuse an outer opcode allowance for direct invoke (5.298943ms)
✔ prepared virtual calls preserve managed events, exact instruction counts and GC boundaries (45.655875ms)
✔ prepared call failure keeps ordinary quota and frame behavior {"maxFrames":2} (11.541418ms)
✔ prepared call failure keeps ordinary quota and frame behavior {"maxStackBytes":192} (9.546879ms)
✔ prepared call failure keeps ordinary quota and frame behavior {"maxInstructions":24} (12.663951ms)
✔ one-instruction slices expose the prepared callee and restored execution rebuilds the call setup (14.561867ms)
✔ prepared direct frame entry normalizes arguments while the caller stack retains receiver roots (22.380227ms)
✔ a own host call hook continues to observe every prepared virtual target (9.64222ms)
✔ a subclass host call hook continues to observe every prepared virtual target (9.483456ms)
✔ a prototype host call hook continues to observe every prepared virtual target (8.936236ms)
✔ reference transformation deletes only reviewed consumers and preserves runtime cleanup (15.367706ms)
✔ reference creation refuses unknown hook sites and newly introduced profiler behavior (1.127619ms)
✔ numeric block reference retains all non-profiler observation guards (0.200163ms)
✔ object-value reference preserves reviewed CIL work and source fault/cleanup boundaries (0.179322ms)
✔ reviewed array continuation hooks preserve their exact resume/result and fault-cleanup semantics (0.28727ms)
✔ profiler reference rejects oversized input before parsing or importing another runtime (1.767446ms)
✔ source dispatch reference removes only the exact reviewed profiling wrapper and keeps dispatch selection (0.463619ms)
✔ leaf-call reference removes exactly one profiler guard and preserves every other eligibility barrier (0.497679ms)
ℹ tests 116
ℹ suites 0
ℹ pass 116
ℹ fail 0
ℹ cancelled 0
ℹ skipped 0
ℹ todo 0
ℹ duration_ms 5146.929493
