TAP version 13
# Subtest: T01.1/T01.10 100,000 native operand pairs cover every signed and unsigned Int64 operation
ok 1 - T01.1/T01.10 100,000 native operand pairs cover every signed and unsigned Int64 operation
  ---
  duration_ms: 5183.7363
  type: 'test'
  ...
# Subtest: T01.8/T01.10 the same 100,000-pair C\# program matches native in all three execution routes
not ok 2 - T01.8/T01.10 the same 100,000-pair C\# program matches native in all three execution routes
  ---
  duration_ms: 226.0516
  type: 'test'
  location: 'D:\\a\\SharpForge\\SharpForge\\tests\\numeric-differential.test.js:53:1'
  failureType: 'testCodeFailure'
  error: '[{"uri":"Program.cs","version":1,"start":39,"length":19,"code":"SF1003","message":"decimal, long and unsigned literals are not implemented","severity":"error","range":{"start":{"line":1,"character":23},"end":{"line":1,"character":42}}},{"uri":"Program.cs","version":1,"start":932,"length":2,"code":"SF1003","message":"decimal, long and unsigned literals are not implemented","severity":"error","range":{"start":{"line":24,"character":20},"end":{"line":24,"character":22}}},{"uri":"Program.cs","version":1,"start":935,"length":2,"code":"SF1003","message":"decimal, long and unsigned literals are not implemented","severity":"error","range":{"start":{"line":24,"character":23},"end":{"line":24,"character":25}}},{"uri":"Program.cs","version":1,"start":959,"length":2,"code":"SF1003","message":"decimal, long and unsigned literals are not implemented","severity":"error","range":{"start":{"line":25,"character":20},"end":{"line":25,"character":22}}},{"uri":"Program.cs","version":1,"start":962,"length":2,"code":"SF1003","message":"decimal, long and unsigned literals are not implemented","severity":"error","range":{"start":{"line":25,"character":23},"end":{"line":25,"character":25}}},{"uri":"Program.cs","version":1,"start":985,"length":2,"code":"SF1003","message":"decimal, long and unsigned literals are not implemented","severity":"error","range":{"start":{"line":26,"character":19},"end":{"line":26,"character":21}}},{"uri":"Program.cs","version":1,"start":988,"length":2,"code":"SF1003","message":"decimal, long and unsigned literals are not implemented","severity":"error","range":{"start":{"line":26,"character":22},"end":{"line":26,"character":24}}},{"uri":"Program.cs","version":1,"start":1012,"length":2,"code":"SF1003","message":"decimal, long and unsigned literals are not implemented","severity":"error","range":{"start":{"line":27,"character":20},"end":{"line":27,"character":22}}},{"uri":"Program.cs","version":1,"start":1015,"length":2,"code":"SF1003","message":"decimal, long and unsigned literals are not implemented","severity":"error","range":{"start":{"line":27,"character":23},"end":{"line":27,"character":25}}},{"uri":"Program.cs","version":1,"start":1038,"length":2,"code":"SF1003","message":"decimal, long and unsigned literals are not implemented","severity":"error","range":{"start":{"line":28,"character":19},"end":{"line":28,"character":21}}},{"uri":"Program.cs","version":1,"start":1041,"length":2,"code":"SF1003","message":"decimal, long and unsigned literals are not implemented","severity":"error","range":{"start":{"line":28,"character":22},"end":{"line":28,"character":24}}},{"uri":"Program.cs","version":1,"start":1065,"length":2,"code":"SF1003","message":"decimal, long and unsigned literals are not implemented","severity":"error","range":{"start":{"line":29,"character":20},"end":{"line":29,"character":22}}},{"uri":"Program.cs","version":1,"start":1068,"length":2,"code":"SF1003","message":"decimal, long and unsigned literals are not implemented","severity":"error","range":{"start":{"line":29,"character":23},"end":{"line":29,"character":25}}},{"uri":"Program.cs","version":1,"start":1093,"length":2,"code":"SF1003","message":"decimal, long and unsigned literals are not implemented","severity":"error","range":{"start":{"line":30,"character":21},"end":{"line":30,"character":23}}},{"uri":"Program.cs","version":1,"start":1096,"length":2,"code":"SF1003","message":"decimal, long and unsigned literals are not implemented","severity":"error","range":{"start":{"line":30,"character":24},"end":{"line":30,"character":26}}},{"uri":"Program.cs","version":1,"start":1122,"length":2,"code":"SF1003","message":"decimal, long and unsigned literals are not implemented","severity":"error","range":{"start":{"line":31,"character":22},"end":{"line":31,"character":24}}},{"uri":"Program.cs","version":1,"start":1125,"length":2,"code":"SF1003","message":"decimal, long and unsigned literals are not implemented","severity":"error","range":{"start":{"line":31,"character":25},"end":{"line":31,"character":27}}},{"uri":"Program.cs","version":1,"start":1150,"length":2,"code":"SF1003","message":"decimal, long and unsigned literals are not implemented","severity":"error","range":{"start":{"line":32,"character":21},"end":{"line":32,"character":23}}},{"uri":"Program.cs","version":1,"start":1153,"length":2,"code":"SF1003","message":"decimal, long and unsigned literals are not implemented","severity":"error","range":{"start":{"line":32,"character":24},"end":{"line":32,"character":26}}},{"uri":"Program.cs","version":1,"start":1179,"length":2,"code":"SF1003","message":"decimal, long and unsigned literals are not implemented","severity":"error","range":{"start":{"line":33,"character":22},"end":{"line":33,"character":24}}},{"uri":"Program.cs","version":1,"start":1182,"length":2,"code":"SF1003","message":"decimal, long and unsigned literals are not implemented","severity":"error","range":{"start":{"line":33,"character":25},"end":{"line":33,"character":27}}},{"uri":"Program.cs","version":1,"start":1200,"length":2,"code":"SF1003","message":"decimal, long and unsigned literals are not implemented","severity":"error","range":{"start":{"line":33,"character":43},"end":{"line":33,"character":45}}},{"uri":"Program.cs","version":1,"start":1366,"length":2,"code":"SF1003","message":"decimal, long and unsigned literals are not implemented","severity":"error","range":{"start":{"line":38,"character":27},"end":{"line":38,"character":29}}},{"uri":"Program.cs","version":1,"start":1371,"length":2,"code":"SF1003","message":"decimal, long and unsigned literals are not implemented","severity":"error","range":{"start":{"line":38,"character":32},"end":{"line":38,"character":34}}},{"uri":"Program.cs","version":1,"start":1390,"length":2,"code":"SF1003","message":"decimal, long and unsigned literals are not implemented","severity":"error","range":{"start":{"line":39,"character":9},"end":{"line":39,"character":11}}},{"uri":"Program.cs","version":1,"start":1395,"length":2,"code":"SF1003","message":"decimal, long and unsigned literals are not implemented","severity":"error","range":{"start":{"line":39,"character":14},"end":{"line":39,"character":16}}},{"uri":"Program.cs","version":1,"start":1415,"length":2,"code":"SF1003","message":"decimal, long and unsigned literals are not implemented","severity":"error","range":{"start":{"line":40,"character":10},"end":{"line":40,"character":12}}},{"uri":"Program.cs","version":1,"start":1420,"length":2,"code":"SF1003","message":"decimal, long and unsigned literals are not implemented","severity":"error","range":{"start":{"line":40,"character":15},"end":{"line":40,"character":17}}},{"uri":"Program.cs","version":1,"start":1456,"length":2,"code":"SF1003","message":"decimal, long and unsigned literals are not implemented","severity":"error","range":{"start":{"line":41,"character":26},"end":{"line":41,"character":28}}},{"uri":"Program.cs","version":1,"start":1475,"length":20,"code":"SF1003","message":"decimal, long and unsigned literals are not implemented","severity":"error","range":{"start":{"line":42,"character":9},"end":{"line":42,"character":29}}},{"uri":"Program.cs","version":1,"start":1498,"length":2,"code":"SF1003","message":"decimal, long and unsigned literals are not implemented","severity":"error","range":{"start":{"line":42,"character":32},"end":{"line":42,"character":34}}},{"uri":"Program.cs","version":1,"start":1518,"length":2,"code":"SF1003","message":"decimal, long and unsigned literals are not implemented","severity":"error","range":{"start":{"line":43,"character":10},"end":{"line":43,"character":12}}},{"uri":"Program.cs","version":1,"start":1524,"length":2,"code":"SF1003","message":"decimal, long and unsigned literals are not implemented","severity":"error","range":{"start":{"line":43,"character":16},"end":{"line":43,"character":18}}},{"uri":"Program.cs","version":1,"start":1543,"length":2,"code":"SF1003","message":"decimal, long and unsigned literals are not implemented","severity":"error","range":{"start":{"line":44,"character":9},"end":{"line":44,"character":11}}},{"uri":"Program.cs","version":1,"start":1548,"length":3,"code":"SF1003","message":"decimal, long and unsigned literals are not implemented","severity":"error","range":{"start":{"line":44,"character":14},"end":{"line":44,"character":17}}},{"uri":"Program.cs","version":1,"start":1569,"length":2,"code":"SF1003","message":"decimal, long and unsigned literals are not implemented","severity":"error","range":{"start":{"line":45,"character":10},"end":{"line":45,"character":12}}},{"uri":"Program.cs","version":1,"start":1574,"length":3,"code":"SF1003","message":"decimal, long and unsigned literals are not implemented","severity":"error","range":{"start":{"line":45,"character":15},"end":{"line":45,"character":18}}},{"uri":"Program.cs","version":1,"start":1594,"length":2,"code":"SF1003","message":"decimal, long and unsigned literals are not implemented","severity":"error","range":{"start":{"line":46,"character":9},"end":{"line":46,"character":11}}},{"uri":"Program.cs","version":1,"start":1600,"length":2,"code":"SF1003","message":"decimal, long and unsigned literals are not implemented","severity":"error","range":{"start":{"line":46,"character":15},"end":{"line":46,"character":17}}},{"uri":"Program.cs","version":1,"start":1619,"length":2,"code":"SF1003","message":"decimal, long and unsigned literals are not implemented","severity":"error","range":{"start":{"line":47,"character":9},"end":{"line":47,"character":11}}},{"uri":"Program.cs","version":1,"start":1624,"length":2,"code":"SF1003","message":"decimal, long and unsigned literals are not implemented","severity":"error","range":{"start":{"line":47,"character":14},"end":{"line":47,"character":16}}},{"uri":"Program.cs","version":1,"start":1644,"length":11,"code":"SF1003","message":"decimal, long and unsigned literals are not implemented","severity":"error","range":{"start":{"line":48,"character":10},"end":{"line":48,"character":21}}},{"uri":"Program'... 32092 more characters
  code: 'ERR_ASSERTION'
  name: 'AssertionError'
  expected: true
  actual: false
  operator: '=='
  stack: |-
    numericDifferential (file:///D:/a/SharpForge/SharpForge/tests/support/numeric-differential.js:58:3)
    TestContext.<anonymous> (file:///D:/a/SharpForge/SharpForge/tests/numeric-differential.test.js:55:3)
    Test.runInAsyncScope (node:async_hooks:214:14)
    Test.run (node:internal/test_runner/test:1047:25)
    Test.processPendingSubtests (node:internal/test_runner/test:744:18)
    Test.postRun (node:internal/test_runner/test:1173:19)
    Test.run (node:internal/test_runner/test:1101:12)
    async startSubtestAfterBootstrap (node:internal/test_runner/harness:296:3)
  ...
# Subtest: T01.10 native numeric family: uint32
not ok 3 - T01.10 native numeric family: uint32
  ---
  duration_ms: 8.7111
  type: 'test'
  location: 'D:\\a\\SharpForge\\SharpForge\\tests\\numeric-differential.test.js:61:39'
  failureType: 'testCodeFailure'
  error: `[{"uri":"Program.cs","version":1,"start":7,"length":11,"code":"SF1003","message":"decimal, long and unsigned literals are not implemented","severity":"error","range":{"start":{"line":0,"character":7},"end":{"line":0,"character":18}}},{"uri":"Program.cs","version":1,"start":26,"length":11,"code":"SF1003","message":"decimal, long and unsigned literals are not implemented","severity":"error","range":{"start":{"line":0,"character":26},"end":{"line":0,"character":37}}},{"uri":"Program.cs","version":1,"start":337,"length":2,"code":"SF1003","message":"decimal, long and unsigned literals are not implemented","severity":"error","range":{"start":{"line":0,"character":337},"end":{"line":0,"character":339}}},{"uri":"Program.cs","version":1,"start":0,"length":4,"code":"CS0246","message":"The type or namespace name 'uint' could not be found (are you missing a using directive or an assembly reference?)","severity":"error","range":{"start":{"line":0,"character":0},"end":{"line":0,"character":4}}},{"uri":"Program.cs","version":1,"start":7,"length":11,"code":"SF2004","message":"Integer literals above Int32.MaxValue are not supported by this profile","severity":"error","range":{"start":{"line":0,"character":7},"end":{"line":0,"character":18}}},{"uri":"Program.cs","version":1,"start":5,"length":13,"code":"CS0029","message":"Cannot implicitly convert type 'int' to 'uint'","severity":"error","range":{"start":{"line":0,"character":5},"end":{"line":0,"character":18}}},{"uri":"Program.cs","version":1,"start":19,"length":4,"code":"CS0246","message":"The type or namespace name 'uint' could not be found (are you missing a using directive or an assembly reference?)","severity":"error","range":{"start":{"line":0,"character":19},"end":{"line":0,"character":23}}},{"uri":"Program.cs","version":1,"start":26,"length":11,"code":"SF2004","message":"Integer literals above Int32.MaxValue are not supported by this profile","severity":"error","range":{"start":{"line":0,"character":26},"end":{"line":0,"character":37}}},{"uri":"Program.cs","version":1,"start":24,"length":13,"code":"CS0029","message":"Cannot implicitly convert type 'int' to 'uint'","severity":"error","range":{"start":{"line":0,"character":24},"end":{"line":0,"character":37}}},{"uri":"Program.cs","version":1,"start":66,"length":3,"code":"CS0019","message":"Operator '+' cannot be applied to operands of type 'uint' and 'uint'","severity":"error","range":{"start":{"line":0,"character":66},"end":{"line":0,"character":69}}},{"uri":"Program.cs","version":1,"start":100,"length":3,"code":"CS0019","message":"Operator '-' cannot be applied to operands of type 'uint' and 'uint'","severity":"error","range":{"start":{"line":0,"character":100},"end":{"line":0,"character":103}}},{"uri":"Program.cs","version":1,"start":134,"length":3,"code":"CS0019","message":"Operator '*' cannot be applied to operands of type 'uint' and 'uint'","severity":"error","range":{"start":{"line":0,"character":134},"end":{"line":0,"character":137}}},{"uri":"Program.cs","version":1,"start":158,"length":3,"code":"CS0019","message":"Operator '/' cannot be applied to operands of type 'uint' and 'uint'","severity":"error","range":{"start":{"line":0,"character":158},"end":{"line":0,"character":161}}},{"uri":"Program.cs","version":1,"start":181,"length":3,"code":"CS0019","message":"Operator '%' cannot be applied to operands of type 'uint' and 'uint'","severity":"error","range":{"start":{"line":0,"character":181},"end":{"line":0,"character":184}}},{"uri":"Program.cs","version":1,"start":204,"length":5,"code":"CS0019","message":"Operator '>>' cannot be applied to operands of type 'uint' and 'int'","severity":"error","range":{"start":{"line":0,"character":204},"end":{"line":0,"character":209}}},{"uri":"Program.cs","version":1,"start":204,"length":5,"code":"CS0019","message":"Operator '>>' cannot be applied to operands of type 'uint' and 'int'","severity":"error","range":{"start":{"line":0,"character":204},"end":{"line":0,"character":209}}},{"uri":"Program.cs","version":1,"start":229,"length":3,"code":"CS0019","message":"Operator '>' cannot be applied to operands of type 'uint' and 'uint'","severity":"error","range":{"start":{"line":0,"character":229},"end":{"line":0,"character":232}}},{"uri":"Program.cs","version":1,"start":252,"length":3,"code":"CS0019","message":"Operator '<' cannot be applied to operands of type 'uint' and 'uint'","severity":"error","range":{"start":{"line":0,"character":252},"end":{"line":0,"character":255}}},{"uri":"Program.cs","version":1,"start":275,"length":4,"code":"CS0019","message":"Operator '>=' cannot be applied to operands of type 'uint' and 'uint'","severity":"error","range":{"start":{"line":0,"character":275},"end":{"line":0,"character":279}}},{"uri":"Program.cs","version":1,"start":299,"length":4,"code":"CS0019","message":"Operator '<=' cannot be applied to operands of type 'uint' and 'uint'","severity":"error","range":{"start":{"line":0,"character":299},"end":{"line":0,"character":303}}},{"uri":"Program.cs","version":1,"start":335,"length":4,"code":"CS0019","message":"Operator '+' cannot be applied to operands of type 'uint' and 'int'","severity":"error","range":{"start":{"line":0,"character":335},"end":{"line":0,"character":339}}}]`
  code: 'ERR_ASSERTION'
  name: 'AssertionError'
  expected: true
  actual: false
  operator: '=='
  stack: |-
    numericDifferential (file:///D:/a/SharpForge/SharpForge/tests/support/numeric-differential.js:58:3)
    TestContext.<anonymous> (file:///D:/a/SharpForge/SharpForge/tests/numeric-differential.test.js:63:3)
    Test.runInAsyncScope (node:async_hooks:214:14)
    Test.run (node:internal/test_runner/test:1047:25)
    Test.processPendingSubtests (node:internal/test_runner/test:744:18)
    Test.postRun (node:internal/test_runner/test:1173:19)
    Test.run (node:internal/test_runner/test:1101:12)
    async Test.processPendingSubtests (node:internal/test_runner/test:744:7)
  ...
# Subtest: T01.10 native numeric family: native
not ok 4 - T01.10 native numeric family: native
  ---
  duration_ms: 6.5764
  type: 'test'
  location: 'D:\\a\\SharpForge\\SharpForge\\tests\\numeric-differential.test.js:61:39'
  failureType: 'testCodeFailure'
  error: `[{"uri":"Program.cs","version":1,"start":195,"length":22,"code":"SF1003","message":"decimal, long and unsigned literals are not implemented","severity":"error","range":{"start":{"line":0,"character":195},"end":{"line":0,"character":217}}},{"uri":"Program.cs","version":1,"start":18,"length":18,"code":"CS1061","message":"'error' does not contain a definition for 'Size' and no accessible extension method 'Size' accepting a first argument of type 'error' could be found (are you missing a using directive or an assembly reference?)","severity":"error","range":{"start":{"line":0,"character":18},"end":{"line":0,"character":36}}},{"uri":"Program.cs","version":1,"start":56,"length":19,"code":"CS1061","message":"'error' does not contain a definition for 'Size' and no accessible extension method 'Size' accepting a first argument of type 'error' could be found (are you missing a using directive or an assembly reference?)","severity":"error","range":{"start":{"line":0,"character":56},"end":{"line":0,"character":75}}},{"uri":"Program.cs","version":1,"start":85,"length":4,"code":"CS0246","message":"The type or namespace name 'nint' could not be found (are you missing a using directive or an assembly reference?)","severity":"error","range":{"start":{"line":0,"character":85},"end":{"line":0,"character":89}}},{"uri":"Program.cs","version":1,"start":85,"length":4,"code":"CS0246","message":"The type or namespace name 'nint' could not be found (are you missing a using directive or an assembly reference?)","severity":"error","range":{"start":{"line":0,"character":85},"end":{"line":0,"character":89}}},{"uri":"Program.cs","version":1,"start":84,"length":10,"code":"CS0030","message":"Cannot convert type 'int' to 'nint'","severity":"error","range":{"start":{"line":0,"character":84},"end":{"line":0,"character":94}}},{"uri":"Program.cs","version":1,"start":128,"length":3,"code":"CS0019","message":"Operator '+' cannot be applied to operands of type 'nint' and 'int'","severity":"error","range":{"start":{"line":0,"character":128},"end":{"line":0,"character":131}}},{"uri":"Program.cs","version":1,"start":122,"length":4,"code":"CS0246","message":"The type or namespace name 'long' could not be found (are you missing a using directive or an assembly reference?)","severity":"error","range":{"start":{"line":0,"character":122},"end":{"line":0,"character":126}}},{"uri":"Program.cs","version":1,"start":121,"length":11,"code":"CS0030","message":"Cannot convert type 'int' to 'long'","severity":"error","range":{"start":{"line":0,"character":121},"end":{"line":0,"character":132}}},{"uri":"Program.cs","version":1,"start":159,"length":5,"code":"CS0019","message":"Operator '<<' cannot be applied to operands of type 'nint' and 'int'","severity":"error","range":{"start":{"line":0,"character":159},"end":{"line":0,"character":164}}},{"uri":"Program.cs","version":1,"start":159,"length":5,"code":"CS0019","message":"Operator '<<' cannot be applied to operands of type 'nint' and 'int'","severity":"error","range":{"start":{"line":0,"character":159},"end":{"line":0,"character":164}}},{"uri":"Program.cs","version":1,"start":153,"length":4,"code":"CS0246","message":"The type or namespace name 'long' could not be found (are you missing a using directive or an assembly reference?)","severity":"error","range":{"start":{"line":0,"character":153},"end":{"line":0,"character":157}}},{"uri":"Program.cs","version":1,"start":152,"length":13,"code":"CS0030","message":"Cannot convert type 'int' to 'long'","severity":"error","range":{"start":{"line":0,"character":152},"end":{"line":0,"character":165}}},{"uri":"Program.cs","version":1,"start":189,"length":5,"code":"CS0246","message":"The type or namespace name 'nuint' could not be found (are you missing a using directive or an assembly reference?)","severity":"error","range":{"start":{"line":0,"character":189},"end":{"line":0,"character":194}}},{"uri":"Program.cs","version":1,"start":195,"length":22,"code":"SF2004","message":"Integer literals above Int32.MaxValue are not supported by this profile","severity":"error","range":{"start":{"line":0,"character":195},"end":{"line":0,"character":217}}},{"uri":"Program.cs","version":1,"start":189,"length":5,"code":"CS0246","message":"The type or namespace name 'nuint' could not be found (are you missing a using directive or an assembly reference?)","severity":"error","range":{"start":{"line":0,"character":189},"end":{"line":0,"character":194}}},{"uri":"Program.cs","version":1,"start":188,"length":29,"code":"CS0030","message":"Cannot convert type 'int' to 'nuint'","severity":"error","range":{"start":{"line":0,"character":188},"end":{"line":0,"character":217}}},{"uri":"Program.cs","version":1,"start":238,"length":5,"code":"CS0246","message":"The type or namespace name 'ulong' could not be found (are you missing a using directive or an assembly reference?)","severity":"error","range":{"start":{"line":0,"character":238},"end":{"line":0,"character":243}}},{"uri":"Program.cs","version":1,"start":237,"length":11,"code":"CS0030","message":"Cannot convert type 'nuint' to 'ulong'","severity":"error","range":{"start":{"line":0,"character":237},"end":{"line":0,"character":248}}},{"uri":"Program.cs","version":1,"start":293,"length":5,"code":"CS0246","message":"The type or namespace name 'nuint' could not be found (are you missing a using directive or an assembly reference?)","severity":"error","range":{"start":{"line":0,"character":293},"end":{"line":0,"character":298}}},{"uri":"Program.cs","version":1,"start":292,"length":8,"code":"CS0030","message":"Cannot convert type 'int' to 'nuint'","severity":"error","range":{"start":{"line":0,"character":292},"end":{"line":0,"character":300}}},{"uri":"Program.cs","version":1,"start":287,"length":13,"code":"CS0019","message":"Operator '+' cannot be applied to operands of type 'nuint' and 'nuint'","severity":"error","range":{"start":{"line":0,"character":287},"end":{"line":0,"character":300}}},{"uri":"Program.cs","version":1,"start":273,"length":5,"code":"CS0246","message":"The type or namespace name 'ulong' could not be found (are you missing a using directive or an assembly reference?)","severity":"error","range":{"start":{"line":0,"character":273},"end":{"line":0,"character":278}}},{"uri":"Program.cs","version":1,"start":272,"length":29,"code":"CS0030","message":"Cannot convert type 'int' to 'ulong'","severity":"error","range":{"start":{"line":0,"character":272},"end":{"line":0,"character":301}}}]`
  code: 'ERR_ASSERTION'
  name: 'AssertionError'
  expected: true
  actual: false
  operator: '=='
  stack: |-
    numericDifferential (file:///D:/a/SharpForge/SharpForge/tests/support/numeric-differential.js:58:3)
    TestContext.<anonymous> (file:///D:/a/SharpForge/SharpForge/tests/numeric-differential.test.js:63:3)
    Test.runInAsyncScope (node:async_hooks:214:14)
    Test.run (node:internal/test_runner/test:1047:25)
    Test.processPendingSubtests (node:internal/test_runner/test:744:18)
    Test.postRun (node:internal/test_runner/test:1173:19)
    Test.run (node:internal/test_runner/test:1101:12)
    async Test.processPendingSubtests (node:internal/test_runner/test:744:7)
  ...
# Subtest: T01.10 native numeric family: float
ok 5 - T01.10 native numeric family: float
  ---
  duration_ms: 90.9725
  type: 'test'
  ...
# Subtest: T01.10 native numeric family: decimal
not ok 6 - T01.10 native numeric family: decimal
  ---
  duration_ms: 8.9721
  type: 'test'
  location: 'D:\\a\\SharpForge\\SharpForge\\tests\\numeric-differential.test.js:61:39'
  failureType: 'testCodeFailure'
  error: `[{"uri":"Program.cs","version":1,"start":10,"length":4,"code":"SF1003","message":"decimal, long and unsigned literals are not implemented","severity":"error","range":{"start":{"line":0,"character":10},"end":{"line":0,"character":14}}},{"uri":"Program.cs","version":1,"start":25,"length":4,"code":"SF1003","message":"decimal, long and unsigned literals are not implemented","severity":"error","range":{"start":{"line":0,"character":25},"end":{"line":0,"character":29}}},{"uri":"Program.cs","version":1,"start":71,"length":2,"code":"SF1003","message":"decimal, long and unsigned literals are not implemented","severity":"error","range":{"start":{"line":0,"character":71},"end":{"line":0,"character":73}}},{"uri":"Program.cs","version":1,"start":74,"length":2,"code":"SF1003","message":"decimal, long and unsigned literals are not implemented","severity":"error","range":{"start":{"line":0,"character":74},"end":{"line":0,"character":76}}},{"uri":"Program.cs","version":1,"start":88,"length":5,"code":"SF1003","message":"decimal, long and unsigned literals are not implemented","severity":"error","range":{"start":{"line":0,"character":88},"end":{"line":0,"character":93}}},{"uri":"Program.cs","version":1,"start":111,"length":2,"code":"SF1003","message":"decimal, long and unsigned literals are not implemented","severity":"error","range":{"start":{"line":0,"character":111},"end":{"line":0,"character":113}}},{"uri":"Program.cs","version":1,"start":171,"length":6,"code":"SF1003","message":"decimal, long and unsigned literals are not implemented","severity":"error","range":{"start":{"line":0,"character":171},"end":{"line":0,"character":177}}},{"uri":"Program.cs","version":1,"start":215,"length":6,"code":"SF1003","message":"decimal, long and unsigned literals are not implemented","severity":"error","range":{"start":{"line":0,"character":215},"end":{"line":0,"character":221}}},{"uri":"Program.cs","version":1,"start":319,"length":2,"code":"SF1003","message":"decimal, long and unsigned literals are not implemented","severity":"error","range":{"start":{"line":0,"character":319},"end":{"line":0,"character":321}}},{"uri":"Program.cs","version":1,"start":0,"length":7,"code":"CS0246","message":"The type or namespace name 'decimal' could not be found (are you missing a using directive or an assembly reference?)","severity":"error","range":{"start":{"line":0,"character":0},"end":{"line":0,"character":7}}},{"uri":"Program.cs","version":1,"start":8,"length":6,"code":"CS0029","message":"Cannot implicitly convert type 'double' to 'decimal'","severity":"error","range":{"start":{"line":0,"character":8},"end":{"line":0,"character":14}}},{"uri":"Program.cs","version":1,"start":15,"length":7,"code":"CS0246","message":"The type or namespace name 'decimal' could not be found (are you missing a using directive or an assembly reference?)","severity":"error","range":{"start":{"line":0,"character":15},"end":{"line":0,"character":22}}},{"uri":"Program.cs","version":1,"start":23,"length":6,"code":"CS0029","message":"Cannot implicitly convert type 'double' to 'decimal'","severity":"error","range":{"start":{"line":0,"character":23},"end":{"line":0,"character":29}}},{"uri":"Program.cs","version":1,"start":48,"length":3,"code":"CS0019","message":"Operator '+' cannot be applied to operands of type 'decimal' and 'decimal'","severity":"error","range":{"start":{"line":0,"character":48},"end":{"line":0,"character":51}}},{"uri":"Program.cs","version":1,"start":78,"length":7,"code":"CS0246","message":"The type or namespace name 'decimal' could not be found (are you missing a using directive or an assembly reference?)","severity":"error","range":{"start":{"line":0,"character":78},"end":{"line":0,"character":85}}},{"uri":"Program.cs","version":1,"start":86,"length":7,"code":"CS0029","message":"Cannot implicitly convert type 'double' to 'decimal'","severity":"error","range":{"start":{"line":0,"character":86},"end":{"line":0,"character":93}}},{"uri":"Program.cs","version":1,"start":109,"length":4,"code":"CS0029","message":"Cannot implicitly convert type 'double' to 'decimal'","severity":"error","range":{"start":{"line":0,"character":109},"end":{"line":0,"character":113}}},{"uri":"Program.cs","version":1,"start":157,"length":23,"code":"CS1501","message":"No overload for method 'Round' takes 2 arguments","severity":"error","range":{"start":{"line":0,"character":157},"end":{"line":0,"character":180}}},{"uri":"Program.cs","version":1,"start":200,"length":54,"code":"CS1501","message":"No overload for method 'Round' takes 3 arguments","severity":"error","range":{"start":{"line":0,"character":200},"end":{"line":0,"character":254}}},{"uri":"Program.cs","version":1,"start":272,"length":7,"code":"CS0246","message":"The type or namespace name 'decimal' could not be found (are you missing a using directive or an assembly reference?)","severity":"error","range":{"start":{"line":0,"character":272},"end":{"line":0,"character":279}}},{"uri":"Program.cs","version":1,"start":272,"length":16,"code":"CS1061","message":"'error' does not contain a definition for 'MaxValue' and no accessible extension method 'MaxValue' accepting a first argument of type 'error' could be found (are you missing a using directive or an assembly reference?)","severity":"error","range":{"start":{"line":0,"character":272},"end":{"line":0,"character":288}}},{"uri":"Program.cs","version":1,"start":311,"length":10,"code":"CS0019","message":"Operator '+' cannot be applied to operands of type 'decimal' and 'double'","severity":"error","range":{"start":{"line":0,"character":311},"end":{"line":0,"character":321}}}]`
  code: 'ERR_ASSERTION'
  name: 'AssertionError'
  expected: true
  actual: false
  operator: '=='
  stack: |-
    numericDifferential (file:///D:/a/SharpForge/SharpForge/tests/support/numeric-differential.js:58:3)
    TestContext.<anonymous> (file:///D:/a/SharpForge/SharpForge/tests/numeric-differential.test.js:63:3)
    Test.runInAsyncScope (node:async_hooks:214:14)
    Test.run (node:internal/test_runner/test:1047:25)
    Test.processPendingSubtests (node:internal/test_runner/test:744:18)
    Test.postRun (node:internal/test_runner/test:1173:19)
    Test.run (node:internal/test_runner/test:1101:12)
    async Test.processPendingSubtests (node:internal/test_runner/test:744:7)
  ...
# Subtest: T01.10 native numeric family: checked-shift
not ok 7 - T01.10 native numeric family: checked-shift
  ---
  duration_ms: 5.7367
  type: 'test'
  location: 'D:\\a\\SharpForge\\SharpForge\\tests\\numeric-differential.test.js:61:39'
  failureType: 'testCodeFailure'
  error: `[{"uri":"Program.cs","version":1,"start":17,"length":2,"code":"SF1003","message":"decimal, long and unsigned literals are not implemented","severity":"error","range":{"start":{"line":0,"character":17},"end":{"line":0,"character":19}}},{"uri":"Program.cs","version":1,"start":340,"length":2,"code":"SF1003","message":"decimal, long and unsigned literals are not implemented","severity":"error","range":{"start":{"line":0,"character":340},"end":{"line":0,"character":342}}},{"uri":"Program.cs","version":1,"start":9,"length":4,"code":"CS0246","message":"The type or namespace name 'long' could not be found (are you missing a using directive or an assembly reference?)","severity":"error","range":{"start":{"line":0,"character":9},"end":{"line":0,"character":13}}},{"uri":"Program.cs","version":1,"start":14,"length":5,"code":"CS0029","message":"Cannot implicitly convert type 'int' to 'long'","severity":"error","range":{"start":{"line":0,"character":14},"end":{"line":0,"character":19}}},{"uri":"Program.cs","version":1,"start":28,"length":4,"code":"CS0246","message":"The type or namespace name 'nint' could not be found (are you missing a using directive or an assembly reference?)","severity":"error","range":{"start":{"line":0,"character":28},"end":{"line":0,"character":32}}},{"uri":"Program.cs","version":1,"start":28,"length":4,"code":"CS0246","message":"The type or namespace name 'nint' could not be found (are you missing a using directive or an assembly reference?)","severity":"error","range":{"start":{"line":0,"character":28},"end":{"line":0,"character":32}}},{"uri":"Program.cs","version":1,"start":27,"length":10,"code":"CS0030","message":"Cannot convert type 'int' to 'nint'","severity":"error","range":{"start":{"line":0,"character":27},"end":{"line":0,"character":37}}},{"uri":"Program.cs","version":1,"start":81,"length":6,"code":"CS0019","message":"Operator '>>>' cannot be applied to operands of type 'long' and 'int'","severity":"error","range":{"start":{"line":0,"character":81},"end":{"line":0,"character":87}}},{"uri":"Program.cs","version":1,"start":114,"length":5,"code":"CS0019","message":"Operator '>>>' cannot be applied to operands of type 'nint' and 'int'","severity":"error","range":{"start":{"line":0,"character":114},"end":{"line":0,"character":119}}},{"uri":"Program.cs","version":1,"start":108,"length":4,"code":"CS0246","message":"The type or namespace name 'long' could not be found (are you missing a using directive or an assembly reference?)","severity":"error","range":{"start":{"line":0,"character":108},"end":{"line":0,"character":112}}},{"uri":"Program.cs","version":1,"start":107,"length":13,"code":"CS0030","message":"Cannot convert type 'int' to 'long'","severity":"error","range":{"start":{"line":0,"character":107},"end":{"line":0,"character":120}}},{"uri":"Program.cs","version":1,"start":196,"length":4,"code":"CS0246","message":"The type or namespace name 'byte' could not be found (are you missing a using directive or an assembly reference?)","severity":"error","range":{"start":{"line":0,"character":196},"end":{"line":0,"character":200}}},{"uri":"Program.cs","version":1,"start":195,"length":12,"code":"CS0030","message":"Cannot convert type 'int' to 'byte'","severity":"error","range":{"start":{"line":0,"character":195},"end":{"line":0,"character":207}}},{"uri":"Program.cs","version":1,"start":288,"length":4,"code":"CS0246","message":"The type or namespace name 'long' could not be found (are you missing a using directive or an assembly reference?)","severity":"error","range":{"start":{"line":0,"character":288},"end":{"line":0,"character":292}}},{"uri":"Program.cs","version":1,"start":288,"length":13,"code":"CS1061","message":"'error' does not contain a definition for 'MaxValue' and no accessible extension method 'MaxValue' accepting a first argument of type 'error' could be found (are you missing a using directive or an assembly reference?)","severity":"error","range":{"start":{"line":0,"character":288},"end":{"line":0,"character":301}}},{"uri":"Program.cs","version":1,"start":332,"length":10,"code":"CS0019","message":"Operator '+' cannot be applied to operands of type 'long' and 'int'","severity":"error","range":{"start":{"line":0,"character":332},"end":{"line":0,"character":342}}}]`
  code: 'ERR_ASSERTION'
  name: 'AssertionError'
  expected: true
  actual: false
  operator: '=='
  stack: |-
    numericDifferential (file:///D:/a/SharpForge/SharpForge/tests/support/numeric-differential.js:58:3)
    TestContext.<anonymous> (file:///D:/a/SharpForge/SharpForge/tests/numeric-differential.test.js:63:3)
    Test.runInAsyncScope (node:async_hooks:214:14)
    Test.run (node:internal/test_runner/test:1047:25)
    Test.processPendingSubtests (node:internal/test_runner/test:744:18)
    Test.postRun (node:internal/test_runner/test:1173:19)
    Test.run (node:internal/test_runner/test:1101:12)
    async Test.processPendingSubtests (node:internal/test_runner/test:744:7)
  ...
# Subtest: T01.6/T01.10 exhaustive source/target/checked/.un matrix matches native operand by operand
not ok 8 - T01.6/T01.10 exhaustive source/target/checked/.un matrix matches native operand by operand
  ---
  duration_ms: 62.2446
  type: 'test'
  location: 'D:\\a\\SharpForge\\SharpForge\\tests\\numeric-differential.test.js:92:1'
  failureType: 'testCodeFailure'
  error: `[{"uri":"Program.cs","version":1,"start":41,"length":5,"code":"CS0246","message":"The type or namespace name 'sbyte' could not be found (are you missing a using directive or an assembly reference?)","severity":"error","range":{"start":{"line":0,"character":41},"end":{"line":0,"character":46}}},{"uri":"Program.cs","version":1,"start":41,"length":5,"code":"CS0246","message":"The type or namespace name 'sbyte' could not be found (are you missing a using directive or an assembly reference?)","severity":"error","range":{"start":{"line":0,"character":41},"end":{"line":0,"character":46}}},{"uri":"Program.cs","version":1,"start":40,"length":14,"code":"CS0030","message":"Cannot convert type 'int' to 'sbyte'","severity":"error","range":{"start":{"line":0,"character":40},"end":{"line":0,"character":54}}},{"uri":"Program.cs","version":1,"start":194,"length":5,"code":"CS0246","message":"The type or namespace name 'sbyte' could not be found (are you missing a using directive or an assembly reference?)","severity":"error","range":{"start":{"line":1,"character":41},"end":{"line":1,"character":46}}},{"uri":"Program.cs","version":1,"start":194,"length":5,"code":"CS0246","message":"The type or namespace name 'sbyte' could not be found (are you missing a using directive or an assembly reference?)","severity":"error","range":{"start":{"line":1,"character":41},"end":{"line":1,"character":46}}},{"uri":"Program.cs","version":1,"start":193,"length":14,"code":"CS0030","message":"Cannot convert type 'int' to 'sbyte'","severity":"error","range":{"start":{"line":1,"character":40},"end":{"line":1,"character":54}}},{"uri":"Program.cs","version":1,"start":348,"length":5,"code":"CS0246","message":"The type or namespace name 'sbyte' could not be found (are you missing a using directive or an assembly reference?)","severity":"error","range":{"start":{"line":2,"character":42},"end":{"line":2,"character":47}}},{"uri":"Program.cs","version":1,"start":348,"length":5,"code":"CS0246","message":"The type or namespace name 'sbyte' could not be found (are you missing a using directive or an assembly reference?)","severity":"error","range":{"start":{"line":2,"character":42},"end":{"line":2,"character":47}}},{"uri":"Program.cs","version":1,"start":347,"length":14,"code":"CS0030","message":"Cannot convert type 'int' to 'sbyte'","severity":"error","range":{"start":{"line":2,"character":41},"end":{"line":2,"character":55}}},{"uri":"Program.cs","version":1,"start":503,"length":5,"code":"CS0246","message":"The type or namespace name 'sbyte' could not be found (are you missing a using directive or an assembly reference?)","severity":"error","range":{"start":{"line":3,"character":43},"end":{"line":3,"character":48}}},{"uri":"Program.cs","version":1,"start":503,"length":5,"code":"CS0246","message":"The type or namespace name 'sbyte' could not be found (are you missing a using directive or an assembly reference?)","severity":"error","range":{"start":{"line":3,"character":43},"end":{"line":3,"character":48}}},{"uri":"Program.cs","version":1,"start":502,"length":14,"code":"CS0030","message":"Cannot convert type 'int' to 'sbyte'","severity":"error","range":{"start":{"line":3,"character":42},"end":{"line":3,"character":56}}},{"uri":"Program.cs","version":1,"start":658,"length":5,"code":"CS0246","message":"The type or namespace name 'sbyte' could not be found (are you missing a using directive or an assembly reference?)","severity":"error","range":{"start":{"line":4,"character":43},"end":{"line":4,"character":48}}},{"uri":"Program.cs","version":1,"start":658,"length":5,"code":"CS0246","message":"The type or namespace name 'sbyte' could not be found (are you missing a using directive or an assembly reference?)","severity":"error","range":{"start":{"line":4,"character":43},"end":{"line":4,"character":48}}},{"uri":"Program.cs","version":1,"start":657,"length":14,"code":"CS0030","message":"Cannot convert type 'int' to 'sbyte'","severity":"error","range":{"start":{"line":4,"character":42},"end":{"line":4,"character":56}}},{"uri":"Program.cs","version":1,"start":813,"length":5,"code":"CS0246","message":"The type or namespace name 'sbyte' could not be found (are you missing a using directive or an assembly reference?)","severity":"error","range":{"start":{"line":5,"character":43},"end":{"line":5,"character":48}}},{"uri":"Program.cs","version":1,"start":813,"length":5,"code":"CS0246","message":"The type or namespace name 'sbyte' could not be found (are you missing a using directive or an assembly reference?)","severity":"error","range":{"start":{"line":5,"character":43},"end":{"line":5,"character":48}}},{"uri":"Program.cs","version":1,"start":812,"length":14,"code":"CS0030","message":"Cannot convert type 'int' to 'sbyte'","severity":"error","range":{"start":{"line":5,"character":42},"end":{"line":5,"character":56}}},{"uri":"Program.cs","version":1,"start":968,"length":5,"code":"CS0246","message":"The type or namespace name 'sbyte' could not be found (are you missing a using directive or an assembly reference?)","severity":"error","range":{"start":{"line":6,"character":43},"end":{"line":6,"character":48}}},{"uri":"Program.cs","version":1,"start":968,"length":5,"code":"CS0246","message":"The type or namespace name 'sbyte' could not be found (are you missing a using directive or an assembly reference?)","severity":"error","range":{"start":{"line":6,"character":43},"end":{"line":6,"character":48}}},{"uri":"Program.cs","version":1,"start":967,"length":14,"code":"CS0030","message":"Cannot convert type 'int' to 'sbyte'","severity":"error","range":{"start":{"line":6,"character":42},"end":{"line":6,"character":56}}},{"uri":"Program.cs","version":1,"start":1125,"length":5,"code":"CS0246","message":"The type or namespace name 'sbyte' could not be found (are you missing a using directive or an assembly reference?)","severity":"error","range":{"start":{"line":7,"character":45},"end":{"line":7,"character":50}}},{"uri":"Program.cs","version":1,"start":1125,"length":5,"code":"CS0246","message":"The type or namespace name 'sbyte' could not be found (are you missing a using directive or an assembly reference?)","severity":"error","range":{"start":{"line":7,"character":45},"end":{"line":7,"character":50}}},{"uri":"Program.cs","version":1,"start":1124,"length":14,"code":"CS0030","message":"Cannot convert type 'int' to 'sbyte'","severity":"error","range":{"start":{"line":7,"character":44},"end":{"line":7,"character":58}}},{"uri":"Program.cs","version":1,"start":1282,"length":5,"code":"CS0246","message":"The type or namespace name 'sbyte' could not be found (are you missing a using directive or an assembly reference?)","severity":"error","range":{"start":{"line":8,"character":45},"end":{"line":8,"character":50}}},{"uri":"Program.cs","version":1,"start":1282,"length":5,"code":"CS0246","message":"The type or namespace name 'sbyte' could not be found (are you missing a using directive or an assembly reference?)","severity":"error","range":{"start":{"line":8,"character":45},"end":{"line":8,"character":50}}},{"uri":"Program.cs","version":1,"start":1281,"length":14,"code":"CS0030","message":"Cannot convert type 'int' to 'sbyte'","severity":"error","range":{"start":{"line":8,"character":44},"end":{"line":8,"character":58}}},{"uri":"Program.cs","version":1,"start":1439,"length":5,"code":"CS0246","message":"The type or namespace name 'sbyte' could not be found (are you missing a using directive or an assembly reference?)","severity":"error","range":{"start":{"line":9,"character":45},"end":{"line":9,"character":50}}},{"uri":"Program.cs","version":1,"start":1439,"length":5,"code":"CS0246","message":"The type or namespace name 'sbyte' could not be found (are you missing a using directive or an assembly reference?)","severity":"error","range":{"start":{"line":9,"character":45},"end":{"line":9,"character":50}}},{"uri":"Program.cs","version":1,"start":1438,"length":14,"code":"CS0030","message":"Cannot convert type 'int' to 'sbyte'","severity":"error","range":{"start":{"line":9,"character":44},"end":{"line":9,"character":58}}},{"uri":"Program.cs","version":1,"start":1596,"length":5,"code":"CS0246","message":"The type or namespace name 'sbyte' could not be found (are you missing a using directive or an assembly reference?)","severity":"error","range":{"start":{"line":10,"character":45},"end":{"line":10,"character":50}}},{"uri":"Program.cs","version":1,"start":1596,"length":5,"code":"CS0246","message":"The type or namespace name 'sbyte' could not be found (are you missing a using directive or an assembly reference?)","severity":"error","range":{"start":{"line":10,"character":45},"end":{"line":10,"character":50}}},{"uri":"Program.cs","version":1,"start":1595,"length":14,"code":"CS0030","message":"Cannot convert type 'int' to 'sbyte'","severity":"error","range":{"start":{"line":10,"character":44},"end":{"line":10,"character":58}}},{"uri":"Program.cs","version":1,"start":1758,"length":5,"code":"CS0246","message":"The type or namespace name 'sbyte' could not be found (are you missing a using directive or an assembly reference?)","severity":"error","range":{"start":{"line":11,"character":50},"end":{"line":11,"character":55}}},{"uri":"Program.cs","version":1,"start":1758,"length":5,"code":"CS0246","message":"The type or namespace name 'sbyte' could not be found (are you missing a using directive or an assembly reference?)","severity":"error","range":{"start":{"line":11,"character":50},"end":{"line":11,"character":55}}},{"uri":"Program.cs","version":1,"start":1757,"length":14,"code":"CS0030","message":"Cannot convert type 'int' to 'sbyte'","severity":"error","range":{"start":{"line":11,"character":49},"end":{"line":11,"character":63}}},{"uri":"Program.cs","version":1,"start":1921,"length":5,"code":"CS0246","message":"The type or namespace name 'sbyte' could not be found (are you missing a using directive or an assembly reference?)","severity":"error","range":{"start":{"line":12,"character":51},"end":{"line":12,"character"`... 35779 more characters
  code: 'ERR_ASSERTION'
  name: 'AssertionError'
  expected: true
  actual: false
  operator: '=='
  stack: |-
    numericDifferential (file:///D:/a/SharpForge/SharpForge/tests/support/numeric-differential.js:58:3)
    TestContext.<anonymous> (file:///D:/a/SharpForge/SharpForge/tests/numeric-differential.test.js:101:5)
    Test.runInAsyncScope (node:async_hooks:214:14)
    Test.run (node:internal/test_runner/test:1047:25)
    Test.processPendingSubtests (node:internal/test_runner/test:744:18)
    Test.postRun (node:internal/test_runner/test:1173:19)
    Test.run (node:internal/test_runner/test:1101:12)
    async Test.processPendingSubtests (node:internal/test_runner/test:744:7)
  ...
# Subtest: T01.2/T01.10 authored small-storage IL matches the same assembly on the native CLR
ok 9 - T01.2/T01.10 authored small-storage IL matches the same assembly on the native CLR
  ---
  duration_ms: 299.2141
  type: 'test'
  ...
# Subtest: T01.3/T01.10 complete UInt32 boundary matrix matches native signed stack patterns
not ok 10 - T01.3/T01.10 complete UInt32 boundary matrix matches native signed stack patterns
  ---
  duration_ms: 27.4796
  type: 'test'
  location: 'D:\\a\\SharpForge\\SharpForge\\tests\\numeric-differential.test.js:121:1'
  failureType: 'testCodeFailure'
  error: `[{"uri":"Program.cs","version":1,"start":115,"length":12,"code":"CS1061","message":"'error' does not contain a definition for 'MaxValue' and no accessible extension method 'MaxValue' accepting a first argument of type 'error' could be found (are you missing a using directive or an assembly reference?)","severity":"error","range":{"start":{"line":2,"character":20},"end":{"line":2,"character":32}}},{"uri":"Program.cs","version":1,"start":142,"length":12,"code":"CS1061","message":"'error' does not contain a definition for 'MinValue' and no accessible extension method 'MinValue' accepting a first argument of type 'error' could be found (are you missing a using directive or an assembly reference?)","severity":"error","range":{"start":{"line":2,"character":47},"end":{"line":2,"character":59}}},{"uri":"Program.cs","version":1,"start":253,"length":4,"code":"CS0246","message":"The type or namespace name 'uint' could not be found (are you missing a using directive or an assembly reference?)","severity":"error","range":{"start":{"line":4,"character":25},"end":{"line":4,"character":29}}},{"uri":"Program.cs","version":1,"start":253,"length":4,"code":"CS0246","message":"The type or namespace name 'uint' could not be found (are you missing a using directive or an assembly reference?)","severity":"error","range":{"start":{"line":4,"character":25},"end":{"line":4,"character":29}}},{"uri":"Program.cs","version":1,"start":252,"length":7,"code":"CS0030","message":"Cannot convert type 'int' to 'uint'","severity":"error","range":{"start":{"line":4,"character":24},"end":{"line":4,"character":31}}},{"uri":"Program.cs","version":1,"start":280,"length":4,"code":"CS0246","message":"The type or namespace name 'uint' could not be found (are you missing a using directive or an assembly reference?)","severity":"error","range":{"start":{"line":4,"character":52},"end":{"line":4,"character":56}}},{"uri":"Program.cs","version":1,"start":280,"length":4,"code":"CS0246","message":"The type or namespace name 'uint' could not be found (are you missing a using directive or an assembly reference?)","severity":"error","range":{"start":{"line":4,"character":52},"end":{"line":4,"character":56}}},{"uri":"Program.cs","version":1,"start":279,"length":7,"code":"CS0030","message":"Cannot convert type 'int' to 'uint'","severity":"error","range":{"start":{"line":4,"character":51},"end":{"line":4,"character":58}}},{"uri":"Program.cs","version":1,"start":589,"length":5,"code":"CS0019","message":"Operator '/' cannot be applied to operands of type 'uint' and 'uint'","severity":"error","range":{"start":{"line":15,"character":31},"end":{"line":15,"character":36}}},{"uri":"Program.cs","version":1,"start":629,"length":5,"code":"CS0019","message":"Operator '%' cannot be applied to operands of type 'uint' and 'uint'","severity":"error","range":{"start":{"line":16,"character":31},"end":{"line":16,"character":36}}},{"uri":"Program.cs","version":1,"start":669,"length":9,"code":"CS0019","message":"Operator '>>' cannot be applied to operands of type 'uint' and 'int'","severity":"error","range":{"start":{"line":17,"character":31},"end":{"line":17,"character":40}}},{"uri":"Program.cs","version":1,"start":669,"length":9,"code":"CS0019","message":"Operator '>>' cannot be applied to operands of type 'uint' and 'int'","severity":"error","range":{"start":{"line":17,"character":31},"end":{"line":17,"character":40}}},{"uri":"Program.cs","version":1,"start":807,"length":5,"code":"CS0019","message":"Operator '+' cannot be applied to operands of type 'uint' and 'uint'","severity":"error","range":{"start":{"line":21,"character":38},"end":{"line":21,"character":43}}},{"uri":"Program.cs","version":1,"start":854,"length":5,"code":"CS0019","message":"Operator '-' cannot be applied to operands of type 'uint' and 'uint'","severity":"error","range":{"start":{"line":22,"character":38},"end":{"line":22,"character":43}}},{"uri":"Program.cs","version":1,"start":901,"length":5,"code":"CS0019","message":"Operator '*' cannot be applied to operands of type 'uint' and 'uint'","severity":"error","range":{"start":{"line":23,"character":38},"end":{"line":23,"character":43}}},{"uri":"Program.cs","version":1,"start":1073,"length":5,"code":"CS0019","message":"Operator '<' cannot be applied to operands of type 'uint' and 'uint'","severity":"error","range":{"start":{"line":30,"character":15},"end":{"line":30,"character":20}}},{"uri":"Program.cs","version":1,"start":1099,"length":6,"code":"CS0019","message":"Operator '<=' cannot be applied to operands of type 'uint' and 'uint'","severity":"error","range":{"start":{"line":31,"character":15},"end":{"line":31,"character":21}}},{"uri":"Program.cs","version":1,"start":1126,"length":5,"code":"CS0019","message":"Operator '>' cannot be applied to operands of type 'uint' and 'uint'","severity":"error","range":{"start":{"line":32,"character":15},"end":{"line":32,"character":20}}},{"uri":"Program.cs","version":1,"start":1152,"length":6,"code":"CS0019","message":"Operator '>=' cannot be applied to operands of type 'uint' and 'uint'","severity":"error","range":{"start":{"line":33,"character":15},"end":{"line":33,"character":21}}}]`
  code: 'ERR_ASSERTION'
  name: 'AssertionError'
  expected: true
  actual: false
  operator: '=='
  stack: |-
    numericDifferential (file:///D:/a/SharpForge/SharpForge/tests/support/numeric-differential.js:58:3)
    TestContext.<anonymous> (file:///D:/a/SharpForge/SharpForge/tests/numeric-differential.test.js:132:3)
    Test.runInAsyncScope (node:async_hooks:214:14)
    Test.run (node:internal/test_runner/test:1047:25)
    Test.processPendingSubtests (node:internal/test_runner/test:744:18)
    Test.postRun (node:internal/test_runner/test:1173:19)
    Test.run (node:internal/test_runner/test:1101:12)
    async Test.processPendingSubtests (node:internal/test_runner/test:744:7)
  ...
# Subtest: T01.2/T01.8/T01.10 source small storage and ref calls match the native family
ok 11 - T01.2/T01.8/T01.10 source small storage and ref calls match the native family
  ---
  duration_ms: 101.2221
  type: 'test'
  ...
1..11
# tests 11
# suites 0
# pass 4
# fail 7
# cancelled 0
# skipped 0
# todo 0
# duration_ms 6948.7855
